-- The C compiler identification is GNU 13.3.0
-- The CXX compiler identification is GNU 13.3.0
-- Detecting C compiler ABI info
-- Detecting C compiler ABI info - done
-- Check for working C compiler: /usr/bin/cc - skipped
-- Detecting C compile features
-- Detecting C compile features - done
-- Detecting CXX compiler ABI info
-- Detecting CXX compiler ABI info - done
-- Check for working CXX compiler: /usr/bin/c++ - skipped
-- Detecting CXX compile features
-- Detecting CXX compile features - done
-- Found ament_cmake: 2.5.4 (/opt/ros/jazzy/share/ament_cmake/cmake)
-- Found Python3: /usr/bin/python3 (found version "3.12.3") found components: Interpreter 
-- Found rosidl_default_generators: 1.6.0 (/opt/ros/jazzy/share/rosidl_default_generators/cmake)
-- Using all available rosidl_typesupport_c: rosidl_typesupport_fastrtps_c;rosidl_typesupport_introspection_c
-- Using all available rosidl_typesupport_cpp: rosidl_typesupport_fastrtps_cpp;rosidl_typesupport_introspection_cpp
-- Found rosidl_adapter: 4.6.6 (/opt/ros/jazzy/share/rosidl_adapter/cmake)
-- Found ament_lint_auto: 0.17.3 (/opt/ros/jazzy/share/ament_lint_auto/cmake)
-- Found ament_cmake_ros: 0.12.0 (/opt/ros/jazzy/share/ament_cmake_ros/cmake)
-- Using all available rosidl_typesupport_c: rosidl_typesupport_fastrtps_c;rosidl_typesupport_introspection_c
-- Using all available rosidl_typesupport_cpp: rosidl_typesupport_fastrtps_cpp;rosidl_typesupport_introspection_cpp
-- Found python_cmake_module: 0.11.1 (/opt/ros/jazzy/share/python_cmake_module/cmake)
-- Found PythonExtra: /usr/bin/python3  
-- Found Python3: /usr/bin/python3 (found version "3.12.3") found components: Interpreter Development NumPy Development.Module Development.Embed 
-- Added test 'lint_cmake' to check CMake code style
-- Added test 'xmllint' to check XML markup files
-- Configuring done (7.7s)
-- Generating done (0.1s)
-- Build files have been written to: /home/lexij/roselab-perception/build/gantry_lidar_interfaces
[  1%] [34m[1mGenerating type hashes for ROS interfaces[0m
[  1%] Built target ament_cmake_python_copy_gantry_lidar_interfaces
running egg_info
creating gantry_lidar_interfaces.egg-info
writing gantry_lidar_interfaces.egg-info/PKG-INFO
writing dependency_links to gantry_lidar_interfaces.egg-info/dependency_links.txt
writing top-level names to gantry_lidar_interfaces.egg-info/top_level.txt
writing manifest file 'gantry_lidar_interfaces.egg-info/SOURCES.txt'
[  1%] Built target gantry_lidar_interfaces__rosidl_generator_type_description
[  2%] [34m[1mGenerating C code for ROS interfaces[0m
[  4%] [34m[1mGenerating C++ code for ROS interfaces[0m
reading manifest file 'gantry_lidar_interfaces.egg-info/SOURCES.txt'
writing manifest file 'gantry_lidar_interfaces.egg-info/SOURCES.txt'
[  4%] Built target ament_cmake_python_build_gantry_lidar_interfaces_egg
[  4%] Built target gantry_lidar_interfaces__cpp
[  5%] [32mBuilding C object CMakeFiles/gantry_lidar_interfaces__rosidl_generator_c.dir/rosidl_generator_c/gantry_lidar_interfaces/srv/detail/capture__description.c.o[0m
[  6%] [32mBuilding C object CMakeFiles/gantry_lidar_interfaces__rosidl_generator_c.dir/rosidl_generator_c/gantry_lidar_interfaces/srv/detail/capture__type_support.c.o[0m
[  8%] [32mBuilding C object CMakeFiles/gantry_lidar_interfaces__rosidl_generator_c.dir/rosidl_generator_c/gantry_lidar_interfaces/srv/detail/capture__functions.c.o[0m
[  9%] [32mBuilding C object CMakeFiles/gantry_lidar_interfaces__rosidl_generator_c.dir/rosidl_generator_c/gantry_lidar_interfaces/srv/detail/delete_name__description.c.o[0m
[ 10%] [32mBuilding C object CMakeFiles/gantry_lidar_interfaces__rosidl_generator_c.dir/rosidl_generator_c/gantry_lidar_interfaces/srv/detail/delete_time_range__functions.c.o[0m
[ 12%] [32mBuilding C object CMakeFiles/gantry_lidar_interfaces__rosidl_generator_c.dir/rosidl_generator_c/gantry_lidar_interfaces/srv/detail/delete_name__type_support.c.o[0m
[ 13%] [32mBuilding C object CMakeFiles/gantry_lidar_interfaces__rosidl_generator_c.dir/rosidl_generator_c/gantry_lidar_interfaces/srv/detail/download_time_range__type_support.c.o[0m
[ 14%] [32mBuilding C object CMakeFiles/gantry_lidar_interfaces__rosidl_generator_c.dir/rosidl_generator_c/gantry_lidar_interfaces/srv/detail/download_time_range__description.c.o[0m
[ 16%] [32mBuilding C object CMakeFiles/gantry_lidar_interfaces__rosidl_generator_c.dir/rosidl_generator_c/gantry_lidar_interfaces/srv/detail/download_name__functions.c.o[0m
[ 17%] [32mBuilding C object CMakeFiles/gantry_lidar_interfaces__rosidl_generator_c.dir/rosidl_generator_c/gantry_lidar_interfaces/srv/detail/delete_time_range__type_support.c.o[0m
[ 18%] [32mBuilding C object CMakeFiles/gantry_lidar_interfaces__rosidl_generator_c.dir/rosidl_generator_c/gantry_lidar_interfaces/srv/detail/delete_name__functions.c.o[0m
[ 20%] [32mBuilding C object CMakeFiles/gantry_lidar_interfaces__rosidl_generator_c.dir/rosidl_generator_c/gantry_lidar_interfaces/srv/detail/download_time_range__functions.c.o[0m
[ 21%] [32mBuilding C object CMakeFiles/gantry_lidar_interfaces__rosidl_generator_c.dir/rosidl_generator_c/gantry_lidar_interfaces/srv/detail/delete_time_range__description.c.o[0m
[ 24%] [32mBuilding C object CMakeFiles/gantry_lidar_interfaces__rosidl_generator_c.dir/rosidl_generator_c/gantry_lidar_interfaces/srv/detail/download_name__type_support.c.o[0m
[ 24%] [32mBuilding C object CMakeFiles/gantry_lidar_interfaces__rosidl_generator_c.dir/rosidl_generator_c/gantry_lidar_interfaces/srv/detail/download_name__description.c.o[0m
[ 25%] [32m[1mLinking C shared library libgantry_lidar_interfaces__rosidl_generator_c.so[0m
[ 25%] Built target gantry_lidar_interfaces__rosidl_generator_c
[ 27%] [34m[1mGenerating C type support dispatch for ROS interfaces[0m
[ 28%] [34m[1mGenerating C type support for eProsima Fast-RTPS[0m
[ 29%] [34m[1mGenerating C introspection for ROS interfaces[0m
[ 31%] [34m[1mGenerating C++ type support dispatch for ROS interfaces[0m
[ 32%] [34m[1mGenerating C++ introspection for ROS interfaces[0m
[ 33%] [34m[1mGenerating C++ type support for eProsima Fast-RTPS[0m
[ 35%] [32mBuilding CXX object CMakeFiles/gantry_lidar_interfaces__rosidl_typesupport_c.dir/rosidl_typesupport_c/gantry_lidar_interfaces/srv/download_name__type_support.cpp.o[0m
[ 36%] [32mBuilding CXX object CMakeFiles/gantry_lidar_interfaces__rosidl_typesupport_c.dir/rosidl_typesupport_c/gantry_lidar_interfaces/srv/delete_time_range__type_support.cpp.o[0m
[ 37%] [32mBuilding CXX object CMakeFiles/gantry_lidar_interfaces__rosidl_typesupport_c.dir/rosidl_typesupport_c/gantry_lidar_interfaces/srv/delete_name__type_support.cpp.o[0m
[ 39%] [32mBuilding CXX object CMakeFiles/gantry_lidar_interfaces__rosidl_typesupport_c.dir/rosidl_typesupport_c/gantry_lidar_interfaces/srv/download_time_range__type_support.cpp.o[0m
[ 40%] [32mBuilding CXX object CMakeFiles/gantry_lidar_interfaces__rosidl_typesupport_c.dir/rosidl_typesupport_c/gantry_lidar_interfaces/srv/capture__type_support.cpp.o[0m
[ 41%] [32mBuilding CXX object CMakeFiles/gantry_lidar_interfaces__rosidl_typesupport_cpp.dir/rosidl_typesupport_cpp/gantry_lidar_interfaces/srv/capture__type_support.cpp.o[0m
[ 43%] [32mBuilding CXX object CMakeFiles/gantry_lidar_interfaces__rosidl_typesupport_cpp.dir/rosidl_typesupport_cpp/gantry_lidar_interfaces/srv/download_time_range__type_support.cpp.o[0m
[ 44%] [32mBuilding CXX object CMakeFiles/gantry_lidar_interfaces__rosidl_typesupport_cpp.dir/rosidl_typesupport_cpp/gantry_lidar_interfaces/srv/download_name__type_support.cpp.o[0m
[ 45%] [32mBuilding CXX object CMakeFiles/gantry_lidar_interfaces__rosidl_typesupport_cpp.dir/rosidl_typesupport_cpp/gantry_lidar_interfaces/srv/delete_name__type_support.cpp.o[0m
[ 47%] [32mBuilding CXX object CMakeFiles/gantry_lidar_interfaces__rosidl_typesupport_cpp.dir/rosidl_typesupport_cpp/gantry_lidar_interfaces/srv/delete_time_range__type_support.cpp.o[0m
[ 48%] [32m[1mLinking CXX shared library libgantry_lidar_interfaces__rosidl_typesupport_c.so[0m
[ 50%] [32mBuilding CXX object CMakeFiles/gantry_lidar_interfaces__rosidl_typesupport_introspection_cpp.dir/rosidl_typesupport_introspection_cpp/gantry_lidar_interfaces/srv/detail/delete_name__type_support.cpp.o[0m
[ 52%] [32mBuilding CXX object CMakeFiles/gantry_lidar_interfaces__rosidl_typesupport_introspection_cpp.dir/rosidl_typesupport_introspection_cpp/gantry_lidar_interfaces/srv/detail/download_name__type_support.cpp.o[0m
[ 52%] [32mBuilding CXX object CMakeFiles/gantry_lidar_interfaces__rosidl_typesupport_introspection_cpp.dir/rosidl_typesupport_introspection_cpp/gantry_lidar_interfaces/srv/detail/capture__type_support.cpp.o[0m
[ 54%] [32mBuilding CXX object CMakeFiles/gantry_lidar_interfaces__rosidl_typesupport_introspection_cpp.dir/rosidl_typesupport_introspection_cpp/gantry_lidar_interfaces/srv/detail/delete_time_range__type_support.cpp.o[0m
[ 55%] [32mBuilding CXX object CMakeFiles/gantry_lidar_interfaces__rosidl_typesupport_introspection_cpp.dir/rosidl_typesupport_introspection_cpp/gantry_lidar_interfaces/srv/detail/download_time_range__type_support.cpp.o[0m
[ 56%] [32mBuilding C object CMakeFiles/gantry_lidar_interfaces__rosidl_typesupport_introspection_c.dir/rosidl_typesupport_introspection_c/gantry_lidar_interfaces/srv/detail/download_time_range__type_support.c.o[0m
[ 58%] [32mBuilding C object CMakeFiles/gantry_lidar_interfaces__rosidl_typesupport_introspection_c.dir/rosidl_typesupport_introspection_c/gantry_lidar_interfaces/srv/detail/delete_name__type_support.c.o[0m
[ 59%] [32mBuilding C object CMakeFiles/gantry_lidar_interfaces__rosidl_typesupport_introspection_c.dir/rosidl_typesupport_introspection_c/gantry_lidar_interfaces/srv/detail/download_name__type_support.c.o[0m
[ 60%] [32mBuilding C object CMakeFiles/gantry_lidar_interfaces__rosidl_typesupport_introspection_c.dir/rosidl_typesupport_introspection_c/gantry_lidar_interfaces/srv/detail/delete_time_range__type_support.c.o[0m
[ 62%] [32mBuilding C object CMakeFiles/gantry_lidar_interfaces__rosidl_typesupport_introspection_c.dir/rosidl_typesupport_introspection_c/gantry_lidar_interfaces/srv/detail/capture__type_support.c.o[0m
[ 63%] [32m[1mLinking C shared library libgantry_lidar_interfaces__rosidl_typesupport_introspection_c.so[0m
[ 63%] Built target gantry_lidar_interfaces__rosidl_typesupport_c
[ 64%] [32mBuilding CXX object CMakeFiles/gantry_lidar_interfaces__rosidl_typesupport_fastrtps_cpp.dir/rosidl_typesupport_fastrtps_cpp/gantry_lidar_interfaces/srv/detail/dds_fastrtps/capture__type_support.cpp.o[0m
[ 67%] [32mBuilding CXX object CMakeFiles/gantry_lidar_interfaces__rosidl_typesupport_fastrtps_cpp.dir/rosidl_typesupport_fastrtps_cpp/gantry_lidar_interfaces/srv/detail/dds_fastrtps/delete_name__type_support.cpp.o[0m
[ 67%] [32mBuilding CXX object CMakeFiles/gantry_lidar_interfaces__rosidl_typesupport_fastrtps_cpp.dir/rosidl_typesupport_fastrtps_cpp/gantry_lidar_interfaces/srv/detail/dds_fastrtps/download_name__type_support.cpp.o[0m
[ 68%] [32mBuilding CXX object CMakeFiles/gantry_lidar_interfaces__rosidl_typesupport_fastrtps_cpp.dir/rosidl_typesupport_fastrtps_cpp/gantry_lidar_interfaces/srv/detail/dds_fastrtps/download_time_range__type_support.cpp.o[0m
[ 70%] [32mBuilding CXX object CMakeFiles/gantry_lidar_interfaces__rosidl_typesupport_fastrtps_cpp.dir/rosidl_typesupport_fastrtps_cpp/gantry_lidar_interfaces/srv/detail/dds_fastrtps/delete_time_range__type_support.cpp.o[0m
[ 71%] [32mBuilding CXX object CMakeFiles/gantry_lidar_interfaces__rosidl_typesupport_fastrtps_c.dir/rosidl_typesupport_fastrtps_c/gantry_lidar_interfaces/srv/detail/delete_name__type_support_c.cpp.o[0m
[ 72%] [32mBuilding CXX object CMakeFiles/gantry_lidar_interfaces__rosidl_typesupport_fastrtps_c.dir/rosidl_typesupport_fastrtps_c/gantry_lidar_interfaces/srv/detail/capture__type_support_c.cpp.o[0m
[ 74%] [32mBuilding CXX object CMakeFiles/gantry_lidar_interfaces__rosidl_typesupport_fastrtps_c.dir/rosidl_typesupport_fastrtps_c/gantry_lidar_interfaces/srv/detail/delete_time_range__type_support_c.cpp.o[0m
[ 75%] [32mBuilding CXX object CMakeFiles/gantry_lidar_interfaces__rosidl_typesupport_fastrtps_c.dir/rosidl_typesupport_fastrtps_c/gantry_lidar_interfaces/srv/detail/download_time_range__type_support_c.cpp.o[0m
[ 77%] [32mBuilding CXX object CMakeFiles/gantry_lidar_interfaces__rosidl_typesupport_fastrtps_c.dir/rosidl_typesupport_fastrtps_c/gantry_lidar_interfaces/srv/detail/download_name__type_support_c.cpp.o[0m
[ 77%] Built target gantry_lidar_interfaces__rosidl_typesupport_introspection_c
[ 78%] [32m[1mLinking CXX shared library libgantry_lidar_interfaces__rosidl_typesupport_cpp.so[0m
[ 79%] [32m[1mLinking CXX shared library libgantry_lidar_interfaces__rosidl_typesupport_introspection_cpp.so[0m
[ 79%] Built target gantry_lidar_interfaces__rosidl_typesupport_cpp
[ 79%] Built target gantry_lidar_interfaces__rosidl_typesupport_introspection_cpp
[ 81%] [32m[1mLinking CXX shared library libgantry_lidar_interfaces__rosidl_typesupport_fastrtps_c.so[0m
[ 82%] [32m[1mLinking CXX shared library libgantry_lidar_interfaces__rosidl_typesupport_fastrtps_cpp.so[0m
[ 82%] Built target gantry_lidar_interfaces__rosidl_typesupport_fastrtps_c
[ 82%] Built target gantry_lidar_interfaces__rosidl_typesupport_fastrtps_cpp
[ 82%] Built target gantry_lidar_interfaces
[ 83%] [34m[1mGenerating Python code for ROS interfaces[0m
[ 83%] Built target gantry_lidar_interfaces__py
[ 85%] [32mBuilding C object CMakeFiles/gantry_lidar_interfaces__rosidl_generator_py.dir/rosidl_generator_py/gantry_lidar_interfaces/srv/_delete_name_s.c.o[0m
[ 86%] [32mBuilding C object CMakeFiles/gantry_lidar_interfaces__rosidl_generator_py.dir/rosidl_generator_py/gantry_lidar_interfaces/srv/_capture_s.c.o[0m
[ 87%] [32mBuilding C object CMakeFiles/gantry_lidar_interfaces__rosidl_generator_py.dir/rosidl_generator_py/gantry_lidar_interfaces/srv/_delete_time_range_s.c.o[0m
[ 89%] [32mBuilding C object CMakeFiles/gantry_lidar_interfaces__rosidl_generator_py.dir/rosidl_generator_py/gantry_lidar_interfaces/srv/_download_time_range_s.c.o[0m
[ 90%] [32mBuilding C object CMakeFiles/gantry_lidar_interfaces__rosidl_generator_py.dir/rosidl_generator_py/gantry_lidar_interfaces/srv/_download_name_s.c.o[0m
[ 91%] [32m[1mLinking C shared library libgantry_lidar_interfaces__rosidl_generator_py.so[0m
[ 91%] Built target gantry_lidar_interfaces__rosidl_generator_py
[ 93%] [32mBuilding C object CMakeFiles/gantry_lidar_interfaces_s__rosidl_typesupport_introspection_c.dir/rosidl_generator_py/gantry_lidar_interfaces/_gantry_lidar_interfaces_s.ep.rosidl_typesupport_introspection_c.c.o[0m
[ 94%] [32mBuilding C object CMakeFiles/gantry_lidar_interfaces_s__rosidl_typesupport_fastrtps_c.dir/rosidl_generator_py/gantry_lidar_interfaces/_gantry_lidar_interfaces_s.ep.rosidl_typesupport_fastrtps_c.c.o[0m
[ 95%] [32mBuilding C object CMakeFiles/gantry_lidar_interfaces_s__rosidl_typesupport_c.dir/rosidl_generator_py/gantry_lidar_interfaces/_gantry_lidar_interfaces_s.ep.rosidl_typesupport_c.c.o[0m
[ 97%] [32m[1mLinking C shared module rosidl_generator_py/gantry_lidar_interfaces/gantry_lidar_interfaces_s__rosidl_typesupport_c.so[0m
[ 98%] [32m[1mLinking C shared module rosidl_generator_py/gantry_lidar_interfaces/gantry_lidar_interfaces_s__rosidl_typesupport_introspection_c.so[0m
[100%] [32m[1mLinking C shared module rosidl_generator_py/gantry_lidar_interfaces/gantry_lidar_interfaces_s__rosidl_typesupport_fastrtps_c.so[0m
[100%] Built target gantry_lidar_interfaces_s__rosidl_typesupport_introspection_c
[100%] Built target gantry_lidar_interfaces_s__rosidl_typesupport_c
[100%] Built target gantry_lidar_interfaces_s__rosidl_typesupport_fastrtps_c
-- Install configuration: ""
-- Installing: /home/lexij/roselab-perception/install/gantry_lidar_interfaces/share/ament_index/resource_index/rosidl_interfaces/gantry_lidar_interfaces
-- Installing: /home/lexij/roselab-perception/install/gantry_lidar_interfaces/share/gantry_lidar_interfaces/srv/Capture.json
-- Installing: /home/lexij/roselab-perception/install/gantry_lidar_interfaces/share/gantry_lidar_interfaces/srv/DeleteName.json
-- Installing: /home/lexij/roselab-perception/install/gantry_lidar_interfaces/share/gantry_lidar_interfaces/srv/DeleteTimeRange.json
-- Installing: /home/lexij/roselab-perception/install/gantry_lidar_interfaces/share/gantry_lidar_interfaces/srv/DownloadName.json
-- Installing: /home/lexij/roselab-perception/install/gantry_lidar_interfaces/share/gantry_lidar_interfaces/srv/DownloadTimeRange.json
-- Installing: /home/lexij/roselab-perception/install/gantry_lidar_interfaces/include/gantry_lidar_interfaces/gantry_lidar_interfaces
-- Installing: /home/lexij/roselab-perception/install/gantry_lidar_interfaces/include/gantry_lidar_interfaces/gantry_lidar_interfaces/msg
-- Installing: /home/lexij/roselab-perception/install/gantry_lidar_interfaces/include/gantry_lidar_interfaces/gantry_lidar_interfaces/msg/rosidl_generator_c__visibility_control.h
-- Installing: /home/lexij/roselab-perception/install/gantry_lidar_interfaces/include/gantry_lidar_interfaces/gantry_lidar_interfaces/srv
-- Installing: /home/lexij/roselab-perception/install/gantry_lidar_interfaces/include/gantry_lidar_interfaces/gantry_lidar_interfaces/srv/delete_name.h
-- Installing: /home/lexij/roselab-perception/install/gantry_lidar_interfaces/include/gantry_lidar_interfaces/gantry_lidar_interfaces/srv/download_name.h
-- Installing: /home/lexij/roselab-perception/install/gantry_lidar_interfaces/include/gantry_lidar_interfaces/gantry_lidar_interfaces/srv/capture.h
-- Installing: /home/lexij/roselab-perception/install/gantry_lidar_interfaces/include/gantry_lidar_interfaces/gantry_lidar_interfaces/srv/detail
-- Installing: /home/lexij/roselab-perception/install/gantry_lidar_interfaces/include/gantry_lidar_interfaces/gantry_lidar_interfaces/srv/detail/download_name__description.c
-- Installing: /home/lexij/roselab-perception/install/gantry_lidar_interfaces/include/gantry_lidar_interfaces/gantry_lidar_interfaces/srv/detail/download_name__functions.h
-- Installing: /home/lexij/roselab-perception/install/gantry_lidar_interfaces/include/gantry_lidar_interfaces/gantry_lidar_interfaces/srv/detail/capture__description.c
-- Installing: /home/lexij/roselab-perception/install/gantry_lidar_interfaces/include/gantry_lidar_interfaces/gantry_lidar_interfaces/srv/detail/delete_time_range__functions.c
-- Installing: /home/lexij/roselab-perception/install/gantry_lidar_interfaces/include/gantry_lidar_interfaces/gantry_lidar_interfaces/srv/detail/download_time_range__functions.c
-- Installing: /home/lexij/roselab-perception/install/gantry_lidar_interfaces/include/gantry_lidar_interfaces/gantry_lidar_interfaces/srv/detail/delete_time_range__type_support.h
-- Installing: /home/lexij/roselab-perception/install/gantry_lidar_interfaces/include/gantry_lidar_interfaces/gantry_lidar_interfaces/srv/detail/download_name__type_support.h
-- Installing: /home/lexij/roselab-perception/install/gantry_lidar_interfaces/include/gantry_lidar_interfaces/gantry_lidar_interfaces/srv/detail/delete_name__functions.c
-- Installing: /home/lexij/roselab-perception/install/gantry_lidar_interfaces/include/gantry_lidar_interfaces/gantry_lidar_interfaces/srv/detail/download_time_range__type_support.c
-- Installing: /home/lexij/roselab-perception/install/gantry_lidar_interfaces/include/gantry_lidar_interfaces/gantry_lidar_interfaces/srv/detail/delete_time_range__description.c
-- Installing: /home/lexij/roselab-perception/install/gantry_lidar_interfaces/include/gantry_lidar_interfaces/gantry_lidar_interfaces/srv/detail/download_time_range__functions.h
-- Installing: /home/lexij/roselab-perception/install/gantry_lidar_interfaces/include/gantry_lidar_interfaces/gantry_lidar_interfaces/srv/detail/delete_time_range__type_support.c
-- Installing: /home/lexij/roselab-perception/install/gantry_lidar_interfaces/include/gantry_lidar_interfaces/gantry_lidar_interfaces/srv/detail/download_name__type_support.c
-- Installing: /home/lexij/roselab-perception/install/gantry_lidar_interfaces/include/gantry_lidar_interfaces/gantry_lidar_interfaces/srv/detail/download_time_range__type_support.h
-- Installing: /home/lexij/roselab-perception/install/gantry_lidar_interfaces/include/gantry_lidar_interfaces/gantry_lidar_interfaces/srv/detail/delete_name__type_support.h
-- Installing: /home/lexij/roselab-perception/install/gantry_lidar_interfaces/include/gantry_lidar_interfaces/gantry_lidar_interfaces/srv/detail/delete_name__description.c
-- Installing: /home/lexij/roselab-perception/install/gantry_lidar_interfaces/include/gantry_lidar_interfaces/gantry_lidar_interfaces/srv/detail/download_name__struct.h
-- Installing: /home/lexij/roselab-perception/install/gantry_lidar_interfaces/include/gantry_lidar_interfaces/gantry_lidar_interfaces/srv/detail/delete_name__type_support.c
-- Installing: /home/lexij/roselab-perception/install/gantry_lidar_interfaces/include/gantry_lidar_interfaces/gantry_lidar_interfaces/srv/detail/capture__functions.h
-- Installing: /home/lexij/roselab-perception/install/gantry_lidar_interfaces/include/gantry_lidar_interfaces/gantry_lidar_interfaces/srv/detail/capture__struct.h
-- Installing: /home/lexij/roselab-perception/install/gantry_lidar_interfaces/include/gantry_lidar_interfaces/gantry_lidar_interfaces/srv/detail/download_time_range__description.c
-- Installing: /home/lexij/roselab-perception/install/gantry_lidar_interfaces/include/gantry_lidar_interfaces/gantry_lidar_interfaces/srv/detail/capture__type_support.h
-- Installing: /home/lexij/roselab-perception/install/gantry_lidar_interfaces/include/gantry_lidar_interfaces/gantry_lidar_interfaces/srv/detail/download_name__functions.c
-- Installing: /home/lexij/roselab-perception/install/gantry_lidar_interfaces/include/gantry_lidar_interfaces/gantry_lidar_interfaces/srv/detail/delete_name__functions.h
-- Installing: /home/lexij/roselab-perception/install/gantry_lidar_interfaces/include/gantry_lidar_interfaces/gantry_lidar_interfaces/srv/detail/capture__functions.c
-- Installing: /home/lexij/roselab-perception/install/gantry_lidar_interfaces/include/gantry_lidar_interfaces/gantry_lidar_interfaces/srv/detail/capture__type_support.c
-- Installing: /home/lexij/roselab-perception/install/gantry_lidar_interfaces/include/gantry_lidar_interfaces/gantry_lidar_interfaces/srv/detail/delete_time_range__functions.h
-- Installing: /home/lexij/roselab-perception/install/gantry_lidar_interfaces/include/gantry_lidar_interfaces/gantry_lidar_interfaces/srv/detail/delete_time_range__struct.h
-- Installing: /home/lexij/roselab-perception/install/gantry_lidar_interfaces/include/gantry_lidar_interfaces/gantry_lidar_interfaces/srv/detail/delete_name__struct.h
-- Installing: /home/lexij/roselab-perception/install/gantry_lidar_interfaces/include/gantry_lidar_interfaces/gantry_lidar_interfaces/srv/detail/download_time_range__struct.h
-- Installing: /home/lexij/roselab-perception/install/gantry_lidar_interfaces/include/gantry_lidar_interfaces/gantry_lidar_interfaces/srv/delete_time_range.h
-- Installing: /home/lexij/roselab-perception/install/gantry_lidar_interfaces/include/gantry_lidar_interfaces/gantry_lidar_interfaces/srv/download_time_range.h
-- Installing: /home/lexij/roselab-perception/install/gantry_lidar_interfaces/share/gantry_lidar_interfaces/environment/library_path.sh
-- Installing: /home/lexij/roselab-perception/install/gantry_lidar_interfaces/share/gantry_lidar_interfaces/environment/library_path.dsv
-- Installing: /home/lexij/roselab-perception/install/gantry_lidar_interfaces/lib/libgantry_lidar_interfaces__rosidl_generator_c.so
-- Set non-toolchain portion of runtime path of "/home/lexij/roselab-perception/install/gantry_lidar_interfaces/lib/libgantry_lidar_interfaces__rosidl_generator_c.so" to ""
-- Up-to-date: /home/lexij/roselab-perception/install/gantry_lidar_interfaces/include/gantry_lidar_interfaces/gantry_lidar_interfaces
-- Up-to-date: /home/lexij/roselab-perception/install/gantry_lidar_interfaces/include/gantry_lidar_interfaces/gantry_lidar_interfaces/msg
-- Installing: /home/lexij/roselab-perception/install/gantry_lidar_interfaces/include/gantry_lidar_interfaces/gantry_lidar_interfaces/msg/rosidl_typesupport_fastrtps_c__visibility_control.h
-- Up-to-date: /home/lexij/roselab-perception/install/gantry_lidar_interfaces/include/gantry_lidar_interfaces/gantry_lidar_interfaces/srv
-- Up-to-date: /home/lexij/roselab-perception/install/gantry_lidar_interfaces/include/gantry_lidar_interfaces/gantry_lidar_interfaces/srv/detail
-- Installing: /home/lexij/roselab-perception/install/gantry_lidar_interfaces/include/gantry_lidar_interfaces/gantry_lidar_interfaces/srv/detail/download_name__rosidl_typesupport_fastrtps_c.h
-- Installing: /home/lexij/roselab-perception/install/gantry_lidar_interfaces/include/gantry_lidar_interfaces/gantry_lidar_interfaces/srv/detail/capture__rosidl_typesupport_fastrtps_c.h
-- Installing: /home/lexij/roselab-perception/install/gantry_lidar_interfaces/include/gantry_lidar_interfaces/gantry_lidar_interfaces/srv/detail/delete_time_range__rosidl_typesupport_fastrtps_c.h
-- Installing: /home/lexij/roselab-perception/install/gantry_lidar_interfaces/include/gantry_lidar_interfaces/gantry_lidar_interfaces/srv/detail/delete_name__rosidl_typesupport_fastrtps_c.h
-- Installing: /home/lexij/roselab-perception/install/gantry_lidar_interfaces/include/gantry_lidar_interfaces/gantry_lidar_interfaces/srv/detail/download_time_range__rosidl_typesupport_fastrtps_c.h
-- Installing: /home/lexij/roselab-perception/install/gantry_lidar_interfaces/lib/libgantry_lidar_interfaces__rosidl_typesupport_fastrtps_c.so
-- Set non-toolchain portion of runtime path of "/home/lexij/roselab-perception/install/gantry_lidar_interfaces/lib/libgantry_lidar_interfaces__rosidl_typesupport_fastrtps_c.so" to ""
-- Up-to-date: /home/lexij/roselab-perception/install/gantry_lidar_interfaces/include/gantry_lidar_interfaces/gantry_lidar_interfaces
-- Up-to-date: /home/lexij/roselab-perception/install/gantry_lidar_interfaces/include/gantry_lidar_interfaces/gantry_lidar_interfaces/msg
-- Installing: /home/lexij/roselab-perception/install/gantry_lidar_interfaces/include/gantry_lidar_interfaces/gantry_lidar_interfaces/msg/rosidl_typesupport_introspection_c__visibility_control.h
-- Up-to-date: /home/lexij/roselab-perception/install/gantry_lidar_interfaces/include/gantry_lidar_interfaces/gantry_lidar_interfaces/srv
-- Up-to-date: /home/lexij/roselab-perception/install/gantry_lidar_interfaces/include/gantry_lidar_interfaces/gantry_lidar_interfaces/srv/detail
-- Installing: /home/lexij/roselab-perception/install/gantry_lidar_interfaces/include/gantry_lidar_interfaces/gantry_lidar_interfaces/srv/detail/capture__rosidl_typesupport_introspection_c.h
-- Installing: /home/lexij/roselab-perception/install/gantry_lidar_interfaces/include/gantry_lidar_interfaces/gantry_lidar_interfaces/srv/detail/download_name__rosidl_typesupport_introspection_c.h
-- Installing: /home/lexij/roselab-perception/install/gantry_lidar_interfaces/include/gantry_lidar_interfaces/gantry_lidar_interfaces/srv/detail/download_time_range__rosidl_typesupport_introspection_c.h
-- Installing: /home/lexij/roselab-perception/install/gantry_lidar_interfaces/include/gantry_lidar_interfaces/gantry_lidar_interfaces/srv/detail/delete_name__rosidl_typesupport_introspection_c.h
-- Installing: /home/lexij/roselab-perception/install/gantry_lidar_interfaces/include/gantry_lidar_interfaces/gantry_lidar_interfaces/srv/detail/download_time_range__type_support.c
-- Installing: /home/lexij/roselab-perception/install/gantry_lidar_interfaces/include/gantry_lidar_interfaces/gantry_lidar_interfaces/srv/detail/delete_time_range__type_support.c
-- Installing: /home/lexij/roselab-perception/install/gantry_lidar_interfaces/include/gantry_lidar_interfaces/gantry_lidar_interfaces/srv/detail/download_name__type_support.c
-- Installing: /home/lexij/roselab-perception/install/gantry_lidar_interfaces/include/gantry_lidar_interfaces/gantry_lidar_interfaces/srv/detail/delete_name__type_support.c
-- Installing: /home/lexij/roselab-perception/install/gantry_lidar_interfaces/include/gantry_lidar_interfaces/gantry_lidar_interfaces/srv/detail/capture__type_support.c
-- Installing: /home/lexij/roselab-perception/install/gantry_lidar_interfaces/include/gantry_lidar_interfaces/gantry_lidar_interfaces/srv/detail/delete_time_range__rosidl_typesupport_introspection_c.h
-- Installing: /home/lexij/roselab-perception/install/gantry_lidar_interfaces/lib/libgantry_lidar_interfaces__rosidl_typesupport_introspection_c.so
-- Set non-toolchain portion of runtime path of "/home/lexij/roselab-perception/install/gantry_lidar_interfaces/lib/libgantry_lidar_interfaces__rosidl_typesupport_introspection_c.so" to ""
-- Installing: /home/lexij/roselab-perception/install/gantry_lidar_interfaces/lib/libgantry_lidar_interfaces__rosidl_typesupport_c.so
-- Set non-toolchain portion of runtime path of "/home/lexij/roselab-perception/install/gantry_lidar_interfaces/lib/libgantry_lidar_interfaces__rosidl_typesupport_c.so" to ""
-- Up-to-date: /home/lexij/roselab-perception/install/gantry_lidar_interfaces/include/gantry_lidar_interfaces/gantry_lidar_interfaces
-- Up-to-date: /home/lexij/roselab-perception/install/gantry_lidar_interfaces/include/gantry_lidar_interfaces/gantry_lidar_interfaces/msg
-- Installing: /home/lexij/roselab-perception/install/gantry_lidar_interfaces/include/gantry_lidar_interfaces/gantry_lidar_interfaces/msg/rosidl_generator_cpp__visibility_control.hpp
-- Up-to-date: /home/lexij/roselab-perception/install/gantry_lidar_interfaces/include/gantry_lidar_interfaces/gantry_lidar_interfaces/srv
-- Installing: /home/lexij/roselab-perception/install/gantry_lidar_interfaces/include/gantry_lidar_interfaces/gantry_lidar_interfaces/srv/download_time_range.hpp
-- Up-to-date: /home/lexij/roselab-perception/install/gantry_lidar_interfaces/include/gantry_lidar_interfaces/gantry_lidar_interfaces/srv/detail
-- Installing: /home/lexij/roselab-perception/install/gantry_lidar_interfaces/include/gantry_lidar_interfaces/gantry_lidar_interfaces/srv/detail/delete_time_range__traits.hpp
-- Installing: /home/lexij/roselab-perception/install/gantry_lidar_interfaces/include/gantry_lidar_interfaces/gantry_lidar_interfaces/srv/detail/download_time_range__builder.hpp
-- Installing: /home/lexij/roselab-perception/install/gantry_lidar_interfaces/include/gantry_lidar_interfaces/gantry_lidar_interfaces/srv/detail/download_time_range__traits.hpp
-- Installing: /home/lexij/roselab-perception/install/gantry_lidar_interfaces/include/gantry_lidar_interfaces/gantry_lidar_interfaces/srv/detail/capture__traits.hpp
-- Installing: /home/lexij/roselab-perception/install/gantry_lidar_interfaces/include/gantry_lidar_interfaces/gantry_lidar_interfaces/srv/detail/delete_time_range__type_support.hpp
-- Installing: /home/lexij/roselab-perception/install/gantry_lidar_interfaces/include/gantry_lidar_interfaces/gantry_lidar_interfaces/srv/detail/download_time_range__struct.hpp
-- Installing: /home/lexij/roselab-perception/install/gantry_lidar_interfaces/include/gantry_lidar_interfaces/gantry_lidar_interfaces/srv/detail/delete_name__type_support.hpp
-- Installing: /home/lexij/roselab-perception/install/gantry_lidar_interfaces/include/gantry_lidar_interfaces/gantry_lidar_interfaces/srv/detail/delete_time_range__builder.hpp
-- Installing: /home/lexij/roselab-perception/install/gantry_lidar_interfaces/include/gantry_lidar_interfaces/gantry_lidar_interfaces/srv/detail/download_name__builder.hpp
-- Installing: /home/lexij/roselab-perception/install/gantry_lidar_interfaces/include/gantry_lidar_interfaces/gantry_lidar_interfaces/srv/detail/download_name__struct.hpp
-- Installing: /home/lexij/roselab-perception/install/gantry_lidar_interfaces/include/gantry_lidar_interfaces/gantry_lidar_interfaces/srv/detail/download_time_range__type_support.hpp
-- Installing: /home/lexij/roselab-perception/install/gantry_lidar_interfaces/include/gantry_lidar_interfaces/gantry_lidar_interfaces/srv/detail/capture__type_support.hpp
-- Installing: /home/lexij/roselab-perception/install/gantry_lidar_interfaces/include/gantry_lidar_interfaces/gantry_lidar_interfaces/srv/detail/download_name__traits.hpp
-- Installing: /home/lexij/roselab-perception/install/gantry_lidar_interfaces/include/gantry_lidar_interfaces/gantry_lidar_interfaces/srv/detail/delete_name__builder.hpp
-- Installing: /home/lexij/roselab-perception/install/gantry_lidar_interfaces/include/gantry_lidar_interfaces/gantry_lidar_interfaces/srv/detail/capture__builder.hpp
-- Installing: /home/lexij/roselab-perception/install/gantry_lidar_interfaces/include/gantry_lidar_interfaces/gantry_lidar_interfaces/srv/detail/delete_time_range__struct.hpp
-- Installing: /home/lexij/roselab-perception/install/gantry_lidar_interfaces/include/gantry_lidar_interfaces/gantry_lidar_interfaces/srv/detail/download_name__type_support.hpp
-- Installing: /home/lexij/roselab-perception/install/gantry_lidar_interfaces/include/gantry_lidar_interfaces/gantry_lidar_interfaces/srv/detail/delete_name__struct.hpp
-- Installing: /home/lexij/roselab-perception/install/gantry_lidar_interfaces/include/gantry_lidar_interfaces/gantry_lidar_interfaces/srv/detail/delete_name__traits.hpp
-- Installing: /home/lexij/roselab-perception/install/gantry_lidar_interfaces/include/gantry_lidar_interfaces/gantry_lidar_interfaces/srv/detail/capture__struct.hpp
-- Installing: /home/lexij/roselab-perception/install/gantry_lidar_interfaces/include/gantry_lidar_interfaces/gantry_lidar_interfaces/srv/download_name.hpp
-- Installing: /home/lexij/roselab-perception/install/gantry_lidar_interfaces/include/gantry_lidar_interfaces/gantry_lidar_interfaces/srv/delete_name.hpp
-- Installing: /home/lexij/roselab-perception/install/gantry_lidar_interfaces/include/gantry_lidar_interfaces/gantry_lidar_interfaces/srv/delete_time_range.hpp
-- Installing: /home/lexij/roselab-perception/install/gantry_lidar_interfaces/include/gantry_lidar_interfaces/gantry_lidar_interfaces/srv/capture.hpp
-- Up-to-date: /home/lexij/roselab-perception/install/gantry_lidar_interfaces/include/gantry_lidar_interfaces/gantry_lidar_interfaces
-- Up-to-date: /home/lexij/roselab-perception/install/gantry_lidar_interfaces/include/gantry_lidar_interfaces/gantry_lidar_interfaces/msg
-- Installing: /home/lexij/roselab-perception/install/gantry_lidar_interfaces/include/gantry_lidar_interfaces/gantry_lidar_interfaces/msg/rosidl_typesupport_fastrtps_cpp__visibility_control.h
-- Up-to-date: /home/lexij/roselab-perception/install/gantry_lidar_interfaces/include/gantry_lidar_interfaces/gantry_lidar_interfaces/srv
-- Up-to-date: /home/lexij/roselab-perception/install/gantry_lidar_interfaces/include/gantry_lidar_interfaces/gantry_lidar_interfaces/srv/detail
-- Installing: /home/lexij/roselab-perception/install/gantry_lidar_interfaces/include/gantry_lidar_interfaces/gantry_lidar_interfaces/srv/detail/delete_time_range__rosidl_typesupport_fastrtps_cpp.hpp
-- Installing: /home/lexij/roselab-perception/install/gantry_lidar_interfaces/include/gantry_lidar_interfaces/gantry_lidar_interfaces/srv/detail/download_time_range__rosidl_typesupport_fastrtps_cpp.hpp
-- Installing: /home/lexij/roselab-perception/install/gantry_lidar_interfaces/include/gantry_lidar_interfaces/gantry_lidar_interfaces/srv/detail/download_name__rosidl_typesupport_fastrtps_cpp.hpp
-- Installing: /home/lexij/roselab-perception/install/gantry_lidar_interfaces/include/gantry_lidar_interfaces/gantry_lidar_interfaces/srv/detail/dds_fastrtps
-- Installing: /home/lexij/roselab-perception/install/gantry_lidar_interfaces/include/gantry_lidar_interfaces/gantry_lidar_interfaces/srv/detail/delete_name__rosidl_typesupport_fastrtps_cpp.hpp
-- Installing: /home/lexij/roselab-perception/install/gantry_lidar_interfaces/include/gantry_lidar_interfaces/gantry_lidar_interfaces/srv/detail/capture__rosidl_typesupport_fastrtps_cpp.hpp
-- Installing: /home/lexij/roselab-perception/install/gantry_lidar_interfaces/lib/libgantry_lidar_interfaces__rosidl_typesupport_fastrtps_cpp.so
-- Set non-toolchain portion of runtime path of "/home/lexij/roselab-perception/install/gantry_lidar_interfaces/lib/libgantry_lidar_interfaces__rosidl_typesupport_fastrtps_cpp.so" to ""
-- Up-to-date: /home/lexij/roselab-perception/install/gantry_lidar_interfaces/include/gantry_lidar_interfaces/gantry_lidar_interfaces
-- Up-to-date: /home/lexij/roselab-perception/install/gantry_lidar_interfaces/include/gantry_lidar_interfaces/gantry_lidar_interfaces/srv
-- Up-to-date: /home/lexij/roselab-perception/install/gantry_lidar_interfaces/include/gantry_lidar_interfaces/gantry_lidar_interfaces/srv/detail
-- Installing: /home/lexij/roselab-perception/install/gantry_lidar_interfaces/include/gantry_lidar_interfaces/gantry_lidar_interfaces/srv/detail/delete_time_range__rosidl_typesupport_introspection_cpp.hpp
-- Installing: /home/lexij/roselab-perception/install/gantry_lidar_interfaces/include/gantry_lidar_interfaces/gantry_lidar_interfaces/srv/detail/download_time_range__rosidl_typesupport_introspection_cpp.hpp
-- Installing: /home/lexij/roselab-perception/install/gantry_lidar_interfaces/include/gantry_lidar_interfaces/gantry_lidar_interfaces/srv/detail/delete_name__type_support.cpp
-- Installing: /home/lexij/roselab-perception/install/gantry_lidar_interfaces/include/gantry_lidar_interfaces/gantry_lidar_interfaces/srv/detail/capture__rosidl_typesupport_introspection_cpp.hpp
-- Installing: /home/lexij/roselab-perception/install/gantry_lidar_interfaces/include/gantry_lidar_interfaces/gantry_lidar_interfaces/srv/detail/delete_name__rosidl_typesupport_introspection_cpp.hpp
-- Installing: /home/lexij/roselab-perception/install/gantry_lidar_interfaces/include/gantry_lidar_interfaces/gantry_lidar_interfaces/srv/detail/capture__type_support.cpp
-- Installing: /home/lexij/roselab-perception/install/gantry_lidar_interfaces/include/gantry_lidar_interfaces/gantry_lidar_interfaces/srv/detail/delete_time_range__type_support.cpp
-- Installing: /home/lexij/roselab-perception/install/gantry_lidar_interfaces/include/gantry_lidar_interfaces/gantry_lidar_interfaces/srv/detail/download_name__type_support.cpp
-- Installing: /home/lexij/roselab-perception/install/gantry_lidar_interfaces/include/gantry_lidar_interfaces/gantry_lidar_interfaces/srv/detail/download_time_range__type_support.cpp
-- Installing: /home/lexij/roselab-perception/install/gantry_lidar_interfaces/include/gantry_lidar_interfaces/gantry_lidar_interfaces/srv/detail/download_name__rosidl_typesupport_introspection_cpp.hpp
-- Installing: /home/lexij/roselab-perception/install/gantry_lidar_interfaces/lib/libgantry_lidar_interfaces__rosidl_typesupport_introspection_cpp.so
-- Set non-toolchain portion of runtime path of "/home/lexij/roselab-perception/install/gantry_lidar_interfaces/lib/libgantry_lidar_interfaces__rosidl_typesupport_introspection_cpp.so" to ""
-- Installing: /home/lexij/roselab-perception/install/gantry_lidar_interfaces/lib/libgantry_lidar_interfaces__rosidl_typesupport_cpp.so
-- Set non-toolchain portion of runtime path of "/home/lexij/roselab-perception/install/gantry_lidar_interfaces/lib/libgantry_lidar_interfaces__rosidl_typesupport_cpp.so" to ""
-- Installing: /home/lexij/roselab-perception/install/gantry_lidar_interfaces/share/gantry_lidar_interfaces/environment/pythonpath.sh
-- Installing: /home/lexij/roselab-perception/install/gantry_lidar_interfaces/share/gantry_lidar_interfaces/environment/pythonpath.dsv
-- Installing: /home/lexij/roselab-perception/install/gantry_lidar_interfaces/lib/python3.12/site-packages/gantry_lidar_interfaces-0.0.0-py3.12.egg-info
-- Installing: /home/lexij/roselab-perception/install/gantry_lidar_interfaces/lib/python3.12/site-packages/gantry_lidar_interfaces-0.0.0-py3.12.egg-info/top_level.txt
-- Installing: /home/lexij/roselab-perception/install/gantry_lidar_interfaces/lib/python3.12/site-packages/gantry_lidar_interfaces-0.0.0-py3.12.egg-info/PKG-INFO
-- Installing: /home/lexij/roselab-perception/install/gantry_lidar_interfaces/lib/python3.12/site-packages/gantry_lidar_interfaces-0.0.0-py3.12.egg-info/dependency_links.txt
-- Installing: /home/lexij/roselab-perception/install/gantry_lidar_interfaces/lib/python3.12/site-packages/gantry_lidar_interfaces-0.0.0-py3.12.egg-info/SOURCES.txt
-- Installing: /home/lexij/roselab-perception/install/gantry_lidar_interfaces/lib/python3.12/site-packages/gantry_lidar_interfaces
-- Installing: /home/lexij/roselab-perception/install/gantry_lidar_interfaces/lib/python3.12/site-packages/gantry_lidar_interfaces/gantry_lidar_interfaces_s__rosidl_typesupport_fastrtps_c.so
-- Installing: /home/lexij/roselab-perception/install/gantry_lidar_interfaces/lib/python3.12/site-packages/gantry_lidar_interfaces/_gantry_lidar_interfaces_s.ep.rosidl_typesupport_fastrtps_c.c
-- Installing: /home/lexij/roselab-perception/install/gantry_lidar_interfaces/lib/python3.12/site-packages/gantry_lidar_interfaces/_gantry_lidar_interfaces_s.ep.rosidl_typesupport_introspection_c.c
-- Installing: /home/lexij/roselab-perception/install/gantry_lidar_interfaces/lib/python3.12/site-packages/gantry_lidar_interfaces/__init__.py
-- Installing: /home/lexij/roselab-perception/install/gantry_lidar_interfaces/lib/python3.12/site-packages/gantry_lidar_interfaces/_gantry_lidar_interfaces_s.ep.rosidl_typesupport_c.c
-- Installing: /home/lexij/roselab-perception/install/gantry_lidar_interfaces/lib/python3.12/site-packages/gantry_lidar_interfaces/gantry_lidar_interfaces_s__rosidl_typesupport_introspection_c.so
-- Installing: /home/lexij/roselab-perception/install/gantry_lidar_interfaces/lib/python3.12/site-packages/gantry_lidar_interfaces/gantry_lidar_interfaces_s__rosidl_typesupport_c.so
-- Installing: /home/lexij/roselab-perception/install/gantry_lidar_interfaces/lib/python3.12/site-packages/gantry_lidar_interfaces/srv
-- Installing: /home/lexij/roselab-perception/install/gantry_lidar_interfaces/lib/python3.12/site-packages/gantry_lidar_interfaces/srv/_delete_name_s.c
-- Installing: /home/lexij/roselab-perception/install/gantry_lidar_interfaces/lib/python3.12/site-packages/gantry_lidar_interfaces/srv/_delete_name.py
-- Installing: /home/lexij/roselab-perception/install/gantry_lidar_interfaces/lib/python3.12/site-packages/gantry_lidar_interfaces/srv/__init__.py
-- Installing: /home/lexij/roselab-perception/install/gantry_lidar_interfaces/lib/python3.12/site-packages/gantry_lidar_interfaces/srv/_capture.py
-- Installing: /home/lexij/roselab-perception/install/gantry_lidar_interfaces/lib/python3.12/site-packages/gantry_lidar_interfaces/srv/_download_time_range_s.c
-- Installing: /home/lexij/roselab-perception/install/gantry_lidar_interfaces/lib/python3.12/site-packages/gantry_lidar_interfaces/srv/_download_name.py
-- Installing: /home/lexij/roselab-perception/install/gantry_lidar_interfaces/lib/python3.12/site-packages/gantry_lidar_interfaces/srv/_delete_time_range.py
-- Installing: /home/lexij/roselab-perception/install/gantry_lidar_interfaces/lib/python3.12/site-packages/gantry_lidar_interfaces/srv/_capture_s.c
-- Installing: /home/lexij/roselab-perception/install/gantry_lidar_interfaces/lib/python3.12/site-packages/gantry_lidar_interfaces/srv/_delete_time_range_s.c
-- Installing: /home/lexij/roselab-perception/install/gantry_lidar_interfaces/lib/python3.12/site-packages/gantry_lidar_interfaces/srv/_download_time_range.py
-- Installing: /home/lexij/roselab-perception/install/gantry_lidar_interfaces/lib/python3.12/site-packages/gantry_lidar_interfaces/srv/_download_name_s.c
Listing '/home/lexij/roselab-perception/install/gantry_lidar_interfaces/lib/python3.12/site-packages/gantry_lidar_interfaces'...
Compiling '/home/lexij/roselab-perception/install/gantry_lidar_interfaces/lib/python3.12/site-packages/gantry_lidar_interfaces/__init__.py'...
Listing '/home/lexij/roselab-perception/install/gantry_lidar_interfaces/lib/python3.12/site-packages/gantry_lidar_interfaces/srv'...
Compiling '/home/lexij/roselab-perception/install/gantry_lidar_interfaces/lib/python3.12/site-packages/gantry_lidar_interfaces/srv/__init__.py'...
Compiling '/home/lexij/roselab-perception/install/gantry_lidar_interfaces/lib/python3.12/site-packages/gantry_lidar_interfaces/srv/_capture.py'...
Compiling '/home/lexij/roselab-perception/install/gantry_lidar_interfaces/lib/python3.12/site-packages/gantry_lidar_interfaces/srv/_delete_name.py'...
Compiling '/home/lexij/roselab-perception/install/gantry_lidar_interfaces/lib/python3.12/site-packages/gantry_lidar_interfaces/srv/_delete_time_range.py'...
Compiling '/home/lexij/roselab-perception/install/gantry_lidar_interfaces/lib/python3.12/site-packages/gantry_lidar_interfaces/srv/_download_name.py'...
Compiling '/home/lexij/roselab-perception/install/gantry_lidar_interfaces/lib/python3.12/site-packages/gantry_lidar_interfaces/srv/_download_time_range.py'...
-- Installing: /home/lexij/roselab-perception/install/gantry_lidar_interfaces/lib/python3.12/site-packages/gantry_lidar_interfaces/gantry_lidar_interfaces_s__rosidl_typesupport_fastrtps_c.so
-- Set non-toolchain portion of runtime path of "/home/lexij/roselab-perception/install/gantry_lidar_interfaces/lib/python3.12/site-packages/gantry_lidar_interfaces/gantry_lidar_interfaces_s__rosidl_typesupport_fastrtps_c.so" to ""
-- Installing: /home/lexij/roselab-perception/install/gantry_lidar_interfaces/lib/python3.12/site-packages/gantry_lidar_interfaces/gantry_lidar_interfaces_s__rosidl_typesupport_introspection_c.so
-- Set non-toolchain portion of runtime path of "/home/lexij/roselab-perception/install/gantry_lidar_interfaces/lib/python3.12/site-packages/gantry_lidar_interfaces/gantry_lidar_interfaces_s__rosidl_typesupport_introspection_c.so" to ""
-- Installing: /home/lexij/roselab-perception/install/gantry_lidar_interfaces/lib/python3.12/site-packages/gantry_lidar_interfaces/gantry_lidar_interfaces_s__rosidl_typesupport_c.so
-- Set non-toolchain portion of runtime path of "/home/lexij/roselab-perception/install/gantry_lidar_interfaces/lib/python3.12/site-packages/gantry_lidar_interfaces/gantry_lidar_interfaces_s__rosidl_typesupport_c.so" to ""
-- Installing: /home/lexij/roselab-perception/install/gantry_lidar_interfaces/lib/libgantry_lidar_interfaces__rosidl_generator_py.so
-- Set non-toolchain portion of runtime path of "/home/lexij/roselab-perception/install/gantry_lidar_interfaces/lib/libgantry_lidar_interfaces__rosidl_generator_py.so" to ""
-- Installing: /home/lexij/roselab-perception/install/gantry_lidar_interfaces/share/gantry_lidar_interfaces/srv/Capture.idl
-- Installing: /home/lexij/roselab-perception/install/gantry_lidar_interfaces/share/gantry_lidar_interfaces/srv/DeleteName.idl
-- Installing: /home/lexij/roselab-perception/install/gantry_lidar_interfaces/share/gantry_lidar_interfaces/srv/DeleteTimeRange.idl
-- Installing: /home/lexij/roselab-perception/install/gantry_lidar_interfaces/share/gantry_lidar_interfaces/srv/DownloadName.idl
-- Installing: /home/lexij/roselab-perception/install/gantry_lidar_interfaces/share/gantry_lidar_interfaces/srv/DownloadTimeRange.idl
-- Installing: /home/lexij/roselab-perception/install/gantry_lidar_interfaces/share/gantry_lidar_interfaces/srv/Capture.srv
-- Installing: /home/lexij/roselab-perception/install/gantry_lidar_interfaces/share/gantry_lidar_interfaces/srv/DeleteName.srv
-- Installing: /home/lexij/roselab-perception/install/gantry_lidar_interfaces/share/gantry_lidar_interfaces/srv/DeleteTimeRange.srv
-- Installing: /home/lexij/roselab-perception/install/gantry_lidar_interfaces/share/gantry_lidar_interfaces/srv/DownloadName.srv
-- Installing: /home/lexij/roselab-perception/install/gantry_lidar_interfaces/share/gantry_lidar_interfaces/srv/DownloadTimeRange.srv
-- Installing: /home/lexij/roselab-perception/install/gantry_lidar_interfaces/share/ament_index/resource_index/package_run_dependencies/gantry_lidar_interfaces
-- Installing: /home/lexij/roselab-perception/install/gantry_lidar_interfaces/share/ament_index/resource_index/parent_prefix_path/gantry_lidar_interfaces
-- Installing: /home/lexij/roselab-perception/install/gantry_lidar_interfaces/share/gantry_lidar_interfaces/environment/ament_prefix_path.sh
-- Installing: /home/lexij/roselab-perception/install/gantry_lidar_interfaces/share/gantry_lidar_interfaces/environment/ament_prefix_path.dsv
-- Installing: /home/lexij/roselab-perception/install/gantry_lidar_interfaces/share/gantry_lidar_interfaces/environment/path.sh
-- Installing: /home/lexij/roselab-perception/install/gantry_lidar_interfaces/share/gantry_lidar_interfaces/environment/path.dsv
-- Installing: /home/lexij/roselab-perception/install/gantry_lidar_interfaces/share/gantry_lidar_interfaces/local_setup.bash
-- Installing: /home/lexij/roselab-perception/install/gantry_lidar_interfaces/share/gantry_lidar_interfaces/local_setup.sh
-- Installing: /home/lexij/roselab-perception/install/gantry_lidar_interfaces/share/gantry_lidar_interfaces/local_setup.zsh
-- Installing: /home/lexij/roselab-perception/install/gantry_lidar_interfaces/share/gantry_lidar_interfaces/local_setup.dsv
-- Installing: /home/lexij/roselab-perception/install/gantry_lidar_interfaces/share/gantry_lidar_interfaces/package.dsv
-- Installing: /home/lexij/roselab-perception/install/gantry_lidar_interfaces/share/ament_index/resource_index/packages/gantry_lidar_interfaces
-- Installing: /home/lexij/roselab-perception/install/gantry_lidar_interfaces/share/gantry_lidar_interfaces/cmake/export_gantry_lidar_interfaces__rosidl_generator_cExport.cmake
-- Installing: /home/lexij/roselab-perception/install/gantry_lidar_interfaces/share/gantry_lidar_interfaces/cmake/export_gantry_lidar_interfaces__rosidl_generator_cExport-noconfig.cmake
-- Installing: /home/lexij/roselab-perception/install/gantry_lidar_interfaces/share/gantry_lidar_interfaces/cmake/export_gantry_lidar_interfaces__rosidl_typesupport_fastrtps_cExport.cmake
-- Installing: /home/lexij/roselab-perception/install/gantry_lidar_interfaces/share/gantry_lidar_interfaces/cmake/export_gantry_lidar_interfaces__rosidl_typesupport_fastrtps_cExport-noconfig.cmake
-- Installing: /home/lexij/roselab-perception/install/gantry_lidar_interfaces/share/gantry_lidar_interfaces/cmake/gantry_lidar_interfaces__rosidl_typesupport_introspection_cExport.cmake
-- Installing: /home/lexij/roselab-perception/install/gantry_lidar_interfaces/share/gantry_lidar_interfaces/cmake/gantry_lidar_interfaces__rosidl_typesupport_introspection_cExport-noconfig.cmake
-- Installing: /home/lexij/roselab-perception/install/gantry_lidar_interfaces/share/gantry_lidar_interfaces/cmake/gantry_lidar_interfaces__rosidl_typesupport_cExport.cmake
-- Installing: /home/lexij/roselab-perception/install/gantry_lidar_interfaces/share/gantry_lidar_interfaces/cmake/gantry_lidar_interfaces__rosidl_typesupport_cExport-noconfig.cmake
-- Installing: /home/lexij/roselab-perception/install/gantry_lidar_interfaces/share/gantry_lidar_interfaces/cmake/export_gantry_lidar_interfaces__rosidl_generator_cppExport.cmake
-- Installing: /home/lexij/roselab-perception/install/gantry_lidar_interfaces/share/gantry_lidar_interfaces/cmake/export_gantry_lidar_interfaces__rosidl_typesupport_fastrtps_cppExport.cmake
-- Installing: /home/lexij/roselab-perception/install/gantry_lidar_interfaces/share/gantry_lidar_interfaces/cmake/export_gantry_lidar_interfaces__rosidl_typesupport_fastrtps_cppExport-noconfig.cmake
-- Installing: /home/lexij/roselab-perception/install/gantry_lidar_interfaces/share/gantry_lidar_interfaces/cmake/gantry_lidar_interfaces__rosidl_typesupport_introspection_cppExport.cmake
-- Installing: /home/lexij/roselab-perception/install/gantry_lidar_interfaces/share/gantry_lidar_interfaces/cmake/gantry_lidar_interfaces__rosidl_typesupport_introspection_cppExport-noconfig.cmake
-- Installing: /home/lexij/roselab-perception/install/gantry_lidar_interfaces/share/gantry_lidar_interfaces/cmake/gantry_lidar_interfaces__rosidl_typesupport_cppExport.cmake
-- Installing: /home/lexij/roselab-perception/install/gantry_lidar_interfaces/share/gantry_lidar_interfaces/cmake/gantry_lidar_interfaces__rosidl_typesupport_cppExport-noconfig.cmake
-- Installing: /home/lexij/roselab-perception/install/gantry_lidar_interfaces/share/gantry_lidar_interfaces/cmake/export_gantry_lidar_interfaces__rosidl_generator_pyExport.cmake
-- Installing: /home/lexij/roselab-perception/install/gantry_lidar_interfaces/share/gantry_lidar_interfaces/cmake/export_gantry_lidar_interfaces__rosidl_generator_pyExport-noconfig.cmake
-- Installing: /home/lexij/roselab-perception/install/gantry_lidar_interfaces/share/gantry_lidar_interfaces/cmake/rosidl_cmake-extras.cmake
-- Installing: /home/lexij/roselab-perception/install/gantry_lidar_interfaces/share/gantry_lidar_interfaces/cmake/ament_cmake_export_dependencies-extras.cmake
-- Installing: /home/lexij/roselab-perception/install/gantry_lidar_interfaces/share/gantry_lidar_interfaces/cmake/ament_cmake_export_include_directories-extras.cmake
-- Installing: /home/lexij/roselab-perception/install/gantry_lidar_interfaces/share/gantry_lidar_interfaces/cmake/ament_cmake_export_libraries-extras.cmake
-- Installing: /home/lexij/roselab-perception/install/gantry_lidar_interfaces/share/gantry_lidar_interfaces/cmake/ament_cmake_export_targets-extras.cmake
-- Installing: /home/lexij/roselab-perception/install/gantry_lidar_interfaces/share/gantry_lidar_interfaces/cmake/rosidl_cmake_export_typesupport_targets-extras.cmake
-- Installing: /home/lexij/roselab-perception/install/gantry_lidar_interfaces/share/gantry_lidar_interfaces/cmake/rosidl_cmake_export_typesupport_libraries-extras.cmake
-- Installing: /home/lexij/roselab-perception/install/gantry_lidar_interfaces/share/gantry_lidar_interfaces/cmake/gantry_lidar_interfacesConfig.cmake
-- Installing: /home/lexij/roselab-perception/install/gantry_lidar_interfaces/share/gantry_lidar_interfaces/cmake/gantry_lidar_interfacesConfig-version.cmake
-- Installing: /home/lexij/roselab-perception/install/gantry_lidar_interfaces/share/gantry_lidar_interfaces/package.xml
