[0.056s] Invoking command in '/home/lexij/roselab-perception/build/gantry_lidar_interfaces': CMAKE_PREFIX_PATH=${CMAKE_PREFIX_PATH}:/opt/ros/jazzy /usr/bin/cmake /home/lexij/roselab-perception/ros/src/gantry_lidar_interfaces -DCMAKE_INSTALL_PREFIX=/home/lexij/roselab-perception/install/gantry_lidar_interfaces
[0.597s] -- The C compiler identification is GNU 13.3.0
[1.853s] -- The CXX compiler identification is GNU 13.3.0
[2.893s] -- Detecting C compiler ABI info
[3.284s] -- Detecting C compiler ABI info - done
[3.295s] -- Check for working C compiler: /usr/bin/cc - skipped
[3.305s] -- Detecting C compile features
[3.307s] -- Detecting C compile features - done
[3.472s] -- Detecting CXX compiler ABI info
[3.833s] -- Detecting CXX compiler ABI info - done
[3.844s] -- Check for working CXX compiler: /usr/bin/c++ - skipped
[3.844s] -- Detecting CXX compile features
[3.845s] -- Detecting CXX compile features - done
[3.877s] -- Found ament_cmake: 2.5.4 (/opt/ros/jazzy/share/ament_cmake/cmake)
[4.083s] -- Found Python3: /usr/bin/python3 (found version "3.12.3") found components: Interpreter 
[4.285s] -- Found rosidl_default_generators: 1.6.0 (/opt/ros/jazzy/share/rosidl_default_generators/cmake)
[4.301s] -- Using all available rosidl_typesupport_c: rosidl_typesupport_fastrtps_c;rosidl_typesupport_introspection_c
[4.720s] -- Using all available rosidl_typesupport_cpp: rosidl_typesupport_fastrtps_cpp;rosidl_typesupport_introspection_cpp
[4.800s] -- Found rosidl_adapter: 4.6.6 (/opt/ros/jazzy/share/rosidl_adapter/cmake)
[4.808s] -- Found ament_lint_auto: 0.17.3 (/opt/ros/jazzy/share/ament_lint_auto/cmake)
[5.646s] -- Found ament_cmake_ros: 0.12.0 (/opt/ros/jazzy/share/ament_cmake_ros/cmake)
[6.198s] -- Using all available rosidl_typesupport_c: rosidl_typesupport_fastrtps_c;rosidl_typesupport_introspection_c
[6.952s] -- Using all available rosidl_typesupport_cpp: rosidl_typesupport_fastrtps_cpp;rosidl_typesupport_introspection_cpp
[6.967s] -- Found python_cmake_module: 0.11.1 (/opt/ros/jazzy/share/python_cmake_module/cmake)
[7.130s] -- Found PythonExtra: /usr/bin/python3  
[7.762s] -- Found Python3: /usr/bin/python3 (found version "3.12.3") found components: Interpreter Development NumPy Development.Module Development.Embed 
[7.828s] -- Added test 'lint_cmake' to check CMake code style
[7.830s] -- Added test 'xmllint' to check XML markup files
[7.851s] -- Configuring done (7.7s)
[7.935s] -- Generating done (0.1s)
[7.958s] -- Build files have been written to: /home/lexij/roselab-perception/build/gantry_lidar_interfaces
[7.969s] Invoked command in '/home/lexij/roselab-perception/build/gantry_lidar_interfaces' returned '0': CMAKE_PREFIX_PATH=${CMAKE_PREFIX_PATH}:/opt/ros/jazzy /usr/bin/cmake /home/lexij/roselab-perception/ros/src/gantry_lidar_interfaces -DCMAKE_INSTALL_PREFIX=/home/lexij/roselab-perception/install/gantry_lidar_interfaces
[7.971s] Invoking command in '/home/lexij/roselab-perception/build/gantry_lidar_interfaces': CMAKE_PREFIX_PATH=${CMAKE_PREFIX_PATH}:/opt/ros/jazzy /usr/bin/cmake --build /home/lexij/roselab-perception/build/gantry_lidar_interfaces -- -j22 -l22
[8.030s] [  1%] [34m[1mGenerating type hashes for ROS interfaces[0m
[8.042s] [  1%] Built target ament_cmake_python_copy_gantry_lidar_interfaces
[8.303s] running egg_info
[8.304s] creating gantry_lidar_interfaces.egg-info
[8.323s] writing gantry_lidar_interfaces.egg-info/PKG-INFO
[8.324s] writing dependency_links to gantry_lidar_interfaces.egg-info/dependency_links.txt
[8.325s] writing top-level names to gantry_lidar_interfaces.egg-info/top_level.txt
[8.325s] writing manifest file 'gantry_lidar_interfaces.egg-info/SOURCES.txt'
[8.360s] [  1%] Built target gantry_lidar_interfaces__rosidl_generator_type_description
[8.374s] [  2%] [34m[1mGenerating C code for ROS interfaces[0m
[8.387s] [  4%] [34m[1mGenerating C++ code for ROS interfaces[0m
[8.396s] reading manifest file 'gantry_lidar_interfaces.egg-info/SOURCES.txt'
[8.396s] writing manifest file 'gantry_lidar_interfaces.egg-info/SOURCES.txt'
[8.440s] [  4%] Built target ament_cmake_python_build_gantry_lidar_interfaces_egg
[9.084s] [  4%] Built target gantry_lidar_interfaces__cpp
[9.199s] [  5%] [32mBuilding C object CMakeFiles/gantry_lidar_interfaces__rosidl_generator_c.dir/rosidl_generator_c/gantry_lidar_interfaces/srv/detail/capture__description.c.o[0m
[9.199s] [  6%] [32mBuilding C object CMakeFiles/gantry_lidar_interfaces__rosidl_generator_c.dir/rosidl_generator_c/gantry_lidar_interfaces/srv/detail/capture__type_support.c.o[0m
[9.199s] [  8%] [32mBuilding C object CMakeFiles/gantry_lidar_interfaces__rosidl_generator_c.dir/rosidl_generator_c/gantry_lidar_interfaces/srv/detail/capture__functions.c.o[0m
[9.199s] [  9%] [32mBuilding C object CMakeFiles/gantry_lidar_interfaces__rosidl_generator_c.dir/rosidl_generator_c/gantry_lidar_interfaces/srv/detail/delete_name__description.c.o[0m
[9.202s] [ 10%] [32mBuilding C object CMakeFiles/gantry_lidar_interfaces__rosidl_generator_c.dir/rosidl_generator_c/gantry_lidar_interfaces/srv/detail/delete_time_range__functions.c.o[0m
[9.204s] [ 12%] [32mBuilding C object CMakeFiles/gantry_lidar_interfaces__rosidl_generator_c.dir/rosidl_generator_c/gantry_lidar_interfaces/srv/detail/delete_name__type_support.c.o[0m
[9.205s] [ 13%] [32mBuilding C object CMakeFiles/gantry_lidar_interfaces__rosidl_generator_c.dir/rosidl_generator_c/gantry_lidar_interfaces/srv/detail/download_time_range__type_support.c.o[0m
[9.205s] [ 14%] [32mBuilding C object CMakeFiles/gantry_lidar_interfaces__rosidl_generator_c.dir/rosidl_generator_c/gantry_lidar_interfaces/srv/detail/download_time_range__description.c.o[0m
[9.205s] [ 16%] [32mBuilding C object CMakeFiles/gantry_lidar_interfaces__rosidl_generator_c.dir/rosidl_generator_c/gantry_lidar_interfaces/srv/detail/download_name__functions.c.o[0m
[9.205s] [ 17%] [32mBuilding C object CMakeFiles/gantry_lidar_interfaces__rosidl_generator_c.dir/rosidl_generator_c/gantry_lidar_interfaces/srv/detail/delete_time_range__type_support.c.o[0m
[9.206s] [ 18%] [32mBuilding C object CMakeFiles/gantry_lidar_interfaces__rosidl_generator_c.dir/rosidl_generator_c/gantry_lidar_interfaces/srv/detail/delete_name__functions.c.o[0m
[9.206s] [ 20%] [32mBuilding C object CMakeFiles/gantry_lidar_interfaces__rosidl_generator_c.dir/rosidl_generator_c/gantry_lidar_interfaces/srv/detail/download_time_range__functions.c.o[0m
[9.207s] [ 21%] [32mBuilding C object CMakeFiles/gantry_lidar_interfaces__rosidl_generator_c.dir/rosidl_generator_c/gantry_lidar_interfaces/srv/detail/delete_time_range__description.c.o[0m
[9.219s] [ 24%] [32mBuilding C object CMakeFiles/gantry_lidar_interfaces__rosidl_generator_c.dir/rosidl_generator_c/gantry_lidar_interfaces/srv/detail/download_name__type_support.c.o[0m
[9.219s] [ 24%] [32mBuilding C object CMakeFiles/gantry_lidar_interfaces__rosidl_generator_c.dir/rosidl_generator_c/gantry_lidar_interfaces/srv/detail/download_name__description.c.o[0m
[9.346s] [ 25%] [32m[1mLinking C shared library libgantry_lidar_interfaces__rosidl_generator_c.so[0m
[9.591s] [ 25%] Built target gantry_lidar_interfaces__rosidl_generator_c
[9.605s] [ 27%] [34m[1mGenerating C type support dispatch for ROS interfaces[0m
[9.606s] [ 28%] [34m[1mGenerating C type support for eProsima Fast-RTPS[0m
[9.606s] [ 29%] [34m[1mGenerating C introspection for ROS interfaces[0m
[9.607s] [ 31%] [34m[1mGenerating C++ type support dispatch for ROS interfaces[0m
[9.607s] [ 32%] [34m[1mGenerating C++ introspection for ROS interfaces[0m
[9.609s] [ 33%] [34m[1mGenerating C++ type support for eProsima Fast-RTPS[0m
[10.068s] [ 35%] [32mBuilding CXX object CMakeFiles/gantry_lidar_interfaces__rosidl_typesupport_c.dir/rosidl_typesupport_c/gantry_lidar_interfaces/srv/download_name__type_support.cpp.o[0m
[10.068s] [ 36%] [32mBuilding CXX object CMakeFiles/gantry_lidar_interfaces__rosidl_typesupport_c.dir/rosidl_typesupport_c/gantry_lidar_interfaces/srv/delete_time_range__type_support.cpp.o[0m
[10.068s] [ 37%] [32mBuilding CXX object CMakeFiles/gantry_lidar_interfaces__rosidl_typesupport_c.dir/rosidl_typesupport_c/gantry_lidar_interfaces/srv/delete_name__type_support.cpp.o[0m
[10.069s] [ 39%] [32mBuilding CXX object CMakeFiles/gantry_lidar_interfaces__rosidl_typesupport_c.dir/rosidl_typesupport_c/gantry_lidar_interfaces/srv/download_time_range__type_support.cpp.o[0m
[10.071s] [ 40%] [32mBuilding CXX object CMakeFiles/gantry_lidar_interfaces__rosidl_typesupport_c.dir/rosidl_typesupport_c/gantry_lidar_interfaces/srv/capture__type_support.cpp.o[0m
[10.094s] [ 41%] [32mBuilding CXX object CMakeFiles/gantry_lidar_interfaces__rosidl_typesupport_cpp.dir/rosidl_typesupport_cpp/gantry_lidar_interfaces/srv/capture__type_support.cpp.o[0m
[10.100s] [ 43%] [32mBuilding CXX object CMakeFiles/gantry_lidar_interfaces__rosidl_typesupport_cpp.dir/rosidl_typesupport_cpp/gantry_lidar_interfaces/srv/download_time_range__type_support.cpp.o[0m
[10.100s] [ 44%] [32mBuilding CXX object CMakeFiles/gantry_lidar_interfaces__rosidl_typesupport_cpp.dir/rosidl_typesupport_cpp/gantry_lidar_interfaces/srv/download_name__type_support.cpp.o[0m
[10.100s] [ 45%] [32mBuilding CXX object CMakeFiles/gantry_lidar_interfaces__rosidl_typesupport_cpp.dir/rosidl_typesupport_cpp/gantry_lidar_interfaces/srv/delete_name__type_support.cpp.o[0m
[10.100s] [ 47%] [32mBuilding CXX object CMakeFiles/gantry_lidar_interfaces__rosidl_typesupport_cpp.dir/rosidl_typesupport_cpp/gantry_lidar_interfaces/srv/delete_time_range__type_support.cpp.o[0m
[10.183s] [ 48%] [32m[1mLinking CXX shared library libgantry_lidar_interfaces__rosidl_typesupport_c.so[0m
[10.276s] [ 50%] [32mBuilding CXX object CMakeFiles/gantry_lidar_interfaces__rosidl_typesupport_introspection_cpp.dir/rosidl_typesupport_introspection_cpp/gantry_lidar_interfaces/srv/detail/delete_name__type_support.cpp.o[0m
[10.280s] [ 52%] [32mBuilding CXX object CMakeFiles/gantry_lidar_interfaces__rosidl_typesupport_introspection_cpp.dir/rosidl_typesupport_introspection_cpp/gantry_lidar_interfaces/srv/detail/download_name__type_support.cpp.o[0m
[10.280s] [ 52%] [32mBuilding CXX object CMakeFiles/gantry_lidar_interfaces__rosidl_typesupport_introspection_cpp.dir/rosidl_typesupport_introspection_cpp/gantry_lidar_interfaces/srv/detail/capture__type_support.cpp.o[0m
[10.281s] [ 54%] [32mBuilding CXX object CMakeFiles/gantry_lidar_interfaces__rosidl_typesupport_introspection_cpp.dir/rosidl_typesupport_introspection_cpp/gantry_lidar_interfaces/srv/detail/delete_time_range__type_support.cpp.o[0m
[10.298s] [ 55%] [32mBuilding CXX object CMakeFiles/gantry_lidar_interfaces__rosidl_typesupport_introspection_cpp.dir/rosidl_typesupport_introspection_cpp/gantry_lidar_interfaces/srv/detail/download_time_range__type_support.cpp.o[0m
[10.369s] [ 56%] [32mBuilding C object CMakeFiles/gantry_lidar_interfaces__rosidl_typesupport_introspection_c.dir/rosidl_typesupport_introspection_c/gantry_lidar_interfaces/srv/detail/download_time_range__type_support.c.o[0m
[10.370s] [ 58%] [32mBuilding C object CMakeFiles/gantry_lidar_interfaces__rosidl_typesupport_introspection_c.dir/rosidl_typesupport_introspection_c/gantry_lidar_interfaces/srv/detail/delete_name__type_support.c.o[0m
[10.379s] [ 59%] [32mBuilding C object CMakeFiles/gantry_lidar_interfaces__rosidl_typesupport_introspection_c.dir/rosidl_typesupport_introspection_c/gantry_lidar_interfaces/srv/detail/download_name__type_support.c.o[0m
[10.389s] [ 60%] [32mBuilding C object CMakeFiles/gantry_lidar_interfaces__rosidl_typesupport_introspection_c.dir/rosidl_typesupport_introspection_c/gantry_lidar_interfaces/srv/detail/delete_time_range__type_support.c.o[0m
[10.390s] [ 62%] [32mBuilding C object CMakeFiles/gantry_lidar_interfaces__rosidl_typesupport_introspection_c.dir/rosidl_typesupport_introspection_c/gantry_lidar_interfaces/srv/detail/capture__type_support.c.o[0m
[10.516s] [ 63%] [32m[1mLinking C shared library libgantry_lidar_interfaces__rosidl_typesupport_introspection_c.so[0m
[10.573s] [ 63%] Built target gantry_lidar_interfaces__rosidl_typesupport_c
[10.608s] [ 64%] [32mBuilding CXX object CMakeFiles/gantry_lidar_interfaces__rosidl_typesupport_fastrtps_cpp.dir/rosidl_typesupport_fastrtps_cpp/gantry_lidar_interfaces/srv/detail/dds_fastrtps/capture__type_support.cpp.o[0m
[10.611s] [ 67%] [32mBuilding CXX object CMakeFiles/gantry_lidar_interfaces__rosidl_typesupport_fastrtps_cpp.dir/rosidl_typesupport_fastrtps_cpp/gantry_lidar_interfaces/srv/detail/dds_fastrtps/delete_name__type_support.cpp.o[0m
[10.612s] [ 67%] [32mBuilding CXX object CMakeFiles/gantry_lidar_interfaces__rosidl_typesupport_fastrtps_cpp.dir/rosidl_typesupport_fastrtps_cpp/gantry_lidar_interfaces/srv/detail/dds_fastrtps/download_name__type_support.cpp.o[0m
[10.613s] [ 68%] [32mBuilding CXX object CMakeFiles/gantry_lidar_interfaces__rosidl_typesupport_fastrtps_cpp.dir/rosidl_typesupport_fastrtps_cpp/gantry_lidar_interfaces/srv/detail/dds_fastrtps/download_time_range__type_support.cpp.o[0m
[10.618s] [ 70%] [32mBuilding CXX object CMakeFiles/gantry_lidar_interfaces__rosidl_typesupport_fastrtps_cpp.dir/rosidl_typesupport_fastrtps_cpp/gantry_lidar_interfaces/srv/detail/dds_fastrtps/delete_time_range__type_support.cpp.o[0m
[10.745s] [ 71%] [32mBuilding CXX object CMakeFiles/gantry_lidar_interfaces__rosidl_typesupport_fastrtps_c.dir/rosidl_typesupport_fastrtps_c/gantry_lidar_interfaces/srv/detail/delete_name__type_support_c.cpp.o[0m
[10.759s] [ 72%] [32mBuilding CXX object CMakeFiles/gantry_lidar_interfaces__rosidl_typesupport_fastrtps_c.dir/rosidl_typesupport_fastrtps_c/gantry_lidar_interfaces/srv/detail/capture__type_support_c.cpp.o[0m
[10.761s] [ 74%] [32mBuilding CXX object CMakeFiles/gantry_lidar_interfaces__rosidl_typesupport_fastrtps_c.dir/rosidl_typesupport_fastrtps_c/gantry_lidar_interfaces/srv/detail/delete_time_range__type_support_c.cpp.o[0m
[10.770s] [ 75%] [32mBuilding CXX object CMakeFiles/gantry_lidar_interfaces__rosidl_typesupport_fastrtps_c.dir/rosidl_typesupport_fastrtps_c/gantry_lidar_interfaces/srv/detail/download_time_range__type_support_c.cpp.o[0m
[10.795s] [ 77%] [32mBuilding CXX object CMakeFiles/gantry_lidar_interfaces__rosidl_typesupport_fastrtps_c.dir/rosidl_typesupport_fastrtps_c/gantry_lidar_interfaces/srv/detail/download_name__type_support_c.cpp.o[0m
[10.900s] [ 77%] Built target gantry_lidar_interfaces__rosidl_typesupport_introspection_c
[11.370s] [ 78%] [32m[1mLinking CXX shared library libgantry_lidar_interfaces__rosidl_typesupport_cpp.so[0m
[11.542s] [ 79%] [32m[1mLinking CXX shared library libgantry_lidar_interfaces__rosidl_typesupport_introspection_cpp.so[0m
[11.665s] [ 79%] Built target gantry_lidar_interfaces__rosidl_typesupport_cpp
[11.832s] [ 79%] Built target gantry_lidar_interfaces__rosidl_typesupport_introspection_cpp
[11.917s] [ 81%] [32m[1mLinking CXX shared library libgantry_lidar_interfaces__rosidl_typesupport_fastrtps_c.so[0m
[12.014s] [ 82%] [32m[1mLinking CXX shared library libgantry_lidar_interfaces__rosidl_typesupport_fastrtps_cpp.so[0m
[12.153s] [ 82%] Built target gantry_lidar_interfaces__rosidl_typesupport_fastrtps_c
[12.328s] [ 82%] Built target gantry_lidar_interfaces__rosidl_typesupport_fastrtps_cpp
[12.353s] [ 82%] Built target gantry_lidar_interfaces
[12.378s] [ 83%] [34m[1mGenerating Python code for ROS interfaces[0m
[13.370s] [ 83%] Built target gantry_lidar_interfaces__py
[13.401s] [ 85%] [32mBuilding C object CMakeFiles/gantry_lidar_interfaces__rosidl_generator_py.dir/rosidl_generator_py/gantry_lidar_interfaces/srv/_delete_name_s.c.o[0m
[13.405s] [ 86%] [32mBuilding C object CMakeFiles/gantry_lidar_interfaces__rosidl_generator_py.dir/rosidl_generator_py/gantry_lidar_interfaces/srv/_capture_s.c.o[0m
[13.405s] [ 87%] [32mBuilding C object CMakeFiles/gantry_lidar_interfaces__rosidl_generator_py.dir/rosidl_generator_py/gantry_lidar_interfaces/srv/_delete_time_range_s.c.o[0m
[13.407s] [ 89%] [32mBuilding C object CMakeFiles/gantry_lidar_interfaces__rosidl_generator_py.dir/rosidl_generator_py/gantry_lidar_interfaces/srv/_download_time_range_s.c.o[0m
[13.411s] [ 90%] [32mBuilding C object CMakeFiles/gantry_lidar_interfaces__rosidl_generator_py.dir/rosidl_generator_py/gantry_lidar_interfaces/srv/_download_name_s.c.o[0m
[13.681s] [ 91%] [32m[1mLinking C shared library libgantry_lidar_interfaces__rosidl_generator_py.so[0m
[13.919s] [ 91%] Built target gantry_lidar_interfaces__rosidl_generator_py
[13.946s] [ 93%] [32mBuilding C object CMakeFiles/gantry_lidar_interfaces_s__rosidl_typesupport_introspection_c.dir/rosidl_generator_py/gantry_lidar_interfaces/_gantry_lidar_interfaces_s.ep.rosidl_typesupport_introspection_c.c.o[0m
[13.949s] [ 94%] [32mBuilding C object CMakeFiles/gantry_lidar_interfaces_s__rosidl_typesupport_fastrtps_c.dir/rosidl_generator_py/gantry_lidar_interfaces/_gantry_lidar_interfaces_s.ep.rosidl_typesupport_fastrtps_c.c.o[0m
[13.950s] [ 95%] [32mBuilding C object CMakeFiles/gantry_lidar_interfaces_s__rosidl_typesupport_c.dir/rosidl_generator_py/gantry_lidar_interfaces/_gantry_lidar_interfaces_s.ep.rosidl_typesupport_c.c.o[0m
[14.163s] [ 97%] [32m[1mLinking C shared module rosidl_generator_py/gantry_lidar_interfaces/gantry_lidar_interfaces_s__rosidl_typesupport_c.so[0m
[14.174s] [ 98%] [32m[1mLinking C shared module rosidl_generator_py/gantry_lidar_interfaces/gantry_lidar_interfaces_s__rosidl_typesupport_introspection_c.so[0m
[14.178s] [100%] [32m[1mLinking C shared module rosidl_generator_py/gantry_lidar_interfaces/gantry_lidar_interfaces_s__rosidl_typesupport_fastrtps_c.so[0m
[14.362s] [100%] Built target gantry_lidar_interfaces_s__rosidl_typesupport_introspection_c
[14.363s] [100%] Built target gantry_lidar_interfaces_s__rosidl_typesupport_c
[14.423s] [100%] Built target gantry_lidar_interfaces_s__rosidl_typesupport_fastrtps_c
[14.439s] Invoked command in '/home/lexij/roselab-perception/build/gantry_lidar_interfaces' returned '0': CMAKE_PREFIX_PATH=${CMAKE_PREFIX_PATH}:/opt/ros/jazzy /usr/bin/cmake --build /home/lexij/roselab-perception/build/gantry_lidar_interfaces -- -j22 -l22
[14.451s] Invoking command in '/home/lexij/roselab-perception/build/gantry_lidar_interfaces': CMAKE_PREFIX_PATH=${CMAKE_PREFIX_PATH}:/opt/ros/jazzy /usr/bin/cmake --install /home/lexij/roselab-perception/build/gantry_lidar_interfaces
[14.461s] -- Install configuration: ""
[14.462s] -- Installing: /home/lexij/roselab-perception/install/gantry_lidar_interfaces/share/ament_index/resource_index/rosidl_interfaces/gantry_lidar_interfaces
[14.463s] -- Installing: /home/lexij/roselab-perception/install/gantry_lidar_interfaces/share/gantry_lidar_interfaces/srv/Capture.json
[14.463s] -- Installing: /home/lexij/roselab-perception/install/gantry_lidar_interfaces/share/gantry_lidar_interfaces/srv/DeleteName.json
[14.464s] -- Installing: /home/lexij/roselab-perception/install/gantry_lidar_interfaces/share/gantry_lidar_interfaces/srv/DeleteTimeRange.json
[14.464s] -- Installing: /home/lexij/roselab-perception/install/gantry_lidar_interfaces/share/gantry_lidar_interfaces/srv/DownloadName.json
[14.464s] -- Installing: /home/lexij/roselab-perception/install/gantry_lidar_interfaces/share/gantry_lidar_interfaces/srv/DownloadTimeRange.json
[14.464s] -- Installing: /home/lexij/roselab-perception/install/gantry_lidar_interfaces/include/gantry_lidar_interfaces/gantry_lidar_interfaces
[14.465s] -- Installing: /home/lexij/roselab-perception/install/gantry_lidar_interfaces/include/gantry_lidar_interfaces/gantry_lidar_interfaces/msg
[14.465s] -- Installing: /home/lexij/roselab-perception/install/gantry_lidar_interfaces/include/gantry_lidar_interfaces/gantry_lidar_interfaces/msg/rosidl_generator_c__visibility_control.h
[14.465s] -- Installing: /home/lexij/roselab-perception/install/gantry_lidar_interfaces/include/gantry_lidar_interfaces/gantry_lidar_interfaces/srv
[14.465s] -- Installing: /home/lexij/roselab-perception/install/gantry_lidar_interfaces/include/gantry_lidar_interfaces/gantry_lidar_interfaces/srv/delete_name.h
[14.466s] -- Installing: /home/lexij/roselab-perception/install/gantry_lidar_interfaces/include/gantry_lidar_interfaces/gantry_lidar_interfaces/srv/download_name.h
[14.466s] -- Installing: /home/lexij/roselab-perception/install/gantry_lidar_interfaces/include/gantry_lidar_interfaces/gantry_lidar_interfaces/srv/capture.h
[14.466s] -- Installing: /home/lexij/roselab-perception/install/gantry_lidar_interfaces/include/gantry_lidar_interfaces/gantry_lidar_interfaces/srv/detail
[14.466s] -- Installing: /home/lexij/roselab-perception/install/gantry_lidar_interfaces/include/gantry_lidar_interfaces/gantry_lidar_interfaces/srv/detail/download_name__description.c
[14.466s] -- Installing: /home/lexij/roselab-perception/install/gantry_lidar_interfaces/include/gantry_lidar_interfaces/gantry_lidar_interfaces/srv/detail/download_name__functions.h
[14.466s] -- Installing: /home/lexij/roselab-perception/install/gantry_lidar_interfaces/include/gantry_lidar_interfaces/gantry_lidar_interfaces/srv/detail/capture__description.c
[14.466s] -- Installing: /home/lexij/roselab-perception/install/gantry_lidar_interfaces/include/gantry_lidar_interfaces/gantry_lidar_interfaces/srv/detail/delete_time_range__functions.c
[14.467s] -- Installing: /home/lexij/roselab-perception/install/gantry_lidar_interfaces/include/gantry_lidar_interfaces/gantry_lidar_interfaces/srv/detail/download_time_range__functions.c
[14.467s] -- Installing: /home/lexij/roselab-perception/install/gantry_lidar_interfaces/include/gantry_lidar_interfaces/gantry_lidar_interfaces/srv/detail/delete_time_range__type_support.h
[14.467s] -- Installing: /home/lexij/roselab-perception/install/gantry_lidar_interfaces/include/gantry_lidar_interfaces/gantry_lidar_interfaces/srv/detail/download_name__type_support.h
[14.468s] -- Installing: /home/lexij/roselab-perception/install/gantry_lidar_interfaces/include/gantry_lidar_interfaces/gantry_lidar_interfaces/srv/detail/delete_name__functions.c
[14.468s] -- Installing: /home/lexij/roselab-perception/install/gantry_lidar_interfaces/include/gantry_lidar_interfaces/gantry_lidar_interfaces/srv/detail/download_time_range__type_support.c
[14.468s] -- Installing: /home/lexij/roselab-perception/install/gantry_lidar_interfaces/include/gantry_lidar_interfaces/gantry_lidar_interfaces/srv/detail/delete_time_range__description.c
[14.469s] -- Installing: /home/lexij/roselab-perception/install/gantry_lidar_interfaces/include/gantry_lidar_interfaces/gantry_lidar_interfaces/srv/detail/download_time_range__functions.h
[14.469s] -- Installing: /home/lexij/roselab-perception/install/gantry_lidar_interfaces/include/gantry_lidar_interfaces/gantry_lidar_interfaces/srv/detail/delete_time_range__type_support.c
[14.469s] -- Installing: /home/lexij/roselab-perception/install/gantry_lidar_interfaces/include/gantry_lidar_interfaces/gantry_lidar_interfaces/srv/detail/download_name__type_support.c
[14.469s] -- Installing: /home/lexij/roselab-perception/install/gantry_lidar_interfaces/include/gantry_lidar_interfaces/gantry_lidar_interfaces/srv/detail/download_time_range__type_support.h
[14.469s] -- Installing: /home/lexij/roselab-perception/install/gantry_lidar_interfaces/include/gantry_lidar_interfaces/gantry_lidar_interfaces/srv/detail/delete_name__type_support.h
[14.470s] -- Installing: /home/lexij/roselab-perception/install/gantry_lidar_interfaces/include/gantry_lidar_interfaces/gantry_lidar_interfaces/srv/detail/delete_name__description.c
[14.470s] -- Installing: /home/lexij/roselab-perception/install/gantry_lidar_interfaces/include/gantry_lidar_interfaces/gantry_lidar_interfaces/srv/detail/download_name__struct.h
[14.470s] -- Installing: /home/lexij/roselab-perception/install/gantry_lidar_interfaces/include/gantry_lidar_interfaces/gantry_lidar_interfaces/srv/detail/delete_name__type_support.c
[14.470s] -- Installing: /home/lexij/roselab-perception/install/gantry_lidar_interfaces/include/gantry_lidar_interfaces/gantry_lidar_interfaces/srv/detail/capture__functions.h
[14.471s] -- Installing: /home/lexij/roselab-perception/install/gantry_lidar_interfaces/include/gantry_lidar_interfaces/gantry_lidar_interfaces/srv/detail/capture__struct.h
[14.471s] -- Installing: /home/lexij/roselab-perception/install/gantry_lidar_interfaces/include/gantry_lidar_interfaces/gantry_lidar_interfaces/srv/detail/download_time_range__description.c
[14.471s] -- Installing: /home/lexij/roselab-perception/install/gantry_lidar_interfaces/include/gantry_lidar_interfaces/gantry_lidar_interfaces/srv/detail/capture__type_support.h
[14.471s] -- Installing: /home/lexij/roselab-perception/install/gantry_lidar_interfaces/include/gantry_lidar_interfaces/gantry_lidar_interfaces/srv/detail/download_name__functions.c
[14.471s] -- Installing: /home/lexij/roselab-perception/install/gantry_lidar_interfaces/include/gantry_lidar_interfaces/gantry_lidar_interfaces/srv/detail/delete_name__functions.h
[14.471s] -- Installing: /home/lexij/roselab-perception/install/gantry_lidar_interfaces/include/gantry_lidar_interfaces/gantry_lidar_interfaces/srv/detail/capture__functions.c
[14.471s] -- Installing: /home/lexij/roselab-perception/install/gantry_lidar_interfaces/include/gantry_lidar_interfaces/gantry_lidar_interfaces/srv/detail/capture__type_support.c
[14.471s] -- Installing: /home/lexij/roselab-perception/install/gantry_lidar_interfaces/include/gantry_lidar_interfaces/gantry_lidar_interfaces/srv/detail/delete_time_range__functions.h
[14.471s] -- Installing: /home/lexij/roselab-perception/install/gantry_lidar_interfaces/include/gantry_lidar_interfaces/gantry_lidar_interfaces/srv/detail/delete_time_range__struct.h
[14.472s] -- Installing: /home/lexij/roselab-perception/install/gantry_lidar_interfaces/include/gantry_lidar_interfaces/gantry_lidar_interfaces/srv/detail/delete_name__struct.h
[14.472s] -- Installing: /home/lexij/roselab-perception/install/gantry_lidar_interfaces/include/gantry_lidar_interfaces/gantry_lidar_interfaces/srv/detail/download_time_range__struct.h
[14.472s] -- Installing: /home/lexij/roselab-perception/install/gantry_lidar_interfaces/include/gantry_lidar_interfaces/gantry_lidar_interfaces/srv/delete_time_range.h
[14.472s] -- Installing: /home/lexij/roselab-perception/install/gantry_lidar_interfaces/include/gantry_lidar_interfaces/gantry_lidar_interfaces/srv/download_time_range.h
[14.472s] -- Installing: /home/lexij/roselab-perception/install/gantry_lidar_interfaces/share/gantry_lidar_interfaces/environment/library_path.sh
[14.473s] -- Installing: /home/lexij/roselab-perception/install/gantry_lidar_interfaces/share/gantry_lidar_interfaces/environment/library_path.dsv
[14.473s] -- Installing: /home/lexij/roselab-perception/install/gantry_lidar_interfaces/lib/libgantry_lidar_interfaces__rosidl_generator_c.so
[14.473s] -- Set non-toolchain portion of runtime path of "/home/lexij/roselab-perception/install/gantry_lidar_interfaces/lib/libgantry_lidar_interfaces__rosidl_generator_c.so" to ""
[14.473s] -- Up-to-date: /home/lexij/roselab-perception/install/gantry_lidar_interfaces/include/gantry_lidar_interfaces/gantry_lidar_interfaces
[14.474s] -- Up-to-date: /home/lexij/roselab-perception/install/gantry_lidar_interfaces/include/gantry_lidar_interfaces/gantry_lidar_interfaces/msg
[14.474s] -- Installing: /home/lexij/roselab-perception/install/gantry_lidar_interfaces/include/gantry_lidar_interfaces/gantry_lidar_interfaces/msg/rosidl_typesupport_fastrtps_c__visibility_control.h
[14.474s] -- Up-to-date: /home/lexij/roselab-perception/install/gantry_lidar_interfaces/include/gantry_lidar_interfaces/gantry_lidar_interfaces/srv
[14.474s] -- Up-to-date: /home/lexij/roselab-perception/install/gantry_lidar_interfaces/include/gantry_lidar_interfaces/gantry_lidar_interfaces/srv/detail
[14.475s] -- Installing: /home/lexij/roselab-perception/install/gantry_lidar_interfaces/include/gantry_lidar_interfaces/gantry_lidar_interfaces/srv/detail/download_name__rosidl_typesupport_fastrtps_c.h
[14.475s] -- Installing: /home/lexij/roselab-perception/install/gantry_lidar_interfaces/include/gantry_lidar_interfaces/gantry_lidar_interfaces/srv/detail/capture__rosidl_typesupport_fastrtps_c.h
[14.475s] -- Installing: /home/lexij/roselab-perception/install/gantry_lidar_interfaces/include/gantry_lidar_interfaces/gantry_lidar_interfaces/srv/detail/delete_time_range__rosidl_typesupport_fastrtps_c.h
[14.475s] -- Installing: /home/lexij/roselab-perception/install/gantry_lidar_interfaces/include/gantry_lidar_interfaces/gantry_lidar_interfaces/srv/detail/delete_name__rosidl_typesupport_fastrtps_c.h
[14.476s] -- Installing: /home/lexij/roselab-perception/install/gantry_lidar_interfaces/include/gantry_lidar_interfaces/gantry_lidar_interfaces/srv/detail/download_time_range__rosidl_typesupport_fastrtps_c.h
[14.476s] -- Installing: /home/lexij/roselab-perception/install/gantry_lidar_interfaces/lib/libgantry_lidar_interfaces__rosidl_typesupport_fastrtps_c.so
[14.476s] -- Set non-toolchain portion of runtime path of "/home/lexij/roselab-perception/install/gantry_lidar_interfaces/lib/libgantry_lidar_interfaces__rosidl_typesupport_fastrtps_c.so" to ""
[14.476s] -- Up-to-date: /home/lexij/roselab-perception/install/gantry_lidar_interfaces/include/gantry_lidar_interfaces/gantry_lidar_interfaces
[14.476s] -- Up-to-date: /home/lexij/roselab-perception/install/gantry_lidar_interfaces/include/gantry_lidar_interfaces/gantry_lidar_interfaces/msg
[14.476s] -- Installing: /home/lexij/roselab-perception/install/gantry_lidar_interfaces/include/gantry_lidar_interfaces/gantry_lidar_interfaces/msg/rosidl_typesupport_introspection_c__visibility_control.h
[14.476s] -- Up-to-date: /home/lexij/roselab-perception/install/gantry_lidar_interfaces/include/gantry_lidar_interfaces/gantry_lidar_interfaces/srv
[14.476s] -- Up-to-date: /home/lexij/roselab-perception/install/gantry_lidar_interfaces/include/gantry_lidar_interfaces/gantry_lidar_interfaces/srv/detail
[14.476s] -- Installing: /home/lexij/roselab-perception/install/gantry_lidar_interfaces/include/gantry_lidar_interfaces/gantry_lidar_interfaces/srv/detail/capture__rosidl_typesupport_introspection_c.h
[14.477s] -- Installing: /home/lexij/roselab-perception/install/gantry_lidar_interfaces/include/gantry_lidar_interfaces/gantry_lidar_interfaces/srv/detail/download_name__rosidl_typesupport_introspection_c.h
[14.477s] -- Installing: /home/lexij/roselab-perception/install/gantry_lidar_interfaces/include/gantry_lidar_interfaces/gantry_lidar_interfaces/srv/detail/download_time_range__rosidl_typesupport_introspection_c.h
[14.478s] -- Installing: /home/lexij/roselab-perception/install/gantry_lidar_interfaces/include/gantry_lidar_interfaces/gantry_lidar_interfaces/srv/detail/delete_name__rosidl_typesupport_introspection_c.h
[14.478s] -- Installing: /home/lexij/roselab-perception/install/gantry_lidar_interfaces/include/gantry_lidar_interfaces/gantry_lidar_interfaces/srv/detail/download_time_range__type_support.c
[14.478s] -- Installing: /home/lexij/roselab-perception/install/gantry_lidar_interfaces/include/gantry_lidar_interfaces/gantry_lidar_interfaces/srv/detail/delete_time_range__type_support.c
[14.479s] -- Installing: /home/lexij/roselab-perception/install/gantry_lidar_interfaces/include/gantry_lidar_interfaces/gantry_lidar_interfaces/srv/detail/download_name__type_support.c
[14.479s] -- Installing: /home/lexij/roselab-perception/install/gantry_lidar_interfaces/include/gantry_lidar_interfaces/gantry_lidar_interfaces/srv/detail/delete_name__type_support.c
[14.480s] -- Installing: /home/lexij/roselab-perception/install/gantry_lidar_interfaces/include/gantry_lidar_interfaces/gantry_lidar_interfaces/srv/detail/capture__type_support.c
[14.480s] -- Installing: /home/lexij/roselab-perception/install/gantry_lidar_interfaces/include/gantry_lidar_interfaces/gantry_lidar_interfaces/srv/detail/delete_time_range__rosidl_typesupport_introspection_c.h
[14.480s] -- Installing: /home/lexij/roselab-perception/install/gantry_lidar_interfaces/lib/libgantry_lidar_interfaces__rosidl_typesupport_introspection_c.so
[14.481s] -- Set non-toolchain portion of runtime path of "/home/lexij/roselab-perception/install/gantry_lidar_interfaces/lib/libgantry_lidar_interfaces__rosidl_typesupport_introspection_c.so" to ""
[14.481s] -- Installing: /home/lexij/roselab-perception/install/gantry_lidar_interfaces/lib/libgantry_lidar_interfaces__rosidl_typesupport_c.so
[14.481s] -- Set non-toolchain portion of runtime path of "/home/lexij/roselab-perception/install/gantry_lidar_interfaces/lib/libgantry_lidar_interfaces__rosidl_typesupport_c.so" to ""
[14.481s] -- Up-to-date: /home/lexij/roselab-perception/install/gantry_lidar_interfaces/include/gantry_lidar_interfaces/gantry_lidar_interfaces
[14.482s] -- Up-to-date: /home/lexij/roselab-perception/install/gantry_lidar_interfaces/include/gantry_lidar_interfaces/gantry_lidar_interfaces/msg
[14.482s] -- Installing: /home/lexij/roselab-perception/install/gantry_lidar_interfaces/include/gantry_lidar_interfaces/gantry_lidar_interfaces/msg/rosidl_generator_cpp__visibility_control.hpp
[14.482s] -- Up-to-date: /home/lexij/roselab-perception/install/gantry_lidar_interfaces/include/gantry_lidar_interfaces/gantry_lidar_interfaces/srv
[14.483s] -- Installing: /home/lexij/roselab-perception/install/gantry_lidar_interfaces/include/gantry_lidar_interfaces/gantry_lidar_interfaces/srv/download_time_range.hpp
[14.483s] -- Up-to-date: /home/lexij/roselab-perception/install/gantry_lidar_interfaces/include/gantry_lidar_interfaces/gantry_lidar_interfaces/srv/detail
[14.483s] -- Installing: /home/lexij/roselab-perception/install/gantry_lidar_interfaces/include/gantry_lidar_interfaces/gantry_lidar_interfaces/srv/detail/delete_time_range__traits.hpp
[14.483s] -- Installing: /home/lexij/roselab-perception/install/gantry_lidar_interfaces/include/gantry_lidar_interfaces/gantry_lidar_interfaces/srv/detail/download_time_range__builder.hpp
[14.483s] -- Installing: /home/lexij/roselab-perception/install/gantry_lidar_interfaces/include/gantry_lidar_interfaces/gantry_lidar_interfaces/srv/detail/download_time_range__traits.hpp
[14.483s] -- Installing: /home/lexij/roselab-perception/install/gantry_lidar_interfaces/include/gantry_lidar_interfaces/gantry_lidar_interfaces/srv/detail/capture__traits.hpp
[14.483s] -- Installing: /home/lexij/roselab-perception/install/gantry_lidar_interfaces/include/gantry_lidar_interfaces/gantry_lidar_interfaces/srv/detail/delete_time_range__type_support.hpp
[14.483s] -- Installing: /home/lexij/roselab-perception/install/gantry_lidar_interfaces/include/gantry_lidar_interfaces/gantry_lidar_interfaces/srv/detail/download_time_range__struct.hpp
[14.483s] -- Installing: /home/lexij/roselab-perception/install/gantry_lidar_interfaces/include/gantry_lidar_interfaces/gantry_lidar_interfaces/srv/detail/delete_name__type_support.hpp
[14.483s] -- Installing: /home/lexij/roselab-perception/install/gantry_lidar_interfaces/include/gantry_lidar_interfaces/gantry_lidar_interfaces/srv/detail/delete_time_range__builder.hpp
[14.484s] -- Installing: /home/lexij/roselab-perception/install/gantry_lidar_interfaces/include/gantry_lidar_interfaces/gantry_lidar_interfaces/srv/detail/download_name__builder.hpp
[14.484s] -- Installing: /home/lexij/roselab-perception/install/gantry_lidar_interfaces/include/gantry_lidar_interfaces/gantry_lidar_interfaces/srv/detail/download_name__struct.hpp
[14.484s] -- Installing: /home/lexij/roselab-perception/install/gantry_lidar_interfaces/include/gantry_lidar_interfaces/gantry_lidar_interfaces/srv/detail/download_time_range__type_support.hpp
[14.484s] -- Installing: /home/lexij/roselab-perception/install/gantry_lidar_interfaces/include/gantry_lidar_interfaces/gantry_lidar_interfaces/srv/detail/capture__type_support.hpp
[14.484s] -- Installing: /home/lexij/roselab-perception/install/gantry_lidar_interfaces/include/gantry_lidar_interfaces/gantry_lidar_interfaces/srv/detail/download_name__traits.hpp
[14.484s] -- Installing: /home/lexij/roselab-perception/install/gantry_lidar_interfaces/include/gantry_lidar_interfaces/gantry_lidar_interfaces/srv/detail/delete_name__builder.hpp
[14.484s] -- Installing: /home/lexij/roselab-perception/install/gantry_lidar_interfaces/include/gantry_lidar_interfaces/gantry_lidar_interfaces/srv/detail/capture__builder.hpp
[14.484s] -- Installing: /home/lexij/roselab-perception/install/gantry_lidar_interfaces/include/gantry_lidar_interfaces/gantry_lidar_interfaces/srv/detail/delete_time_range__struct.hpp
[14.484s] -- Installing: /home/lexij/roselab-perception/install/gantry_lidar_interfaces/include/gantry_lidar_interfaces/gantry_lidar_interfaces/srv/detail/download_name__type_support.hpp
[14.484s] -- Installing: /home/lexij/roselab-perception/install/gantry_lidar_interfaces/include/gantry_lidar_interfaces/gantry_lidar_interfaces/srv/detail/delete_name__struct.hpp
[14.485s] -- Installing: /home/lexij/roselab-perception/install/gantry_lidar_interfaces/include/gantry_lidar_interfaces/gantry_lidar_interfaces/srv/detail/delete_name__traits.hpp
[14.485s] -- Installing: /home/lexij/roselab-perception/install/gantry_lidar_interfaces/include/gantry_lidar_interfaces/gantry_lidar_interfaces/srv/detail/capture__struct.hpp
[14.485s] -- Installing: /home/lexij/roselab-perception/install/gantry_lidar_interfaces/include/gantry_lidar_interfaces/gantry_lidar_interfaces/srv/download_name.hpp
[14.485s] -- Installing: /home/lexij/roselab-perception/install/gantry_lidar_interfaces/include/gantry_lidar_interfaces/gantry_lidar_interfaces/srv/delete_name.hpp
[14.485s] -- Installing: /home/lexij/roselab-perception/install/gantry_lidar_interfaces/include/gantry_lidar_interfaces/gantry_lidar_interfaces/srv/delete_time_range.hpp
[14.485s] -- Installing: /home/lexij/roselab-perception/install/gantry_lidar_interfaces/include/gantry_lidar_interfaces/gantry_lidar_interfaces/srv/capture.hpp
[14.485s] -- Up-to-date: /home/lexij/roselab-perception/install/gantry_lidar_interfaces/include/gantry_lidar_interfaces/gantry_lidar_interfaces
[14.485s] -- Up-to-date: /home/lexij/roselab-perception/install/gantry_lidar_interfaces/include/gantry_lidar_interfaces/gantry_lidar_interfaces/msg
[14.485s] -- Installing: /home/lexij/roselab-perception/install/gantry_lidar_interfaces/include/gantry_lidar_interfaces/gantry_lidar_interfaces/msg/rosidl_typesupport_fastrtps_cpp__visibility_control.h
[14.485s] -- Up-to-date: /home/lexij/roselab-perception/install/gantry_lidar_interfaces/include/gantry_lidar_interfaces/gantry_lidar_interfaces/srv
[14.485s] -- Up-to-date: /home/lexij/roselab-perception/install/gantry_lidar_interfaces/include/gantry_lidar_interfaces/gantry_lidar_interfaces/srv/detail
[14.485s] -- Installing: /home/lexij/roselab-perception/install/gantry_lidar_interfaces/include/gantry_lidar_interfaces/gantry_lidar_interfaces/srv/detail/delete_time_range__rosidl_typesupport_fastrtps_cpp.hpp
[14.485s] -- Installing: /home/lexij/roselab-perception/install/gantry_lidar_interfaces/include/gantry_lidar_interfaces/gantry_lidar_interfaces/srv/detail/download_time_range__rosidl_typesupport_fastrtps_cpp.hpp
[14.486s] -- Installing: /home/lexij/roselab-perception/install/gantry_lidar_interfaces/include/gantry_lidar_interfaces/gantry_lidar_interfaces/srv/detail/download_name__rosidl_typesupport_fastrtps_cpp.hpp
[14.486s] -- Installing: /home/lexij/roselab-perception/install/gantry_lidar_interfaces/include/gantry_lidar_interfaces/gantry_lidar_interfaces/srv/detail/dds_fastrtps
[14.486s] -- Installing: /home/lexij/roselab-perception/install/gantry_lidar_interfaces/include/gantry_lidar_interfaces/gantry_lidar_interfaces/srv/detail/delete_name__rosidl_typesupport_fastrtps_cpp.hpp
[14.486s] -- Installing: /home/lexij/roselab-perception/install/gantry_lidar_interfaces/include/gantry_lidar_interfaces/gantry_lidar_interfaces/srv/detail/capture__rosidl_typesupport_fastrtps_cpp.hpp
[14.486s] -- Installing: /home/lexij/roselab-perception/install/gantry_lidar_interfaces/lib/libgantry_lidar_interfaces__rosidl_typesupport_fastrtps_cpp.so
[14.486s] -- Set non-toolchain portion of runtime path of "/home/lexij/roselab-perception/install/gantry_lidar_interfaces/lib/libgantry_lidar_interfaces__rosidl_typesupport_fastrtps_cpp.so" to ""
[14.487s] -- Up-to-date: /home/lexij/roselab-perception/install/gantry_lidar_interfaces/include/gantry_lidar_interfaces/gantry_lidar_interfaces
[14.488s] -- Up-to-date: /home/lexij/roselab-perception/install/gantry_lidar_interfaces/include/gantry_lidar_interfaces/gantry_lidar_interfaces/srv
[14.488s] -- Up-to-date: /home/lexij/roselab-perception/install/gantry_lidar_interfaces/include/gantry_lidar_interfaces/gantry_lidar_interfaces/srv/detail
[14.488s] -- Installing: /home/lexij/roselab-perception/install/gantry_lidar_interfaces/include/gantry_lidar_interfaces/gantry_lidar_interfaces/srv/detail/delete_time_range__rosidl_typesupport_introspection_cpp.hpp
[14.489s] -- Installing: /home/lexij/roselab-perception/install/gantry_lidar_interfaces/include/gantry_lidar_interfaces/gantry_lidar_interfaces/srv/detail/download_time_range__rosidl_typesupport_introspection_cpp.hpp
[14.489s] -- Installing: /home/lexij/roselab-perception/install/gantry_lidar_interfaces/include/gantry_lidar_interfaces/gantry_lidar_interfaces/srv/detail/delete_name__type_support.cpp
[14.489s] -- Installing: /home/lexij/roselab-perception/install/gantry_lidar_interfaces/include/gantry_lidar_interfaces/gantry_lidar_interfaces/srv/detail/capture__rosidl_typesupport_introspection_cpp.hpp
[14.489s] -- Installing: /home/lexij/roselab-perception/install/gantry_lidar_interfaces/include/gantry_lidar_interfaces/gantry_lidar_interfaces/srv/detail/delete_name__rosidl_typesupport_introspection_cpp.hpp
[14.489s] -- Installing: /home/lexij/roselab-perception/install/gantry_lidar_interfaces/include/gantry_lidar_interfaces/gantry_lidar_interfaces/srv/detail/capture__type_support.cpp
[14.489s] -- Installing: /home/lexij/roselab-perception/install/gantry_lidar_interfaces/include/gantry_lidar_interfaces/gantry_lidar_interfaces/srv/detail/delete_time_range__type_support.cpp
[14.489s] -- Installing: /home/lexij/roselab-perception/install/gantry_lidar_interfaces/include/gantry_lidar_interfaces/gantry_lidar_interfaces/srv/detail/download_name__type_support.cpp
[14.489s] -- Installing: /home/lexij/roselab-perception/install/gantry_lidar_interfaces/include/gantry_lidar_interfaces/gantry_lidar_interfaces/srv/detail/download_time_range__type_support.cpp
[14.489s] -- Installing: /home/lexij/roselab-perception/install/gantry_lidar_interfaces/include/gantry_lidar_interfaces/gantry_lidar_interfaces/srv/detail/download_name__rosidl_typesupport_introspection_cpp.hpp
[14.489s] -- Installing: /home/lexij/roselab-perception/install/gantry_lidar_interfaces/lib/libgantry_lidar_interfaces__rosidl_typesupport_introspection_cpp.so
[14.490s] -- Set non-toolchain portion of runtime path of "/home/lexij/roselab-perception/install/gantry_lidar_interfaces/lib/libgantry_lidar_interfaces__rosidl_typesupport_introspection_cpp.so" to ""
[14.490s] -- Installing: /home/lexij/roselab-perception/install/gantry_lidar_interfaces/lib/libgantry_lidar_interfaces__rosidl_typesupport_cpp.so
[14.490s] -- Set non-toolchain portion of runtime path of "/home/lexij/roselab-perception/install/gantry_lidar_interfaces/lib/libgantry_lidar_interfaces__rosidl_typesupport_cpp.so" to ""
[14.490s] -- Installing: /home/lexij/roselab-perception/install/gantry_lidar_interfaces/share/gantry_lidar_interfaces/environment/pythonpath.sh
[14.491s] -- Installing: /home/lexij/roselab-perception/install/gantry_lidar_interfaces/share/gantry_lidar_interfaces/environment/pythonpath.dsv
[14.491s] -- Installing: /home/lexij/roselab-perception/install/gantry_lidar_interfaces/lib/python3.12/site-packages/gantry_lidar_interfaces-0.0.0-py3.12.egg-info
[14.491s] -- Installing: /home/lexij/roselab-perception/install/gantry_lidar_interfaces/lib/python3.12/site-packages/gantry_lidar_interfaces-0.0.0-py3.12.egg-info/top_level.txt
[14.491s] -- Installing: /home/lexij/roselab-perception/install/gantry_lidar_interfaces/lib/python3.12/site-packages/gantry_lidar_interfaces-0.0.0-py3.12.egg-info/PKG-INFO
[14.491s] -- Installing: /home/lexij/roselab-perception/install/gantry_lidar_interfaces/lib/python3.12/site-packages/gantry_lidar_interfaces-0.0.0-py3.12.egg-info/dependency_links.txt
[14.491s] -- Installing: /home/lexij/roselab-perception/install/gantry_lidar_interfaces/lib/python3.12/site-packages/gantry_lidar_interfaces-0.0.0-py3.12.egg-info/SOURCES.txt
[14.492s] -- Installing: /home/lexij/roselab-perception/install/gantry_lidar_interfaces/lib/python3.12/site-packages/gantry_lidar_interfaces
[14.492s] -- Installing: /home/lexij/roselab-perception/install/gantry_lidar_interfaces/lib/python3.12/site-packages/gantry_lidar_interfaces/gantry_lidar_interfaces_s__rosidl_typesupport_fastrtps_c.so
[14.493s] -- Installing: /home/lexij/roselab-perception/install/gantry_lidar_interfaces/lib/python3.12/site-packages/gantry_lidar_interfaces/_gantry_lidar_interfaces_s.ep.rosidl_typesupport_fastrtps_c.c
[14.493s] -- Installing: /home/lexij/roselab-perception/install/gantry_lidar_interfaces/lib/python3.12/site-packages/gantry_lidar_interfaces/_gantry_lidar_interfaces_s.ep.rosidl_typesupport_introspection_c.c
[14.494s] -- Installing: /home/lexij/roselab-perception/install/gantry_lidar_interfaces/lib/python3.12/site-packages/gantry_lidar_interfaces/__init__.py
[14.494s] -- Installing: /home/lexij/roselab-perception/install/gantry_lidar_interfaces/lib/python3.12/site-packages/gantry_lidar_interfaces/_gantry_lidar_interfaces_s.ep.rosidl_typesupport_c.c
[14.494s] -- Installing: /home/lexij/roselab-perception/install/gantry_lidar_interfaces/lib/python3.12/site-packages/gantry_lidar_interfaces/gantry_lidar_interfaces_s__rosidl_typesupport_introspection_c.so
[14.495s] -- Installing: /home/lexij/roselab-perception/install/gantry_lidar_interfaces/lib/python3.12/site-packages/gantry_lidar_interfaces/gantry_lidar_interfaces_s__rosidl_typesupport_c.so
[14.495s] -- Installing: /home/lexij/roselab-perception/install/gantry_lidar_interfaces/lib/python3.12/site-packages/gantry_lidar_interfaces/srv
[14.495s] -- Installing: /home/lexij/roselab-perception/install/gantry_lidar_interfaces/lib/python3.12/site-packages/gantry_lidar_interfaces/srv/_delete_name_s.c
[14.495s] -- Installing: /home/lexij/roselab-perception/install/gantry_lidar_interfaces/lib/python3.12/site-packages/gantry_lidar_interfaces/srv/_delete_name.py
[14.496s] -- Installing: /home/lexij/roselab-perception/install/gantry_lidar_interfaces/lib/python3.12/site-packages/gantry_lidar_interfaces/srv/__init__.py
[14.496s] -- Installing: /home/lexij/roselab-perception/install/gantry_lidar_interfaces/lib/python3.12/site-packages/gantry_lidar_interfaces/srv/_capture.py
[14.496s] -- Installing: /home/lexij/roselab-perception/install/gantry_lidar_interfaces/lib/python3.12/site-packages/gantry_lidar_interfaces/srv/_download_time_range_s.c
[14.496s] -- Installing: /home/lexij/roselab-perception/install/gantry_lidar_interfaces/lib/python3.12/site-packages/gantry_lidar_interfaces/srv/_download_name.py
[14.496s] -- Installing: /home/lexij/roselab-perception/install/gantry_lidar_interfaces/lib/python3.12/site-packages/gantry_lidar_interfaces/srv/_delete_time_range.py
[14.496s] -- Installing: /home/lexij/roselab-perception/install/gantry_lidar_interfaces/lib/python3.12/site-packages/gantry_lidar_interfaces/srv/_capture_s.c
[14.496s] -- Installing: /home/lexij/roselab-perception/install/gantry_lidar_interfaces/lib/python3.12/site-packages/gantry_lidar_interfaces/srv/_delete_time_range_s.c
[14.496s] -- Installing: /home/lexij/roselab-perception/install/gantry_lidar_interfaces/lib/python3.12/site-packages/gantry_lidar_interfaces/srv/_download_time_range.py
[14.496s] -- Installing: /home/lexij/roselab-perception/install/gantry_lidar_interfaces/lib/python3.12/site-packages/gantry_lidar_interfaces/srv/_download_name_s.c
[14.560s] Listing '/home/lexij/roselab-perception/install/gantry_lidar_interfaces/lib/python3.12/site-packages/gantry_lidar_interfaces'...
[14.560s] Compiling '/home/lexij/roselab-perception/install/gantry_lidar_interfaces/lib/python3.12/site-packages/gantry_lidar_interfaces/__init__.py'...
[14.561s] Listing '/home/lexij/roselab-perception/install/gantry_lidar_interfaces/lib/python3.12/site-packages/gantry_lidar_interfaces/srv'...
[14.561s] Compiling '/home/lexij/roselab-perception/install/gantry_lidar_interfaces/lib/python3.12/site-packages/gantry_lidar_interfaces/srv/__init__.py'...
[14.561s] Compiling '/home/lexij/roselab-perception/install/gantry_lidar_interfaces/lib/python3.12/site-packages/gantry_lidar_interfaces/srv/_capture.py'...
[14.561s] Compiling '/home/lexij/roselab-perception/install/gantry_lidar_interfaces/lib/python3.12/site-packages/gantry_lidar_interfaces/srv/_delete_name.py'...
[14.561s] Compiling '/home/lexij/roselab-perception/install/gantry_lidar_interfaces/lib/python3.12/site-packages/gantry_lidar_interfaces/srv/_delete_time_range.py'...
[14.562s] Compiling '/home/lexij/roselab-perception/install/gantry_lidar_interfaces/lib/python3.12/site-packages/gantry_lidar_interfaces/srv/_download_name.py'...
[14.562s] Compiling '/home/lexij/roselab-perception/install/gantry_lidar_interfaces/lib/python3.12/site-packages/gantry_lidar_interfaces/srv/_download_time_range.py'...
[14.567s] -- Installing: /home/lexij/roselab-perception/install/gantry_lidar_interfaces/lib/python3.12/site-packages/gantry_lidar_interfaces/gantry_lidar_interfaces_s__rosidl_typesupport_fastrtps_c.so
[14.568s] -- Set non-toolchain portion of runtime path of "/home/lexij/roselab-perception/install/gantry_lidar_interfaces/lib/python3.12/site-packages/gantry_lidar_interfaces/gantry_lidar_interfaces_s__rosidl_typesupport_fastrtps_c.so" to ""
[14.568s] -- Installing: /home/lexij/roselab-perception/install/gantry_lidar_interfaces/lib/python3.12/site-packages/gantry_lidar_interfaces/gantry_lidar_interfaces_s__rosidl_typesupport_introspection_c.so
[14.569s] -- Set non-toolchain portion of runtime path of "/home/lexij/roselab-perception/install/gantry_lidar_interfaces/lib/python3.12/site-packages/gantry_lidar_interfaces/gantry_lidar_interfaces_s__rosidl_typesupport_introspection_c.so" to ""
[14.569s] -- Installing: /home/lexij/roselab-perception/install/gantry_lidar_interfaces/lib/python3.12/site-packages/gantry_lidar_interfaces/gantry_lidar_interfaces_s__rosidl_typesupport_c.so
[14.569s] -- Set non-toolchain portion of runtime path of "/home/lexij/roselab-perception/install/gantry_lidar_interfaces/lib/python3.12/site-packages/gantry_lidar_interfaces/gantry_lidar_interfaces_s__rosidl_typesupport_c.so" to ""
[14.569s] -- Installing: /home/lexij/roselab-perception/install/gantry_lidar_interfaces/lib/libgantry_lidar_interfaces__rosidl_generator_py.so
[14.569s] -- Set non-toolchain portion of runtime path of "/home/lexij/roselab-perception/install/gantry_lidar_interfaces/lib/libgantry_lidar_interfaces__rosidl_generator_py.so" to ""
[14.570s] -- Installing: /home/lexij/roselab-perception/install/gantry_lidar_interfaces/share/gantry_lidar_interfaces/srv/Capture.idl
[14.570s] -- Installing: /home/lexij/roselab-perception/install/gantry_lidar_interfaces/share/gantry_lidar_interfaces/srv/DeleteName.idl
[14.570s] -- Installing: /home/lexij/roselab-perception/install/gantry_lidar_interfaces/share/gantry_lidar_interfaces/srv/DeleteTimeRange.idl
[14.570s] -- Installing: /home/lexij/roselab-perception/install/gantry_lidar_interfaces/share/gantry_lidar_interfaces/srv/DownloadName.idl
[14.570s] -- Installing: /home/lexij/roselab-perception/install/gantry_lidar_interfaces/share/gantry_lidar_interfaces/srv/DownloadTimeRange.idl
[14.570s] -- Installing: /home/lexij/roselab-perception/install/gantry_lidar_interfaces/share/gantry_lidar_interfaces/srv/Capture.srv
[14.570s] -- Installing: /home/lexij/roselab-perception/install/gantry_lidar_interfaces/share/gantry_lidar_interfaces/srv/DeleteName.srv
[14.570s] -- Installing: /home/lexij/roselab-perception/install/gantry_lidar_interfaces/share/gantry_lidar_interfaces/srv/DeleteTimeRange.srv
[14.570s] -- Installing: /home/lexij/roselab-perception/install/gantry_lidar_interfaces/share/gantry_lidar_interfaces/srv/DownloadName.srv
[14.570s] -- Installing: /home/lexij/roselab-perception/install/gantry_lidar_interfaces/share/gantry_lidar_interfaces/srv/DownloadTimeRange.srv
[14.571s] -- Installing: /home/lexij/roselab-perception/install/gantry_lidar_interfaces/share/ament_index/resource_index/package_run_dependencies/gantry_lidar_interfaces
[14.571s] -- Installing: /home/lexij/roselab-perception/install/gantry_lidar_interfaces/share/ament_index/resource_index/parent_prefix_path/gantry_lidar_interfaces
[14.572s] -- Installing: /home/lexij/roselab-perception/install/gantry_lidar_interfaces/share/gantry_lidar_interfaces/environment/ament_prefix_path.sh
[14.572s] -- Installing: /home/lexij/roselab-perception/install/gantry_lidar_interfaces/share/gantry_lidar_interfaces/environment/ament_prefix_path.dsv
[14.573s] -- Installing: /home/lexij/roselab-perception/install/gantry_lidar_interfaces/share/gantry_lidar_interfaces/environment/path.sh
[14.573s] -- Installing: /home/lexij/roselab-perception/install/gantry_lidar_interfaces/share/gantry_lidar_interfaces/environment/path.dsv
[14.573s] -- Installing: /home/lexij/roselab-perception/install/gantry_lidar_interfaces/share/gantry_lidar_interfaces/local_setup.bash
[14.573s] -- Installing: /home/lexij/roselab-perception/install/gantry_lidar_interfaces/share/gantry_lidar_interfaces/local_setup.sh
[14.574s] -- Installing: /home/lexij/roselab-perception/install/gantry_lidar_interfaces/share/gantry_lidar_interfaces/local_setup.zsh
[14.574s] -- Installing: /home/lexij/roselab-perception/install/gantry_lidar_interfaces/share/gantry_lidar_interfaces/local_setup.dsv
[14.574s] -- Installing: /home/lexij/roselab-perception/install/gantry_lidar_interfaces/share/gantry_lidar_interfaces/package.dsv
[14.574s] -- Installing: /home/lexij/roselab-perception/install/gantry_lidar_interfaces/share/ament_index/resource_index/packages/gantry_lidar_interfaces
[14.575s] -- Installing: /home/lexij/roselab-perception/install/gantry_lidar_interfaces/share/gantry_lidar_interfaces/cmake/export_gantry_lidar_interfaces__rosidl_generator_cExport.cmake
[14.575s] -- Installing: /home/lexij/roselab-perception/install/gantry_lidar_interfaces/share/gantry_lidar_interfaces/cmake/export_gantry_lidar_interfaces__rosidl_generator_cExport-noconfig.cmake
[14.575s] -- Installing: /home/lexij/roselab-perception/install/gantry_lidar_interfaces/share/gantry_lidar_interfaces/cmake/export_gantry_lidar_interfaces__rosidl_typesupport_fastrtps_cExport.cmake
[14.576s] -- Installing: /home/lexij/roselab-perception/install/gantry_lidar_interfaces/share/gantry_lidar_interfaces/cmake/export_gantry_lidar_interfaces__rosidl_typesupport_fastrtps_cExport-noconfig.cmake
[14.576s] -- Installing: /home/lexij/roselab-perception/install/gantry_lidar_interfaces/share/gantry_lidar_interfaces/cmake/gantry_lidar_interfaces__rosidl_typesupport_introspection_cExport.cmake
[14.576s] -- Installing: /home/lexij/roselab-perception/install/gantry_lidar_interfaces/share/gantry_lidar_interfaces/cmake/gantry_lidar_interfaces__rosidl_typesupport_introspection_cExport-noconfig.cmake
[14.576s] -- Installing: /home/lexij/roselab-perception/install/gantry_lidar_interfaces/share/gantry_lidar_interfaces/cmake/gantry_lidar_interfaces__rosidl_typesupport_cExport.cmake
[14.576s] -- Installing: /home/lexij/roselab-perception/install/gantry_lidar_interfaces/share/gantry_lidar_interfaces/cmake/gantry_lidar_interfaces__rosidl_typesupport_cExport-noconfig.cmake
[14.576s] -- Installing: /home/lexij/roselab-perception/install/gantry_lidar_interfaces/share/gantry_lidar_interfaces/cmake/export_gantry_lidar_interfaces__rosidl_generator_cppExport.cmake
[14.576s] -- Installing: /home/lexij/roselab-perception/install/gantry_lidar_interfaces/share/gantry_lidar_interfaces/cmake/export_gantry_lidar_interfaces__rosidl_typesupport_fastrtps_cppExport.cmake
[14.576s] -- Installing: /home/lexij/roselab-perception/install/gantry_lidar_interfaces/share/gantry_lidar_interfaces/cmake/export_gantry_lidar_interfaces__rosidl_typesupport_fastrtps_cppExport-noconfig.cmake
[14.577s] -- Installing: /home/lexij/roselab-perception/install/gantry_lidar_interfaces/share/gantry_lidar_interfaces/cmake/gantry_lidar_interfaces__rosidl_typesupport_introspection_cppExport.cmake
[14.577s] -- Installing: /home/lexij/roselab-perception/install/gantry_lidar_interfaces/share/gantry_lidar_interfaces/cmake/gantry_lidar_interfaces__rosidl_typesupport_introspection_cppExport-noconfig.cmake
[14.577s] -- Installing: /home/lexij/roselab-perception/install/gantry_lidar_interfaces/share/gantry_lidar_interfaces/cmake/gantry_lidar_interfaces__rosidl_typesupport_cppExport.cmake
[14.578s] -- Installing: /home/lexij/roselab-perception/install/gantry_lidar_interfaces/share/gantry_lidar_interfaces/cmake/gantry_lidar_interfaces__rosidl_typesupport_cppExport-noconfig.cmake
[14.578s] -- Installing: /home/lexij/roselab-perception/install/gantry_lidar_interfaces/share/gantry_lidar_interfaces/cmake/export_gantry_lidar_interfaces__rosidl_generator_pyExport.cmake
[14.578s] -- Installing: /home/lexij/roselab-perception/install/gantry_lidar_interfaces/share/gantry_lidar_interfaces/cmake/export_gantry_lidar_interfaces__rosidl_generator_pyExport-noconfig.cmake
[14.579s] -- Installing: /home/lexij/roselab-perception/install/gantry_lidar_interfaces/share/gantry_lidar_interfaces/cmake/rosidl_cmake-extras.cmake
[14.579s] -- Installing: /home/lexij/roselab-perception/install/gantry_lidar_interfaces/share/gantry_lidar_interfaces/cmake/ament_cmake_export_dependencies-extras.cmake
[14.580s] -- Installing: /home/lexij/roselab-perception/install/gantry_lidar_interfaces/share/gantry_lidar_interfaces/cmake/ament_cmake_export_include_directories-extras.cmake
[14.580s] -- Installing: /home/lexij/roselab-perception/install/gantry_lidar_interfaces/share/gantry_lidar_interfaces/cmake/ament_cmake_export_libraries-extras.cmake
[14.580s] -- Installing: /home/lexij/roselab-perception/install/gantry_lidar_interfaces/share/gantry_lidar_interfaces/cmake/ament_cmake_export_targets-extras.cmake
[14.580s] -- Installing: /home/lexij/roselab-perception/install/gantry_lidar_interfaces/share/gantry_lidar_interfaces/cmake/rosidl_cmake_export_typesupport_targets-extras.cmake
[14.580s] -- Installing: /home/lexij/roselab-perception/install/gantry_lidar_interfaces/share/gantry_lidar_interfaces/cmake/rosidl_cmake_export_typesupport_libraries-extras.cmake
[14.580s] -- Installing: /home/lexij/roselab-perception/install/gantry_lidar_interfaces/share/gantry_lidar_interfaces/cmake/gantry_lidar_interfacesConfig.cmake
[14.581s] -- Installing: /home/lexij/roselab-perception/install/gantry_lidar_interfaces/share/gantry_lidar_interfaces/cmake/gantry_lidar_interfacesConfig-version.cmake
[14.581s] -- Installing: /home/lexij/roselab-perception/install/gantry_lidar_interfaces/share/gantry_lidar_interfaces/package.xml
[14.587s] Invoked command in '/home/lexij/roselab-perception/build/gantry_lidar_interfaces' returned '0': CMAKE_PREFIX_PATH=${CMAKE_PREFIX_PATH}:/opt/ros/jazzy /usr/bin/cmake --install /home/lexij/roselab-perception/build/gantry_lidar_interfaces
