[0.021s] Invoking command in '/home/lexij/roselab-perception/build/gantry_lidar_interfaces': CMAKE_PREFIX_PATH=${CMAKE_PREFIX_PATH}:/home/lexij/roselab-perception/install/scan_automation:/home/lexij/roselab-perception/install/mastcam_pointcloud:/home/lexij/roselab-perception/install/gantry_services:/home/lexij/roselab-perception/install/aggregated_pointcloud:/opt/ros/jazzy /usr/bin/cmake --build /home/lexij/roselab-perception/build/gantry_lidar_interfaces -- -j22 -l22
[0.358s] [  1%] Built target gantry_lidar_interfaces__rosidl_generator_type_description
[0.359s] [  1%] Built target ament_cmake_python_copy_gantry_lidar_interfaces
[0.359s] [  2%] Built target gantry_lidar_interfaces__cpp
[0.359s] [ 25%] Built target gantry_lidar_interfaces__rosidl_generator_c
[0.359s] [ 35%] Built target gantry_lidar_interfaces__rosidl_typesupport_fastrtps_c
[0.359s] [ 44%] Built target gantry_lidar_interfaces__rosidl_typesupport_c
[0.359s] [ 54%] Built target gantry_lidar_interfaces__rosidl_typesupport_fastrtps_cpp
[0.359s] [ 63%] Built target gantry_lidar_interfaces__rosidl_typesupport_introspection_cpp
[0.359s] [ 72%] Built target gantry_lidar_interfaces__rosidl_typesupport_cpp
[0.359s] [ 82%] Built target gantry_lidar_interfaces__rosidl_typesupport_introspection_c
[0.360s] [ 82%] Built target gantry_lidar_interfaces
[0.360s] [ 83%] Built target gantry_lidar_interfaces__py
[0.360s] [ 91%] Built target gantry_lidar_interfaces__rosidl_generator_py
[0.360s] [ 94%] Built target gantry_lidar_interfaces_s__rosidl_typesupport_introspection_c
[0.360s] [ 97%] Built target gantry_lidar_interfaces_s__rosidl_typesupport_fastrtps_c
[0.360s] [100%] Built target gantry_lidar_interfaces_s__rosidl_typesupport_c
[0.360s] running egg_info
[0.360s] writing gantry_lidar_interfaces.egg-info/PKG-INFO
[0.360s] writing dependency_links to gantry_lidar_interfaces.egg-info/dependency_links.txt
[0.361s] writing top-level names to gantry_lidar_interfaces.egg-info/top_level.txt
[0.361s] reading manifest file 'gantry_lidar_interfaces.egg-info/SOURCES.txt'
[0.361s] writing manifest file 'gantry_lidar_interfaces.egg-info/SOURCES.txt'
[0.386s] [100%] Built target ament_cmake_python_build_gantry_lidar_interfaces_egg
[0.397s] Invoked command in '/home/lexij/roselab-perception/build/gantry_lidar_interfaces' returned '0': CMAKE_PREFIX_PATH=${CMAKE_PREFIX_PATH}:/home/lexij/roselab-perception/install/scan_automation:/home/lexij/roselab-perception/install/mastcam_pointcloud:/home/lexij/roselab-perception/install/gantry_services:/home/lexij/roselab-perception/install/aggregated_pointcloud:/opt/ros/jazzy /usr/bin/cmake --build /home/lexij/roselab-perception/build/gantry_lidar_interfaces -- -j22 -l22
[0.409s] Invoking command in '/home/lexij/roselab-perception/build/gantry_lidar_interfaces': CMAKE_PREFIX_PATH=${CMAKE_PREFIX_PATH}:/home/lexij/roselab-perception/install/scan_automation:/home/lexij/roselab-perception/install/mastcam_pointcloud:/home/lexij/roselab-perception/install/gantry_services:/home/lexij/roselab-perception/install/aggregated_pointcloud:/opt/ros/jazzy /usr/bin/cmake --install /home/lexij/roselab-perception/build/gantry_lidar_interfaces
[0.420s] -- Install configuration: ""
[0.420s] -- Up-to-date: /home/lexij/roselab-perception/install/gantry_lidar_interfaces/share/ament_index/resource_index/rosidl_interfaces/gantry_lidar_interfaces
[0.421s] -- Up-to-date: /home/lexij/roselab-perception/install/gantry_lidar_interfaces/share/gantry_lidar_interfaces/srv/Capture.json
[0.421s] -- Up-to-date: /home/lexij/roselab-perception/install/gantry_lidar_interfaces/share/gantry_lidar_interfaces/srv/DeleteName.json
[0.421s] -- Up-to-date: /home/lexij/roselab-perception/install/gantry_lidar_interfaces/share/gantry_lidar_interfaces/srv/DeleteTimeRange.json
[0.421s] -- Up-to-date: /home/lexij/roselab-perception/install/gantry_lidar_interfaces/share/gantry_lidar_interfaces/srv/DownloadName.json
[0.421s] -- Up-to-date: /home/lexij/roselab-perception/install/gantry_lidar_interfaces/share/gantry_lidar_interfaces/srv/DownloadTimeRange.json
[0.421s] -- Up-to-date: /home/lexij/roselab-perception/install/gantry_lidar_interfaces/include/gantry_lidar_interfaces/gantry_lidar_interfaces
[0.421s] -- Up-to-date: /home/lexij/roselab-perception/install/gantry_lidar_interfaces/include/gantry_lidar_interfaces/gantry_lidar_interfaces/msg
[0.422s] -- Up-to-date: /home/lexij/roselab-perception/install/gantry_lidar_interfaces/include/gantry_lidar_interfaces/gantry_lidar_interfaces/msg/rosidl_generator_c__visibility_control.h
[0.422s] -- Up-to-date: /home/lexij/roselab-perception/install/gantry_lidar_interfaces/include/gantry_lidar_interfaces/gantry_lidar_interfaces/srv
[0.422s] -- Up-to-date: /home/lexij/roselab-perception/install/gantry_lidar_interfaces/include/gantry_lidar_interfaces/gantry_lidar_interfaces/srv/delete_name.h
[0.422s] -- Up-to-date: /home/lexij/roselab-perception/install/gantry_lidar_interfaces/include/gantry_lidar_interfaces/gantry_lidar_interfaces/srv/download_name.h
[0.423s] -- Up-to-date: /home/lexij/roselab-perception/install/gantry_lidar_interfaces/include/gantry_lidar_interfaces/gantry_lidar_interfaces/srv/capture.h
[0.423s] -- Up-to-date: /home/lexij/roselab-perception/install/gantry_lidar_interfaces/include/gantry_lidar_interfaces/gantry_lidar_interfaces/srv/detail
[0.423s] -- Up-to-date: /home/lexij/roselab-perception/install/gantry_lidar_interfaces/include/gantry_lidar_interfaces/gantry_lidar_interfaces/srv/detail/download_name__description.c
[0.423s] -- Up-to-date: /home/lexij/roselab-perception/install/gantry_lidar_interfaces/include/gantry_lidar_interfaces/gantry_lidar_interfaces/srv/detail/download_name__functions.h
[0.423s] -- Up-to-date: /home/lexij/roselab-perception/install/gantry_lidar_interfaces/include/gantry_lidar_interfaces/gantry_lidar_interfaces/srv/detail/capture__description.c
[0.424s] -- Up-to-date: /home/lexij/roselab-perception/install/gantry_lidar_interfaces/include/gantry_lidar_interfaces/gantry_lidar_interfaces/srv/detail/delete_time_range__functions.c
[0.424s] -- Up-to-date: /home/lexij/roselab-perception/install/gantry_lidar_interfaces/include/gantry_lidar_interfaces/gantry_lidar_interfaces/srv/detail/download_time_range__functions.c
[0.424s] -- Up-to-date: /home/lexij/roselab-perception/install/gantry_lidar_interfaces/include/gantry_lidar_interfaces/gantry_lidar_interfaces/srv/detail/delete_time_range__type_support.h
[0.425s] -- Up-to-date: /home/lexij/roselab-perception/install/gantry_lidar_interfaces/include/gantry_lidar_interfaces/gantry_lidar_interfaces/srv/detail/download_name__type_support.h
[0.425s] -- Up-to-date: /home/lexij/roselab-perception/install/gantry_lidar_interfaces/include/gantry_lidar_interfaces/gantry_lidar_interfaces/srv/detail/delete_name__functions.c
[0.425s] -- Up-to-date: /home/lexij/roselab-perception/install/gantry_lidar_interfaces/include/gantry_lidar_interfaces/gantry_lidar_interfaces/srv/detail/download_time_range__type_support.c
[0.425s] -- Up-to-date: /home/lexij/roselab-perception/install/gantry_lidar_interfaces/include/gantry_lidar_interfaces/gantry_lidar_interfaces/srv/detail/delete_time_range__description.c
[0.425s] -- Up-to-date: /home/lexij/roselab-perception/install/gantry_lidar_interfaces/include/gantry_lidar_interfaces/gantry_lidar_interfaces/srv/detail/download_time_range__functions.h
[0.425s] -- Up-to-date: /home/lexij/roselab-perception/install/gantry_lidar_interfaces/include/gantry_lidar_interfaces/gantry_lidar_interfaces/srv/detail/delete_time_range__type_support.c
[0.425s] -- Up-to-date: /home/lexij/roselab-perception/install/gantry_lidar_interfaces/include/gantry_lidar_interfaces/gantry_lidar_interfaces/srv/detail/download_name__type_support.c
[0.425s] -- Up-to-date: /home/lexij/roselab-perception/install/gantry_lidar_interfaces/include/gantry_lidar_interfaces/gantry_lidar_interfaces/srv/detail/download_time_range__type_support.h
[0.425s] -- Up-to-date: /home/lexij/roselab-perception/install/gantry_lidar_interfaces/include/gantry_lidar_interfaces/gantry_lidar_interfaces/srv/detail/delete_name__type_support.h
[0.425s] -- Up-to-date: /home/lexij/roselab-perception/install/gantry_lidar_interfaces/include/gantry_lidar_interfaces/gantry_lidar_interfaces/srv/detail/delete_name__description.c
[0.426s] -- Up-to-date: /home/lexij/roselab-perception/install/gantry_lidar_interfaces/include/gantry_lidar_interfaces/gantry_lidar_interfaces/srv/detail/download_name__struct.h
[0.426s] -- Up-to-date: /home/lexij/roselab-perception/install/gantry_lidar_interfaces/include/gantry_lidar_interfaces/gantry_lidar_interfaces/srv/detail/delete_name__type_support.c
[0.426s] -- Up-to-date: /home/lexij/roselab-perception/install/gantry_lidar_interfaces/include/gantry_lidar_interfaces/gantry_lidar_interfaces/srv/detail/capture__functions.h
[0.426s] -- Up-to-date: /home/lexij/roselab-perception/install/gantry_lidar_interfaces/include/gantry_lidar_interfaces/gantry_lidar_interfaces/srv/detail/capture__struct.h
[0.426s] -- Up-to-date: /home/lexij/roselab-perception/install/gantry_lidar_interfaces/include/gantry_lidar_interfaces/gantry_lidar_interfaces/srv/detail/download_time_range__description.c
[0.426s] -- Up-to-date: /home/lexij/roselab-perception/install/gantry_lidar_interfaces/include/gantry_lidar_interfaces/gantry_lidar_interfaces/srv/detail/capture__type_support.h
[0.427s] -- Up-to-date: /home/lexij/roselab-perception/install/gantry_lidar_interfaces/include/gantry_lidar_interfaces/gantry_lidar_interfaces/srv/detail/download_name__functions.c
[0.427s] -- Up-to-date: /home/lexij/roselab-perception/install/gantry_lidar_interfaces/include/gantry_lidar_interfaces/gantry_lidar_interfaces/srv/detail/delete_name__functions.h
[0.427s] -- Up-to-date: /home/lexij/roselab-perception/install/gantry_lidar_interfaces/include/gantry_lidar_interfaces/gantry_lidar_interfaces/srv/detail/capture__functions.c
[0.427s] -- Up-to-date: /home/lexij/roselab-perception/install/gantry_lidar_interfaces/include/gantry_lidar_interfaces/gantry_lidar_interfaces/srv/detail/capture__type_support.c
[0.427s] -- Up-to-date: /home/lexij/roselab-perception/install/gantry_lidar_interfaces/include/gantry_lidar_interfaces/gantry_lidar_interfaces/srv/detail/delete_time_range__functions.h
[0.428s] -- Up-to-date: /home/lexij/roselab-perception/install/gantry_lidar_interfaces/include/gantry_lidar_interfaces/gantry_lidar_interfaces/srv/detail/delete_time_range__struct.h
[0.428s] -- Up-to-date: /home/lexij/roselab-perception/install/gantry_lidar_interfaces/include/gantry_lidar_interfaces/gantry_lidar_interfaces/srv/detail/delete_name__struct.h
[0.428s] -- Up-to-date: /home/lexij/roselab-perception/install/gantry_lidar_interfaces/include/gantry_lidar_interfaces/gantry_lidar_interfaces/srv/detail/download_time_range__struct.h
[0.428s] -- Up-to-date: /home/lexij/roselab-perception/install/gantry_lidar_interfaces/include/gantry_lidar_interfaces/gantry_lidar_interfaces/srv/delete_time_range.h
[0.428s] -- Up-to-date: /home/lexij/roselab-perception/install/gantry_lidar_interfaces/include/gantry_lidar_interfaces/gantry_lidar_interfaces/srv/download_time_range.h
[0.428s] -- Up-to-date: /home/lexij/roselab-perception/install/gantry_lidar_interfaces/share/gantry_lidar_interfaces/environment/library_path.sh
[0.428s] -- Up-to-date: /home/lexij/roselab-perception/install/gantry_lidar_interfaces/share/gantry_lidar_interfaces/environment/library_path.dsv
[0.428s] -- Up-to-date: /home/lexij/roselab-perception/install/gantry_lidar_interfaces/lib/libgantry_lidar_interfaces__rosidl_generator_c.so
[0.428s] -- Up-to-date: /home/lexij/roselab-perception/install/gantry_lidar_interfaces/include/gantry_lidar_interfaces/gantry_lidar_interfaces
[0.428s] -- Up-to-date: /home/lexij/roselab-perception/install/gantry_lidar_interfaces/include/gantry_lidar_interfaces/gantry_lidar_interfaces/msg
[0.428s] -- Up-to-date: /home/lexij/roselab-perception/install/gantry_lidar_interfaces/include/gantry_lidar_interfaces/gantry_lidar_interfaces/msg/rosidl_typesupport_fastrtps_c__visibility_control.h
[0.428s] -- Up-to-date: /home/lexij/roselab-perception/install/gantry_lidar_interfaces/include/gantry_lidar_interfaces/gantry_lidar_interfaces/srv
[0.428s] -- Up-to-date: /home/lexij/roselab-perception/install/gantry_lidar_interfaces/include/gantry_lidar_interfaces/gantry_lidar_interfaces/srv/detail
[0.429s] -- Up-to-date: /home/lexij/roselab-perception/install/gantry_lidar_interfaces/include/gantry_lidar_interfaces/gantry_lidar_interfaces/srv/detail/download_name__rosidl_typesupport_fastrtps_c.h
[0.429s] -- Up-to-date: /home/lexij/roselab-perception/install/gantry_lidar_interfaces/include/gantry_lidar_interfaces/gantry_lidar_interfaces/srv/detail/capture__rosidl_typesupport_fastrtps_c.h
[0.429s] -- Up-to-date: /home/lexij/roselab-perception/install/gantry_lidar_interfaces/include/gantry_lidar_interfaces/gantry_lidar_interfaces/srv/detail/delete_time_range__rosidl_typesupport_fastrtps_c.h
[0.429s] -- Up-to-date: /home/lexij/roselab-perception/install/gantry_lidar_interfaces/include/gantry_lidar_interfaces/gantry_lidar_interfaces/srv/detail/delete_name__rosidl_typesupport_fastrtps_c.h
[0.429s] -- Up-to-date: /home/lexij/roselab-perception/install/gantry_lidar_interfaces/include/gantry_lidar_interfaces/gantry_lidar_interfaces/srv/detail/download_time_range__rosidl_typesupport_fastrtps_c.h
[0.429s] -- Up-to-date: /home/lexij/roselab-perception/install/gantry_lidar_interfaces/lib/libgantry_lidar_interfaces__rosidl_typesupport_fastrtps_c.so
[0.429s] -- Up-to-date: /home/lexij/roselab-perception/install/gantry_lidar_interfaces/include/gantry_lidar_interfaces/gantry_lidar_interfaces
[0.429s] -- Up-to-date: /home/lexij/roselab-perception/install/gantry_lidar_interfaces/include/gantry_lidar_interfaces/gantry_lidar_interfaces/msg
[0.429s] -- Up-to-date: /home/lexij/roselab-perception/install/gantry_lidar_interfaces/include/gantry_lidar_interfaces/gantry_lidar_interfaces/msg/rosidl_typesupport_introspection_c__visibility_control.h
[0.429s] -- Up-to-date: /home/lexij/roselab-perception/install/gantry_lidar_interfaces/include/gantry_lidar_interfaces/gantry_lidar_interfaces/srv
[0.429s] -- Up-to-date: /home/lexij/roselab-perception/install/gantry_lidar_interfaces/include/gantry_lidar_interfaces/gantry_lidar_interfaces/srv/detail
[0.430s] -- Up-to-date: /home/lexij/roselab-perception/install/gantry_lidar_interfaces/include/gantry_lidar_interfaces/gantry_lidar_interfaces/srv/detail/capture__rosidl_typesupport_introspection_c.h
[0.430s] -- Up-to-date: /home/lexij/roselab-perception/install/gantry_lidar_interfaces/include/gantry_lidar_interfaces/gantry_lidar_interfaces/srv/detail/download_name__rosidl_typesupport_introspection_c.h
[0.430s] -- Up-to-date: /home/lexij/roselab-perception/install/gantry_lidar_interfaces/include/gantry_lidar_interfaces/gantry_lidar_interfaces/srv/detail/download_time_range__rosidl_typesupport_introspection_c.h
[0.430s] -- Up-to-date: /home/lexij/roselab-perception/install/gantry_lidar_interfaces/include/gantry_lidar_interfaces/gantry_lidar_interfaces/srv/detail/delete_name__rosidl_typesupport_introspection_c.h
[0.430s] -- Up-to-date: /home/lexij/roselab-perception/install/gantry_lidar_interfaces/include/gantry_lidar_interfaces/gantry_lidar_interfaces/srv/detail/download_time_range__type_support.c
[0.430s] -- Up-to-date: /home/lexij/roselab-perception/install/gantry_lidar_interfaces/include/gantry_lidar_interfaces/gantry_lidar_interfaces/srv/detail/delete_time_range__type_support.c
[0.430s] -- Up-to-date: /home/lexij/roselab-perception/install/gantry_lidar_interfaces/include/gantry_lidar_interfaces/gantry_lidar_interfaces/srv/detail/download_name__type_support.c
[0.430s] -- Up-to-date: /home/lexij/roselab-perception/install/gantry_lidar_interfaces/include/gantry_lidar_interfaces/gantry_lidar_interfaces/srv/detail/delete_name__type_support.c
[0.430s] -- Up-to-date: /home/lexij/roselab-perception/install/gantry_lidar_interfaces/include/gantry_lidar_interfaces/gantry_lidar_interfaces/srv/detail/capture__type_support.c
[0.430s] -- Up-to-date: /home/lexij/roselab-perception/install/gantry_lidar_interfaces/include/gantry_lidar_interfaces/gantry_lidar_interfaces/srv/detail/delete_time_range__rosidl_typesupport_introspection_c.h
[0.431s] -- Up-to-date: /home/lexij/roselab-perception/install/gantry_lidar_interfaces/lib/libgantry_lidar_interfaces__rosidl_typesupport_introspection_c.so
[0.432s] -- Up-to-date: /home/lexij/roselab-perception/install/gantry_lidar_interfaces/lib/libgantry_lidar_interfaces__rosidl_typesupport_c.so
[0.432s] -- Up-to-date: /home/lexij/roselab-perception/install/gantry_lidar_interfaces/include/gantry_lidar_interfaces/gantry_lidar_interfaces
[0.432s] -- Up-to-date: /home/lexij/roselab-perception/install/gantry_lidar_interfaces/include/gantry_lidar_interfaces/gantry_lidar_interfaces/msg
[0.432s] -- Up-to-date: /home/lexij/roselab-perception/install/gantry_lidar_interfaces/include/gantry_lidar_interfaces/gantry_lidar_interfaces/msg/rosidl_generator_cpp__visibility_control.hpp
[0.433s] -- Up-to-date: /home/lexij/roselab-perception/install/gantry_lidar_interfaces/include/gantry_lidar_interfaces/gantry_lidar_interfaces/srv
[0.433s] -- Up-to-date: /home/lexij/roselab-perception/install/gantry_lidar_interfaces/include/gantry_lidar_interfaces/gantry_lidar_interfaces/srv/download_time_range.hpp
[0.433s] -- Up-to-date: /home/lexij/roselab-perception/install/gantry_lidar_interfaces/include/gantry_lidar_interfaces/gantry_lidar_interfaces/srv/detail
[0.433s] -- Up-to-date: /home/lexij/roselab-perception/install/gantry_lidar_interfaces/include/gantry_lidar_interfaces/gantry_lidar_interfaces/srv/detail/delete_time_range__traits.hpp
[0.434s] -- Up-to-date: /home/lexij/roselab-perception/install/gantry_lidar_interfaces/include/gantry_lidar_interfaces/gantry_lidar_interfaces/srv/detail/download_time_range__builder.hpp
[0.434s] -- Up-to-date: /home/lexij/roselab-perception/install/gantry_lidar_interfaces/include/gantry_lidar_interfaces/gantry_lidar_interfaces/srv/detail/download_time_range__traits.hpp
[0.434s] -- Up-to-date: /home/lexij/roselab-perception/install/gantry_lidar_interfaces/include/gantry_lidar_interfaces/gantry_lidar_interfaces/srv/detail/capture__traits.hpp
[0.434s] -- Up-to-date: /home/lexij/roselab-perception/install/gantry_lidar_interfaces/include/gantry_lidar_interfaces/gantry_lidar_interfaces/srv/detail/delete_time_range__type_support.hpp
[0.435s] -- Up-to-date: /home/lexij/roselab-perception/install/gantry_lidar_interfaces/include/gantry_lidar_interfaces/gantry_lidar_interfaces/srv/detail/download_time_range__struct.hpp
[0.435s] -- Up-to-date: /home/lexij/roselab-perception/install/gantry_lidar_interfaces/include/gantry_lidar_interfaces/gantry_lidar_interfaces/srv/detail/delete_name__type_support.hpp
[0.435s] -- Up-to-date: /home/lexij/roselab-perception/install/gantry_lidar_interfaces/include/gantry_lidar_interfaces/gantry_lidar_interfaces/srv/detail/delete_time_range__builder.hpp
[0.435s] -- Up-to-date: /home/lexij/roselab-perception/install/gantry_lidar_interfaces/include/gantry_lidar_interfaces/gantry_lidar_interfaces/srv/detail/download_name__builder.hpp
[0.435s] -- Up-to-date: /home/lexij/roselab-perception/install/gantry_lidar_interfaces/include/gantry_lidar_interfaces/gantry_lidar_interfaces/srv/detail/download_name__struct.hpp
[0.435s] -- Up-to-date: /home/lexij/roselab-perception/install/gantry_lidar_interfaces/include/gantry_lidar_interfaces/gantry_lidar_interfaces/srv/detail/download_time_range__type_support.hpp
[0.435s] -- Up-to-date: /home/lexij/roselab-perception/install/gantry_lidar_interfaces/include/gantry_lidar_interfaces/gantry_lidar_interfaces/srv/detail/capture__type_support.hpp
[0.435s] -- Up-to-date: /home/lexij/roselab-perception/install/gantry_lidar_interfaces/include/gantry_lidar_interfaces/gantry_lidar_interfaces/srv/detail/download_name__traits.hpp
[0.436s] -- Up-to-date: /home/lexij/roselab-perception/install/gantry_lidar_interfaces/include/gantry_lidar_interfaces/gantry_lidar_interfaces/srv/detail/delete_name__builder.hpp
[0.436s] -- Up-to-date: /home/lexij/roselab-perception/install/gantry_lidar_interfaces/include/gantry_lidar_interfaces/gantry_lidar_interfaces/srv/detail/capture__builder.hpp
[0.436s] -- Up-to-date: /home/lexij/roselab-perception/install/gantry_lidar_interfaces/include/gantry_lidar_interfaces/gantry_lidar_interfaces/srv/detail/delete_time_range__struct.hpp
[0.436s] -- Up-to-date: /home/lexij/roselab-perception/install/gantry_lidar_interfaces/include/gantry_lidar_interfaces/gantry_lidar_interfaces/srv/detail/download_name__type_support.hpp
[0.436s] -- Up-to-date: /home/lexij/roselab-perception/install/gantry_lidar_interfaces/include/gantry_lidar_interfaces/gantry_lidar_interfaces/srv/detail/delete_name__struct.hpp
[0.436s] -- Up-to-date: /home/lexij/roselab-perception/install/gantry_lidar_interfaces/include/gantry_lidar_interfaces/gantry_lidar_interfaces/srv/detail/delete_name__traits.hpp
[0.436s] -- Up-to-date: /home/lexij/roselab-perception/install/gantry_lidar_interfaces/include/gantry_lidar_interfaces/gantry_lidar_interfaces/srv/detail/capture__struct.hpp
[0.436s] -- Up-to-date: /home/lexij/roselab-perception/install/gantry_lidar_interfaces/include/gantry_lidar_interfaces/gantry_lidar_interfaces/srv/download_name.hpp
[0.436s] -- Up-to-date: /home/lexij/roselab-perception/install/gantry_lidar_interfaces/include/gantry_lidar_interfaces/gantry_lidar_interfaces/srv/delete_name.hpp
[0.436s] -- Up-to-date: /home/lexij/roselab-perception/install/gantry_lidar_interfaces/include/gantry_lidar_interfaces/gantry_lidar_interfaces/srv/delete_time_range.hpp
[0.436s] -- Up-to-date: /home/lexij/roselab-perception/install/gantry_lidar_interfaces/include/gantry_lidar_interfaces/gantry_lidar_interfaces/srv/capture.hpp
[0.436s] -- Up-to-date: /home/lexij/roselab-perception/install/gantry_lidar_interfaces/include/gantry_lidar_interfaces/gantry_lidar_interfaces
[0.436s] -- Up-to-date: /home/lexij/roselab-perception/install/gantry_lidar_interfaces/include/gantry_lidar_interfaces/gantry_lidar_interfaces/msg
[0.436s] -- Up-to-date: /home/lexij/roselab-perception/install/gantry_lidar_interfaces/include/gantry_lidar_interfaces/gantry_lidar_interfaces/msg/rosidl_typesupport_fastrtps_cpp__visibility_control.h
[0.436s] -- Up-to-date: /home/lexij/roselab-perception/install/gantry_lidar_interfaces/include/gantry_lidar_interfaces/gantry_lidar_interfaces/srv
[0.436s] -- Up-to-date: /home/lexij/roselab-perception/install/gantry_lidar_interfaces/include/gantry_lidar_interfaces/gantry_lidar_interfaces/srv/detail
[0.436s] -- Up-to-date: /home/lexij/roselab-perception/install/gantry_lidar_interfaces/include/gantry_lidar_interfaces/gantry_lidar_interfaces/srv/detail/delete_time_range__rosidl_typesupport_fastrtps_cpp.hpp
[0.436s] -- Up-to-date: /home/lexij/roselab-perception/install/gantry_lidar_interfaces/include/gantry_lidar_interfaces/gantry_lidar_interfaces/srv/detail/download_time_range__rosidl_typesupport_fastrtps_cpp.hpp
[0.437s] -- Up-to-date: /home/lexij/roselab-perception/install/gantry_lidar_interfaces/include/gantry_lidar_interfaces/gantry_lidar_interfaces/srv/detail/download_name__rosidl_typesupport_fastrtps_cpp.hpp
[0.437s] -- Up-to-date: /home/lexij/roselab-perception/install/gantry_lidar_interfaces/include/gantry_lidar_interfaces/gantry_lidar_interfaces/srv/detail/dds_fastrtps
[0.437s] -- Up-to-date: /home/lexij/roselab-perception/install/gantry_lidar_interfaces/include/gantry_lidar_interfaces/gantry_lidar_interfaces/srv/detail/delete_name__rosidl_typesupport_fastrtps_cpp.hpp
[0.437s] -- Up-to-date: /home/lexij/roselab-perception/install/gantry_lidar_interfaces/include/gantry_lidar_interfaces/gantry_lidar_interfaces/srv/detail/capture__rosidl_typesupport_fastrtps_cpp.hpp
[0.438s] -- Up-to-date: /home/lexij/roselab-perception/install/gantry_lidar_interfaces/lib/libgantry_lidar_interfaces__rosidl_typesupport_fastrtps_cpp.so
[0.438s] -- Up-to-date: /home/lexij/roselab-perception/install/gantry_lidar_interfaces/include/gantry_lidar_interfaces/gantry_lidar_interfaces
[0.438s] -- Up-to-date: /home/lexij/roselab-perception/install/gantry_lidar_interfaces/include/gantry_lidar_interfaces/gantry_lidar_interfaces/srv
[0.438s] -- Up-to-date: /home/lexij/roselab-perception/install/gantry_lidar_interfaces/include/gantry_lidar_interfaces/gantry_lidar_interfaces/srv/detail
[0.438s] -- Up-to-date: /home/lexij/roselab-perception/install/gantry_lidar_interfaces/include/gantry_lidar_interfaces/gantry_lidar_interfaces/srv/detail/delete_time_range__rosidl_typesupport_introspection_cpp.hpp
[0.438s] -- Up-to-date: /home/lexij/roselab-perception/install/gantry_lidar_interfaces/include/gantry_lidar_interfaces/gantry_lidar_interfaces/srv/detail/download_time_range__rosidl_typesupport_introspection_cpp.hpp
[0.439s] -- Up-to-date: /home/lexij/roselab-perception/install/gantry_lidar_interfaces/include/gantry_lidar_interfaces/gantry_lidar_interfaces/srv/detail/delete_name__type_support.cpp
[0.439s] -- Up-to-date: /home/lexij/roselab-perception/install/gantry_lidar_interfaces/include/gantry_lidar_interfaces/gantry_lidar_interfaces/srv/detail/capture__rosidl_typesupport_introspection_cpp.hpp
[0.439s] -- Up-to-date: /home/lexij/roselab-perception/install/gantry_lidar_interfaces/include/gantry_lidar_interfaces/gantry_lidar_interfaces/srv/detail/delete_name__rosidl_typesupport_introspection_cpp.hpp
[0.439s] -- Up-to-date: /home/lexij/roselab-perception/install/gantry_lidar_interfaces/include/gantry_lidar_interfaces/gantry_lidar_interfaces/srv/detail/capture__type_support.cpp
[0.439s] -- Up-to-date: /home/lexij/roselab-perception/install/gantry_lidar_interfaces/include/gantry_lidar_interfaces/gantry_lidar_interfaces/srv/detail/delete_time_range__type_support.cpp
[0.439s] -- Up-to-date: /home/lexij/roselab-perception/install/gantry_lidar_interfaces/include/gantry_lidar_interfaces/gantry_lidar_interfaces/srv/detail/download_name__type_support.cpp
[0.439s] -- Up-to-date: /home/lexij/roselab-perception/install/gantry_lidar_interfaces/include/gantry_lidar_interfaces/gantry_lidar_interfaces/srv/detail/download_time_range__type_support.cpp
[0.439s] -- Up-to-date: /home/lexij/roselab-perception/install/gantry_lidar_interfaces/include/gantry_lidar_interfaces/gantry_lidar_interfaces/srv/detail/download_name__rosidl_typesupport_introspection_cpp.hpp
[0.440s] -- Up-to-date: /home/lexij/roselab-perception/install/gantry_lidar_interfaces/lib/libgantry_lidar_interfaces__rosidl_typesupport_introspection_cpp.so
[0.440s] -- Up-to-date: /home/lexij/roselab-perception/install/gantry_lidar_interfaces/lib/libgantry_lidar_interfaces__rosidl_typesupport_cpp.so
[0.440s] -- Up-to-date: /home/lexij/roselab-perception/install/gantry_lidar_interfaces/share/gantry_lidar_interfaces/environment/pythonpath.sh
[0.441s] -- Up-to-date: /home/lexij/roselab-perception/install/gantry_lidar_interfaces/share/gantry_lidar_interfaces/environment/pythonpath.dsv
[0.441s] -- Up-to-date: /home/lexij/roselab-perception/install/gantry_lidar_interfaces/lib/python3.12/site-packages/gantry_lidar_interfaces-0.0.0-py3.12.egg-info
[0.441s] -- Installing: /home/lexij/roselab-perception/install/gantry_lidar_interfaces/lib/python3.12/site-packages/gantry_lidar_interfaces-0.0.0-py3.12.egg-info/top_level.txt
[0.441s] -- Installing: /home/lexij/roselab-perception/install/gantry_lidar_interfaces/lib/python3.12/site-packages/gantry_lidar_interfaces-0.0.0-py3.12.egg-info/PKG-INFO
[0.441s] -- Installing: /home/lexij/roselab-perception/install/gantry_lidar_interfaces/lib/python3.12/site-packages/gantry_lidar_interfaces-0.0.0-py3.12.egg-info/dependency_links.txt
[0.442s] -- Installing: /home/lexij/roselab-perception/install/gantry_lidar_interfaces/lib/python3.12/site-packages/gantry_lidar_interfaces-0.0.0-py3.12.egg-info/SOURCES.txt
[0.442s] -- Up-to-date: /home/lexij/roselab-perception/install/gantry_lidar_interfaces/lib/python3.12/site-packages/gantry_lidar_interfaces
[0.442s] -- Up-to-date: /home/lexij/roselab-perception/install/gantry_lidar_interfaces/lib/python3.12/site-packages/gantry_lidar_interfaces/gantry_lidar_interfaces_s__rosidl_typesupport_fastrtps_c.so
[0.442s] -- Up-to-date: /home/lexij/roselab-perception/install/gantry_lidar_interfaces/lib/python3.12/site-packages/gantry_lidar_interfaces/_gantry_lidar_interfaces_s.ep.rosidl_typesupport_fastrtps_c.c
[0.442s] -- Up-to-date: /home/lexij/roselab-perception/install/gantry_lidar_interfaces/lib/python3.12/site-packages/gantry_lidar_interfaces/_gantry_lidar_interfaces_s.ep.rosidl_typesupport_introspection_c.c
[0.442s] -- Up-to-date: /home/lexij/roselab-perception/install/gantry_lidar_interfaces/lib/python3.12/site-packages/gantry_lidar_interfaces/__init__.py
[0.443s] -- Up-to-date: /home/lexij/roselab-perception/install/gantry_lidar_interfaces/lib/python3.12/site-packages/gantry_lidar_interfaces/_gantry_lidar_interfaces_s.ep.rosidl_typesupport_c.c
[0.443s] -- Up-to-date: /home/lexij/roselab-perception/install/gantry_lidar_interfaces/lib/python3.12/site-packages/gantry_lidar_interfaces/gantry_lidar_interfaces_s__rosidl_typesupport_introspection_c.so
[0.443s] -- Up-to-date: /home/lexij/roselab-perception/install/gantry_lidar_interfaces/lib/python3.12/site-packages/gantry_lidar_interfaces/gantry_lidar_interfaces_s__rosidl_typesupport_c.so
[0.443s] -- Up-to-date: /home/lexij/roselab-perception/install/gantry_lidar_interfaces/lib/python3.12/site-packages/gantry_lidar_interfaces/srv
[0.443s] -- Up-to-date: /home/lexij/roselab-perception/install/gantry_lidar_interfaces/lib/python3.12/site-packages/gantry_lidar_interfaces/srv/_delete_name_s.c
[0.443s] -- Up-to-date: /home/lexij/roselab-perception/install/gantry_lidar_interfaces/lib/python3.12/site-packages/gantry_lidar_interfaces/srv/_delete_name.py
[0.443s] -- Up-to-date: /home/lexij/roselab-perception/install/gantry_lidar_interfaces/lib/python3.12/site-packages/gantry_lidar_interfaces/srv/__init__.py
[0.443s] -- Up-to-date: /home/lexij/roselab-perception/install/gantry_lidar_interfaces/lib/python3.12/site-packages/gantry_lidar_interfaces/srv/_capture.py
[0.443s] -- Up-to-date: /home/lexij/roselab-perception/install/gantry_lidar_interfaces/lib/python3.12/site-packages/gantry_lidar_interfaces/srv/_download_time_range_s.c
[0.443s] -- Up-to-date: /home/lexij/roselab-perception/install/gantry_lidar_interfaces/lib/python3.12/site-packages/gantry_lidar_interfaces/srv/_download_name.py
[0.444s] -- Up-to-date: /home/lexij/roselab-perception/install/gantry_lidar_interfaces/lib/python3.12/site-packages/gantry_lidar_interfaces/srv/_delete_time_range.py
[0.444s] -- Up-to-date: /home/lexij/roselab-perception/install/gantry_lidar_interfaces/lib/python3.12/site-packages/gantry_lidar_interfaces/srv/_capture_s.c
[0.444s] -- Up-to-date: /home/lexij/roselab-perception/install/gantry_lidar_interfaces/lib/python3.12/site-packages/gantry_lidar_interfaces/srv/_delete_time_range_s.c
[0.444s] -- Up-to-date: /home/lexij/roselab-perception/install/gantry_lidar_interfaces/lib/python3.12/site-packages/gantry_lidar_interfaces/srv/_download_time_range.py
[0.444s] -- Up-to-date: /home/lexij/roselab-perception/install/gantry_lidar_interfaces/lib/python3.12/site-packages/gantry_lidar_interfaces/srv/_download_name_s.c
[0.487s] Listing '/home/lexij/roselab-perception/install/gantry_lidar_interfaces/lib/python3.12/site-packages/gantry_lidar_interfaces'...
[0.488s] Listing '/home/lexij/roselab-perception/install/gantry_lidar_interfaces/lib/python3.12/site-packages/gantry_lidar_interfaces/srv'...
[0.492s] -- Up-to-date: /home/lexij/roselab-perception/install/gantry_lidar_interfaces/lib/python3.12/site-packages/gantry_lidar_interfaces/gantry_lidar_interfaces_s__rosidl_typesupport_fastrtps_c.so
[0.493s] -- Up-to-date: /home/lexij/roselab-perception/install/gantry_lidar_interfaces/lib/python3.12/site-packages/gantry_lidar_interfaces/gantry_lidar_interfaces_s__rosidl_typesupport_introspection_c.so
[0.494s] -- Up-to-date: /home/lexij/roselab-perception/install/gantry_lidar_interfaces/lib/python3.12/site-packages/gantry_lidar_interfaces/gantry_lidar_interfaces_s__rosidl_typesupport_c.so
[0.495s] -- Up-to-date: /home/lexij/roselab-perception/install/gantry_lidar_interfaces/lib/libgantry_lidar_interfaces__rosidl_generator_py.so
[0.496s] -- Up-to-date: /home/lexij/roselab-perception/install/gantry_lidar_interfaces/share/gantry_lidar_interfaces/srv/Capture.idl
[0.496s] -- Up-to-date: /home/lexij/roselab-perception/install/gantry_lidar_interfaces/share/gantry_lidar_interfaces/srv/DeleteName.idl
[0.496s] -- Up-to-date: /home/lexij/roselab-perception/install/gantry_lidar_interfaces/share/gantry_lidar_interfaces/srv/DeleteTimeRange.idl
[0.496s] -- Up-to-date: /home/lexij/roselab-perception/install/gantry_lidar_interfaces/share/gantry_lidar_interfaces/srv/DownloadName.idl
[0.496s] -- Up-to-date: /home/lexij/roselab-perception/install/gantry_lidar_interfaces/share/gantry_lidar_interfaces/srv/DownloadTimeRange.idl
[0.496s] -- Up-to-date: /home/lexij/roselab-perception/install/gantry_lidar_interfaces/share/gantry_lidar_interfaces/srv/Capture.srv
[0.496s] -- Up-to-date: /home/lexij/roselab-perception/install/gantry_lidar_interfaces/share/gantry_lidar_interfaces/srv/DeleteName.srv
[0.496s] -- Up-to-date: /home/lexij/roselab-perception/install/gantry_lidar_interfaces/share/gantry_lidar_interfaces/srv/DeleteTimeRange.srv
[0.497s] -- Up-to-date: /home/lexij/roselab-perception/install/gantry_lidar_interfaces/share/gantry_lidar_interfaces/srv/DownloadName.srv
[0.497s] -- Up-to-date: /home/lexij/roselab-perception/install/gantry_lidar_interfaces/share/gantry_lidar_interfaces/srv/DownloadTimeRange.srv
[0.497s] -- Up-to-date: /home/lexij/roselab-perception/install/gantry_lidar_interfaces/share/ament_index/resource_index/package_run_dependencies/gantry_lidar_interfaces
[0.497s] -- Up-to-date: /home/lexij/roselab-perception/install/gantry_lidar_interfaces/share/ament_index/resource_index/parent_prefix_path/gantry_lidar_interfaces
[0.497s] -- Up-to-date: /home/lexij/roselab-perception/install/gantry_lidar_interfaces/share/gantry_lidar_interfaces/environment/ament_prefix_path.sh
[0.497s] -- Up-to-date: /home/lexij/roselab-perception/install/gantry_lidar_interfaces/share/gantry_lidar_interfaces/environment/ament_prefix_path.dsv
[0.497s] -- Up-to-date: /home/lexij/roselab-perception/install/gantry_lidar_interfaces/share/gantry_lidar_interfaces/environment/path.sh
[0.497s] -- Up-to-date: /home/lexij/roselab-perception/install/gantry_lidar_interfaces/share/gantry_lidar_interfaces/environment/path.dsv
[0.497s] -- Up-to-date: /home/lexij/roselab-perception/install/gantry_lidar_interfaces/share/gantry_lidar_interfaces/local_setup.bash
[0.497s] -- Up-to-date: /home/lexij/roselab-perception/install/gantry_lidar_interfaces/share/gantry_lidar_interfaces/local_setup.sh
[0.497s] -- Up-to-date: /home/lexij/roselab-perception/install/gantry_lidar_interfaces/share/gantry_lidar_interfaces/local_setup.zsh
[0.498s] -- Up-to-date: /home/lexij/roselab-perception/install/gantry_lidar_interfaces/share/gantry_lidar_interfaces/local_setup.dsv
[0.498s] -- Installing: /home/lexij/roselab-perception/install/gantry_lidar_interfaces/share/gantry_lidar_interfaces/package.dsv
[0.498s] -- Up-to-date: /home/lexij/roselab-perception/install/gantry_lidar_interfaces/share/ament_index/resource_index/packages/gantry_lidar_interfaces
[0.498s] -- Up-to-date: /home/lexij/roselab-perception/install/gantry_lidar_interfaces/share/gantry_lidar_interfaces/cmake/export_gantry_lidar_interfaces__rosidl_generator_cExport.cmake
[0.498s] -- Up-to-date: /home/lexij/roselab-perception/install/gantry_lidar_interfaces/share/gantry_lidar_interfaces/cmake/export_gantry_lidar_interfaces__rosidl_generator_cExport-noconfig.cmake
[0.498s] -- Up-to-date: /home/lexij/roselab-perception/install/gantry_lidar_interfaces/share/gantry_lidar_interfaces/cmake/export_gantry_lidar_interfaces__rosidl_typesupport_fastrtps_cExport.cmake
[0.499s] -- Up-to-date: /home/lexij/roselab-perception/install/gantry_lidar_interfaces/share/gantry_lidar_interfaces/cmake/export_gantry_lidar_interfaces__rosidl_typesupport_fastrtps_cExport-noconfig.cmake
[0.499s] -- Up-to-date: /home/lexij/roselab-perception/install/gantry_lidar_interfaces/share/gantry_lidar_interfaces/cmake/gantry_lidar_interfaces__rosidl_typesupport_introspection_cExport.cmake
[0.499s] -- Up-to-date: /home/lexij/roselab-perception/install/gantry_lidar_interfaces/share/gantry_lidar_interfaces/cmake/gantry_lidar_interfaces__rosidl_typesupport_introspection_cExport-noconfig.cmake
[0.499s] -- Up-to-date: /home/lexij/roselab-perception/install/gantry_lidar_interfaces/share/gantry_lidar_interfaces/cmake/gantry_lidar_interfaces__rosidl_typesupport_cExport.cmake
[0.499s] -- Up-to-date: /home/lexij/roselab-perception/install/gantry_lidar_interfaces/share/gantry_lidar_interfaces/cmake/gantry_lidar_interfaces__rosidl_typesupport_cExport-noconfig.cmake
[0.500s] -- Up-to-date: /home/lexij/roselab-perception/install/gantry_lidar_interfaces/share/gantry_lidar_interfaces/cmake/export_gantry_lidar_interfaces__rosidl_generator_cppExport.cmake
[0.500s] -- Up-to-date: /home/lexij/roselab-perception/install/gantry_lidar_interfaces/share/gantry_lidar_interfaces/cmake/export_gantry_lidar_interfaces__rosidl_typesupport_fastrtps_cppExport.cmake
[0.501s] -- Up-to-date: /home/lexij/roselab-perception/install/gantry_lidar_interfaces/share/gantry_lidar_interfaces/cmake/export_gantry_lidar_interfaces__rosidl_typesupport_fastrtps_cppExport-noconfig.cmake
[0.501s] -- Up-to-date: /home/lexij/roselab-perception/install/gantry_lidar_interfaces/share/gantry_lidar_interfaces/cmake/gantry_lidar_interfaces__rosidl_typesupport_introspection_cppExport.cmake
[0.501s] -- Up-to-date: /home/lexij/roselab-perception/install/gantry_lidar_interfaces/share/gantry_lidar_interfaces/cmake/gantry_lidar_interfaces__rosidl_typesupport_introspection_cppExport-noconfig.cmake
[0.502s] -- Up-to-date: /home/lexij/roselab-perception/install/gantry_lidar_interfaces/share/gantry_lidar_interfaces/cmake/gantry_lidar_interfaces__rosidl_typesupport_cppExport.cmake
[0.502s] -- Up-to-date: /home/lexij/roselab-perception/install/gantry_lidar_interfaces/share/gantry_lidar_interfaces/cmake/gantry_lidar_interfaces__rosidl_typesupport_cppExport-noconfig.cmake
[0.503s] -- Up-to-date: /home/lexij/roselab-perception/install/gantry_lidar_interfaces/share/gantry_lidar_interfaces/cmake/export_gantry_lidar_interfaces__rosidl_generator_pyExport.cmake
[0.503s] -- Up-to-date: /home/lexij/roselab-perception/install/gantry_lidar_interfaces/share/gantry_lidar_interfaces/cmake/export_gantry_lidar_interfaces__rosidl_generator_pyExport-noconfig.cmake
[0.503s] -- Up-to-date: /home/lexij/roselab-perception/install/gantry_lidar_interfaces/share/gantry_lidar_interfaces/cmake/rosidl_cmake-extras.cmake
[0.503s] -- Up-to-date: /home/lexij/roselab-perception/install/gantry_lidar_interfaces/share/gantry_lidar_interfaces/cmake/ament_cmake_export_dependencies-extras.cmake
[0.503s] -- Up-to-date: /home/lexij/roselab-perception/install/gantry_lidar_interfaces/share/gantry_lidar_interfaces/cmake/ament_cmake_export_include_directories-extras.cmake
[0.504s] -- Up-to-date: /home/lexij/roselab-perception/install/gantry_lidar_interfaces/share/gantry_lidar_interfaces/cmake/ament_cmake_export_libraries-extras.cmake
[0.504s] -- Up-to-date: /home/lexij/roselab-perception/install/gantry_lidar_interfaces/share/gantry_lidar_interfaces/cmake/ament_cmake_export_targets-extras.cmake
[0.504s] -- Up-to-date: /home/lexij/roselab-perception/install/gantry_lidar_interfaces/share/gantry_lidar_interfaces/cmake/rosidl_cmake_export_typesupport_targets-extras.cmake
[0.504s] -- Up-to-date: /home/lexij/roselab-perception/install/gantry_lidar_interfaces/share/gantry_lidar_interfaces/cmake/rosidl_cmake_export_typesupport_libraries-extras.cmake
[0.504s] -- Up-to-date: /home/lexij/roselab-perception/install/gantry_lidar_interfaces/share/gantry_lidar_interfaces/cmake/gantry_lidar_interfacesConfig.cmake
[0.504s] -- Up-to-date: /home/lexij/roselab-perception/install/gantry_lidar_interfaces/share/gantry_lidar_interfaces/cmake/gantry_lidar_interfacesConfig-version.cmake
[0.504s] -- Up-to-date: /home/lexij/roselab-perception/install/gantry_lidar_interfaces/share/gantry_lidar_interfaces/package.xml
[0.507s] Invoked command in '/home/lexij/roselab-perception/build/gantry_lidar_interfaces' returned '0': CMAKE_PREFIX_PATH=${CMAKE_PREFIX_PATH}:/home/lexij/roselab-perception/install/scan_automation:/home/lexij/roselab-perception/install/mastcam_pointcloud:/home/lexij/roselab-perception/install/gantry_services:/home/lexij/roselab-perception/install/aggregated_pointcloud:/opt/ros/jazzy /usr/bin/cmake --install /home/lexij/roselab-perception/build/gantry_lidar_interfaces
