[0.044s] Invoking command in '/home/lexij/roselab-perception/build/gantry_lidar_interfaces': CMAKE_PREFIX_PATH=${CMAKE_PREFIX_PATH}:/home/lexij/roselab-perception/install/scan_automation:/home/lexij/roselab-perception/install/mastcam_pointcloud:/home/lexij/roselab-perception/install/gantry_services:/home/lexij/roselab-perception/install/aggregated_pointcloud:/opt/ros/jazzy /usr/bin/cmake --build /home/lexij/roselab-perception/build/gantry_lidar_interfaces -- -j22 -l22
[0.727s] [  1%] Built target gantry_lidar_interfaces__rosidl_generator_type_description
[0.727s] [  1%] Built target ament_cmake_python_copy_gantry_lidar_interfaces
[0.727s] [  2%] Built target gantry_lidar_interfaces__cpp
[0.727s] [ 25%] Built target gantry_lidar_interfaces__rosidl_generator_c
[0.728s] [ 35%] Built target gantry_lidar_interfaces__rosidl_typesupport_c
[0.728s] [ 44%] Built target gantry_lidar_interfaces__rosidl_typesupport_introspection_cpp
[0.729s] [ 54%] Built target gantry_lidar_interfaces__rosidl_typesupport_fastrtps_c
[0.729s] [ 63%] Built target gantry_lidar_interfaces__rosidl_typesupport_introspection_c
[0.729s] [ 72%] Built target gantry_lidar_interfaces__rosidl_typesupport_fastrtps_cpp
[0.730s] [ 82%] Built target gantry_lidar_interfaces__rosidl_typesupport_cpp
[0.730s] [ 82%] Built target gantry_lidar_interfaces
[0.731s] [ 83%] Built target gantry_lidar_interfaces__py
[0.731s] [ 91%] Built target gantry_lidar_interfaces__rosidl_generator_py
[0.731s] [ 94%] Built target gantry_lidar_interfaces_s__rosidl_typesupport_fastrtps_c
[0.731s] [ 97%] Built target gantry_lidar_interfaces_s__rosidl_typesupport_c
[0.731s] [100%] Built target gantry_lidar_interfaces_s__rosidl_typesupport_introspection_c
[0.732s] running egg_info
[0.732s] writing gantry_lidar_interfaces.egg-info/PKG-INFO
[0.732s] writing dependency_links to gantry_lidar_interfaces.egg-info/dependency_links.txt
[0.733s] writing top-level names to gantry_lidar_interfaces.egg-info/top_level.txt
[0.733s] reading manifest file 'gantry_lidar_interfaces.egg-info/SOURCES.txt'
[0.733s] writing manifest file 'gantry_lidar_interfaces.egg-info/SOURCES.txt'
[0.733s] [100%] Built target ament_cmake_python_build_gantry_lidar_interfaces_egg
[0.733s] Invoked command in '/home/lexij/roselab-perception/build/gantry_lidar_interfaces' returned '0': CMAKE_PREFIX_PATH=${CMAKE_PREFIX_PATH}:/home/lexij/roselab-perception/install/scan_automation:/home/lexij/roselab-perception/install/mastcam_pointcloud:/home/lexij/roselab-perception/install/gantry_services:/home/lexij/roselab-perception/install/aggregated_pointcloud:/opt/ros/jazzy /usr/bin/cmake --build /home/lexij/roselab-perception/build/gantry_lidar_interfaces -- -j22 -l22
[0.745s] Invoking command in '/home/lexij/roselab-perception/build/gantry_lidar_interfaces': CMAKE_PREFIX_PATH=${CMAKE_PREFIX_PATH}:/home/lexij/roselab-perception/install/scan_automation:/home/lexij/roselab-perception/install/mastcam_pointcloud:/home/lexij/roselab-perception/install/gantry_services:/home/lexij/roselab-perception/install/aggregated_pointcloud:/opt/ros/jazzy /usr/bin/cmake --install /home/lexij/roselab-perception/build/gantry_lidar_interfaces
[0.755s] -- Install configuration: ""
[0.757s] -- Up-to-date: /home/lexij/roselab-perception/install/gantry_lidar_interfaces/share/ament_index/resource_index/rosidl_interfaces/gantry_lidar_interfaces
[0.758s] -- Up-to-date: /home/lexij/roselab-perception/install/gantry_lidar_interfaces/share/gantry_lidar_interfaces/srv/Capture.json
[0.758s] -- Up-to-date: /home/lexij/roselab-perception/install/gantry_lidar_interfaces/share/gantry_lidar_interfaces/srv/DeleteName.json
[0.758s] -- Up-to-date: /home/lexij/roselab-perception/install/gantry_lidar_interfaces/share/gantry_lidar_interfaces/srv/DeleteTimeRange.json
[0.758s] -- Up-to-date: /home/lexij/roselab-perception/install/gantry_lidar_interfaces/share/gantry_lidar_interfaces/srv/DownloadName.json
[0.758s] -- Up-to-date: /home/lexij/roselab-perception/install/gantry_lidar_interfaces/share/gantry_lidar_interfaces/srv/DownloadTimeRange.json
[0.759s] -- Up-to-date: /home/lexij/roselab-perception/install/gantry_lidar_interfaces/include/gantry_lidar_interfaces/gantry_lidar_interfaces
[0.759s] -- Up-to-date: /home/lexij/roselab-perception/install/gantry_lidar_interfaces/include/gantry_lidar_interfaces/gantry_lidar_interfaces/msg
[0.759s] -- Up-to-date: /home/lexij/roselab-perception/install/gantry_lidar_interfaces/include/gantry_lidar_interfaces/gantry_lidar_interfaces/msg/rosidl_generator_c__visibility_control.h
[0.759s] -- Up-to-date: /home/lexij/roselab-perception/install/gantry_lidar_interfaces/include/gantry_lidar_interfaces/gantry_lidar_interfaces/srv
[0.760s] -- Up-to-date: /home/lexij/roselab-perception/install/gantry_lidar_interfaces/include/gantry_lidar_interfaces/gantry_lidar_interfaces/srv/delete_name.h
[0.760s] -- Up-to-date: /home/lexij/roselab-perception/install/gantry_lidar_interfaces/include/gantry_lidar_interfaces/gantry_lidar_interfaces/srv/download_name.h
[0.761s] -- Up-to-date: /home/lexij/roselab-perception/install/gantry_lidar_interfaces/include/gantry_lidar_interfaces/gantry_lidar_interfaces/srv/capture.h
[0.761s] -- Up-to-date: /home/lexij/roselab-perception/install/gantry_lidar_interfaces/include/gantry_lidar_interfaces/gantry_lidar_interfaces/srv/detail
[0.761s] -- Up-to-date: /home/lexij/roselab-perception/install/gantry_lidar_interfaces/include/gantry_lidar_interfaces/gantry_lidar_interfaces/srv/detail/download_name__description.c
[0.761s] -- Up-to-date: /home/lexij/roselab-perception/install/gantry_lidar_interfaces/include/gantry_lidar_interfaces/gantry_lidar_interfaces/srv/detail/download_name__functions.h
[0.761s] -- Up-to-date: /home/lexij/roselab-perception/install/gantry_lidar_interfaces/include/gantry_lidar_interfaces/gantry_lidar_interfaces/srv/detail/capture__description.c
[0.761s] -- Up-to-date: /home/lexij/roselab-perception/install/gantry_lidar_interfaces/include/gantry_lidar_interfaces/gantry_lidar_interfaces/srv/detail/delete_time_range__functions.c
[0.761s] -- Up-to-date: /home/lexij/roselab-perception/install/gantry_lidar_interfaces/include/gantry_lidar_interfaces/gantry_lidar_interfaces/srv/detail/download_time_range__functions.c
[0.762s] -- Up-to-date: /home/lexij/roselab-perception/install/gantry_lidar_interfaces/include/gantry_lidar_interfaces/gantry_lidar_interfaces/srv/detail/delete_time_range__type_support.h
[0.762s] -- Up-to-date: /home/lexij/roselab-perception/install/gantry_lidar_interfaces/include/gantry_lidar_interfaces/gantry_lidar_interfaces/srv/detail/download_name__type_support.h
[0.763s] -- Up-to-date: /home/lexij/roselab-perception/install/gantry_lidar_interfaces/include/gantry_lidar_interfaces/gantry_lidar_interfaces/srv/detail/delete_name__functions.c
[0.763s] -- Up-to-date: /home/lexij/roselab-perception/install/gantry_lidar_interfaces/include/gantry_lidar_interfaces/gantry_lidar_interfaces/srv/detail/download_time_range__type_support.c
[0.763s] -- Up-to-date: /home/lexij/roselab-perception/install/gantry_lidar_interfaces/include/gantry_lidar_interfaces/gantry_lidar_interfaces/srv/detail/delete_time_range__description.c
[0.763s] -- Up-to-date: /home/lexij/roselab-perception/install/gantry_lidar_interfaces/include/gantry_lidar_interfaces/gantry_lidar_interfaces/srv/detail/download_time_range__functions.h
[0.763s] -- Up-to-date: /home/lexij/roselab-perception/install/gantry_lidar_interfaces/include/gantry_lidar_interfaces/gantry_lidar_interfaces/srv/detail/delete_time_range__type_support.c
[0.763s] -- Up-to-date: /home/lexij/roselab-perception/install/gantry_lidar_interfaces/include/gantry_lidar_interfaces/gantry_lidar_interfaces/srv/detail/download_name__type_support.c
[0.764s] -- Up-to-date: /home/lexij/roselab-perception/install/gantry_lidar_interfaces/include/gantry_lidar_interfaces/gantry_lidar_interfaces/srv/detail/download_time_range__type_support.h
[0.764s] -- Up-to-date: /home/lexij/roselab-perception/install/gantry_lidar_interfaces/include/gantry_lidar_interfaces/gantry_lidar_interfaces/srv/detail/delete_name__type_support.h
[0.764s] -- Up-to-date: /home/lexij/roselab-perception/install/gantry_lidar_interfaces/include/gantry_lidar_interfaces/gantry_lidar_interfaces/srv/detail/delete_name__description.c
[0.764s] -- Up-to-date: /home/lexij/roselab-perception/install/gantry_lidar_interfaces/include/gantry_lidar_interfaces/gantry_lidar_interfaces/srv/detail/download_name__struct.h
[0.764s] -- Up-to-date: /home/lexij/roselab-perception/install/gantry_lidar_interfaces/include/gantry_lidar_interfaces/gantry_lidar_interfaces/srv/detail/delete_name__type_support.c
[0.764s] -- Up-to-date: /home/lexij/roselab-perception/install/gantry_lidar_interfaces/include/gantry_lidar_interfaces/gantry_lidar_interfaces/srv/detail/capture__functions.h
[0.765s] -- Up-to-date: /home/lexij/roselab-perception/install/gantry_lidar_interfaces/include/gantry_lidar_interfaces/gantry_lidar_interfaces/srv/detail/capture__struct.h
[0.765s] -- Up-to-date: /home/lexij/roselab-perception/install/gantry_lidar_interfaces/include/gantry_lidar_interfaces/gantry_lidar_interfaces/srv/detail/download_time_range__description.c
[0.765s] -- Up-to-date: /home/lexij/roselab-perception/install/gantry_lidar_interfaces/include/gantry_lidar_interfaces/gantry_lidar_interfaces/srv/detail/capture__type_support.h
[0.765s] -- Up-to-date: /home/lexij/roselab-perception/install/gantry_lidar_interfaces/include/gantry_lidar_interfaces/gantry_lidar_interfaces/srv/detail/download_name__functions.c
[0.766s] -- Up-to-date: /home/lexij/roselab-perception/install/gantry_lidar_interfaces/include/gantry_lidar_interfaces/gantry_lidar_interfaces/srv/detail/delete_name__functions.h
[0.766s] -- Up-to-date: /home/lexij/roselab-perception/install/gantry_lidar_interfaces/include/gantry_lidar_interfaces/gantry_lidar_interfaces/srv/detail/capture__functions.c
[0.766s] -- Up-to-date: /home/lexij/roselab-perception/install/gantry_lidar_interfaces/include/gantry_lidar_interfaces/gantry_lidar_interfaces/srv/detail/capture__type_support.c
[0.766s] -- Up-to-date: /home/lexij/roselab-perception/install/gantry_lidar_interfaces/include/gantry_lidar_interfaces/gantry_lidar_interfaces/srv/detail/delete_time_range__functions.h
[0.766s] -- Up-to-date: /home/lexij/roselab-perception/install/gantry_lidar_interfaces/include/gantry_lidar_interfaces/gantry_lidar_interfaces/srv/detail/delete_time_range__struct.h
[0.766s] -- Up-to-date: /home/lexij/roselab-perception/install/gantry_lidar_interfaces/include/gantry_lidar_interfaces/gantry_lidar_interfaces/srv/detail/delete_name__struct.h
[0.767s] -- Up-to-date: /home/lexij/roselab-perception/install/gantry_lidar_interfaces/include/gantry_lidar_interfaces/gantry_lidar_interfaces/srv/detail/download_time_range__struct.h
[0.767s] -- Up-to-date: /home/lexij/roselab-perception/install/gantry_lidar_interfaces/include/gantry_lidar_interfaces/gantry_lidar_interfaces/srv/delete_time_range.h
[0.767s] -- Up-to-date: /home/lexij/roselab-perception/install/gantry_lidar_interfaces/include/gantry_lidar_interfaces/gantry_lidar_interfaces/srv/download_time_range.h
[0.767s] -- Up-to-date: /home/lexij/roselab-perception/install/gantry_lidar_interfaces/share/gantry_lidar_interfaces/environment/library_path.sh
[0.767s] -- Up-to-date: /home/lexij/roselab-perception/install/gantry_lidar_interfaces/share/gantry_lidar_interfaces/environment/library_path.dsv
[0.767s] -- Up-to-date: /home/lexij/roselab-perception/install/gantry_lidar_interfaces/lib/libgantry_lidar_interfaces__rosidl_generator_c.so
[0.767s] -- Up-to-date: /home/lexij/roselab-perception/install/gantry_lidar_interfaces/include/gantry_lidar_interfaces/gantry_lidar_interfaces
[0.767s] -- Up-to-date: /home/lexij/roselab-perception/install/gantry_lidar_interfaces/include/gantry_lidar_interfaces/gantry_lidar_interfaces/msg
[0.768s] -- Up-to-date: /home/lexij/roselab-perception/install/gantry_lidar_interfaces/include/gantry_lidar_interfaces/gantry_lidar_interfaces/msg/rosidl_typesupport_fastrtps_c__visibility_control.h
[0.768s] -- Up-to-date: /home/lexij/roselab-perception/install/gantry_lidar_interfaces/include/gantry_lidar_interfaces/gantry_lidar_interfaces/srv
[0.768s] -- Up-to-date: /home/lexij/roselab-perception/install/gantry_lidar_interfaces/include/gantry_lidar_interfaces/gantry_lidar_interfaces/srv/detail
[0.768s] -- Up-to-date: /home/lexij/roselab-perception/install/gantry_lidar_interfaces/include/gantry_lidar_interfaces/gantry_lidar_interfaces/srv/detail/download_name__rosidl_typesupport_fastrtps_c.h
[0.768s] -- Up-to-date: /home/lexij/roselab-perception/install/gantry_lidar_interfaces/include/gantry_lidar_interfaces/gantry_lidar_interfaces/srv/detail/capture__rosidl_typesupport_fastrtps_c.h
[0.768s] -- Up-to-date: /home/lexij/roselab-perception/install/gantry_lidar_interfaces/include/gantry_lidar_interfaces/gantry_lidar_interfaces/srv/detail/delete_time_range__rosidl_typesupport_fastrtps_c.h
[0.768s] -- Up-to-date: /home/lexij/roselab-perception/install/gantry_lidar_interfaces/include/gantry_lidar_interfaces/gantry_lidar_interfaces/srv/detail/delete_name__rosidl_typesupport_fastrtps_c.h
[0.768s] -- Up-to-date: /home/lexij/roselab-perception/install/gantry_lidar_interfaces/include/gantry_lidar_interfaces/gantry_lidar_interfaces/srv/detail/download_time_range__rosidl_typesupport_fastrtps_c.h
[0.768s] -- Up-to-date: /home/lexij/roselab-perception/install/gantry_lidar_interfaces/lib/libgantry_lidar_interfaces__rosidl_typesupport_fastrtps_c.so
[0.768s] -- Up-to-date: /home/lexij/roselab-perception/install/gantry_lidar_interfaces/include/gantry_lidar_interfaces/gantry_lidar_interfaces
[0.768s] -- Up-to-date: /home/lexij/roselab-perception/install/gantry_lidar_interfaces/include/gantry_lidar_interfaces/gantry_lidar_interfaces/msg
[0.768s] -- Up-to-date: /home/lexij/roselab-perception/install/gantry_lidar_interfaces/include/gantry_lidar_interfaces/gantry_lidar_interfaces/msg/rosidl_typesupport_introspection_c__visibility_control.h
[0.768s] -- Up-to-date: /home/lexij/roselab-perception/install/gantry_lidar_interfaces/include/gantry_lidar_interfaces/gantry_lidar_interfaces/srv
[0.768s] -- Up-to-date: /home/lexij/roselab-perception/install/gantry_lidar_interfaces/include/gantry_lidar_interfaces/gantry_lidar_interfaces/srv/detail
[0.768s] -- Up-to-date: /home/lexij/roselab-perception/install/gantry_lidar_interfaces/include/gantry_lidar_interfaces/gantry_lidar_interfaces/srv/detail/capture__rosidl_typesupport_introspection_c.h
[0.768s] -- Up-to-date: /home/lexij/roselab-perception/install/gantry_lidar_interfaces/include/gantry_lidar_interfaces/gantry_lidar_interfaces/srv/detail/download_name__rosidl_typesupport_introspection_c.h
[0.768s] -- Up-to-date: /home/lexij/roselab-perception/install/gantry_lidar_interfaces/include/gantry_lidar_interfaces/gantry_lidar_interfaces/srv/detail/download_time_range__rosidl_typesupport_introspection_c.h
[0.768s] -- Up-to-date: /home/lexij/roselab-perception/install/gantry_lidar_interfaces/include/gantry_lidar_interfaces/gantry_lidar_interfaces/srv/detail/delete_name__rosidl_typesupport_introspection_c.h
[0.768s] -- Up-to-date: /home/lexij/roselab-perception/install/gantry_lidar_interfaces/include/gantry_lidar_interfaces/gantry_lidar_interfaces/srv/detail/download_time_range__type_support.c
[0.769s] -- Up-to-date: /home/lexij/roselab-perception/install/gantry_lidar_interfaces/include/gantry_lidar_interfaces/gantry_lidar_interfaces/srv/detail/delete_time_range__type_support.c
[0.769s] -- Up-to-date: /home/lexij/roselab-perception/install/gantry_lidar_interfaces/include/gantry_lidar_interfaces/gantry_lidar_interfaces/srv/detail/download_name__type_support.c
[0.769s] -- Up-to-date: /home/lexij/roselab-perception/install/gantry_lidar_interfaces/include/gantry_lidar_interfaces/gantry_lidar_interfaces/srv/detail/delete_name__type_support.c
[0.769s] -- Up-to-date: /home/lexij/roselab-perception/install/gantry_lidar_interfaces/include/gantry_lidar_interfaces/gantry_lidar_interfaces/srv/detail/capture__type_support.c
[0.769s] -- Up-to-date: /home/lexij/roselab-perception/install/gantry_lidar_interfaces/include/gantry_lidar_interfaces/gantry_lidar_interfaces/srv/detail/delete_time_range__rosidl_typesupport_introspection_c.h
[0.769s] -- Up-to-date: /home/lexij/roselab-perception/install/gantry_lidar_interfaces/lib/libgantry_lidar_interfaces__rosidl_typesupport_introspection_c.so
[0.769s] -- Up-to-date: /home/lexij/roselab-perception/install/gantry_lidar_interfaces/lib/libgantry_lidar_interfaces__rosidl_typesupport_c.so
[0.769s] -- Up-to-date: /home/lexij/roselab-perception/install/gantry_lidar_interfaces/include/gantry_lidar_interfaces/gantry_lidar_interfaces
[0.769s] -- Up-to-date: /home/lexij/roselab-perception/install/gantry_lidar_interfaces/include/gantry_lidar_interfaces/gantry_lidar_interfaces/msg
[0.769s] -- Up-to-date: /home/lexij/roselab-perception/install/gantry_lidar_interfaces/include/gantry_lidar_interfaces/gantry_lidar_interfaces/msg/rosidl_generator_cpp__visibility_control.hpp
[0.769s] -- Up-to-date: /home/lexij/roselab-perception/install/gantry_lidar_interfaces/include/gantry_lidar_interfaces/gantry_lidar_interfaces/srv
[0.769s] -- Up-to-date: /home/lexij/roselab-perception/install/gantry_lidar_interfaces/include/gantry_lidar_interfaces/gantry_lidar_interfaces/srv/download_time_range.hpp
[0.769s] -- Up-to-date: /home/lexij/roselab-perception/install/gantry_lidar_interfaces/include/gantry_lidar_interfaces/gantry_lidar_interfaces/srv/detail
[0.769s] -- Up-to-date: /home/lexij/roselab-perception/install/gantry_lidar_interfaces/include/gantry_lidar_interfaces/gantry_lidar_interfaces/srv/detail/delete_time_range__traits.hpp
[0.770s] -- Up-to-date: /home/lexij/roselab-perception/install/gantry_lidar_interfaces/include/gantry_lidar_interfaces/gantry_lidar_interfaces/srv/detail/download_time_range__builder.hpp
[0.770s] -- Up-to-date: /home/lexij/roselab-perception/install/gantry_lidar_interfaces/include/gantry_lidar_interfaces/gantry_lidar_interfaces/srv/detail/download_time_range__traits.hpp
[0.770s] -- Up-to-date: /home/lexij/roselab-perception/install/gantry_lidar_interfaces/include/gantry_lidar_interfaces/gantry_lidar_interfaces/srv/detail/capture__traits.hpp
[0.770s] -- Up-to-date: /home/lexij/roselab-perception/install/gantry_lidar_interfaces/include/gantry_lidar_interfaces/gantry_lidar_interfaces/srv/detail/delete_time_range__type_support.hpp
[0.773s] -- Up-to-date: /home/lexij/roselab-perception/install/gantry_lidar_interfaces/include/gantry_lidar_interfaces/gantry_lidar_interfaces/srv/detail/download_time_range__struct.hpp
[0.773s] -- Up-to-date: /home/lexij/roselab-perception/install/gantry_lidar_interfaces/include/gantry_lidar_interfaces/gantry_lidar_interfaces/srv/detail/delete_name__type_support.hpp
[0.773s] -- Up-to-date: /home/lexij/roselab-perception/install/gantry_lidar_interfaces/include/gantry_lidar_interfaces/gantry_lidar_interfaces/srv/detail/delete_time_range__builder.hpp
[0.773s] -- Up-to-date: /home/lexij/roselab-perception/install/gantry_lidar_interfaces/include/gantry_lidar_interfaces/gantry_lidar_interfaces/srv/detail/download_name__builder.hpp
[0.773s] -- Up-to-date: /home/lexij/roselab-perception/install/gantry_lidar_interfaces/include/gantry_lidar_interfaces/gantry_lidar_interfaces/srv/detail/download_name__struct.hpp
[0.773s] -- Up-to-date: /home/lexij/roselab-perception/install/gantry_lidar_interfaces/include/gantry_lidar_interfaces/gantry_lidar_interfaces/srv/detail/download_time_range__type_support.hpp
[0.774s] -- Up-to-date: /home/lexij/roselab-perception/install/gantry_lidar_interfaces/include/gantry_lidar_interfaces/gantry_lidar_interfaces/srv/detail/capture__type_support.hpp
[0.774s] -- Up-to-date: /home/lexij/roselab-perception/install/gantry_lidar_interfaces/include/gantry_lidar_interfaces/gantry_lidar_interfaces/srv/detail/download_name__traits.hpp
[0.774s] -- Up-to-date: /home/lexij/roselab-perception/install/gantry_lidar_interfaces/include/gantry_lidar_interfaces/gantry_lidar_interfaces/srv/detail/delete_name__builder.hpp
[0.774s] -- Up-to-date: /home/lexij/roselab-perception/install/gantry_lidar_interfaces/include/gantry_lidar_interfaces/gantry_lidar_interfaces/srv/detail/capture__builder.hpp
[0.774s] -- Up-to-date: /home/lexij/roselab-perception/install/gantry_lidar_interfaces/include/gantry_lidar_interfaces/gantry_lidar_interfaces/srv/detail/delete_time_range__struct.hpp
[0.774s] -- Up-to-date: /home/lexij/roselab-perception/install/gantry_lidar_interfaces/include/gantry_lidar_interfaces/gantry_lidar_interfaces/srv/detail/download_name__type_support.hpp
[0.774s] -- Up-to-date: /home/lexij/roselab-perception/install/gantry_lidar_interfaces/include/gantry_lidar_interfaces/gantry_lidar_interfaces/srv/detail/delete_name__struct.hpp
[0.774s] -- Up-to-date: /home/lexij/roselab-perception/install/gantry_lidar_interfaces/include/gantry_lidar_interfaces/gantry_lidar_interfaces/srv/detail/delete_name__traits.hpp
[0.774s] -- Up-to-date: /home/lexij/roselab-perception/install/gantry_lidar_interfaces/include/gantry_lidar_interfaces/gantry_lidar_interfaces/srv/detail/capture__struct.hpp
[0.774s] -- Up-to-date: /home/lexij/roselab-perception/install/gantry_lidar_interfaces/include/gantry_lidar_interfaces/gantry_lidar_interfaces/srv/download_name.hpp
[0.774s] -- Up-to-date: /home/lexij/roselab-perception/install/gantry_lidar_interfaces/include/gantry_lidar_interfaces/gantry_lidar_interfaces/srv/delete_name.hpp
[0.774s] -- Up-to-date: /home/lexij/roselab-perception/install/gantry_lidar_interfaces/include/gantry_lidar_interfaces/gantry_lidar_interfaces/srv/delete_time_range.hpp
[0.774s] -- Up-to-date: /home/lexij/roselab-perception/install/gantry_lidar_interfaces/include/gantry_lidar_interfaces/gantry_lidar_interfaces/srv/capture.hpp
[0.774s] -- Up-to-date: /home/lexij/roselab-perception/install/gantry_lidar_interfaces/include/gantry_lidar_interfaces/gantry_lidar_interfaces
[0.774s] -- Up-to-date: /home/lexij/roselab-perception/install/gantry_lidar_interfaces/include/gantry_lidar_interfaces/gantry_lidar_interfaces/msg
[0.774s] -- Up-to-date: /home/lexij/roselab-perception/install/gantry_lidar_interfaces/include/gantry_lidar_interfaces/gantry_lidar_interfaces/msg/rosidl_typesupport_fastrtps_cpp__visibility_control.h
[0.775s] -- Up-to-date: /home/lexij/roselab-perception/install/gantry_lidar_interfaces/include/gantry_lidar_interfaces/gantry_lidar_interfaces/srv
[0.775s] -- Up-to-date: /home/lexij/roselab-perception/install/gantry_lidar_interfaces/include/gantry_lidar_interfaces/gantry_lidar_interfaces/srv/detail
[0.775s] -- Up-to-date: /home/lexij/roselab-perception/install/gantry_lidar_interfaces/include/gantry_lidar_interfaces/gantry_lidar_interfaces/srv/detail/delete_time_range__rosidl_typesupport_fastrtps_cpp.hpp
[0.775s] -- Up-to-date: /home/lexij/roselab-perception/install/gantry_lidar_interfaces/include/gantry_lidar_interfaces/gantry_lidar_interfaces/srv/detail/download_time_range__rosidl_typesupport_fastrtps_cpp.hpp
[0.775s] -- Up-to-date: /home/lexij/roselab-perception/install/gantry_lidar_interfaces/include/gantry_lidar_interfaces/gantry_lidar_interfaces/srv/detail/download_name__rosidl_typesupport_fastrtps_cpp.hpp
[0.775s] -- Up-to-date: /home/lexij/roselab-perception/install/gantry_lidar_interfaces/include/gantry_lidar_interfaces/gantry_lidar_interfaces/srv/detail/dds_fastrtps
[0.775s] -- Up-to-date: /home/lexij/roselab-perception/install/gantry_lidar_interfaces/include/gantry_lidar_interfaces/gantry_lidar_interfaces/srv/detail/delete_name__rosidl_typesupport_fastrtps_cpp.hpp
[0.775s] -- Up-to-date: /home/lexij/roselab-perception/install/gantry_lidar_interfaces/include/gantry_lidar_interfaces/gantry_lidar_interfaces/srv/detail/capture__rosidl_typesupport_fastrtps_cpp.hpp
[0.775s] -- Up-to-date: /home/lexij/roselab-perception/install/gantry_lidar_interfaces/lib/libgantry_lidar_interfaces__rosidl_typesupport_fastrtps_cpp.so
[0.775s] -- Up-to-date: /home/lexij/roselab-perception/install/gantry_lidar_interfaces/include/gantry_lidar_interfaces/gantry_lidar_interfaces
[0.775s] -- Up-to-date: /home/lexij/roselab-perception/install/gantry_lidar_interfaces/include/gantry_lidar_interfaces/gantry_lidar_interfaces/srv
[0.775s] -- Up-to-date: /home/lexij/roselab-perception/install/gantry_lidar_interfaces/include/gantry_lidar_interfaces/gantry_lidar_interfaces/srv/detail
[0.775s] -- Up-to-date: /home/lexij/roselab-perception/install/gantry_lidar_interfaces/include/gantry_lidar_interfaces/gantry_lidar_interfaces/srv/detail/delete_time_range__rosidl_typesupport_introspection_cpp.hpp
[0.775s] -- Up-to-date: /home/lexij/roselab-perception/install/gantry_lidar_interfaces/include/gantry_lidar_interfaces/gantry_lidar_interfaces/srv/detail/download_time_range__rosidl_typesupport_introspection_cpp.hpp
[0.775s] -- Up-to-date: /home/lexij/roselab-perception/install/gantry_lidar_interfaces/include/gantry_lidar_interfaces/gantry_lidar_interfaces/srv/detail/delete_name__type_support.cpp
[0.775s] -- Up-to-date: /home/lexij/roselab-perception/install/gantry_lidar_interfaces/include/gantry_lidar_interfaces/gantry_lidar_interfaces/srv/detail/capture__rosidl_typesupport_introspection_cpp.hpp
[0.776s] -- Up-to-date: /home/lexij/roselab-perception/install/gantry_lidar_interfaces/include/gantry_lidar_interfaces/gantry_lidar_interfaces/srv/detail/delete_name__rosidl_typesupport_introspection_cpp.hpp
[0.776s] -- Up-to-date: /home/lexij/roselab-perception/install/gantry_lidar_interfaces/include/gantry_lidar_interfaces/gantry_lidar_interfaces/srv/detail/capture__type_support.cpp
[0.776s] -- Up-to-date: /home/lexij/roselab-perception/install/gantry_lidar_interfaces/include/gantry_lidar_interfaces/gantry_lidar_interfaces/srv/detail/delete_time_range__type_support.cpp
[0.776s] -- Up-to-date: /home/lexij/roselab-perception/install/gantry_lidar_interfaces/include/gantry_lidar_interfaces/gantry_lidar_interfaces/srv/detail/download_name__type_support.cpp
[0.776s] -- Up-to-date: /home/lexij/roselab-perception/install/gantry_lidar_interfaces/include/gantry_lidar_interfaces/gantry_lidar_interfaces/srv/detail/download_time_range__type_support.cpp
[0.776s] -- Up-to-date: /home/lexij/roselab-perception/install/gantry_lidar_interfaces/include/gantry_lidar_interfaces/gantry_lidar_interfaces/srv/detail/download_name__rosidl_typesupport_introspection_cpp.hpp
[0.776s] -- Up-to-date: /home/lexij/roselab-perception/install/gantry_lidar_interfaces/lib/libgantry_lidar_interfaces__rosidl_typesupport_introspection_cpp.so
[0.776s] -- Up-to-date: /home/lexij/roselab-perception/install/gantry_lidar_interfaces/lib/libgantry_lidar_interfaces__rosidl_typesupport_cpp.so
[0.776s] -- Up-to-date: /home/lexij/roselab-perception/install/gantry_lidar_interfaces/share/gantry_lidar_interfaces/environment/pythonpath.sh
[0.776s] -- Up-to-date: /home/lexij/roselab-perception/install/gantry_lidar_interfaces/share/gantry_lidar_interfaces/environment/pythonpath.dsv
[0.776s] -- Up-to-date: /home/lexij/roselab-perception/install/gantry_lidar_interfaces/lib/python3.12/site-packages/gantry_lidar_interfaces-0.0.0-py3.12.egg-info
[0.776s] -- Installing: /home/lexij/roselab-perception/install/gantry_lidar_interfaces/lib/python3.12/site-packages/gantry_lidar_interfaces-0.0.0-py3.12.egg-info/top_level.txt
[0.776s] -- Installing: /home/lexij/roselab-perception/install/gantry_lidar_interfaces/lib/python3.12/site-packages/gantry_lidar_interfaces-0.0.0-py3.12.egg-info/PKG-INFO
[0.776s] -- Installing: /home/lexij/roselab-perception/install/gantry_lidar_interfaces/lib/python3.12/site-packages/gantry_lidar_interfaces-0.0.0-py3.12.egg-info/dependency_links.txt
[0.776s] -- Installing: /home/lexij/roselab-perception/install/gantry_lidar_interfaces/lib/python3.12/site-packages/gantry_lidar_interfaces-0.0.0-py3.12.egg-info/SOURCES.txt
[0.776s] -- Up-to-date: /home/lexij/roselab-perception/install/gantry_lidar_interfaces/lib/python3.12/site-packages/gantry_lidar_interfaces
[0.776s] -- Up-to-date: /home/lexij/roselab-perception/install/gantry_lidar_interfaces/lib/python3.12/site-packages/gantry_lidar_interfaces/gantry_lidar_interfaces_s__rosidl_typesupport_fastrtps_c.so
[0.776s] -- Up-to-date: /home/lexij/roselab-perception/install/gantry_lidar_interfaces/lib/python3.12/site-packages/gantry_lidar_interfaces/_gantry_lidar_interfaces_s.ep.rosidl_typesupport_fastrtps_c.c
[0.776s] -- Up-to-date: /home/lexij/roselab-perception/install/gantry_lidar_interfaces/lib/python3.12/site-packages/gantry_lidar_interfaces/_gantry_lidar_interfaces_s.ep.rosidl_typesupport_introspection_c.c
[0.777s] -- Up-to-date: /home/lexij/roselab-perception/install/gantry_lidar_interfaces/lib/python3.12/site-packages/gantry_lidar_interfaces/__init__.py
[0.777s] -- Up-to-date: /home/lexij/roselab-perception/install/gantry_lidar_interfaces/lib/python3.12/site-packages/gantry_lidar_interfaces/_gantry_lidar_interfaces_s.ep.rosidl_typesupport_c.c
[0.777s] -- Up-to-date: /home/lexij/roselab-perception/install/gantry_lidar_interfaces/lib/python3.12/site-packages/gantry_lidar_interfaces/gantry_lidar_interfaces_s__rosidl_typesupport_introspection_c.so
[0.777s] -- Up-to-date: /home/lexij/roselab-perception/install/gantry_lidar_interfaces/lib/python3.12/site-packages/gantry_lidar_interfaces/gantry_lidar_interfaces_s__rosidl_typesupport_c.so
[0.777s] -- Up-to-date: /home/lexij/roselab-perception/install/gantry_lidar_interfaces/lib/python3.12/site-packages/gantry_lidar_interfaces/srv
[0.777s] -- Up-to-date: /home/lexij/roselab-perception/install/gantry_lidar_interfaces/lib/python3.12/site-packages/gantry_lidar_interfaces/srv/_delete_name_s.c
[0.777s] -- Up-to-date: /home/lexij/roselab-perception/install/gantry_lidar_interfaces/lib/python3.12/site-packages/gantry_lidar_interfaces/srv/_delete_name.py
[0.777s] -- Up-to-date: /home/lexij/roselab-perception/install/gantry_lidar_interfaces/lib/python3.12/site-packages/gantry_lidar_interfaces/srv/__init__.py
[0.777s] -- Up-to-date: /home/lexij/roselab-perception/install/gantry_lidar_interfaces/lib/python3.12/site-packages/gantry_lidar_interfaces/srv/_capture.py
[0.777s] -- Up-to-date: /home/lexij/roselab-perception/install/gantry_lidar_interfaces/lib/python3.12/site-packages/gantry_lidar_interfaces/srv/_download_time_range_s.c
[0.777s] -- Up-to-date: /home/lexij/roselab-perception/install/gantry_lidar_interfaces/lib/python3.12/site-packages/gantry_lidar_interfaces/srv/_download_name.py
[0.777s] -- Up-to-date: /home/lexij/roselab-perception/install/gantry_lidar_interfaces/lib/python3.12/site-packages/gantry_lidar_interfaces/srv/_delete_time_range.py
[0.777s] -- Up-to-date: /home/lexij/roselab-perception/install/gantry_lidar_interfaces/lib/python3.12/site-packages/gantry_lidar_interfaces/srv/_capture_s.c
[0.777s] -- Up-to-date: /home/lexij/roselab-perception/install/gantry_lidar_interfaces/lib/python3.12/site-packages/gantry_lidar_interfaces/srv/_delete_time_range_s.c
[0.777s] -- Up-to-date: /home/lexij/roselab-perception/install/gantry_lidar_interfaces/lib/python3.12/site-packages/gantry_lidar_interfaces/srv/_download_time_range.py
[0.778s] -- Up-to-date: /home/lexij/roselab-perception/install/gantry_lidar_interfaces/lib/python3.12/site-packages/gantry_lidar_interfaces/srv/_download_name_s.c
[0.842s] Listing '/home/lexij/roselab-perception/install/gantry_lidar_interfaces/lib/python3.12/site-packages/gantry_lidar_interfaces'...
[0.843s] Listing '/home/lexij/roselab-perception/install/gantry_lidar_interfaces/lib/python3.12/site-packages/gantry_lidar_interfaces/srv'...
[0.853s] -- Up-to-date: /home/lexij/roselab-perception/install/gantry_lidar_interfaces/lib/python3.12/site-packages/gantry_lidar_interfaces/gantry_lidar_interfaces_s__rosidl_typesupport_fastrtps_c.so
[0.854s] -- Up-to-date: /home/lexij/roselab-perception/install/gantry_lidar_interfaces/lib/python3.12/site-packages/gantry_lidar_interfaces/gantry_lidar_interfaces_s__rosidl_typesupport_introspection_c.so
[0.854s] -- Up-to-date: /home/lexij/roselab-perception/install/gantry_lidar_interfaces/lib/python3.12/site-packages/gantry_lidar_interfaces/gantry_lidar_interfaces_s__rosidl_typesupport_c.so
[0.855s] -- Up-to-date: /home/lexij/roselab-perception/install/gantry_lidar_interfaces/lib/libgantry_lidar_interfaces__rosidl_generator_py.so
[0.855s] -- Up-to-date: /home/lexij/roselab-perception/install/gantry_lidar_interfaces/share/gantry_lidar_interfaces/srv/Capture.idl
[0.855s] -- Up-to-date: /home/lexij/roselab-perception/install/gantry_lidar_interfaces/share/gantry_lidar_interfaces/srv/DeleteName.idl
[0.855s] -- Up-to-date: /home/lexij/roselab-perception/install/gantry_lidar_interfaces/share/gantry_lidar_interfaces/srv/DeleteTimeRange.idl
[0.855s] -- Up-to-date: /home/lexij/roselab-perception/install/gantry_lidar_interfaces/share/gantry_lidar_interfaces/srv/DownloadName.idl
[0.856s] -- Up-to-date: /home/lexij/roselab-perception/install/gantry_lidar_interfaces/share/gantry_lidar_interfaces/srv/DownloadTimeRange.idl
[0.856s] -- Up-to-date: /home/lexij/roselab-perception/install/gantry_lidar_interfaces/share/gantry_lidar_interfaces/srv/Capture.srv
[0.856s] -- Up-to-date: /home/lexij/roselab-perception/install/gantry_lidar_interfaces/share/gantry_lidar_interfaces/srv/DeleteName.srv
[0.857s] -- Up-to-date: /home/lexij/roselab-perception/install/gantry_lidar_interfaces/share/gantry_lidar_interfaces/srv/DeleteTimeRange.srv
[0.858s] -- Up-to-date: /home/lexij/roselab-perception/install/gantry_lidar_interfaces/share/gantry_lidar_interfaces/srv/DownloadName.srv
[0.858s] -- Up-to-date: /home/lexij/roselab-perception/install/gantry_lidar_interfaces/share/gantry_lidar_interfaces/srv/DownloadTimeRange.srv
[0.858s] -- Up-to-date: /home/lexij/roselab-perception/install/gantry_lidar_interfaces/share/ament_index/resource_index/package_run_dependencies/gantry_lidar_interfaces
[0.858s] -- Up-to-date: /home/lexij/roselab-perception/install/gantry_lidar_interfaces/share/ament_index/resource_index/parent_prefix_path/gantry_lidar_interfaces
[0.859s] -- Up-to-date: /home/lexij/roselab-perception/install/gantry_lidar_interfaces/share/gantry_lidar_interfaces/environment/ament_prefix_path.sh
[0.859s] -- Up-to-date: /home/lexij/roselab-perception/install/gantry_lidar_interfaces/share/gantry_lidar_interfaces/environment/ament_prefix_path.dsv
[0.859s] -- Up-to-date: /home/lexij/roselab-perception/install/gantry_lidar_interfaces/share/gantry_lidar_interfaces/environment/path.sh
[0.859s] -- Up-to-date: /home/lexij/roselab-perception/install/gantry_lidar_interfaces/share/gantry_lidar_interfaces/environment/path.dsv
[0.859s] -- Up-to-date: /home/lexij/roselab-perception/install/gantry_lidar_interfaces/share/gantry_lidar_interfaces/local_setup.bash
[0.860s] -- Up-to-date: /home/lexij/roselab-perception/install/gantry_lidar_interfaces/share/gantry_lidar_interfaces/local_setup.sh
[0.860s] -- Up-to-date: /home/lexij/roselab-perception/install/gantry_lidar_interfaces/share/gantry_lidar_interfaces/local_setup.zsh
[0.860s] -- Up-to-date: /home/lexij/roselab-perception/install/gantry_lidar_interfaces/share/gantry_lidar_interfaces/local_setup.dsv
[0.860s] -- Installing: /home/lexij/roselab-perception/install/gantry_lidar_interfaces/share/gantry_lidar_interfaces/package.dsv
[0.860s] -- Up-to-date: /home/lexij/roselab-perception/install/gantry_lidar_interfaces/share/ament_index/resource_index/packages/gantry_lidar_interfaces
[0.860s] -- Up-to-date: /home/lexij/roselab-perception/install/gantry_lidar_interfaces/share/gantry_lidar_interfaces/cmake/export_gantry_lidar_interfaces__rosidl_generator_cExport.cmake
[0.860s] -- Up-to-date: /home/lexij/roselab-perception/install/gantry_lidar_interfaces/share/gantry_lidar_interfaces/cmake/export_gantry_lidar_interfaces__rosidl_generator_cExport-noconfig.cmake
[0.860s] -- Up-to-date: /home/lexij/roselab-perception/install/gantry_lidar_interfaces/share/gantry_lidar_interfaces/cmake/export_gantry_lidar_interfaces__rosidl_typesupport_fastrtps_cExport.cmake
[0.860s] -- Up-to-date: /home/lexij/roselab-perception/install/gantry_lidar_interfaces/share/gantry_lidar_interfaces/cmake/export_gantry_lidar_interfaces__rosidl_typesupport_fastrtps_cExport-noconfig.cmake
[0.860s] -- Up-to-date: /home/lexij/roselab-perception/install/gantry_lidar_interfaces/share/gantry_lidar_interfaces/cmake/gantry_lidar_interfaces__rosidl_typesupport_introspection_cExport.cmake
[0.861s] -- Up-to-date: /home/lexij/roselab-perception/install/gantry_lidar_interfaces/share/gantry_lidar_interfaces/cmake/gantry_lidar_interfaces__rosidl_typesupport_introspection_cExport-noconfig.cmake
[0.861s] -- Up-to-date: /home/lexij/roselab-perception/install/gantry_lidar_interfaces/share/gantry_lidar_interfaces/cmake/gantry_lidar_interfaces__rosidl_typesupport_cExport.cmake
[0.861s] -- Up-to-date: /home/lexij/roselab-perception/install/gantry_lidar_interfaces/share/gantry_lidar_interfaces/cmake/gantry_lidar_interfaces__rosidl_typesupport_cExport-noconfig.cmake
[0.861s] -- Up-to-date: /home/lexij/roselab-perception/install/gantry_lidar_interfaces/share/gantry_lidar_interfaces/cmake/export_gantry_lidar_interfaces__rosidl_generator_cppExport.cmake
[0.861s] -- Up-to-date: /home/lexij/roselab-perception/install/gantry_lidar_interfaces/share/gantry_lidar_interfaces/cmake/export_gantry_lidar_interfaces__rosidl_typesupport_fastrtps_cppExport.cmake
[0.861s] -- Up-to-date: /home/lexij/roselab-perception/install/gantry_lidar_interfaces/share/gantry_lidar_interfaces/cmake/export_gantry_lidar_interfaces__rosidl_typesupport_fastrtps_cppExport-noconfig.cmake
[0.862s] -- Up-to-date: /home/lexij/roselab-perception/install/gantry_lidar_interfaces/share/gantry_lidar_interfaces/cmake/gantry_lidar_interfaces__rosidl_typesupport_introspection_cppExport.cmake
[0.862s] -- Up-to-date: /home/lexij/roselab-perception/install/gantry_lidar_interfaces/share/gantry_lidar_interfaces/cmake/gantry_lidar_interfaces__rosidl_typesupport_introspection_cppExport-noconfig.cmake
[0.863s] -- Up-to-date: /home/lexij/roselab-perception/install/gantry_lidar_interfaces/share/gantry_lidar_interfaces/cmake/gantry_lidar_interfaces__rosidl_typesupport_cppExport.cmake
[0.864s] -- Up-to-date: /home/lexij/roselab-perception/install/gantry_lidar_interfaces/share/gantry_lidar_interfaces/cmake/gantry_lidar_interfaces__rosidl_typesupport_cppExport-noconfig.cmake
[0.865s] -- Up-to-date: /home/lexij/roselab-perception/install/gantry_lidar_interfaces/share/gantry_lidar_interfaces/cmake/export_gantry_lidar_interfaces__rosidl_generator_pyExport.cmake
[0.865s] -- Up-to-date: /home/lexij/roselab-perception/install/gantry_lidar_interfaces/share/gantry_lidar_interfaces/cmake/export_gantry_lidar_interfaces__rosidl_generator_pyExport-noconfig.cmake
[0.866s] -- Up-to-date: /home/lexij/roselab-perception/install/gantry_lidar_interfaces/share/gantry_lidar_interfaces/cmake/rosidl_cmake-extras.cmake
[0.866s] -- Up-to-date: /home/lexij/roselab-perception/install/gantry_lidar_interfaces/share/gantry_lidar_interfaces/cmake/ament_cmake_export_dependencies-extras.cmake
[0.867s] -- Up-to-date: /home/lexij/roselab-perception/install/gantry_lidar_interfaces/share/gantry_lidar_interfaces/cmake/ament_cmake_export_include_directories-extras.cmake
[0.870s] -- Up-to-date: /home/lexij/roselab-perception/install/gantry_lidar_interfaces/share/gantry_lidar_interfaces/cmake/ament_cmake_export_libraries-extras.cmake
[0.871s] -- Up-to-date: /home/lexij/roselab-perception/install/gantry_lidar_interfaces/share/gantry_lidar_interfaces/cmake/ament_cmake_export_targets-extras.cmake
[0.871s] -- Up-to-date: /home/lexij/roselab-perception/install/gantry_lidar_interfaces/share/gantry_lidar_interfaces/cmake/rosidl_cmake_export_typesupport_targets-extras.cmake
[0.871s] -- Up-to-date: /home/lexij/roselab-perception/install/gantry_lidar_interfaces/share/gantry_lidar_interfaces/cmake/rosidl_cmake_export_typesupport_libraries-extras.cmake
[0.872s] -- Up-to-date: /home/lexij/roselab-perception/install/gantry_lidar_interfaces/share/gantry_lidar_interfaces/cmake/gantry_lidar_interfacesConfig.cmake
[0.873s] -- Up-to-date: /home/lexij/roselab-perception/install/gantry_lidar_interfaces/share/gantry_lidar_interfaces/cmake/gantry_lidar_interfacesConfig-version.cmake
[0.873s] -- Up-to-date: /home/lexij/roselab-perception/install/gantry_lidar_interfaces/share/gantry_lidar_interfaces/package.xml
[0.874s] Invoked command in '/home/lexij/roselab-perception/build/gantry_lidar_interfaces' returned '0': CMAKE_PREFIX_PATH=${CMAKE_PREFIX_PATH}:/home/lexij/roselab-perception/install/scan_automation:/home/lexij/roselab-perception/install/mastcam_pointcloud:/home/lexij/roselab-perception/install/gantry_services:/home/lexij/roselab-perception/install/aggregated_pointcloud:/opt/ros/jazzy /usr/bin/cmake --install /home/lexij/roselab-perception/build/gantry_lidar_interfaces
