[0.362s] Invoking command in '/home/lexij/roselab-perception/build/realsense_bag_recorder_cpp': CMAKE_PREFIX_PATH=${CMAKE_PREFIX_PATH}:/home/lexij/roselab-perception/install/scan_automation:/home/lexij/roselab-perception/install/mastcam_pointcloud:/home/lexij/roselab-perception/install/gantry_services:/home/lexij/roselab-perception/install/aggregated_pointcloud:/opt/ros/jazzy /usr/bin/cmake --build /home/lexij/roselab-perception/build/realsense_bag_recorder_cpp -- -j22 -l22
[0.406s] [  2%] Built target realsense_bag_recorder_cpp__rosidl_generator_type_description
[0.418s] [  2%] Built target ament_cmake_python_copy_realsense_bag_recorder_cpp
[0.430s] [ 16%] Built target realsense_bag_recorder_cpp__rosidl_generator_c
[0.433s] [ 19%] Built target realsense_bag_recorder_cpp__cpp
[0.448s] [ 27%] Built target realsense_bag_recorder_cpp__rosidl_typesupport_introspection_c
[0.452s] [ 36%] Built target realsense_bag_recorder_cpp__rosidl_typesupport_c
[0.456s] [ 44%] Built target realsense_bag_recorder_cpp__rosidl_typesupport_fastrtps_cpp
[0.457s] [ 52%] Built target realsense_bag_recorder_cpp__rosidl_typesupport_fastrtps_c
[0.458s] [ 61%] Built target realsense_bag_recorder_cpp__rosidl_typesupport_introspection_cpp
[0.461s] [ 69%] Built target realsense_bag_recorder_cpp__rosidl_typesupport_cpp
[0.484s] [ 69%] Built target realsense_bag_recorder_cpp
[0.487s] [ 75%] Built target bag_recorder_service
[0.511s] [ 77%] Built target realsense_bag_recorder_cpp__py
[0.542s] [ 83%] Built target realsense_bag_recorder_cpp__rosidl_generator_py
[0.559s] [ 88%] Built target realsense_bag_recorder_cpp_s__rosidl_typesupport_introspection_c
[0.566s] [ 94%] Built target realsense_bag_recorder_cpp_s__rosidl_typesupport_fastrtps_c
[0.567s] [100%] Built target realsense_bag_recorder_cpp_s__rosidl_typesupport_c
[0.614s] running egg_info
[0.629s] writing realsense_bag_recorder_cpp.egg-info/PKG-INFO
[0.629s] writing dependency_links to realsense_bag_recorder_cpp.egg-info/dependency_links.txt
[0.629s] writing top-level names to realsense_bag_recorder_cpp.egg-info/top_level.txt
[0.667s] reading manifest file 'realsense_bag_recorder_cpp.egg-info/SOURCES.txt'
[0.668s] writing manifest file 'realsense_bag_recorder_cpp.egg-info/SOURCES.txt'
[0.700s] [100%] Built target ament_cmake_python_build_realsense_bag_recorder_cpp_egg
[0.986s] Invoked command in '/home/lexij/roselab-perception/build/realsense_bag_recorder_cpp' returned '0': CMAKE_PREFIX_PATH=${CMAKE_PREFIX_PATH}:/home/lexij/roselab-perception/install/scan_automation:/home/lexij/roselab-perception/install/mastcam_pointcloud:/home/lexij/roselab-perception/install/gantry_services:/home/lexij/roselab-perception/install/aggregated_pointcloud:/opt/ros/jazzy /usr/bin/cmake --build /home/lexij/roselab-perception/build/realsense_bag_recorder_cpp -- -j22 -l22
[0.988s] Invoking command in '/home/lexij/roselab-perception/build/realsense_bag_recorder_cpp': CMAKE_PREFIX_PATH=${CMAKE_PREFIX_PATH}:/home/lexij/roselab-perception/install/scan_automation:/home/lexij/roselab-perception/install/mastcam_pointcloud:/home/lexij/roselab-perception/install/gantry_services:/home/lexij/roselab-perception/install/aggregated_pointcloud:/opt/ros/jazzy /usr/bin/cmake --install /home/lexij/roselab-perception/build/realsense_bag_recorder_cpp
[0.997s] -- Install configuration: ""
[0.998s] -- Up-to-date: /home/lexij/roselab-perception/install/realsense_bag_recorder_cpp/share/ament_index/resource_index/rosidl_interfaces/realsense_bag_recorder_cpp
[0.998s] -- Up-to-date: /home/lexij/roselab-perception/install/realsense_bag_recorder_cpp/share/realsense_bag_recorder_cpp/srv/RecordBag.json
[0.998s] -- Up-to-date: /home/lexij/roselab-perception/install/realsense_bag_recorder_cpp/include/realsense_bag_recorder_cpp/realsense_bag_recorder_cpp
[0.998s] -- Up-to-date: /home/lexij/roselab-perception/install/realsense_bag_recorder_cpp/include/realsense_bag_recorder_cpp/realsense_bag_recorder_cpp/msg
[0.999s] -- Up-to-date: /home/lexij/roselab-perception/install/realsense_bag_recorder_cpp/include/realsense_bag_recorder_cpp/realsense_bag_recorder_cpp/msg/rosidl_generator_c__visibility_control.h
[0.999s] -- Up-to-date: /home/lexij/roselab-perception/install/realsense_bag_recorder_cpp/include/realsense_bag_recorder_cpp/realsense_bag_recorder_cpp/srv
[0.999s] -- Up-to-date: /home/lexij/roselab-perception/install/realsense_bag_recorder_cpp/include/realsense_bag_recorder_cpp/realsense_bag_recorder_cpp/srv/record_bag.h
[0.999s] -- Up-to-date: /home/lexij/roselab-perception/install/realsense_bag_recorder_cpp/include/realsense_bag_recorder_cpp/realsense_bag_recorder_cpp/srv/detail
[0.999s] -- Up-to-date: /home/lexij/roselab-perception/install/realsense_bag_recorder_cpp/include/realsense_bag_recorder_cpp/realsense_bag_recorder_cpp/srv/detail/record_bag__functions.h
[0.999s] -- Up-to-date: /home/lexij/roselab-perception/install/realsense_bag_recorder_cpp/include/realsense_bag_recorder_cpp/realsense_bag_recorder_cpp/srv/detail/record_bag__type_support.c
[0.999s] -- Up-to-date: /home/lexij/roselab-perception/install/realsense_bag_recorder_cpp/include/realsense_bag_recorder_cpp/realsense_bag_recorder_cpp/srv/detail/record_bag__struct.h
[0.999s] -- Up-to-date: /home/lexij/roselab-perception/install/realsense_bag_recorder_cpp/include/realsense_bag_recorder_cpp/realsense_bag_recorder_cpp/srv/detail/record_bag__functions.c
[0.999s] -- Up-to-date: /home/lexij/roselab-perception/install/realsense_bag_recorder_cpp/include/realsense_bag_recorder_cpp/realsense_bag_recorder_cpp/srv/detail/record_bag__type_support.h
[0.999s] -- Up-to-date: /home/lexij/roselab-perception/install/realsense_bag_recorder_cpp/include/realsense_bag_recorder_cpp/realsense_bag_recorder_cpp/srv/detail/record_bag__description.c
[1.000s] -- Up-to-date: /home/lexij/roselab-perception/install/realsense_bag_recorder_cpp/share/realsense_bag_recorder_cpp/environment/library_path.sh
[1.000s] -- Up-to-date: /home/lexij/roselab-perception/install/realsense_bag_recorder_cpp/share/realsense_bag_recorder_cpp/environment/library_path.dsv
[1.000s] -- Up-to-date: /home/lexij/roselab-perception/install/realsense_bag_recorder_cpp/lib/librealsense_bag_recorder_cpp__rosidl_generator_c.so
[1.000s] -- Up-to-date: /home/lexij/roselab-perception/install/realsense_bag_recorder_cpp/include/realsense_bag_recorder_cpp/realsense_bag_recorder_cpp
[1.000s] -- Up-to-date: /home/lexij/roselab-perception/install/realsense_bag_recorder_cpp/include/realsense_bag_recorder_cpp/realsense_bag_recorder_cpp/msg
[1.001s] -- Up-to-date: /home/lexij/roselab-perception/install/realsense_bag_recorder_cpp/include/realsense_bag_recorder_cpp/realsense_bag_recorder_cpp/msg/rosidl_typesupport_fastrtps_c__visibility_control.h
[1.001s] -- Up-to-date: /home/lexij/roselab-perception/install/realsense_bag_recorder_cpp/include/realsense_bag_recorder_cpp/realsense_bag_recorder_cpp/srv
[1.001s] -- Up-to-date: /home/lexij/roselab-perception/install/realsense_bag_recorder_cpp/include/realsense_bag_recorder_cpp/realsense_bag_recorder_cpp/srv/detail
[1.001s] -- Up-to-date: /home/lexij/roselab-perception/install/realsense_bag_recorder_cpp/include/realsense_bag_recorder_cpp/realsense_bag_recorder_cpp/srv/detail/record_bag__rosidl_typesupport_fastrtps_c.h
[1.001s] -- Up-to-date: /home/lexij/roselab-perception/install/realsense_bag_recorder_cpp/lib/librealsense_bag_recorder_cpp__rosidl_typesupport_fastrtps_c.so
[1.001s] -- Up-to-date: /home/lexij/roselab-perception/install/realsense_bag_recorder_cpp/include/realsense_bag_recorder_cpp/realsense_bag_recorder_cpp
[1.001s] -- Up-to-date: /home/lexij/roselab-perception/install/realsense_bag_recorder_cpp/include/realsense_bag_recorder_cpp/realsense_bag_recorder_cpp/msg
[1.001s] -- Up-to-date: /home/lexij/roselab-perception/install/realsense_bag_recorder_cpp/include/realsense_bag_recorder_cpp/realsense_bag_recorder_cpp/msg/rosidl_generator_cpp__visibility_control.hpp
[1.001s] -- Up-to-date: /home/lexij/roselab-perception/install/realsense_bag_recorder_cpp/include/realsense_bag_recorder_cpp/realsense_bag_recorder_cpp/srv
[1.001s] -- Up-to-date: /home/lexij/roselab-perception/install/realsense_bag_recorder_cpp/include/realsense_bag_recorder_cpp/realsense_bag_recorder_cpp/srv/record_bag.hpp
[1.002s] -- Up-to-date: /home/lexij/roselab-perception/install/realsense_bag_recorder_cpp/include/realsense_bag_recorder_cpp/realsense_bag_recorder_cpp/srv/detail
[1.002s] -- Up-to-date: /home/lexij/roselab-perception/install/realsense_bag_recorder_cpp/include/realsense_bag_recorder_cpp/realsense_bag_recorder_cpp/srv/detail/record_bag__traits.hpp
[1.002s] -- Up-to-date: /home/lexij/roselab-perception/install/realsense_bag_recorder_cpp/include/realsense_bag_recorder_cpp/realsense_bag_recorder_cpp/srv/detail/record_bag__type_support.hpp
[1.002s] -- Up-to-date: /home/lexij/roselab-perception/install/realsense_bag_recorder_cpp/include/realsense_bag_recorder_cpp/realsense_bag_recorder_cpp/srv/detail/record_bag__struct.hpp
[1.002s] -- Up-to-date: /home/lexij/roselab-perception/install/realsense_bag_recorder_cpp/include/realsense_bag_recorder_cpp/realsense_bag_recorder_cpp/srv/detail/record_bag__builder.hpp
[1.002s] -- Up-to-date: /home/lexij/roselab-perception/install/realsense_bag_recorder_cpp/include/realsense_bag_recorder_cpp/realsense_bag_recorder_cpp
[1.002s] -- Up-to-date: /home/lexij/roselab-perception/install/realsense_bag_recorder_cpp/include/realsense_bag_recorder_cpp/realsense_bag_recorder_cpp/msg
[1.002s] -- Up-to-date: /home/lexij/roselab-perception/install/realsense_bag_recorder_cpp/include/realsense_bag_recorder_cpp/realsense_bag_recorder_cpp/msg/rosidl_typesupport_fastrtps_cpp__visibility_control.h
[1.002s] -- Up-to-date: /home/lexij/roselab-perception/install/realsense_bag_recorder_cpp/include/realsense_bag_recorder_cpp/realsense_bag_recorder_cpp/srv
[1.002s] -- Up-to-date: /home/lexij/roselab-perception/install/realsense_bag_recorder_cpp/include/realsense_bag_recorder_cpp/realsense_bag_recorder_cpp/srv/detail
[1.002s] -- Up-to-date: /home/lexij/roselab-perception/install/realsense_bag_recorder_cpp/include/realsense_bag_recorder_cpp/realsense_bag_recorder_cpp/srv/detail/dds_fastrtps
[1.002s] -- Up-to-date: /home/lexij/roselab-perception/install/realsense_bag_recorder_cpp/include/realsense_bag_recorder_cpp/realsense_bag_recorder_cpp/srv/detail/record_bag__rosidl_typesupport_fastrtps_cpp.hpp
[1.002s] -- Up-to-date: /home/lexij/roselab-perception/install/realsense_bag_recorder_cpp/lib/librealsense_bag_recorder_cpp__rosidl_typesupport_fastrtps_cpp.so
[1.002s] -- Up-to-date: /home/lexij/roselab-perception/install/realsense_bag_recorder_cpp/include/realsense_bag_recorder_cpp/realsense_bag_recorder_cpp
[1.003s] -- Up-to-date: /home/lexij/roselab-perception/install/realsense_bag_recorder_cpp/include/realsense_bag_recorder_cpp/realsense_bag_recorder_cpp/msg
[1.003s] -- Up-to-date: /home/lexij/roselab-perception/install/realsense_bag_recorder_cpp/include/realsense_bag_recorder_cpp/realsense_bag_recorder_cpp/msg/rosidl_typesupport_introspection_c__visibility_control.h
[1.003s] -- Up-to-date: /home/lexij/roselab-perception/install/realsense_bag_recorder_cpp/include/realsense_bag_recorder_cpp/realsense_bag_recorder_cpp/srv
[1.003s] -- Up-to-date: /home/lexij/roselab-perception/install/realsense_bag_recorder_cpp/include/realsense_bag_recorder_cpp/realsense_bag_recorder_cpp/srv/detail
[1.003s] -- Up-to-date: /home/lexij/roselab-perception/install/realsense_bag_recorder_cpp/include/realsense_bag_recorder_cpp/realsense_bag_recorder_cpp/srv/detail/record_bag__type_support.c
[1.003s] -- Up-to-date: /home/lexij/roselab-perception/install/realsense_bag_recorder_cpp/include/realsense_bag_recorder_cpp/realsense_bag_recorder_cpp/srv/detail/record_bag__rosidl_typesupport_introspection_c.h
[1.003s] -- Up-to-date: /home/lexij/roselab-perception/install/realsense_bag_recorder_cpp/lib/librealsense_bag_recorder_cpp__rosidl_typesupport_introspection_c.so
[1.003s] -- Up-to-date: /home/lexij/roselab-perception/install/realsense_bag_recorder_cpp/lib/librealsense_bag_recorder_cpp__rosidl_typesupport_c.so
[1.003s] -- Up-to-date: /home/lexij/roselab-perception/install/realsense_bag_recorder_cpp/include/realsense_bag_recorder_cpp/realsense_bag_recorder_cpp
[1.003s] -- Up-to-date: /home/lexij/roselab-perception/install/realsense_bag_recorder_cpp/include/realsense_bag_recorder_cpp/realsense_bag_recorder_cpp/srv
[1.003s] -- Up-to-date: /home/lexij/roselab-perception/install/realsense_bag_recorder_cpp/include/realsense_bag_recorder_cpp/realsense_bag_recorder_cpp/srv/detail
[1.003s] -- Up-to-date: /home/lexij/roselab-perception/install/realsense_bag_recorder_cpp/include/realsense_bag_recorder_cpp/realsense_bag_recorder_cpp/srv/detail/record_bag__rosidl_typesupport_introspection_cpp.hpp
[1.003s] -- Up-to-date: /home/lexij/roselab-perception/install/realsense_bag_recorder_cpp/include/realsense_bag_recorder_cpp/realsense_bag_recorder_cpp/srv/detail/record_bag__type_support.cpp
[1.003s] -- Up-to-date: /home/lexij/roselab-perception/install/realsense_bag_recorder_cpp/lib/librealsense_bag_recorder_cpp__rosidl_typesupport_introspection_cpp.so
[1.003s] -- Up-to-date: /home/lexij/roselab-perception/install/realsense_bag_recorder_cpp/lib/librealsense_bag_recorder_cpp__rosidl_typesupport_cpp.so
[1.003s] -- Up-to-date: /home/lexij/roselab-perception/install/realsense_bag_recorder_cpp/share/realsense_bag_recorder_cpp/environment/pythonpath.sh
[1.004s] -- Up-to-date: /home/lexij/roselab-perception/install/realsense_bag_recorder_cpp/share/realsense_bag_recorder_cpp/environment/pythonpath.dsv
[1.004s] -- Up-to-date: /home/lexij/roselab-perception/install/realsense_bag_recorder_cpp/lib/python3.12/site-packages/realsense_bag_recorder_cpp-0.0.0-py3.12.egg-info
[1.004s] -- Installing: /home/lexij/roselab-perception/install/realsense_bag_recorder_cpp/lib/python3.12/site-packages/realsense_bag_recorder_cpp-0.0.0-py3.12.egg-info/top_level.txt
[1.004s] -- Installing: /home/lexij/roselab-perception/install/realsense_bag_recorder_cpp/lib/python3.12/site-packages/realsense_bag_recorder_cpp-0.0.0-py3.12.egg-info/PKG-INFO
[1.004s] -- Installing: /home/lexij/roselab-perception/install/realsense_bag_recorder_cpp/lib/python3.12/site-packages/realsense_bag_recorder_cpp-0.0.0-py3.12.egg-info/dependency_links.txt
[1.004s] -- Installing: /home/lexij/roselab-perception/install/realsense_bag_recorder_cpp/lib/python3.12/site-packages/realsense_bag_recorder_cpp-0.0.0-py3.12.egg-info/SOURCES.txt
[1.004s] -- Up-to-date: /home/lexij/roselab-perception/install/realsense_bag_recorder_cpp/lib/python3.12/site-packages/realsense_bag_recorder_cpp
[1.004s] -- Up-to-date: /home/lexij/roselab-perception/install/realsense_bag_recorder_cpp/lib/python3.12/site-packages/realsense_bag_recorder_cpp/_realsense_bag_recorder_cpp_s.ep.rosidl_typesupport_fastrtps_c.c
[1.004s] -- Up-to-date: /home/lexij/roselab-perception/install/realsense_bag_recorder_cpp/lib/python3.12/site-packages/realsense_bag_recorder_cpp/__init__.py
[1.004s] -- Up-to-date: /home/lexij/roselab-perception/install/realsense_bag_recorder_cpp/lib/python3.12/site-packages/realsense_bag_recorder_cpp/realsense_bag_recorder_cpp_s__rosidl_typesupport_c.so
[1.004s] -- Up-to-date: /home/lexij/roselab-perception/install/realsense_bag_recorder_cpp/lib/python3.12/site-packages/realsense_bag_recorder_cpp/_realsense_bag_recorder_cpp_s.ep.rosidl_typesupport_c.c
[1.004s] -- Up-to-date: /home/lexij/roselab-perception/install/realsense_bag_recorder_cpp/lib/python3.12/site-packages/realsense_bag_recorder_cpp/_realsense_bag_recorder_cpp_s.ep.rosidl_typesupport_introspection_c.c
[1.004s] -- Up-to-date: /home/lexij/roselab-perception/install/realsense_bag_recorder_cpp/lib/python3.12/site-packages/realsense_bag_recorder_cpp/realsense_bag_recorder_cpp_s__rosidl_typesupport_fastrtps_c.so
[1.004s] -- Up-to-date: /home/lexij/roselab-perception/install/realsense_bag_recorder_cpp/lib/python3.12/site-packages/realsense_bag_recorder_cpp/srv
[1.004s] -- Up-to-date: /home/lexij/roselab-perception/install/realsense_bag_recorder_cpp/lib/python3.12/site-packages/realsense_bag_recorder_cpp/srv/_record_bag.py
[1.004s] -- Up-to-date: /home/lexij/roselab-perception/install/realsense_bag_recorder_cpp/lib/python3.12/site-packages/realsense_bag_recorder_cpp/srv/_record_bag_s.c
[1.004s] -- Up-to-date: /home/lexij/roselab-perception/install/realsense_bag_recorder_cpp/lib/python3.12/site-packages/realsense_bag_recorder_cpp/srv/__init__.py
[1.004s] -- Up-to-date: /home/lexij/roselab-perception/install/realsense_bag_recorder_cpp/lib/python3.12/site-packages/realsense_bag_recorder_cpp/realsense_bag_recorder_cpp_s__rosidl_typesupport_introspection_c.so
[1.048s] Listing '/home/lexij/roselab-perception/install/realsense_bag_recorder_cpp/lib/python3.12/site-packages/realsense_bag_recorder_cpp'...
[1.048s] Listing '/home/lexij/roselab-perception/install/realsense_bag_recorder_cpp/lib/python3.12/site-packages/realsense_bag_recorder_cpp/srv'...
[1.052s] -- Up-to-date: /home/lexij/roselab-perception/install/realsense_bag_recorder_cpp/lib/python3.12/site-packages/realsense_bag_recorder_cpp/realsense_bag_recorder_cpp_s__rosidl_typesupport_fastrtps_c.so
[1.052s] -- Up-to-date: /home/lexij/roselab-perception/install/realsense_bag_recorder_cpp/lib/python3.12/site-packages/realsense_bag_recorder_cpp/realsense_bag_recorder_cpp_s__rosidl_typesupport_introspection_c.so
[1.053s] -- Up-to-date: /home/lexij/roselab-perception/install/realsense_bag_recorder_cpp/lib/python3.12/site-packages/realsense_bag_recorder_cpp/realsense_bag_recorder_cpp_s__rosidl_typesupport_c.so
[1.053s] -- Up-to-date: /home/lexij/roselab-perception/install/realsense_bag_recorder_cpp/lib/librealsense_bag_recorder_cpp__rosidl_generator_py.so
[1.053s] -- Up-to-date: /home/lexij/roselab-perception/install/realsense_bag_recorder_cpp/share/realsense_bag_recorder_cpp/srv/RecordBag.idl
[1.054s] -- Up-to-date: /home/lexij/roselab-perception/install/realsense_bag_recorder_cpp/share/realsense_bag_recorder_cpp/srv/RecordBag.srv
[1.054s] -- Up-to-date: /home/lexij/roselab-perception/install/realsense_bag_recorder_cpp/lib/realsense_bag_recorder_cpp/bag_recorder_service
[1.054s] -- Up-to-date: /home/lexij/roselab-perception/install/realsense_bag_recorder_cpp/share/realsense_bag_recorder_cpp/srv
[1.055s] -- Up-to-date: /home/lexij/roselab-perception/install/realsense_bag_recorder_cpp/share/realsense_bag_recorder_cpp/srv/RecordBag.srv
[1.055s] -- Up-to-date: /home/lexij/roselab-perception/install/realsense_bag_recorder_cpp/share/ament_index/resource_index/package_run_dependencies/realsense_bag_recorder_cpp
[1.055s] -- Up-to-date: /home/lexij/roselab-perception/install/realsense_bag_recorder_cpp/share/ament_index/resource_index/parent_prefix_path/realsense_bag_recorder_cpp
[1.055s] -- Up-to-date: /home/lexij/roselab-perception/install/realsense_bag_recorder_cpp/share/realsense_bag_recorder_cpp/environment/ament_prefix_path.sh
[1.055s] -- Up-to-date: /home/lexij/roselab-perception/install/realsense_bag_recorder_cpp/share/realsense_bag_recorder_cpp/environment/ament_prefix_path.dsv
[1.055s] -- Up-to-date: /home/lexij/roselab-perception/install/realsense_bag_recorder_cpp/share/realsense_bag_recorder_cpp/environment/path.sh
[1.055s] -- Up-to-date: /home/lexij/roselab-perception/install/realsense_bag_recorder_cpp/share/realsense_bag_recorder_cpp/environment/path.dsv
[1.055s] -- Up-to-date: /home/lexij/roselab-perception/install/realsense_bag_recorder_cpp/share/realsense_bag_recorder_cpp/local_setup.bash
[1.055s] -- Up-to-date: /home/lexij/roselab-perception/install/realsense_bag_recorder_cpp/share/realsense_bag_recorder_cpp/local_setup.sh
[1.055s] -- Up-to-date: /home/lexij/roselab-perception/install/realsense_bag_recorder_cpp/share/realsense_bag_recorder_cpp/local_setup.zsh
[1.055s] -- Up-to-date: /home/lexij/roselab-perception/install/realsense_bag_recorder_cpp/share/realsense_bag_recorder_cpp/local_setup.dsv
[1.055s] -- Installing: /home/lexij/roselab-perception/install/realsense_bag_recorder_cpp/share/realsense_bag_recorder_cpp/package.dsv
[1.055s] -- Up-to-date: /home/lexij/roselab-perception/install/realsense_bag_recorder_cpp/share/ament_index/resource_index/packages/realsense_bag_recorder_cpp
[1.055s] -- Up-to-date: /home/lexij/roselab-perception/install/realsense_bag_recorder_cpp/share/realsense_bag_recorder_cpp/cmake/export_realsense_bag_recorder_cpp__rosidl_generator_cExport.cmake
[1.056s] -- Up-to-date: /home/lexij/roselab-perception/install/realsense_bag_recorder_cpp/share/realsense_bag_recorder_cpp/cmake/export_realsense_bag_recorder_cpp__rosidl_generator_cExport-noconfig.cmake
[1.056s] -- Up-to-date: /home/lexij/roselab-perception/install/realsense_bag_recorder_cpp/share/realsense_bag_recorder_cpp/cmake/export_realsense_bag_recorder_cpp__rosidl_typesupport_fastrtps_cExport.cmake
[1.056s] -- Up-to-date: /home/lexij/roselab-perception/install/realsense_bag_recorder_cpp/share/realsense_bag_recorder_cpp/cmake/export_realsense_bag_recorder_cpp__rosidl_typesupport_fastrtps_cExport-noconfig.cmake
[1.057s] -- Up-to-date: /home/lexij/roselab-perception/install/realsense_bag_recorder_cpp/share/realsense_bag_recorder_cpp/cmake/export_realsense_bag_recorder_cpp__rosidl_generator_cppExport.cmake
[1.057s] -- Up-to-date: /home/lexij/roselab-perception/install/realsense_bag_recorder_cpp/share/realsense_bag_recorder_cpp/cmake/export_realsense_bag_recorder_cpp__rosidl_typesupport_fastrtps_cppExport.cmake
[1.057s] -- Up-to-date: /home/lexij/roselab-perception/install/realsense_bag_recorder_cpp/share/realsense_bag_recorder_cpp/cmake/export_realsense_bag_recorder_cpp__rosidl_typesupport_fastrtps_cppExport-noconfig.cmake
[1.057s] -- Up-to-date: /home/lexij/roselab-perception/install/realsense_bag_recorder_cpp/share/realsense_bag_recorder_cpp/cmake/realsense_bag_recorder_cpp__rosidl_typesupport_introspection_cExport.cmake
[1.057s] -- Up-to-date: /home/lexij/roselab-perception/install/realsense_bag_recorder_cpp/share/realsense_bag_recorder_cpp/cmake/realsense_bag_recorder_cpp__rosidl_typesupport_introspection_cExport-noconfig.cmake
[1.057s] -- Up-to-date: /home/lexij/roselab-perception/install/realsense_bag_recorder_cpp/share/realsense_bag_recorder_cpp/cmake/realsense_bag_recorder_cpp__rosidl_typesupport_cExport.cmake
[1.058s] -- Up-to-date: /home/lexij/roselab-perception/install/realsense_bag_recorder_cpp/share/realsense_bag_recorder_cpp/cmake/realsense_bag_recorder_cpp__rosidl_typesupport_cExport-noconfig.cmake
[1.058s] -- Up-to-date: /home/lexij/roselab-perception/install/realsense_bag_recorder_cpp/share/realsense_bag_recorder_cpp/cmake/realsense_bag_recorder_cpp__rosidl_typesupport_introspection_cppExport.cmake
[1.058s] -- Up-to-date: /home/lexij/roselab-perception/install/realsense_bag_recorder_cpp/share/realsense_bag_recorder_cpp/cmake/realsense_bag_recorder_cpp__rosidl_typesupport_introspection_cppExport-noconfig.cmake
[1.058s] -- Up-to-date: /home/lexij/roselab-perception/install/realsense_bag_recorder_cpp/share/realsense_bag_recorder_cpp/cmake/realsense_bag_recorder_cpp__rosidl_typesupport_cppExport.cmake
[1.058s] -- Up-to-date: /home/lexij/roselab-perception/install/realsense_bag_recorder_cpp/share/realsense_bag_recorder_cpp/cmake/realsense_bag_recorder_cpp__rosidl_typesupport_cppExport-noconfig.cmake
[1.059s] -- Up-to-date: /home/lexij/roselab-perception/install/realsense_bag_recorder_cpp/share/realsense_bag_recorder_cpp/cmake/export_realsense_bag_recorder_cpp__rosidl_generator_pyExport.cmake
[1.059s] -- Up-to-date: /home/lexij/roselab-perception/install/realsense_bag_recorder_cpp/share/realsense_bag_recorder_cpp/cmake/export_realsense_bag_recorder_cpp__rosidl_generator_pyExport-noconfig.cmake
[1.059s] -- Up-to-date: /home/lexij/roselab-perception/install/realsense_bag_recorder_cpp/share/realsense_bag_recorder_cpp/cmake/rosidl_cmake-extras.cmake
[1.059s] -- Up-to-date: /home/lexij/roselab-perception/install/realsense_bag_recorder_cpp/share/realsense_bag_recorder_cpp/cmake/ament_cmake_export_dependencies-extras.cmake
[1.060s] -- Up-to-date: /home/lexij/roselab-perception/install/realsense_bag_recorder_cpp/share/realsense_bag_recorder_cpp/cmake/ament_cmake_export_include_directories-extras.cmake
[1.060s] -- Up-to-date: /home/lexij/roselab-perception/install/realsense_bag_recorder_cpp/share/realsense_bag_recorder_cpp/cmake/ament_cmake_export_libraries-extras.cmake
[1.060s] -- Up-to-date: /home/lexij/roselab-perception/install/realsense_bag_recorder_cpp/share/realsense_bag_recorder_cpp/cmake/ament_cmake_export_targets-extras.cmake
[1.060s] -- Up-to-date: /home/lexij/roselab-perception/install/realsense_bag_recorder_cpp/share/realsense_bag_recorder_cpp/cmake/rosidl_cmake_export_typesupport_targets-extras.cmake
[1.060s] -- Up-to-date: /home/lexij/roselab-perception/install/realsense_bag_recorder_cpp/share/realsense_bag_recorder_cpp/cmake/rosidl_cmake_export_typesupport_libraries-extras.cmake
[1.060s] -- Up-to-date: /home/lexij/roselab-perception/install/realsense_bag_recorder_cpp/share/realsense_bag_recorder_cpp/cmake/realsense_bag_recorder_cppConfig.cmake
[1.060s] -- Up-to-date: /home/lexij/roselab-perception/install/realsense_bag_recorder_cpp/share/realsense_bag_recorder_cpp/cmake/realsense_bag_recorder_cppConfig-version.cmake
[1.060s] -- Up-to-date: /home/lexij/roselab-perception/install/realsense_bag_recorder_cpp/share/realsense_bag_recorder_cpp/package.xml
[1.061s] Invoked command in '/home/lexij/roselab-perception/build/realsense_bag_recorder_cpp' returned '0': CMAKE_PREFIX_PATH=${CMAKE_PREFIX_PATH}:/home/lexij/roselab-perception/install/scan_automation:/home/lexij/roselab-perception/install/mastcam_pointcloud:/home/lexij/roselab-perception/install/gantry_services:/home/lexij/roselab-perception/install/aggregated_pointcloud:/opt/ros/jazzy /usr/bin/cmake --install /home/lexij/roselab-perception/build/realsense_bag_recorder_cpp
