[0.936s] Invoking command in '/home/lexij/roselab-perception/ros/src/mastcam_pointcloud': PYTHONPATH=/home/lexij/roselab-perception/build/mastcam_pointcloud/prefix_override:/usr/lib/python3/dist-packages/colcon_core/task/python/colcon_distutils_commands:/home/lexij/roselab-perception/install/mastcam_pointcloud/lib/python3.12/site-packages:${PYTHONPATH} /usr/bin/python3 -W ignore:setup.py install is deprecated -W ignore:easy_install command is deprecated setup.py egg_info --egg-base ../../../build/mastcam_pointcloud build --build-base /home/lexij/roselab-perception/build/mastcam_pointcloud/build install --record /home/lexij/roselab-perception/build/mastcam_pointcloud/install.log --single-version-externally-managed install_data
[1.139s] running egg_info
[1.151s] writing ../../../build/mastcam_pointcloud/mastcam_pointcloud.egg-info/PKG-INFO
[1.151s] writing dependency_links to ../../../build/mastcam_pointcloud/mastcam_pointcloud.egg-info/dependency_links.txt
[1.151s] writing entry points to ../../../build/mastcam_pointcloud/mastcam_pointcloud.egg-info/entry_points.txt
[1.151s] writing requirements to ../../../build/mastcam_pointcloud/mastcam_pointcloud.egg-info/requires.txt
[1.151s] writing top-level names to ../../../build/mastcam_pointcloud/mastcam_pointcloud.egg-info/top_level.txt
[1.179s] reading manifest file '../../../build/mastcam_pointcloud/mastcam_pointcloud.egg-info/SOURCES.txt'
[1.180s] writing manifest file '../../../build/mastcam_pointcloud/mastcam_pointcloud.egg-info/SOURCES.txt'
[1.180s] running build
[1.180s] running build_py
[1.180s] running install
[1.185s] running install_lib
[1.204s] running install_data
[1.204s] running install_egg_info
[1.220s] removing '/home/lexij/roselab-perception/install/mastcam_pointcloud/lib/python3.12/site-packages/mastcam_pointcloud-0.0.0-py3.12.egg-info' (and everything under it)
[1.220s] Copying ../../../build/mastcam_pointcloud/mastcam_pointcloud.egg-info to /home/lexij/roselab-perception/install/mastcam_pointcloud/lib/python3.12/site-packages/mastcam_pointcloud-0.0.0-py3.12.egg-info
[1.222s] running install_scripts
[1.337s] Installing mastcam_pointcloud_publisher script to /home/lexij/roselab-perception/install/mastcam_pointcloud/lib/mastcam_pointcloud
[1.337s] writing list of installed files to '/home/lexij/roselab-perception/build/mastcam_pointcloud/install.log'
[1.372s] Invoked command in '/home/lexij/roselab-perception/ros/src/mastcam_pointcloud' returned '0': PYTHONPATH=/home/lexij/roselab-perception/build/mastcam_pointcloud/prefix_override:/usr/lib/python3/dist-packages/colcon_core/task/python/colcon_distutils_commands:/home/lexij/roselab-perception/install/mastcam_pointcloud/lib/python3.12/site-packages:${PYTHONPATH} /usr/bin/python3 -W ignore:setup.py install is deprecated -W ignore:easy_install command is deprecated setup.py egg_info --egg-base ../../../build/mastcam_pointcloud build --build-base /home/lexij/roselab-perception/build/mastcam_pointcloud/build install --record /home/lexij/roselab-perception/build/mastcam_pointcloud/install.log --single-version-externally-managed install_data
