[0.905s] Invoking command in '/home/lexij/roselab-perception/ros/src/mastcam_pointcloud': PYTHONPATH=/home/lexij/roselab-perception/build/mastcam_pointcloud/prefix_override:/usr/lib/python3/dist-packages/colcon_core/task/python/colcon_distutils_commands:/home/lexij/roselab-perception/install/mastcam_pointcloud/lib/python3.12/site-packages:${PYTHONPATH} /usr/bin/python3 -W ignore:setup.py install is deprecated -W ignore:easy_install command is deprecated setup.py egg_info --egg-base ../../../build/mastcam_pointcloud build --build-base /home/lexij/roselab-perception/build/mastcam_pointcloud/build install --record /home/lexij/roselab-perception/build/mastcam_pointcloud/install.log --single-version-externally-managed install_data
[1.131s] running egg_info
[1.144s] writing ../../../build/mastcam_pointcloud/mastcam_pointcloud.egg-info/PKG-INFO
[1.145s] writing dependency_links to ../../../build/mastcam_pointcloud/mastcam_pointcloud.egg-info/dependency_links.txt
[1.145s] writing entry points to ../../../build/mastcam_pointcloud/mastcam_pointcloud.egg-info/entry_points.txt
[1.145s] writing requirements to ../../../build/mastcam_pointcloud/mastcam_pointcloud.egg-info/requires.txt
[1.145s] writing top-level names to ../../../build/mastcam_pointcloud/mastcam_pointcloud.egg-info/top_level.txt
[1.173s] reading manifest file '../../../build/mastcam_pointcloud/mastcam_pointcloud.egg-info/SOURCES.txt'
[1.174s] writing manifest file '../../../build/mastcam_pointcloud/mastcam_pointcloud.egg-info/SOURCES.txt'
[1.175s] running build
[1.175s] running build_py
[1.175s] running install
[1.179s] running install_lib
[1.196s] running install_data
[1.196s] running install_egg_info
[1.215s] removing '/home/lexij/roselab-perception/install/mastcam_pointcloud/lib/python3.12/site-packages/mastcam_pointcloud-0.0.0-py3.12.egg-info' (and everything under it)
[1.215s] Copying ../../../build/mastcam_pointcloud/mastcam_pointcloud.egg-info to /home/lexij/roselab-perception/install/mastcam_pointcloud/lib/python3.12/site-packages/mastcam_pointcloud-0.0.0-py3.12.egg-info
[1.216s] running install_scripts
[1.329s] Installing mastcam_pointcloud_publisher script to /home/lexij/roselab-perception/install/mastcam_pointcloud/lib/mastcam_pointcloud
[1.329s] writing list of installed files to '/home/lexij/roselab-perception/build/mastcam_pointcloud/install.log'
[1.352s] Invoked command in '/home/lexij/roselab-perception/ros/src/mastcam_pointcloud' returned '0': PYTHONPATH=/home/lexij/roselab-perception/build/mastcam_pointcloud/prefix_override:/usr/lib/python3/dist-packages/colcon_core/task/python/colcon_distutils_commands:/home/lexij/roselab-perception/install/mastcam_pointcloud/lib/python3.12/site-packages:${PYTHONPATH} /usr/bin/python3 -W ignore:setup.py install is deprecated -W ignore:easy_install command is deprecated setup.py egg_info --egg-base ../../../build/mastcam_pointcloud build --build-base /home/lexij/roselab-perception/build/mastcam_pointcloud/build install --record /home/lexij/roselab-perception/build/mastcam_pointcloud/install.log --single-version-externally-managed install_data
