[1.535s] Invoking command in '/home/lexij/roselab-perception/ros/src/scan_automation': CMAKE_PREFIX_PATH=/home/lexij/roselab-perception/install/gantry_lidar_interfaces:/home/lexij/roselab-perception/install/realsense_bag_recorder_cpp:/opt/ros/jazzy/opt/sdformat_vendor:/opt/ros/jazzy/opt/gz_math_vendor:/opt/ros/jazzy/opt/gz_utils_vendor:/opt/ros/jazzy/opt/gz_tools_vendor:/opt/ros/jazzy/opt/gz_cmake_vendor LD_LIBRARY_PATH=/home/lexij/roselab-perception/install/gantry_lidar_interfaces/lib:/home/lexij/roselab-perception/install/realsense_bag_recorder_cpp/lib:/opt/ros/jazzy/opt/sdformat_vendor/lib:/opt/ros/jazzy/opt/rviz_ogre_vendor/lib:/opt/ros/jazzy/lib/x86_64-linux-gnu:/opt/ros/jazzy/opt/gz_math_vendor/lib:/opt/ros/jazzy/opt/gz_utils_vendor/lib:/opt/ros/jazzy/opt/gz_tools_vendor/lib:/opt/ros/jazzy/opt/gz_cmake_vendor/lib:/opt/ros/jazzy/lib PYTHONPATH=/home/lexij/roselab-perception/build/scan_automation/prefix_override:/usr/lib/python3/dist-packages/colcon_core/task/python/colcon_distutils_commands:/home/lexij/roselab-perception/install/scan_automation/lib/python3.12/site-packages:/home/lexij/roselab-perception/install/gantry_lidar_interfaces/lib/python3.12/site-packages:/home/lexij/roselab-perception/install/scan_automation/lib/python3.12/site-packages:/home/lexij/roselab-perception/install/realsense_bag_recorder_cpp/lib/python3.12/site-packages:/home/lexij/roselab-perception/install/mastcam_pointcloud/lib/python3.12/site-packages:/home/lexij/roselab-perception/install/gantry_services/lib/python3.12/site-packages:/home/lexij/roselab-perception/install/aggregated_pointcloud/lib/python3.12/site-packages:/opt/ros/jazzy/lib/python3.12/site-packages /usr/bin/python3 -W ignore:setup.py install is deprecated -W ignore:easy_install command is deprecated setup.py egg_info --egg-base ../../../build/scan_automation build --build-base /home/lexij/roselab-perception/build/scan_automation/build install --record /home/lexij/roselab-perception/build/scan_automation/install.log --single-version-externally-managed install_data
[1.874s] running egg_info
[1.900s] writing ../../../build/scan_automation/scan_automation.egg-info/PKG-INFO
[1.900s] writing dependency_links to ../../../build/scan_automation/scan_automation.egg-info/dependency_links.txt
[1.901s] writing entry points to ../../../build/scan_automation/scan_automation.egg-info/entry_points.txt
[1.901s] writing requirements to ../../../build/scan_automation/scan_automation.egg-info/requires.txt
[1.901s] writing top-level names to ../../../build/scan_automation/scan_automation.egg-info/top_level.txt
[1.953s] reading manifest file '../../../build/scan_automation/scan_automation.egg-info/SOURCES.txt'
[1.954s] adding license file 'LICENSE'
[1.956s] writing manifest file '../../../build/scan_automation/scan_automation.egg-info/SOURCES.txt'
[1.957s] running build
[1.958s] running build_py
[1.958s] copying scan_automation/GantryCommand.py -> /home/lexij/roselab-perception/build/scan_automation/build/lib/scan_automation
[1.960s] running install
[1.971s] running install_lib
[2.002s] copying /home/lexij/roselab-perception/build/scan_automation/build/lib/scan_automation/GantryCommand.py -> /home/lexij/roselab-perception/install/scan_automation/lib/python3.12/site-packages/scan_automation
[2.002s] byte-compiling /home/lexij/roselab-perception/install/scan_automation/lib/python3.12/site-packages/scan_automation/GantryCommand.py to GantryCommand.cpython-312.pyc
[2.006s] running install_data
[2.007s] running install_egg_info
[2.032s] removing '/home/lexij/roselab-perception/install/scan_automation/lib/python3.12/site-packages/scan_automation-0.0.0-py3.12.egg-info' (and everything under it)
[2.033s] Copying ../../../build/scan_automation/scan_automation.egg-info to /home/lexij/roselab-perception/install/scan_automation/lib/python3.12/site-packages/scan_automation-0.0.0-py3.12.egg-info
[2.037s] running install_scripts
[2.212s] Installing gantry_command script to /home/lexij/roselab-perception/install/scan_automation/lib/scan_automation
[2.212s] writing list of installed files to '/home/lexij/roselab-perception/build/scan_automation/install.log'
[2.250s] Invoked command in '/home/lexij/roselab-perception/ros/src/scan_automation' returned '0': CMAKE_PREFIX_PATH=/home/lexij/roselab-perception/install/gantry_lidar_interfaces:/home/lexij/roselab-perception/install/realsense_bag_recorder_cpp:/opt/ros/jazzy/opt/sdformat_vendor:/opt/ros/jazzy/opt/gz_math_vendor:/opt/ros/jazzy/opt/gz_utils_vendor:/opt/ros/jazzy/opt/gz_tools_vendor:/opt/ros/jazzy/opt/gz_cmake_vendor LD_LIBRARY_PATH=/home/lexij/roselab-perception/install/gantry_lidar_interfaces/lib:/home/lexij/roselab-perception/install/realsense_bag_recorder_cpp/lib:/opt/ros/jazzy/opt/sdformat_vendor/lib:/opt/ros/jazzy/opt/rviz_ogre_vendor/lib:/opt/ros/jazzy/lib/x86_64-linux-gnu:/opt/ros/jazzy/opt/gz_math_vendor/lib:/opt/ros/jazzy/opt/gz_utils_vendor/lib:/opt/ros/jazzy/opt/gz_tools_vendor/lib:/opt/ros/jazzy/opt/gz_cmake_vendor/lib:/opt/ros/jazzy/lib PYTHONPATH=/home/lexij/roselab-perception/build/scan_automation/prefix_override:/usr/lib/python3/dist-packages/colcon_core/task/python/colcon_distutils_commands:/home/lexij/roselab-perception/install/scan_automation/lib/python3.12/site-packages:/home/lexij/roselab-perception/install/gantry_lidar_interfaces/lib/python3.12/site-packages:/home/lexij/roselab-perception/install/scan_automation/lib/python3.12/site-packages:/home/lexij/roselab-perception/install/realsense_bag_recorder_cpp/lib/python3.12/site-packages:/home/lexij/roselab-perception/install/mastcam_pointcloud/lib/python3.12/site-packages:/home/lexij/roselab-perception/install/gantry_services/lib/python3.12/site-packages:/home/lexij/roselab-perception/install/aggregated_pointcloud/lib/python3.12/site-packages:/opt/ros/jazzy/lib/python3.12/site-packages /usr/bin/python3 -W ignore:setup.py install is deprecated -W ignore:easy_install command is deprecated setup.py egg_info --egg-base ../../../build/scan_automation build --build-base /home/lexij/roselab-perception/build/scan_automation/build install --record /home/lexij/roselab-perception/build/scan_automation/install.log --single-version-externally-managed install_data
