[0.679s] Invoking command in '/home/lexij/roselab-perception/build/realsense_bag_recorder_cpp': CMAKE_PREFIX_PATH=${CMAKE_PREFIX_PATH}:/opt/ros/jazzy /usr/bin/cmake --build /home/lexij/roselab-perception/build/realsense_bag_recorder_cpp -- -j22 -l22
[0.775s] [  2%] Built target realsense_bag_recorder_cpp__rosidl_generator_type_description
[0.810s] [  2%] Built target ament_cmake_python_copy_realsense_bag_recorder_cpp
[0.822s] [  5%] Built target realsense_bag_recorder_cpp__cpp
[0.826s] [ 19%] Built target realsense_bag_recorder_cpp__rosidl_generator_c
[0.872s] [ 30%] Built target realsense_bag_recorder_cpp__rosidl_typesupport_c
[0.873s] [ 38%] Built target realsense_bag_recorder_cpp__rosidl_typesupport_introspection_cpp
[0.873s] [ 44%] Built target realsense_bag_recorder_cpp__rosidl_typesupport_introspection_c
[0.882s] [ 55%] Built target realsense_bag_recorder_cpp__rosidl_typesupport_cpp
[0.883s] [ 61%] Built target realsense_bag_recorder_cpp__rosidl_typesupport_fastrtps_cpp
[0.888s] [ 69%] Built target realsense_bag_recorder_cpp__rosidl_typesupport_fastrtps_c
[0.926s] [ 69%] Built target realsense_bag_recorder_cpp
[0.938s] [ 75%] Built target bag_recorder_service
[0.969s] [ 77%] Built target realsense_bag_recorder_cpp__py
[1.023s] [ 83%] Built target realsense_bag_recorder_cpp__rosidl_generator_py
[1.068s] [ 91%] Built target realsense_bag_recorder_cpp_s__rosidl_typesupport_fastrtps_c
[1.068s] [ 94%] Built target realsense_bag_recorder_cpp_s__rosidl_typesupport_introspection_c
[1.072s] [100%] Built target realsense_bag_recorder_cpp_s__rosidl_typesupport_c
[1.170s] running egg_info
[1.198s] writing realsense_bag_recorder_cpp.egg-info/PKG-INFO
[1.199s] writing dependency_links to realsense_bag_recorder_cpp.egg-info/dependency_links.txt
[1.199s] writing top-level names to realsense_bag_recorder_cpp.egg-info/top_level.txt
[1.306s] reading manifest file 'realsense_bag_recorder_cpp.egg-info/SOURCES.txt'
[1.308s] writing manifest file 'realsense_bag_recorder_cpp.egg-info/SOURCES.txt'
[1.354s] [100%] Built target ament_cmake_python_build_realsense_bag_recorder_cpp_egg
[1.893s] Invoked command in '/home/lexij/roselab-perception/build/realsense_bag_recorder_cpp' returned '0': CMAKE_PREFIX_PATH=${CMAKE_PREFIX_PATH}:/opt/ros/jazzy /usr/bin/cmake --build /home/lexij/roselab-perception/build/realsense_bag_recorder_cpp -- -j22 -l22
[1.905s] Invoking command in '/home/lexij/roselab-perception/build/realsense_bag_recorder_cpp': CMAKE_PREFIX_PATH=${CMAKE_PREFIX_PATH}:/opt/ros/jazzy /usr/bin/cmake --install /home/lexij/roselab-perception/build/realsense_bag_recorder_cpp
[1.920s] -- Install configuration: ""
[1.922s] -- Up-to-date: /home/lexij/roselab-perception/install/realsense_bag_recorder_cpp/share/ament_index/resource_index/rosidl_interfaces/realsense_bag_recorder_cpp
[1.922s] -- Up-to-date: /home/lexij/roselab-perception/install/realsense_bag_recorder_cpp/share/realsense_bag_recorder_cpp/srv/RecordBag.json
[1.923s] -- Up-to-date: /home/lexij/roselab-perception/install/realsense_bag_recorder_cpp/include/realsense_bag_recorder_cpp/realsense_bag_recorder_cpp
[1.923s] -- Up-to-date: /home/lexij/roselab-perception/install/realsense_bag_recorder_cpp/include/realsense_bag_recorder_cpp/realsense_bag_recorder_cpp/msg
[1.923s] -- Up-to-date: /home/lexij/roselab-perception/install/realsense_bag_recorder_cpp/include/realsense_bag_recorder_cpp/realsense_bag_recorder_cpp/msg/rosidl_generator_c__visibility_control.h
[1.923s] -- Up-to-date: /home/lexij/roselab-perception/install/realsense_bag_recorder_cpp/include/realsense_bag_recorder_cpp/realsense_bag_recorder_cpp/srv
[1.923s] -- Up-to-date: /home/lexij/roselab-perception/install/realsense_bag_recorder_cpp/include/realsense_bag_recorder_cpp/realsense_bag_recorder_cpp/srv/record_bag.h
[1.923s] -- Up-to-date: /home/lexij/roselab-perception/install/realsense_bag_recorder_cpp/include/realsense_bag_recorder_cpp/realsense_bag_recorder_cpp/srv/detail
[1.924s] -- Up-to-date: /home/lexij/roselab-perception/install/realsense_bag_recorder_cpp/include/realsense_bag_recorder_cpp/realsense_bag_recorder_cpp/srv/detail/record_bag__functions.h
[1.924s] -- Up-to-date: /home/lexij/roselab-perception/install/realsense_bag_recorder_cpp/include/realsense_bag_recorder_cpp/realsense_bag_recorder_cpp/srv/detail/record_bag__type_support.c
[1.924s] -- Up-to-date: /home/lexij/roselab-perception/install/realsense_bag_recorder_cpp/include/realsense_bag_recorder_cpp/realsense_bag_recorder_cpp/srv/detail/record_bag__struct.h
[1.924s] -- Up-to-date: /home/lexij/roselab-perception/install/realsense_bag_recorder_cpp/include/realsense_bag_recorder_cpp/realsense_bag_recorder_cpp/srv/detail/record_bag__functions.c
[1.924s] -- Up-to-date: /home/lexij/roselab-perception/install/realsense_bag_recorder_cpp/include/realsense_bag_recorder_cpp/realsense_bag_recorder_cpp/srv/detail/record_bag__type_support.h
[1.924s] -- Up-to-date: /home/lexij/roselab-perception/install/realsense_bag_recorder_cpp/include/realsense_bag_recorder_cpp/realsense_bag_recorder_cpp/srv/detail/record_bag__description.c
[1.924s] -- Up-to-date: /home/lexij/roselab-perception/install/realsense_bag_recorder_cpp/share/realsense_bag_recorder_cpp/environment/library_path.sh
[1.924s] -- Up-to-date: /home/lexij/roselab-perception/install/realsense_bag_recorder_cpp/share/realsense_bag_recorder_cpp/environment/library_path.dsv
[1.925s] -- Up-to-date: /home/lexij/roselab-perception/install/realsense_bag_recorder_cpp/lib/librealsense_bag_recorder_cpp__rosidl_generator_c.so
[1.925s] -- Up-to-date: /home/lexij/roselab-perception/install/realsense_bag_recorder_cpp/include/realsense_bag_recorder_cpp/realsense_bag_recorder_cpp
[1.925s] -- Up-to-date: /home/lexij/roselab-perception/install/realsense_bag_recorder_cpp/include/realsense_bag_recorder_cpp/realsense_bag_recorder_cpp/msg
[1.925s] -- Up-to-date: /home/lexij/roselab-perception/install/realsense_bag_recorder_cpp/include/realsense_bag_recorder_cpp/realsense_bag_recorder_cpp/msg/rosidl_typesupport_fastrtps_c__visibility_control.h
[1.925s] -- Up-to-date: /home/lexij/roselab-perception/install/realsense_bag_recorder_cpp/include/realsense_bag_recorder_cpp/realsense_bag_recorder_cpp/srv
[1.925s] -- Up-to-date: /home/lexij/roselab-perception/install/realsense_bag_recorder_cpp/include/realsense_bag_recorder_cpp/realsense_bag_recorder_cpp/srv/detail
[1.925s] -- Up-to-date: /home/lexij/roselab-perception/install/realsense_bag_recorder_cpp/include/realsense_bag_recorder_cpp/realsense_bag_recorder_cpp/srv/detail/record_bag__rosidl_typesupport_fastrtps_c.h
[1.926s] -- Up-to-date: /home/lexij/roselab-perception/install/realsense_bag_recorder_cpp/lib/librealsense_bag_recorder_cpp__rosidl_typesupport_fastrtps_c.so
[1.927s] -- Up-to-date: /home/lexij/roselab-perception/install/realsense_bag_recorder_cpp/include/realsense_bag_recorder_cpp/realsense_bag_recorder_cpp
[1.927s] -- Up-to-date: /home/lexij/roselab-perception/install/realsense_bag_recorder_cpp/include/realsense_bag_recorder_cpp/realsense_bag_recorder_cpp/msg
[1.927s] -- Up-to-date: /home/lexij/roselab-perception/install/realsense_bag_recorder_cpp/include/realsense_bag_recorder_cpp/realsense_bag_recorder_cpp/msg/rosidl_generator_cpp__visibility_control.hpp
[1.927s] -- Up-to-date: /home/lexij/roselab-perception/install/realsense_bag_recorder_cpp/include/realsense_bag_recorder_cpp/realsense_bag_recorder_cpp/srv
[1.927s] -- Up-to-date: /home/lexij/roselab-perception/install/realsense_bag_recorder_cpp/include/realsense_bag_recorder_cpp/realsense_bag_recorder_cpp/srv/record_bag.hpp
[1.927s] -- Up-to-date: /home/lexij/roselab-perception/install/realsense_bag_recorder_cpp/include/realsense_bag_recorder_cpp/realsense_bag_recorder_cpp/srv/detail
[1.927s] -- Up-to-date: /home/lexij/roselab-perception/install/realsense_bag_recorder_cpp/include/realsense_bag_recorder_cpp/realsense_bag_recorder_cpp/srv/detail/record_bag__traits.hpp
[1.927s] -- Up-to-date: /home/lexij/roselab-perception/install/realsense_bag_recorder_cpp/include/realsense_bag_recorder_cpp/realsense_bag_recorder_cpp/srv/detail/record_bag__type_support.hpp
[1.927s] -- Up-to-date: /home/lexij/roselab-perception/install/realsense_bag_recorder_cpp/include/realsense_bag_recorder_cpp/realsense_bag_recorder_cpp/srv/detail/record_bag__struct.hpp
[1.927s] -- Up-to-date: /home/lexij/roselab-perception/install/realsense_bag_recorder_cpp/include/realsense_bag_recorder_cpp/realsense_bag_recorder_cpp/srv/detail/record_bag__builder.hpp
[1.927s] -- Up-to-date: /home/lexij/roselab-perception/install/realsense_bag_recorder_cpp/include/realsense_bag_recorder_cpp/realsense_bag_recorder_cpp
[1.928s] -- Up-to-date: /home/lexij/roselab-perception/install/realsense_bag_recorder_cpp/include/realsense_bag_recorder_cpp/realsense_bag_recorder_cpp/msg
[1.928s] -- Up-to-date: /home/lexij/roselab-perception/install/realsense_bag_recorder_cpp/include/realsense_bag_recorder_cpp/realsense_bag_recorder_cpp/msg/rosidl_typesupport_fastrtps_cpp__visibility_control.h
[1.928s] -- Up-to-date: /home/lexij/roselab-perception/install/realsense_bag_recorder_cpp/include/realsense_bag_recorder_cpp/realsense_bag_recorder_cpp/srv
[1.928s] -- Up-to-date: /home/lexij/roselab-perception/install/realsense_bag_recorder_cpp/include/realsense_bag_recorder_cpp/realsense_bag_recorder_cpp/srv/detail
[1.928s] -- Up-to-date: /home/lexij/roselab-perception/install/realsense_bag_recorder_cpp/include/realsense_bag_recorder_cpp/realsense_bag_recorder_cpp/srv/detail/dds_fastrtps
[1.928s] -- Up-to-date: /home/lexij/roselab-perception/install/realsense_bag_recorder_cpp/include/realsense_bag_recorder_cpp/realsense_bag_recorder_cpp/srv/detail/record_bag__rosidl_typesupport_fastrtps_cpp.hpp
[1.933s] -- Up-to-date: /home/lexij/roselab-perception/install/realsense_bag_recorder_cpp/lib/librealsense_bag_recorder_cpp__rosidl_typesupport_fastrtps_cpp.so
[1.934s] -- Up-to-date: /home/lexij/roselab-perception/install/realsense_bag_recorder_cpp/include/realsense_bag_recorder_cpp/realsense_bag_recorder_cpp
[1.934s] -- Up-to-date: /home/lexij/roselab-perception/install/realsense_bag_recorder_cpp/include/realsense_bag_recorder_cpp/realsense_bag_recorder_cpp/msg
[1.935s] -- Up-to-date: /home/lexij/roselab-perception/install/realsense_bag_recorder_cpp/include/realsense_bag_recorder_cpp/realsense_bag_recorder_cpp/msg/rosidl_typesupport_introspection_c__visibility_control.h
[1.935s] -- Up-to-date: /home/lexij/roselab-perception/install/realsense_bag_recorder_cpp/include/realsense_bag_recorder_cpp/realsense_bag_recorder_cpp/srv
[1.935s] -- Up-to-date: /home/lexij/roselab-perception/install/realsense_bag_recorder_cpp/include/realsense_bag_recorder_cpp/realsense_bag_recorder_cpp/srv/detail
[1.935s] -- Up-to-date: /home/lexij/roselab-perception/install/realsense_bag_recorder_cpp/include/realsense_bag_recorder_cpp/realsense_bag_recorder_cpp/srv/detail/record_bag__type_support.c
[1.935s] -- Up-to-date: /home/lexij/roselab-perception/install/realsense_bag_recorder_cpp/include/realsense_bag_recorder_cpp/realsense_bag_recorder_cpp/srv/detail/record_bag__rosidl_typesupport_introspection_c.h
[1.936s] -- Up-to-date: /home/lexij/roselab-perception/install/realsense_bag_recorder_cpp/lib/librealsense_bag_recorder_cpp__rosidl_typesupport_introspection_c.so
[1.938s] -- Up-to-date: /home/lexij/roselab-perception/install/realsense_bag_recorder_cpp/lib/librealsense_bag_recorder_cpp__rosidl_typesupport_c.so
[1.938s] -- Up-to-date: /home/lexij/roselab-perception/install/realsense_bag_recorder_cpp/include/realsense_bag_recorder_cpp/realsense_bag_recorder_cpp
[1.938s] -- Up-to-date: /home/lexij/roselab-perception/install/realsense_bag_recorder_cpp/include/realsense_bag_recorder_cpp/realsense_bag_recorder_cpp/srv
[1.938s] -- Up-to-date: /home/lexij/roselab-perception/install/realsense_bag_recorder_cpp/include/realsense_bag_recorder_cpp/realsense_bag_recorder_cpp/srv/detail
[1.939s] -- Up-to-date: /home/lexij/roselab-perception/install/realsense_bag_recorder_cpp/include/realsense_bag_recorder_cpp/realsense_bag_recorder_cpp/srv/detail/record_bag__rosidl_typesupport_introspection_cpp.hpp
[1.939s] -- Up-to-date: /home/lexij/roselab-perception/install/realsense_bag_recorder_cpp/include/realsense_bag_recorder_cpp/realsense_bag_recorder_cpp/srv/detail/record_bag__type_support.cpp
[1.940s] -- Up-to-date: /home/lexij/roselab-perception/install/realsense_bag_recorder_cpp/lib/librealsense_bag_recorder_cpp__rosidl_typesupport_introspection_cpp.so
[1.942s] -- Up-to-date: /home/lexij/roselab-perception/install/realsense_bag_recorder_cpp/lib/librealsense_bag_recorder_cpp__rosidl_typesupport_cpp.so
[1.943s] -- Up-to-date: /home/lexij/roselab-perception/install/realsense_bag_recorder_cpp/share/realsense_bag_recorder_cpp/environment/pythonpath.sh
[1.943s] -- Up-to-date: /home/lexij/roselab-perception/install/realsense_bag_recorder_cpp/share/realsense_bag_recorder_cpp/environment/pythonpath.dsv
[1.943s] -- Up-to-date: /home/lexij/roselab-perception/install/realsense_bag_recorder_cpp/lib/python3.12/site-packages/realsense_bag_recorder_cpp-0.0.0-py3.12.egg-info
[1.943s] -- Installing: /home/lexij/roselab-perception/install/realsense_bag_recorder_cpp/lib/python3.12/site-packages/realsense_bag_recorder_cpp-0.0.0-py3.12.egg-info/top_level.txt
[1.945s] -- Installing: /home/lexij/roselab-perception/install/realsense_bag_recorder_cpp/lib/python3.12/site-packages/realsense_bag_recorder_cpp-0.0.0-py3.12.egg-info/PKG-INFO
[1.945s] -- Installing: /home/lexij/roselab-perception/install/realsense_bag_recorder_cpp/lib/python3.12/site-packages/realsense_bag_recorder_cpp-0.0.0-py3.12.egg-info/dependency_links.txt
[1.945s] -- Installing: /home/lexij/roselab-perception/install/realsense_bag_recorder_cpp/lib/python3.12/site-packages/realsense_bag_recorder_cpp-0.0.0-py3.12.egg-info/SOURCES.txt
[1.946s] -- Up-to-date: /home/lexij/roselab-perception/install/realsense_bag_recorder_cpp/lib/python3.12/site-packages/realsense_bag_recorder_cpp
[1.946s] -- Up-to-date: /home/lexij/roselab-perception/install/realsense_bag_recorder_cpp/lib/python3.12/site-packages/realsense_bag_recorder_cpp/_realsense_bag_recorder_cpp_s.ep.rosidl_typesupport_fastrtps_c.c
[1.946s] -- Up-to-date: /home/lexij/roselab-perception/install/realsense_bag_recorder_cpp/lib/python3.12/site-packages/realsense_bag_recorder_cpp/__init__.py
[1.946s] -- Up-to-date: /home/lexij/roselab-perception/install/realsense_bag_recorder_cpp/lib/python3.12/site-packages/realsense_bag_recorder_cpp/realsense_bag_recorder_cpp_s__rosidl_typesupport_c.so
[1.946s] -- Up-to-date: /home/lexij/roselab-perception/install/realsense_bag_recorder_cpp/lib/python3.12/site-packages/realsense_bag_recorder_cpp/_realsense_bag_recorder_cpp_s.ep.rosidl_typesupport_c.c
[1.946s] -- Up-to-date: /home/lexij/roselab-perception/install/realsense_bag_recorder_cpp/lib/python3.12/site-packages/realsense_bag_recorder_cpp/_realsense_bag_recorder_cpp_s.ep.rosidl_typesupport_introspection_c.c
[1.946s] -- Up-to-date: /home/lexij/roselab-perception/install/realsense_bag_recorder_cpp/lib/python3.12/site-packages/realsense_bag_recorder_cpp/realsense_bag_recorder_cpp_s__rosidl_typesupport_fastrtps_c.so
[1.946s] -- Up-to-date: /home/lexij/roselab-perception/install/realsense_bag_recorder_cpp/lib/python3.12/site-packages/realsense_bag_recorder_cpp/srv
[1.946s] -- Up-to-date: /home/lexij/roselab-perception/install/realsense_bag_recorder_cpp/lib/python3.12/site-packages/realsense_bag_recorder_cpp/srv/_record_bag.py
[1.946s] -- Up-to-date: /home/lexij/roselab-perception/install/realsense_bag_recorder_cpp/lib/python3.12/site-packages/realsense_bag_recorder_cpp/srv/_record_bag_s.c
[1.946s] -- Up-to-date: /home/lexij/roselab-perception/install/realsense_bag_recorder_cpp/lib/python3.12/site-packages/realsense_bag_recorder_cpp/srv/__init__.py
[1.947s] -- Up-to-date: /home/lexij/roselab-perception/install/realsense_bag_recorder_cpp/lib/python3.12/site-packages/realsense_bag_recorder_cpp/realsense_bag_recorder_cpp_s__rosidl_typesupport_introspection_c.so
[2.015s] Listing '/home/lexij/roselab-perception/install/realsense_bag_recorder_cpp/lib/python3.12/site-packages/realsense_bag_recorder_cpp'...
[2.016s] Listing '/home/lexij/roselab-perception/install/realsense_bag_recorder_cpp/lib/python3.12/site-packages/realsense_bag_recorder_cpp/srv'...
[2.026s] -- Up-to-date: /home/lexij/roselab-perception/install/realsense_bag_recorder_cpp/lib/python3.12/site-packages/realsense_bag_recorder_cpp/realsense_bag_recorder_cpp_s__rosidl_typesupport_fastrtps_c.so
[2.028s] -- Up-to-date: /home/lexij/roselab-perception/install/realsense_bag_recorder_cpp/lib/python3.12/site-packages/realsense_bag_recorder_cpp/realsense_bag_recorder_cpp_s__rosidl_typesupport_introspection_c.so
[2.031s] -- Up-to-date: /home/lexij/roselab-perception/install/realsense_bag_recorder_cpp/lib/python3.12/site-packages/realsense_bag_recorder_cpp/realsense_bag_recorder_cpp_s__rosidl_typesupport_c.so
[2.033s] -- Up-to-date: /home/lexij/roselab-perception/install/realsense_bag_recorder_cpp/lib/librealsense_bag_recorder_cpp__rosidl_generator_py.so
[2.034s] -- Up-to-date: /home/lexij/roselab-perception/install/realsense_bag_recorder_cpp/share/realsense_bag_recorder_cpp/srv/RecordBag.idl
[2.034s] -- Up-to-date: /home/lexij/roselab-perception/install/realsense_bag_recorder_cpp/share/realsense_bag_recorder_cpp/srv/RecordBag.srv
[2.035s] -- Up-to-date: /home/lexij/roselab-perception/install/realsense_bag_recorder_cpp/lib/realsense_bag_recorder_cpp/bag_recorder_service
[2.036s] -- Up-to-date: /home/lexij/roselab-perception/install/realsense_bag_recorder_cpp/share/realsense_bag_recorder_cpp/srv
[2.036s] -- Up-to-date: /home/lexij/roselab-perception/install/realsense_bag_recorder_cpp/share/realsense_bag_recorder_cpp/srv/RecordBag.srv
[2.037s] -- Up-to-date: /home/lexij/roselab-perception/install/realsense_bag_recorder_cpp/share/ament_index/resource_index/package_run_dependencies/realsense_bag_recorder_cpp
[2.037s] -- Up-to-date: /home/lexij/roselab-perception/install/realsense_bag_recorder_cpp/share/ament_index/resource_index/parent_prefix_path/realsense_bag_recorder_cpp
[2.037s] -- Up-to-date: /home/lexij/roselab-perception/install/realsense_bag_recorder_cpp/share/realsense_bag_recorder_cpp/environment/ament_prefix_path.sh
[2.037s] -- Up-to-date: /home/lexij/roselab-perception/install/realsense_bag_recorder_cpp/share/realsense_bag_recorder_cpp/environment/ament_prefix_path.dsv
[2.037s] -- Up-to-date: /home/lexij/roselab-perception/install/realsense_bag_recorder_cpp/share/realsense_bag_recorder_cpp/environment/path.sh
[2.037s] -- Up-to-date: /home/lexij/roselab-perception/install/realsense_bag_recorder_cpp/share/realsense_bag_recorder_cpp/environment/path.dsv
[2.037s] -- Up-to-date: /home/lexij/roselab-perception/install/realsense_bag_recorder_cpp/share/realsense_bag_recorder_cpp/local_setup.bash
[2.038s] -- Up-to-date: /home/lexij/roselab-perception/install/realsense_bag_recorder_cpp/share/realsense_bag_recorder_cpp/local_setup.sh
[2.038s] -- Up-to-date: /home/lexij/roselab-perception/install/realsense_bag_recorder_cpp/share/realsense_bag_recorder_cpp/local_setup.zsh
[2.038s] -- Up-to-date: /home/lexij/roselab-perception/install/realsense_bag_recorder_cpp/share/realsense_bag_recorder_cpp/local_setup.dsv
[2.038s] -- Installing: /home/lexij/roselab-perception/install/realsense_bag_recorder_cpp/share/realsense_bag_recorder_cpp/package.dsv
[2.040s] -- Up-to-date: /home/lexij/roselab-perception/install/realsense_bag_recorder_cpp/share/ament_index/resource_index/packages/realsense_bag_recorder_cpp
[2.042s] -- Up-to-date: /home/lexij/roselab-perception/install/realsense_bag_recorder_cpp/share/realsense_bag_recorder_cpp/cmake/export_realsense_bag_recorder_cpp__rosidl_generator_cExport.cmake
[2.042s] -- Up-to-date: /home/lexij/roselab-perception/install/realsense_bag_recorder_cpp/share/realsense_bag_recorder_cpp/cmake/export_realsense_bag_recorder_cpp__rosidl_generator_cExport-noconfig.cmake
[2.044s] -- Up-to-date: /home/lexij/roselab-perception/install/realsense_bag_recorder_cpp/share/realsense_bag_recorder_cpp/cmake/export_realsense_bag_recorder_cpp__rosidl_typesupport_fastrtps_cExport.cmake
[2.044s] -- Up-to-date: /home/lexij/roselab-perception/install/realsense_bag_recorder_cpp/share/realsense_bag_recorder_cpp/cmake/export_realsense_bag_recorder_cpp__rosidl_typesupport_fastrtps_cExport-noconfig.cmake
[2.045s] -- Up-to-date: /home/lexij/roselab-perception/install/realsense_bag_recorder_cpp/share/realsense_bag_recorder_cpp/cmake/export_realsense_bag_recorder_cpp__rosidl_generator_cppExport.cmake
[2.047s] -- Up-to-date: /home/lexij/roselab-perception/install/realsense_bag_recorder_cpp/share/realsense_bag_recorder_cpp/cmake/export_realsense_bag_recorder_cpp__rosidl_typesupport_fastrtps_cppExport.cmake
[2.047s] -- Up-to-date: /home/lexij/roselab-perception/install/realsense_bag_recorder_cpp/share/realsense_bag_recorder_cpp/cmake/export_realsense_bag_recorder_cpp__rosidl_typesupport_fastrtps_cppExport-noconfig.cmake
[2.048s] -- Up-to-date: /home/lexij/roselab-perception/install/realsense_bag_recorder_cpp/share/realsense_bag_recorder_cpp/cmake/realsense_bag_recorder_cpp__rosidl_typesupport_introspection_cExport.cmake
[2.048s] -- Up-to-date: /home/lexij/roselab-perception/install/realsense_bag_recorder_cpp/share/realsense_bag_recorder_cpp/cmake/realsense_bag_recorder_cpp__rosidl_typesupport_introspection_cExport-noconfig.cmake
[2.049s] -- Up-to-date: /home/lexij/roselab-perception/install/realsense_bag_recorder_cpp/share/realsense_bag_recorder_cpp/cmake/realsense_bag_recorder_cpp__rosidl_typesupport_cExport.cmake
[2.050s] -- Up-to-date: /home/lexij/roselab-perception/install/realsense_bag_recorder_cpp/share/realsense_bag_recorder_cpp/cmake/realsense_bag_recorder_cpp__rosidl_typesupport_cExport-noconfig.cmake
[2.051s] -- Up-to-date: /home/lexij/roselab-perception/install/realsense_bag_recorder_cpp/share/realsense_bag_recorder_cpp/cmake/realsense_bag_recorder_cpp__rosidl_typesupport_introspection_cppExport.cmake
[2.051s] -- Up-to-date: /home/lexij/roselab-perception/install/realsense_bag_recorder_cpp/share/realsense_bag_recorder_cpp/cmake/realsense_bag_recorder_cpp__rosidl_typesupport_introspection_cppExport-noconfig.cmake
[2.052s] -- Up-to-date: /home/lexij/roselab-perception/install/realsense_bag_recorder_cpp/share/realsense_bag_recorder_cpp/cmake/realsense_bag_recorder_cpp__rosidl_typesupport_cppExport.cmake
[2.053s] -- Up-to-date: /home/lexij/roselab-perception/install/realsense_bag_recorder_cpp/share/realsense_bag_recorder_cpp/cmake/realsense_bag_recorder_cpp__rosidl_typesupport_cppExport-noconfig.cmake
[2.054s] -- Up-to-date: /home/lexij/roselab-perception/install/realsense_bag_recorder_cpp/share/realsense_bag_recorder_cpp/cmake/export_realsense_bag_recorder_cpp__rosidl_generator_pyExport.cmake
[2.054s] -- Up-to-date: /home/lexij/roselab-perception/install/realsense_bag_recorder_cpp/share/realsense_bag_recorder_cpp/cmake/export_realsense_bag_recorder_cpp__rosidl_generator_pyExport-noconfig.cmake
[2.054s] -- Up-to-date: /home/lexij/roselab-perception/install/realsense_bag_recorder_cpp/share/realsense_bag_recorder_cpp/cmake/rosidl_cmake-extras.cmake
[2.054s] -- Up-to-date: /home/lexij/roselab-perception/install/realsense_bag_recorder_cpp/share/realsense_bag_recorder_cpp/cmake/ament_cmake_export_dependencies-extras.cmake
[2.054s] -- Up-to-date: /home/lexij/roselab-perception/install/realsense_bag_recorder_cpp/share/realsense_bag_recorder_cpp/cmake/ament_cmake_export_include_directories-extras.cmake
[2.055s] -- Up-to-date: /home/lexij/roselab-perception/install/realsense_bag_recorder_cpp/share/realsense_bag_recorder_cpp/cmake/ament_cmake_export_libraries-extras.cmake
[2.055s] -- Up-to-date: /home/lexij/roselab-perception/install/realsense_bag_recorder_cpp/share/realsense_bag_recorder_cpp/cmake/ament_cmake_export_targets-extras.cmake
[2.055s] -- Up-to-date: /home/lexij/roselab-perception/install/realsense_bag_recorder_cpp/share/realsense_bag_recorder_cpp/cmake/rosidl_cmake_export_typesupport_targets-extras.cmake
[2.055s] -- Up-to-date: /home/lexij/roselab-perception/install/realsense_bag_recorder_cpp/share/realsense_bag_recorder_cpp/cmake/rosidl_cmake_export_typesupport_libraries-extras.cmake
[2.055s] -- Up-to-date: /home/lexij/roselab-perception/install/realsense_bag_recorder_cpp/share/realsense_bag_recorder_cpp/cmake/realsense_bag_recorder_cppConfig.cmake
[2.055s] -- Up-to-date: /home/lexij/roselab-perception/install/realsense_bag_recorder_cpp/share/realsense_bag_recorder_cpp/cmake/realsense_bag_recorder_cppConfig-version.cmake
[2.055s] -- Up-to-date: /home/lexij/roselab-perception/install/realsense_bag_recorder_cpp/share/realsense_bag_recorder_cpp/package.xml
[2.060s] Invoked command in '/home/lexij/roselab-perception/build/realsense_bag_recorder_cpp' returned '0': CMAKE_PREFIX_PATH=${CMAKE_PREFIX_PATH}:/opt/ros/jazzy /usr/bin/cmake --install /home/lexij/roselab-perception/build/realsense_bag_recorder_cpp
