[0.642s] DEBUG:colcon:Command line arguments: ['/usr/bin/colcon', 'build']
[0.643s] DEBUG:colcon:Parsed command line arguments: Namespace(log_base=None, log_level=None, verb_name='build', build_base='build', install_base='install', merge_install=False, symlink_install=False, test_result_base=None, continue_on_error=False, executor='parallel', parallel_workers=22, event_handlers=None, ignore_user_meta=False, metas=['./colcon.meta'], base_paths=['.'], packages_ignore=None, packages_ignore_regex=None, paths=None, packages_up_to=None, packages_up_to_regex=None, packages_above=None, packages_above_and_dependencies=None, packages_above_depth=None, packages_select_by_dep=None, packages_skip_by_dep=None, packages_skip_up_to=None, packages_select_build_failed=False, packages_skip_build_finished=False, packages_select_test_failures=False, packages_skip_test_passed=False, packages_select=None, packages_skip=None, packages_select_regex=None, packages_skip_regex=None, packages_start=None, packages_end=None, allow_overriding=[], cmake_args=None, cmake_target=None, cmake_target_skip_unavailable=False, cmake_clean_cache=False, cmake_clean_first=False, cmake_force_configure=False, ament_cmake_args=None, catkin_cmake_args=None, catkin_skip_building_tests=False, mixin_files=None, mixin=None, verb_parser=<colcon_mixin.mixin.mixin_argument.MixinArgumentDecorator object at 0x74d22b085640>, verb_extension=<colcon_core.verb.build.BuildVerb object at 0x74d22b1c8560>, main=<bound method BuildVerb.main of <colcon_core.verb.build.BuildVerb object at 0x74d22b1c8560>>, mixin_verb=('build',))
[0.765s] Level 1:colcon.colcon_core.package_discovery:discover_packages(colcon_meta) check parameters
[0.765s] Level 1:colcon.colcon_core.package_discovery:discover_packages(recursive) check parameters
[0.765s] Level 1:colcon.colcon_core.package_discovery:discover_packages(ignore) check parameters
[0.765s] Level 1:colcon.colcon_core.package_discovery:discover_packages(path) check parameters
[0.765s] Level 1:colcon.colcon_core.package_discovery:discover_packages(colcon_meta) discover
[0.766s] Level 1:colcon.colcon_core.package_discovery:discover_packages(recursive) discover
[0.766s] INFO:colcon.colcon_core.package_discovery:Crawling recursively for packages in '/home/lexij/roselab-perception'
[0.766s] Level 1:colcon.colcon_core.package_identification:_identify(.) by extensions ['ignore', 'ignore_ament_install']
[0.766s] Level 1:colcon.colcon_core.package_identification:_identify(.) by extension 'ignore'
[0.767s] Level 1:colcon.colcon_core.package_identification:_identify(.) by extension 'ignore_ament_install'
[0.767s] Level 1:colcon.colcon_core.package_identification:_identify(.) by extensions ['colcon_pkg']
[0.767s] Level 1:colcon.colcon_core.package_identification:_identify(.) by extension 'colcon_pkg'
[0.767s] Level 1:colcon.colcon_core.package_identification:_identify(.) by extensions ['colcon_meta']
[0.767s] Level 1:colcon.colcon_core.package_identification:_identify(.) by extension 'colcon_meta'
[0.767s] Level 1:colcon.colcon_core.package_identification:_identify(.) by extensions ['ros']
[0.767s] Level 1:colcon.colcon_core.package_identification:_identify(.) by extension 'ros'
[0.822s] Level 1:colcon.colcon_core.package_identification:_identify(.) by extensions ['cmake', 'python']
[0.822s] Level 1:colcon.colcon_core.package_identification:_identify(.) by extension 'cmake'
[0.822s] Level 1:colcon.colcon_core.package_identification:_identify(.) by extension 'python'
[0.822s] Level 1:colcon.colcon_core.package_identification:_identify(.) by extensions ['python_setup_py']
[0.822s] Level 1:colcon.colcon_core.package_identification:_identify(.) by extension 'python_setup_py'
[0.822s] Level 1:colcon.colcon_core.package_identification:_identify(build) by extensions ['ignore', 'ignore_ament_install']
[0.822s] Level 1:colcon.colcon_core.package_identification:_identify(build) by extension 'ignore'
[0.822s] Level 1:colcon.colcon_core.package_identification:_identify(build) ignored
[0.823s] Level 1:colcon.colcon_core.package_identification:_identify(data) by extensions ['ignore', 'ignore_ament_install']
[0.823s] Level 1:colcon.colcon_core.package_identification:_identify(data) by extension 'ignore'
[0.823s] Level 1:colcon.colcon_core.package_identification:_identify(data) by extension 'ignore_ament_install'
[0.823s] Level 1:colcon.colcon_core.package_identification:_identify(data) by extensions ['colcon_pkg']
[0.823s] Level 1:colcon.colcon_core.package_identification:_identify(data) by extension 'colcon_pkg'
[0.823s] Level 1:colcon.colcon_core.package_identification:_identify(data) by extensions ['colcon_meta']
[0.823s] Level 1:colcon.colcon_core.package_identification:_identify(data) by extension 'colcon_meta'
[0.823s] Level 1:colcon.colcon_core.package_identification:_identify(data) by extensions ['ros']
[0.823s] Level 1:colcon.colcon_core.package_identification:_identify(data) by extension 'ros'
[0.823s] Level 1:colcon.colcon_core.package_identification:_identify(data) by extensions ['cmake', 'python']
[0.823s] Level 1:colcon.colcon_core.package_identification:_identify(data) by extension 'cmake'
[0.823s] Level 1:colcon.colcon_core.package_identification:_identify(data) by extension 'python'
[0.823s] Level 1:colcon.colcon_core.package_identification:_identify(data) by extensions ['python_setup_py']
[0.823s] Level 1:colcon.colcon_core.package_identification:_identify(data) by extension 'python_setup_py'
[0.823s] Level 1:colcon.colcon_core.package_identification:_identify(install) by extensions ['ignore', 'ignore_ament_install']
[0.823s] Level 1:colcon.colcon_core.package_identification:_identify(install) by extension 'ignore'
[0.823s] Level 1:colcon.colcon_core.package_identification:_identify(install) ignored
[0.823s] Level 1:colcon.colcon_core.package_identification:_identify(log) by extensions ['ignore', 'ignore_ament_install']
[0.824s] Level 1:colcon.colcon_core.package_identification:_identify(log) by extension 'ignore'
[0.824s] Level 1:colcon.colcon_core.package_identification:_identify(log) ignored
[0.824s] Level 1:colcon.colcon_core.package_identification:_identify(reference) by extensions ['ignore', 'ignore_ament_install']
[0.824s] Level 1:colcon.colcon_core.package_identification:_identify(reference) by extension 'ignore'
[0.824s] Level 1:colcon.colcon_core.package_identification:_identify(reference) by extension 'ignore_ament_install'
[0.824s] Level 1:colcon.colcon_core.package_identification:_identify(reference) by extensions ['colcon_pkg']
[0.824s] Level 1:colcon.colcon_core.package_identification:_identify(reference) by extension 'colcon_pkg'
[0.824s] Level 1:colcon.colcon_core.package_identification:_identify(reference) by extensions ['colcon_meta']
[0.824s] Level 1:colcon.colcon_core.package_identification:_identify(reference) by extension 'colcon_meta'
[0.824s] Level 1:colcon.colcon_core.package_identification:_identify(reference) by extensions ['ros']
[0.824s] Level 1:colcon.colcon_core.package_identification:_identify(reference) by extension 'ros'
[0.824s] Level 1:colcon.colcon_core.package_identification:_identify(reference) by extensions ['cmake', 'python']
[0.824s] Level 1:colcon.colcon_core.package_identification:_identify(reference) by extension 'cmake'
[0.824s] Level 1:colcon.colcon_core.package_identification:_identify(reference) by extension 'python'
[0.824s] Level 1:colcon.colcon_core.package_identification:_identify(reference) by extensions ['python_setup_py']
[0.824s] Level 1:colcon.colcon_core.package_identification:_identify(reference) by extension 'python_setup_py'
[0.824s] Level 1:colcon.colcon_core.package_identification:_identify(reference/OptitrackPoseEval) by extensions ['ignore', 'ignore_ament_install']
[0.824s] Level 1:colcon.colcon_core.package_identification:_identify(reference/OptitrackPoseEval) by extension 'ignore'
[0.824s] Level 1:colcon.colcon_core.package_identification:_identify(reference/OptitrackPoseEval) by extension 'ignore_ament_install'
[0.824s] Level 1:colcon.colcon_core.package_identification:_identify(reference/OptitrackPoseEval) by extensions ['colcon_pkg']
[0.824s] Level 1:colcon.colcon_core.package_identification:_identify(reference/OptitrackPoseEval) by extension 'colcon_pkg'
[0.824s] Level 1:colcon.colcon_core.package_identification:_identify(reference/OptitrackPoseEval) by extensions ['colcon_meta']
[0.824s] Level 1:colcon.colcon_core.package_identification:_identify(reference/OptitrackPoseEval) by extension 'colcon_meta'
[0.825s] Level 1:colcon.colcon_core.package_identification:_identify(reference/OptitrackPoseEval) by extensions ['ros']
[0.825s] Level 1:colcon.colcon_core.package_identification:_identify(reference/OptitrackPoseEval) by extension 'ros'
[0.825s] Level 1:colcon.colcon_core.package_identification:_identify(reference/OptitrackPoseEval) by extensions ['cmake', 'python']
[0.825s] Level 1:colcon.colcon_core.package_identification:_identify(reference/OptitrackPoseEval) by extension 'cmake'
[0.825s] Level 1:colcon.colcon_core.package_identification:_identify(reference/OptitrackPoseEval) by extension 'python'
[0.825s] Level 1:colcon.colcon_core.package_identification:_identify(reference/OptitrackPoseEval) by extensions ['python_setup_py']
[0.825s] Level 1:colcon.colcon_core.package_identification:_identify(reference/OptitrackPoseEval) by extension 'python_setup_py'
[0.825s] Level 1:colcon.colcon_core.package_identification:_identify(reference/OptitrackPoseEval/src) by extensions ['ignore', 'ignore_ament_install']
[0.825s] Level 1:colcon.colcon_core.package_identification:_identify(reference/OptitrackPoseEval/src) by extension 'ignore'
[0.825s] Level 1:colcon.colcon_core.package_identification:_identify(reference/OptitrackPoseEval/src) by extension 'ignore_ament_install'
[0.825s] Level 1:colcon.colcon_core.package_identification:_identify(reference/OptitrackPoseEval/src) by extensions ['colcon_pkg']
[0.825s] Level 1:colcon.colcon_core.package_identification:_identify(reference/OptitrackPoseEval/src) by extension 'colcon_pkg'
[0.825s] Level 1:colcon.colcon_core.package_identification:_identify(reference/OptitrackPoseEval/src) by extensions ['colcon_meta']
[0.825s] Level 1:colcon.colcon_core.package_identification:_identify(reference/OptitrackPoseEval/src) by extension 'colcon_meta'
[0.825s] Level 1:colcon.colcon_core.package_identification:_identify(reference/OptitrackPoseEval/src) by extensions ['ros']
[0.825s] Level 1:colcon.colcon_core.package_identification:_identify(reference/OptitrackPoseEval/src) by extension 'ros'
[0.825s] Level 1:colcon.colcon_core.package_identification:_identify(reference/OptitrackPoseEval/src) by extensions ['cmake', 'python']
[0.825s] Level 1:colcon.colcon_core.package_identification:_identify(reference/OptitrackPoseEval/src) by extension 'cmake'
[0.825s] Level 1:colcon.colcon_core.package_identification:_identify(reference/OptitrackPoseEval/src) by extension 'python'
[0.825s] Level 1:colcon.colcon_core.package_identification:_identify(reference/OptitrackPoseEval/src) by extensions ['python_setup_py']
[0.825s] Level 1:colcon.colcon_core.package_identification:_identify(reference/OptitrackPoseEval/src) by extension 'python_setup_py'
[0.825s] Level 1:colcon.colcon_core.package_identification:_identify(ros) by extensions ['ignore', 'ignore_ament_install']
[0.825s] Level 1:colcon.colcon_core.package_identification:_identify(ros) by extension 'ignore'
[0.825s] Level 1:colcon.colcon_core.package_identification:_identify(ros) by extension 'ignore_ament_install'
[0.826s] Level 1:colcon.colcon_core.package_identification:_identify(ros) by extensions ['colcon_pkg']
[0.826s] Level 1:colcon.colcon_core.package_identification:_identify(ros) by extension 'colcon_pkg'
[0.826s] Level 1:colcon.colcon_core.package_identification:_identify(ros) by extensions ['colcon_meta']
[0.826s] Level 1:colcon.colcon_core.package_identification:_identify(ros) by extension 'colcon_meta'
[0.826s] Level 1:colcon.colcon_core.package_identification:_identify(ros) by extensions ['ros']
[0.826s] Level 1:colcon.colcon_core.package_identification:_identify(ros) by extension 'ros'
[0.826s] Level 1:colcon.colcon_core.package_identification:_identify(ros) by extensions ['cmake', 'python']
[0.826s] Level 1:colcon.colcon_core.package_identification:_identify(ros) by extension 'cmake'
[0.826s] Level 1:colcon.colcon_core.package_identification:_identify(ros) by extension 'python'
[0.826s] Level 1:colcon.colcon_core.package_identification:_identify(ros) by extensions ['python_setup_py']
[0.826s] Level 1:colcon.colcon_core.package_identification:_identify(ros) by extension 'python_setup_py'
[0.826s] Level 1:colcon.colcon_core.package_identification:_identify(ros/src) by extensions ['ignore', 'ignore_ament_install']
[0.826s] Level 1:colcon.colcon_core.package_identification:_identify(ros/src) by extension 'ignore'
[0.826s] Level 1:colcon.colcon_core.package_identification:_identify(ros/src) by extension 'ignore_ament_install'
[0.826s] Level 1:colcon.colcon_core.package_identification:_identify(ros/src) by extensions ['colcon_pkg']
[0.826s] Level 1:colcon.colcon_core.package_identification:_identify(ros/src) by extension 'colcon_pkg'
[0.826s] Level 1:colcon.colcon_core.package_identification:_identify(ros/src) by extensions ['colcon_meta']
[0.826s] Level 1:colcon.colcon_core.package_identification:_identify(ros/src) by extension 'colcon_meta'
[0.826s] Level 1:colcon.colcon_core.package_identification:_identify(ros/src) by extensions ['ros']
[0.826s] Level 1:colcon.colcon_core.package_identification:_identify(ros/src) by extension 'ros'
[0.826s] Level 1:colcon.colcon_core.package_identification:_identify(ros/src) by extensions ['cmake', 'python']
[0.826s] Level 1:colcon.colcon_core.package_identification:_identify(ros/src) by extension 'cmake'
[0.826s] Level 1:colcon.colcon_core.package_identification:_identify(ros/src) by extension 'python'
[0.827s] Level 1:colcon.colcon_core.package_identification:_identify(ros/src) by extensions ['python_setup_py']
[0.827s] Level 1:colcon.colcon_core.package_identification:_identify(ros/src) by extension 'python_setup_py'
[0.827s] Level 1:colcon.colcon_core.package_identification:_identify(ros/src/aggregated_pointcloud) by extensions ['ignore', 'ignore_ament_install']
[0.827s] Level 1:colcon.colcon_core.package_identification:_identify(ros/src/aggregated_pointcloud) by extension 'ignore'
[0.827s] Level 1:colcon.colcon_core.package_identification:_identify(ros/src/aggregated_pointcloud) by extension 'ignore_ament_install'
[0.827s] Level 1:colcon.colcon_core.package_identification:_identify(ros/src/aggregated_pointcloud) by extensions ['colcon_pkg']
[0.827s] Level 1:colcon.colcon_core.package_identification:_identify(ros/src/aggregated_pointcloud) by extension 'colcon_pkg'
[0.827s] Level 1:colcon.colcon_core.package_identification:_identify(ros/src/aggregated_pointcloud) by extensions ['colcon_meta']
[0.827s] Level 1:colcon.colcon_core.package_identification:_identify(ros/src/aggregated_pointcloud) by extension 'colcon_meta'
[0.827s] Level 1:colcon.colcon_core.package_identification:_identify(ros/src/aggregated_pointcloud) by extensions ['ros']
[0.827s] Level 1:colcon.colcon_core.package_identification:_identify(ros/src/aggregated_pointcloud) by extension 'ros'
[0.832s] DEBUG:colcon.colcon_core.package_identification:Package 'ros/src/aggregated_pointcloud' with type 'ros.ament_python' and name 'aggregated_pointcloud'
[0.832s] Level 1:colcon.colcon_core.package_identification:_identify(ros/src/benchmarking_sdk) by extensions ['ignore', 'ignore_ament_install']
[0.832s] Level 1:colcon.colcon_core.package_identification:_identify(ros/src/benchmarking_sdk) by extension 'ignore'
[0.832s] Level 1:colcon.colcon_core.package_identification:_identify(ros/src/benchmarking_sdk) by extension 'ignore_ament_install'
[0.832s] Level 1:colcon.colcon_core.package_identification:_identify(ros/src/benchmarking_sdk) by extensions ['colcon_pkg']
[0.832s] Level 1:colcon.colcon_core.package_identification:_identify(ros/src/benchmarking_sdk) by extension 'colcon_pkg'
[0.832s] Level 1:colcon.colcon_core.package_identification:_identify(ros/src/benchmarking_sdk) by extensions ['colcon_meta']
[0.832s] Level 1:colcon.colcon_core.package_identification:_identify(ros/src/benchmarking_sdk) by extension 'colcon_meta'
[0.832s] Level 1:colcon.colcon_core.package_identification:_identify(ros/src/benchmarking_sdk) by extensions ['ros']
[0.832s] Level 1:colcon.colcon_core.package_identification:_identify(ros/src/benchmarking_sdk) by extension 'ros'
[0.832s] Level 1:colcon.colcon_core.package_identification:_identify(ros/src/benchmarking_sdk) by extensions ['cmake', 'python']
[0.832s] Level 1:colcon.colcon_core.package_identification:_identify(ros/src/benchmarking_sdk) by extension 'cmake'
[0.832s] Level 1:colcon.colcon_core.package_identification:_identify(ros/src/benchmarking_sdk) by extension 'python'
[0.832s] Level 1:colcon.colcon_core.package_identification:_identify(ros/src/benchmarking_sdk) by extensions ['python_setup_py']
[0.832s] Level 1:colcon.colcon_core.package_identification:_identify(ros/src/benchmarking_sdk) by extension 'python_setup_py'
[0.832s] Level 1:colcon.colcon_core.package_identification:_identify(ros/src/gantry_lidar_interfaces) by extensions ['ignore', 'ignore_ament_install']
[0.833s] Level 1:colcon.colcon_core.package_identification:_identify(ros/src/gantry_lidar_interfaces) by extension 'ignore'
[0.833s] Level 1:colcon.colcon_core.package_identification:_identify(ros/src/gantry_lidar_interfaces) by extension 'ignore_ament_install'
[0.833s] Level 1:colcon.colcon_core.package_identification:_identify(ros/src/gantry_lidar_interfaces) by extensions ['colcon_pkg']
[0.833s] Level 1:colcon.colcon_core.package_identification:_identify(ros/src/gantry_lidar_interfaces) by extension 'colcon_pkg'
[0.833s] Level 1:colcon.colcon_core.package_identification:_identify(ros/src/gantry_lidar_interfaces) by extensions ['colcon_meta']
[0.833s] Level 1:colcon.colcon_core.package_identification:_identify(ros/src/gantry_lidar_interfaces) by extension 'colcon_meta'
[0.833s] Level 1:colcon.colcon_core.package_identification:_identify(ros/src/gantry_lidar_interfaces) by extensions ['ros']
[0.833s] Level 1:colcon.colcon_core.package_identification:_identify(ros/src/gantry_lidar_interfaces) by extension 'ros'
[0.834s] DEBUG:colcon.colcon_core.package_identification:Package 'ros/src/gantry_lidar_interfaces' with type 'ros.ament_cmake' and name 'gantry_lidar_interfaces'
[0.834s] Level 1:colcon.colcon_core.package_identification:_identify(ros/src/gantry_lidars) by extensions ['ignore', 'ignore_ament_install']
[0.834s] Level 1:colcon.colcon_core.package_identification:_identify(ros/src/gantry_lidars) by extension 'ignore'
[0.834s] Level 1:colcon.colcon_core.package_identification:_identify(ros/src/gantry_lidars) by extension 'ignore_ament_install'
[0.834s] Level 1:colcon.colcon_core.package_identification:_identify(ros/src/gantry_lidars) by extensions ['colcon_pkg']
[0.834s] Level 1:colcon.colcon_core.package_identification:_identify(ros/src/gantry_lidars) by extension 'colcon_pkg'
[0.834s] Level 1:colcon.colcon_core.package_identification:_identify(ros/src/gantry_lidars) by extensions ['colcon_meta']
[0.834s] Level 1:colcon.colcon_core.package_identification:_identify(ros/src/gantry_lidars) by extension 'colcon_meta'
[0.834s] Level 1:colcon.colcon_core.package_identification:_identify(ros/src/gantry_lidars) by extensions ['ros']
[0.834s] Level 1:colcon.colcon_core.package_identification:_identify(ros/src/gantry_lidars) by extension 'ros'
[0.835s] DEBUG:colcon.colcon_core.package_identification:Found ROS schema reference in package manifest in 'ros/src/gantry_lidars'
[0.835s] WARNING:colcon.colcon_core.package_identification:Failed to parse ROS package manifest in 'ros/src/gantry_lidars': Error(s) in package 'ros/src/gantry_lidars/package.xml':
Error(s):
- The generic dependency on 'rclpy' is redundant with: exec_depend
[0.835s] Level 1:colcon.colcon_core.package_identification:_identify(ros/src/gantry_lidars) by extensions ['cmake', 'python']
[0.835s] Level 1:colcon.colcon_core.package_identification:_identify(ros/src/gantry_lidars) by extension 'cmake'
[0.835s] Level 1:colcon.colcon_core.package_identification:_identify(ros/src/gantry_lidars) by extension 'python'
[0.836s] DEBUG:colcon.colcon_core.package_identification:Python package in 'ros/src/gantry_lidars' passes arguments to the setup() function which requires a different identification extension than 'python'
[0.836s] Level 1:colcon.colcon_core.package_identification:_identify(ros/src/gantry_lidars) by extensions ['python_setup_py']
[0.836s] Level 1:colcon.colcon_core.package_identification:_identify(ros/src/gantry_lidars) by extension 'python_setup_py'
[1.205s] ERROR:colcon.colcon_core.package_identification:Exception in package identification extension 'python_setup_py' in 'ros/src/gantry_lidars': Command '['/usr/bin/python3', '-c', 'import sys;from contextlib import suppress;exec("with suppress(ImportError):    from setuptools.extern.packaging.specifiers    import SpecifierSet");exec("with suppress(ImportError):    from packaging.specifiers import SpecifierSet");from distutils.core import run_setup;dist = run_setup(    \'setup.py\', script_args=(\'--dry-run\',), stop_after=\'config\');skip_keys = (\'cmdclass\', \'distclass\', \'ext_modules\', \'metadata\');data = {    key: value for key, value in dist.__dict__.items()     if (        not key.startswith(\'_\') and         not callable(value) and         key not in skip_keys and         key not in dist.display_option_names    )};data[\'metadata\'] = {    k: v for k, v in dist.metadata.__dict__.items()     if k not in (\'license_files\', \'provides_extras\')};sys.stdout.buffer.write(repr(data).encode(\'utf-8\'))']' returned non-zero exit status 1.
Traceback (most recent call last):
  File "/usr/lib/python3/dist-packages/colcon_core/package_identification/__init__.py", line 144, in _identify
    retval = extension.identify(_reused_descriptor_instance)
             ^^^^^^^^^^^^^^^^^^^^^^^^^^^^^^^^^^^^^^^^^^^^^^^
  File "/usr/lib/python3/dist-packages/colcon_python_setup_py/package_identification/python_setup_py.py", line 48, in identify
    config = get_setup_information(setup_py)
             ^^^^^^^^^^^^^^^^^^^^^^^^^^^^^^^
  File "/usr/lib/python3/dist-packages/colcon_python_setup_py/package_identification/python_setup_py.py", line 249, in get_setup_information
    _setup_information_cache[hashable_env] = _get_setup_information(
                                             ^^^^^^^^^^^^^^^^^^^^^^^
  File "/usr/lib/python3/dist-packages/colcon_python_setup_py/package_identification/python_setup_py.py", line 296, in _get_setup_information
    result = subprocess.run(
             ^^^^^^^^^^^^^^^
  File "/usr/lib/python3.12/subprocess.py", line 571, in run
    raise CalledProcessError(retcode, process.args,
subprocess.CalledProcessError: Command '['/usr/bin/python3', '-c', 'import sys;from contextlib import suppress;exec("with suppress(ImportError):    from setuptools.extern.packaging.specifiers    import SpecifierSet");exec("with suppress(ImportError):    from packaging.specifiers import SpecifierSet");from distutils.core import run_setup;dist = run_setup(    \'setup.py\', script_args=(\'--dry-run\',), stop_after=\'config\');skip_keys = (\'cmdclass\', \'distclass\', \'ext_modules\', \'metadata\');data = {    key: value for key, value in dist.__dict__.items()     if (        not key.startswith(\'_\') and         not callable(value) and         key not in skip_keys and         key not in dist.display_option_names    )};data[\'metadata\'] = {    k: v for k, v in dist.metadata.__dict__.items()     if k not in (\'license_files\', \'provides_extras\')};sys.stdout.buffer.write(repr(data).encode(\'utf-8\'))']' returned non-zero exit status 1.

[1.205s] Level 1:colcon.colcon_core.package_identification:_identify(ros/src/gantry_lidars/gantry_lidars) by extensions ['ignore', 'ignore_ament_install']
[1.205s] Level 1:colcon.colcon_core.package_identification:_identify(ros/src/gantry_lidars/gantry_lidars) by extension 'ignore'
[1.206s] Level 1:colcon.colcon_core.package_identification:_identify(ros/src/gantry_lidars/gantry_lidars) by extension 'ignore_ament_install'
[1.206s] Level 1:colcon.colcon_core.package_identification:_identify(ros/src/gantry_lidars/gantry_lidars) by extensions ['colcon_pkg']
[1.206s] Level 1:colcon.colcon_core.package_identification:_identify(ros/src/gantry_lidars/gantry_lidars) by extension 'colcon_pkg'
[1.206s] Level 1:colcon.colcon_core.package_identification:_identify(ros/src/gantry_lidars/gantry_lidars) by extensions ['colcon_meta']
[1.206s] Level 1:colcon.colcon_core.package_identification:_identify(ros/src/gantry_lidars/gantry_lidars) by extension 'colcon_meta'
[1.206s] Level 1:colcon.colcon_core.package_identification:_identify(ros/src/gantry_lidars/gantry_lidars) by extensions ['ros']
[1.206s] Level 1:colcon.colcon_core.package_identification:_identify(ros/src/gantry_lidars/gantry_lidars) by extension 'ros'
[1.206s] Level 1:colcon.colcon_core.package_identification:_identify(ros/src/gantry_lidars/gantry_lidars) by extensions ['cmake', 'python']
[1.206s] Level 1:colcon.colcon_core.package_identification:_identify(ros/src/gantry_lidars/gantry_lidars) by extension 'cmake'
[1.206s] Level 1:colcon.colcon_core.package_identification:_identify(ros/src/gantry_lidars/gantry_lidars) by extension 'python'
[1.206s] Level 1:colcon.colcon_core.package_identification:_identify(ros/src/gantry_lidars/gantry_lidars) by extensions ['python_setup_py']
[1.206s] Level 1:colcon.colcon_core.package_identification:_identify(ros/src/gantry_lidars/gantry_lidars) by extension 'python_setup_py'
[1.206s] Level 1:colcon.colcon_core.package_identification:_identify(ros/src/gantry_lidars/resource) by extensions ['ignore', 'ignore_ament_install']
[1.207s] Level 1:colcon.colcon_core.package_identification:_identify(ros/src/gantry_lidars/resource) by extension 'ignore'
[1.207s] Level 1:colcon.colcon_core.package_identification:_identify(ros/src/gantry_lidars/resource) by extension 'ignore_ament_install'
[1.207s] Level 1:colcon.colcon_core.package_identification:_identify(ros/src/gantry_lidars/resource) by extensions ['colcon_pkg']
[1.207s] Level 1:colcon.colcon_core.package_identification:_identify(ros/src/gantry_lidars/resource) by extension 'colcon_pkg'
[1.207s] Level 1:colcon.colcon_core.package_identification:_identify(ros/src/gantry_lidars/resource) by extensions ['colcon_meta']
[1.207s] Level 1:colcon.colcon_core.package_identification:_identify(ros/src/gantry_lidars/resource) by extension 'colcon_meta'
[1.207s] Level 1:colcon.colcon_core.package_identification:_identify(ros/src/gantry_lidars/resource) by extensions ['ros']
[1.207s] Level 1:colcon.colcon_core.package_identification:_identify(ros/src/gantry_lidars/resource) by extension 'ros'
[1.207s] Level 1:colcon.colcon_core.package_identification:_identify(ros/src/gantry_lidars/resource) by extensions ['cmake', 'python']
[1.207s] Level 1:colcon.colcon_core.package_identification:_identify(ros/src/gantry_lidars/resource) by extension 'cmake'
[1.207s] Level 1:colcon.colcon_core.package_identification:_identify(ros/src/gantry_lidars/resource) by extension 'python'
[1.207s] Level 1:colcon.colcon_core.package_identification:_identify(ros/src/gantry_lidars/resource) by extensions ['python_setup_py']
[1.207s] Level 1:colcon.colcon_core.package_identification:_identify(ros/src/gantry_lidars/resource) by extension 'python_setup_py'
[1.207s] Level 1:colcon.colcon_core.package_identification:_identify(ros/src/gantry_lidars/test) by extensions ['ignore', 'ignore_ament_install']
[1.207s] Level 1:colcon.colcon_core.package_identification:_identify(ros/src/gantry_lidars/test) by extension 'ignore'
[1.207s] Level 1:colcon.colcon_core.package_identification:_identify(ros/src/gantry_lidars/test) by extension 'ignore_ament_install'
[1.208s] Level 1:colcon.colcon_core.package_identification:_identify(ros/src/gantry_lidars/test) by extensions ['colcon_pkg']
[1.208s] Level 1:colcon.colcon_core.package_identification:_identify(ros/src/gantry_lidars/test) by extension 'colcon_pkg'
[1.208s] Level 1:colcon.colcon_core.package_identification:_identify(ros/src/gantry_lidars/test) by extensions ['colcon_meta']
[1.208s] Level 1:colcon.colcon_core.package_identification:_identify(ros/src/gantry_lidars/test) by extension 'colcon_meta'
[1.208s] Level 1:colcon.colcon_core.package_identification:_identify(ros/src/gantry_lidars/test) by extensions ['ros']
[1.208s] Level 1:colcon.colcon_core.package_identification:_identify(ros/src/gantry_lidars/test) by extension 'ros'
[1.208s] Level 1:colcon.colcon_core.package_identification:_identify(ros/src/gantry_lidars/test) by extensions ['cmake', 'python']
[1.208s] Level 1:colcon.colcon_core.package_identification:_identify(ros/src/gantry_lidars/test) by extension 'cmake'
[1.208s] Level 1:colcon.colcon_core.package_identification:_identify(ros/src/gantry_lidars/test) by extension 'python'
[1.208s] Level 1:colcon.colcon_core.package_identification:_identify(ros/src/gantry_lidars/test) by extensions ['python_setup_py']
[1.208s] Level 1:colcon.colcon_core.package_identification:_identify(ros/src/gantry_lidars/test) by extension 'python_setup_py'
[1.208s] Level 1:colcon.colcon_core.package_identification:_identify(ros/src/gantry_services) by extensions ['ignore', 'ignore_ament_install']
[1.208s] Level 1:colcon.colcon_core.package_identification:_identify(ros/src/gantry_services) by extension 'ignore'
[1.208s] Level 1:colcon.colcon_core.package_identification:_identify(ros/src/gantry_services) by extension 'ignore_ament_install'
[1.208s] Level 1:colcon.colcon_core.package_identification:_identify(ros/src/gantry_services) by extensions ['colcon_pkg']
[1.208s] Level 1:colcon.colcon_core.package_identification:_identify(ros/src/gantry_services) by extension 'colcon_pkg'
[1.208s] Level 1:colcon.colcon_core.package_identification:_identify(ros/src/gantry_services) by extensions ['colcon_meta']
[1.209s] Level 1:colcon.colcon_core.package_identification:_identify(ros/src/gantry_services) by extension 'colcon_meta'
[1.209s] Level 1:colcon.colcon_core.package_identification:_identify(ros/src/gantry_services) by extensions ['ros']
[1.209s] Level 1:colcon.colcon_core.package_identification:_identify(ros/src/gantry_services) by extension 'ros'
[1.210s] DEBUG:colcon.colcon_core.package_identification:Package 'ros/src/gantry_services' with type 'ros.ament_python' and name 'gantry_services'
[1.210s] Level 1:colcon.colcon_core.package_identification:_identify(ros/src/mastcam_pointcloud) by extensions ['ignore', 'ignore_ament_install']
[1.210s] Level 1:colcon.colcon_core.package_identification:_identify(ros/src/mastcam_pointcloud) by extension 'ignore'
[1.210s] Level 1:colcon.colcon_core.package_identification:_identify(ros/src/mastcam_pointcloud) by extension 'ignore_ament_install'
[1.210s] Level 1:colcon.colcon_core.package_identification:_identify(ros/src/mastcam_pointcloud) by extensions ['colcon_pkg']
[1.210s] Level 1:colcon.colcon_core.package_identification:_identify(ros/src/mastcam_pointcloud) by extension 'colcon_pkg'
[1.211s] Level 1:colcon.colcon_core.package_identification:_identify(ros/src/mastcam_pointcloud) by extensions ['colcon_meta']
[1.211s] Level 1:colcon.colcon_core.package_identification:_identify(ros/src/mastcam_pointcloud) by extension 'colcon_meta'
[1.211s] Level 1:colcon.colcon_core.package_identification:_identify(ros/src/mastcam_pointcloud) by extensions ['ros']
[1.211s] Level 1:colcon.colcon_core.package_identification:_identify(ros/src/mastcam_pointcloud) by extension 'ros'
[1.212s] DEBUG:colcon.colcon_core.package_identification:Package 'ros/src/mastcam_pointcloud' with type 'ros.ament_python' and name 'mastcam_pointcloud'
[1.212s] Level 1:colcon.colcon_core.package_identification:_identify(ros/src/realsense_bag_recorder_cpp) by extensions ['ignore', 'ignore_ament_install']
[1.212s] Level 1:colcon.colcon_core.package_identification:_identify(ros/src/realsense_bag_recorder_cpp) by extension 'ignore'
[1.212s] Level 1:colcon.colcon_core.package_identification:_identify(ros/src/realsense_bag_recorder_cpp) by extension 'ignore_ament_install'
[1.212s] Level 1:colcon.colcon_core.package_identification:_identify(ros/src/realsense_bag_recorder_cpp) by extensions ['colcon_pkg']
[1.212s] Level 1:colcon.colcon_core.package_identification:_identify(ros/src/realsense_bag_recorder_cpp) by extension 'colcon_pkg'
[1.212s] Level 1:colcon.colcon_core.package_identification:_identify(ros/src/realsense_bag_recorder_cpp) by extensions ['colcon_meta']
[1.212s] Level 1:colcon.colcon_core.package_identification:_identify(ros/src/realsense_bag_recorder_cpp) by extension 'colcon_meta'
[1.212s] Level 1:colcon.colcon_core.package_identification:_identify(ros/src/realsense_bag_recorder_cpp) by extensions ['ros']
[1.212s] Level 1:colcon.colcon_core.package_identification:_identify(ros/src/realsense_bag_recorder_cpp) by extension 'ros'
[1.214s] DEBUG:colcon.colcon_core.package_identification:Package 'ros/src/realsense_bag_recorder_cpp' with type 'ros.ament_cmake' and name 'realsense_bag_recorder_cpp'
[1.215s] Level 1:colcon.colcon_core.package_identification:_identify(ros/src/scan_automation) by extensions ['ignore', 'ignore_ament_install']
[1.215s] Level 1:colcon.colcon_core.package_identification:_identify(ros/src/scan_automation) by extension 'ignore'
[1.215s] Level 1:colcon.colcon_core.package_identification:_identify(ros/src/scan_automation) by extension 'ignore_ament_install'
[1.215s] Level 1:colcon.colcon_core.package_identification:_identify(ros/src/scan_automation) by extensions ['colcon_pkg']
[1.215s] Level 1:colcon.colcon_core.package_identification:_identify(ros/src/scan_automation) by extension 'colcon_pkg'
[1.215s] Level 1:colcon.colcon_core.package_identification:_identify(ros/src/scan_automation) by extensions ['colcon_meta']
[1.215s] Level 1:colcon.colcon_core.package_identification:_identify(ros/src/scan_automation) by extension 'colcon_meta'
[1.215s] Level 1:colcon.colcon_core.package_identification:_identify(ros/src/scan_automation) by extensions ['ros']
[1.215s] Level 1:colcon.colcon_core.package_identification:_identify(ros/src/scan_automation) by extension 'ros'
[1.217s] DEBUG:colcon.colcon_core.package_identification:Package 'ros/src/scan_automation' with type 'ros.ament_python' and name 'scan_automation'
[1.217s] Level 1:colcon.colcon_core.package_identification:_identify(scripts) by extensions ['ignore', 'ignore_ament_install']
[1.217s] Level 1:colcon.colcon_core.package_identification:_identify(scripts) by extension 'ignore'
[1.217s] Level 1:colcon.colcon_core.package_identification:_identify(scripts) by extension 'ignore_ament_install'
[1.217s] Level 1:colcon.colcon_core.package_identification:_identify(scripts) by extensions ['colcon_pkg']
[1.217s] Level 1:colcon.colcon_core.package_identification:_identify(scripts) by extension 'colcon_pkg'
[1.218s] Level 1:colcon.colcon_core.package_identification:_identify(scripts) by extensions ['colcon_meta']
[1.218s] Level 1:colcon.colcon_core.package_identification:_identify(scripts) by extension 'colcon_meta'
[1.218s] Level 1:colcon.colcon_core.package_identification:_identify(scripts) by extensions ['ros']
[1.218s] Level 1:colcon.colcon_core.package_identification:_identify(scripts) by extension 'ros'
[1.218s] Level 1:colcon.colcon_core.package_identification:_identify(scripts) by extensions ['cmake', 'python']
[1.218s] Level 1:colcon.colcon_core.package_identification:_identify(scripts) by extension 'cmake'
[1.218s] Level 1:colcon.colcon_core.package_identification:_identify(scripts) by extension 'python'
[1.218s] Level 1:colcon.colcon_core.package_identification:_identify(scripts) by extensions ['python_setup_py']
[1.218s] Level 1:colcon.colcon_core.package_identification:_identify(scripts) by extension 'python_setup_py'
[1.218s] Level 1:colcon.colcon_core.package_identification:_identify(src) by extensions ['ignore', 'ignore_ament_install']
[1.218s] Level 1:colcon.colcon_core.package_identification:_identify(src) by extension 'ignore'
[1.218s] Level 1:colcon.colcon_core.package_identification:_identify(src) by extension 'ignore_ament_install'
[1.218s] Level 1:colcon.colcon_core.package_identification:_identify(src) by extensions ['colcon_pkg']
[1.218s] Level 1:colcon.colcon_core.package_identification:_identify(src) by extension 'colcon_pkg'
[1.218s] Level 1:colcon.colcon_core.package_identification:_identify(src) by extensions ['colcon_meta']
[1.218s] Level 1:colcon.colcon_core.package_identification:_identify(src) by extension 'colcon_meta'
[1.219s] Level 1:colcon.colcon_core.package_identification:_identify(src) by extensions ['ros']
[1.219s] Level 1:colcon.colcon_core.package_identification:_identify(src) by extension 'ros'
[1.219s] Level 1:colcon.colcon_core.package_identification:_identify(src) by extensions ['cmake', 'python']
[1.219s] Level 1:colcon.colcon_core.package_identification:_identify(src) by extension 'cmake'
[1.219s] Level 1:colcon.colcon_core.package_identification:_identify(src) by extension 'python'
[1.219s] Level 1:colcon.colcon_core.package_identification:_identify(src) by extensions ['python_setup_py']
[1.219s] Level 1:colcon.colcon_core.package_identification:_identify(src) by extension 'python_setup_py'
[1.219s] Level 1:colcon.colcon_core.package_discovery:discover_packages(recursive) using defaults
[1.219s] Level 1:colcon.colcon_core.package_discovery:discover_packages(ignore) discover
[1.219s] Level 1:colcon.colcon_core.package_discovery:discover_packages(ignore) using defaults
[1.219s] Level 1:colcon.colcon_core.package_discovery:discover_packages(path) discover
[1.219s] Level 1:colcon.colcon_core.package_discovery:discover_packages(path) using defaults
[1.261s] Level 1:colcon.colcon_core.package_discovery:discover_packages(prefix_path) check parameters
[1.261s] Level 1:colcon.colcon_core.package_discovery:discover_packages(prefix_path) discover
[1.269s] DEBUG:colcon.colcon_installed_package_information.package_discovery:Found 318 installed packages in /opt/ros/jazzy
[1.273s] Level 1:colcon.colcon_core.package_discovery:discover_packages(prefix_path) using defaults
[1.424s] Level 5:colcon.colcon_core.verb:set package 'aggregated_pointcloud' build argument 'cmake_args' from command line to 'None'
[1.424s] Level 5:colcon.colcon_core.verb:set package 'aggregated_pointcloud' build argument 'cmake_target' from command line to 'None'
[1.424s] Level 5:colcon.colcon_core.verb:set package 'aggregated_pointcloud' build argument 'cmake_target_skip_unavailable' from command line to 'False'
[1.424s] Level 5:colcon.colcon_core.verb:set package 'aggregated_pointcloud' build argument 'cmake_clean_cache' from command line to 'False'
[1.424s] Level 5:colcon.colcon_core.verb:set package 'aggregated_pointcloud' build argument 'cmake_clean_first' from command line to 'False'
[1.424s] Level 5:colcon.colcon_core.verb:set package 'aggregated_pointcloud' build argument 'cmake_force_configure' from command line to 'False'
[1.424s] Level 5:colcon.colcon_core.verb:set package 'aggregated_pointcloud' build argument 'ament_cmake_args' from command line to 'None'
[1.424s] Level 5:colcon.colcon_core.verb:set package 'aggregated_pointcloud' build argument 'catkin_cmake_args' from command line to 'None'
[1.424s] Level 5:colcon.colcon_core.verb:set package 'aggregated_pointcloud' build argument 'catkin_skip_building_tests' from command line to 'False'
[1.424s] DEBUG:colcon.colcon_core.verb:Building package 'aggregated_pointcloud' with the following arguments: {'ament_cmake_args': None, 'build_base': '/home/lexij/roselab-perception/build/aggregated_pointcloud', 'catkin_cmake_args': None, 'catkin_skip_building_tests': False, 'cmake_args': None, 'cmake_clean_cache': False, 'cmake_clean_first': False, 'cmake_force_configure': False, 'cmake_target': None, 'cmake_target_skip_unavailable': False, 'install_base': '/home/lexij/roselab-perception/install/aggregated_pointcloud', 'merge_install': False, 'path': '/home/lexij/roselab-perception/ros/src/aggregated_pointcloud', 'symlink_install': False, 'test_result_base': None}
[1.424s] Level 5:colcon.colcon_core.verb:set package 'gantry_lidar_interfaces' build argument 'cmake_args' from command line to 'None'
[1.424s] Level 5:colcon.colcon_core.verb:set package 'gantry_lidar_interfaces' build argument 'cmake_target' from command line to 'None'
[1.424s] Level 5:colcon.colcon_core.verb:set package 'gantry_lidar_interfaces' build argument 'cmake_target_skip_unavailable' from command line to 'False'
[1.424s] Level 5:colcon.colcon_core.verb:set package 'gantry_lidar_interfaces' build argument 'cmake_clean_cache' from command line to 'False'
[1.424s] Level 5:colcon.colcon_core.verb:set package 'gantry_lidar_interfaces' build argument 'cmake_clean_first' from command line to 'False'
[1.424s] Level 5:colcon.colcon_core.verb:set package 'gantry_lidar_interfaces' build argument 'cmake_force_configure' from command line to 'False'
[1.424s] Level 5:colcon.colcon_core.verb:set package 'gantry_lidar_interfaces' build argument 'ament_cmake_args' from command line to 'None'
[1.424s] Level 5:colcon.colcon_core.verb:set package 'gantry_lidar_interfaces' build argument 'catkin_cmake_args' from command line to 'None'
[1.424s] Level 5:colcon.colcon_core.verb:set package 'gantry_lidar_interfaces' build argument 'catkin_skip_building_tests' from command line to 'False'
[1.424s] DEBUG:colcon.colcon_core.verb:Building package 'gantry_lidar_interfaces' with the following arguments: {'ament_cmake_args': None, 'build_base': '/home/lexij/roselab-perception/build/gantry_lidar_interfaces', 'catkin_cmake_args': None, 'catkin_skip_building_tests': False, 'cmake_args': None, 'cmake_clean_cache': False, 'cmake_clean_first': False, 'cmake_force_configure': False, 'cmake_target': None, 'cmake_target_skip_unavailable': False, 'install_base': '/home/lexij/roselab-perception/install/gantry_lidar_interfaces', 'merge_install': False, 'path': '/home/lexij/roselab-perception/ros/src/gantry_lidar_interfaces', 'symlink_install': False, 'test_result_base': None}
[1.425s] Level 5:colcon.colcon_core.verb:set package 'mastcam_pointcloud' build argument 'cmake_args' from command line to 'None'
[1.425s] Level 5:colcon.colcon_core.verb:set package 'mastcam_pointcloud' build argument 'cmake_target' from command line to 'None'
[1.425s] Level 5:colcon.colcon_core.verb:set package 'mastcam_pointcloud' build argument 'cmake_target_skip_unavailable' from command line to 'False'
[1.425s] Level 5:colcon.colcon_core.verb:set package 'mastcam_pointcloud' build argument 'cmake_clean_cache' from command line to 'False'
[1.425s] Level 5:colcon.colcon_core.verb:set package 'mastcam_pointcloud' build argument 'cmake_clean_first' from command line to 'False'
[1.425s] Level 5:colcon.colcon_core.verb:set package 'mastcam_pointcloud' build argument 'cmake_force_configure' from command line to 'False'
[1.425s] Level 5:colcon.colcon_core.verb:set package 'mastcam_pointcloud' build argument 'ament_cmake_args' from command line to 'None'
[1.425s] Level 5:colcon.colcon_core.verb:set package 'mastcam_pointcloud' build argument 'catkin_cmake_args' from command line to 'None'
[1.425s] Level 5:colcon.colcon_core.verb:set package 'mastcam_pointcloud' build argument 'catkin_skip_building_tests' from command line to 'False'
[1.425s] DEBUG:colcon.colcon_core.verb:Building package 'mastcam_pointcloud' with the following arguments: {'ament_cmake_args': None, 'build_base': '/home/lexij/roselab-perception/build/mastcam_pointcloud', 'catkin_cmake_args': None, 'catkin_skip_building_tests': False, 'cmake_args': None, 'cmake_clean_cache': False, 'cmake_clean_first': False, 'cmake_force_configure': False, 'cmake_target': None, 'cmake_target_skip_unavailable': False, 'install_base': '/home/lexij/roselab-perception/install/mastcam_pointcloud', 'merge_install': False, 'path': '/home/lexij/roselab-perception/ros/src/mastcam_pointcloud', 'symlink_install': False, 'test_result_base': None}
[1.425s] Level 5:colcon.colcon_core.verb:set package 'realsense_bag_recorder_cpp' build argument 'cmake_args' from command line to 'None'
[1.425s] Level 5:colcon.colcon_core.verb:set package 'realsense_bag_recorder_cpp' build argument 'cmake_target' from command line to 'None'
[1.425s] Level 5:colcon.colcon_core.verb:set package 'realsense_bag_recorder_cpp' build argument 'cmake_target_skip_unavailable' from command line to 'False'
[1.425s] Level 5:colcon.colcon_core.verb:set package 'realsense_bag_recorder_cpp' build argument 'cmake_clean_cache' from command line to 'False'
[1.425s] Level 5:colcon.colcon_core.verb:set package 'realsense_bag_recorder_cpp' build argument 'cmake_clean_first' from command line to 'False'
[1.425s] Level 5:colcon.colcon_core.verb:set package 'realsense_bag_recorder_cpp' build argument 'cmake_force_configure' from command line to 'False'
[1.425s] Level 5:colcon.colcon_core.verb:set package 'realsense_bag_recorder_cpp' build argument 'ament_cmake_args' from command line to 'None'
[1.425s] Level 5:colcon.colcon_core.verb:set package 'realsense_bag_recorder_cpp' build argument 'catkin_cmake_args' from command line to 'None'
[1.425s] Level 5:colcon.colcon_core.verb:set package 'realsense_bag_recorder_cpp' build argument 'catkin_skip_building_tests' from command line to 'False'
[1.425s] DEBUG:colcon.colcon_core.verb:Building package 'realsense_bag_recorder_cpp' with the following arguments: {'ament_cmake_args': None, 'build_base': '/home/lexij/roselab-perception/build/realsense_bag_recorder_cpp', 'catkin_cmake_args': None, 'catkin_skip_building_tests': False, 'cmake_args': None, 'cmake_clean_cache': False, 'cmake_clean_first': False, 'cmake_force_configure': False, 'cmake_target': None, 'cmake_target_skip_unavailable': False, 'install_base': '/home/lexij/roselab-perception/install/realsense_bag_recorder_cpp', 'merge_install': False, 'path': '/home/lexij/roselab-perception/ros/src/realsense_bag_recorder_cpp', 'symlink_install': False, 'test_result_base': None}
[1.425s] Level 5:colcon.colcon_core.verb:set package 'gantry_services' build argument 'cmake_args' from command line to 'None'
[1.425s] Level 5:colcon.colcon_core.verb:set package 'gantry_services' build argument 'cmake_target' from command line to 'None'
[1.425s] Level 5:colcon.colcon_core.verb:set package 'gantry_services' build argument 'cmake_target_skip_unavailable' from command line to 'False'
[1.426s] Level 5:colcon.colcon_core.verb:set package 'gantry_services' build argument 'cmake_clean_cache' from command line to 'False'
[1.426s] Level 5:colcon.colcon_core.verb:set package 'gantry_services' build argument 'cmake_clean_first' from command line to 'False'
[1.426s] Level 5:colcon.colcon_core.verb:set package 'gantry_services' build argument 'cmake_force_configure' from command line to 'False'
[1.426s] Level 5:colcon.colcon_core.verb:set package 'gantry_services' build argument 'ament_cmake_args' from command line to 'None'
[1.426s] Level 5:colcon.colcon_core.verb:set package 'gantry_services' build argument 'catkin_cmake_args' from command line to 'None'
[1.426s] Level 5:colcon.colcon_core.verb:set package 'gantry_services' build argument 'catkin_skip_building_tests' from command line to 'False'
[1.426s] DEBUG:colcon.colcon_core.verb:Building package 'gantry_services' with the following arguments: {'ament_cmake_args': None, 'build_base': '/home/lexij/roselab-perception/build/gantry_services', 'catkin_cmake_args': None, 'catkin_skip_building_tests': False, 'cmake_args': None, 'cmake_clean_cache': False, 'cmake_clean_first': False, 'cmake_force_configure': False, 'cmake_target': None, 'cmake_target_skip_unavailable': False, 'install_base': '/home/lexij/roselab-perception/install/gantry_services', 'merge_install': False, 'path': '/home/lexij/roselab-perception/ros/src/gantry_services', 'symlink_install': False, 'test_result_base': None}
[1.426s] Level 5:colcon.colcon_core.verb:set package 'scan_automation' build argument 'cmake_args' from command line to 'None'
[1.426s] Level 5:colcon.colcon_core.verb:set package 'scan_automation' build argument 'cmake_target' from command line to 'None'
[1.426s] Level 5:colcon.colcon_core.verb:set package 'scan_automation' build argument 'cmake_target_skip_unavailable' from command line to 'False'
[1.426s] Level 5:colcon.colcon_core.verb:set package 'scan_automation' build argument 'cmake_clean_cache' from command line to 'False'
[1.426s] Level 5:colcon.colcon_core.verb:set package 'scan_automation' build argument 'cmake_clean_first' from command line to 'False'
[1.426s] Level 5:colcon.colcon_core.verb:set package 'scan_automation' build argument 'cmake_force_configure' from command line to 'False'
[1.426s] Level 5:colcon.colcon_core.verb:set package 'scan_automation' build argument 'ament_cmake_args' from command line to 'None'
[1.426s] Level 5:colcon.colcon_core.verb:set package 'scan_automation' build argument 'catkin_cmake_args' from command line to 'None'
[1.426s] Level 5:colcon.colcon_core.verb:set package 'scan_automation' build argument 'catkin_skip_building_tests' from command line to 'False'
[1.426s] DEBUG:colcon.colcon_core.verb:Building package 'scan_automation' with the following arguments: {'ament_cmake_args': None, 'build_base': '/home/lexij/roselab-perception/build/scan_automation', 'catkin_cmake_args': None, 'catkin_skip_building_tests': False, 'cmake_args': None, 'cmake_clean_cache': False, 'cmake_clean_first': False, 'cmake_force_configure': False, 'cmake_target': None, 'cmake_target_skip_unavailable': False, 'install_base': '/home/lexij/roselab-perception/install/scan_automation', 'merge_install': False, 'path': '/home/lexij/roselab-perception/ros/src/scan_automation', 'symlink_install': False, 'test_result_base': None}
[1.426s] INFO:colcon.colcon_core.executor:Executing jobs using 'parallel' executor
[1.428s] DEBUG:colcon.colcon_parallel_executor.executor.parallel:run_until_complete
[1.428s] INFO:colcon.colcon_ros.task.ament_cmake.build:Building ROS package in '/home/lexij/roselab-perception/ros/src/gantry_lidar_interfaces' with build type 'ament_cmake'
[1.428s] INFO:colcon.colcon_cmake.task.cmake.build:Building CMake package in '/home/lexij/roselab-perception/ros/src/gantry_lidar_interfaces'
[1.439s] INFO:colcon.colcon_core.plugin_system:Skipping extension 'colcon_core.shell.bat': Not used on non-Windows systems
[1.439s] INFO:colcon.colcon_core.shell:Skip shell extension 'powershell' for command environment: Not usable outside of PowerShell
[1.439s] DEBUG:colcon.colcon_core.shell:Skip shell extension 'dsv' for command environment
[1.443s] INFO:colcon.colcon_ros.task.ament_python.build:Building ROS package in '/home/lexij/roselab-perception/ros/src/aggregated_pointcloud' with build type 'ament_python'
[1.444s] Level 1:colcon.colcon_core.shell:create_environment_hook('aggregated_pointcloud', 'ament_prefix_path')
[1.444s] INFO:colcon.colcon_core.shell:Creating environment hook '/home/lexij/roselab-perception/install/aggregated_pointcloud/share/aggregated_pointcloud/hook/ament_prefix_path.ps1'
[1.447s] INFO:colcon.colcon_core.shell:Creating environment descriptor '/home/lexij/roselab-perception/install/aggregated_pointcloud/share/aggregated_pointcloud/hook/ament_prefix_path.dsv'
[1.448s] INFO:colcon.colcon_core.shell:Creating environment hook '/home/lexij/roselab-perception/install/aggregated_pointcloud/share/aggregated_pointcloud/hook/ament_prefix_path.sh'
[1.450s] INFO:colcon.colcon_core.shell:Skip shell extension 'powershell' for command environment: Not usable outside of PowerShell
[1.450s] DEBUG:colcon.colcon_core.shell:Skip shell extension 'dsv' for command environment
[1.460s] INFO:colcon.colcon_ros.task.ament_python.build:Building ROS package in '/home/lexij/roselab-perception/ros/src/mastcam_pointcloud' with build type 'ament_python'
[1.460s] Level 1:colcon.colcon_core.shell:create_environment_hook('mastcam_pointcloud', 'ament_prefix_path')
[1.460s] INFO:colcon.colcon_core.shell:Creating environment hook '/home/lexij/roselab-perception/install/mastcam_pointcloud/share/mastcam_pointcloud/hook/ament_prefix_path.ps1'
[1.462s] INFO:colcon.colcon_core.shell:Creating environment descriptor '/home/lexij/roselab-perception/install/mastcam_pointcloud/share/mastcam_pointcloud/hook/ament_prefix_path.dsv'
[1.463s] INFO:colcon.colcon_core.shell:Creating environment hook '/home/lexij/roselab-perception/install/mastcam_pointcloud/share/mastcam_pointcloud/hook/ament_prefix_path.sh'
[1.463s] INFO:colcon.colcon_core.shell:Skip shell extension 'powershell' for command environment: Not usable outside of PowerShell
[1.463s] DEBUG:colcon.colcon_core.shell:Skip shell extension 'dsv' for command environment
[1.467s] INFO:colcon.colcon_ros.task.ament_cmake.build:Building ROS package in '/home/lexij/roselab-perception/ros/src/realsense_bag_recorder_cpp' with build type 'ament_cmake'
[1.467s] INFO:colcon.colcon_cmake.task.cmake.build:Building CMake package in '/home/lexij/roselab-perception/ros/src/realsense_bag_recorder_cpp'
[1.467s] INFO:colcon.colcon_core.shell:Skip shell extension 'powershell' for command environment: Not usable outside of PowerShell
[1.468s] DEBUG:colcon.colcon_core.shell:Skip shell extension 'dsv' for command environment
[1.486s] DEBUG:colcon.colcon_core.event_handler.log_command:Invoking command in '/home/lexij/roselab-perception/build/gantry_lidar_interfaces': CMAKE_PREFIX_PATH=${CMAKE_PREFIX_PATH}:/opt/ros/jazzy /usr/bin/cmake /home/lexij/roselab-perception/ros/src/gantry_lidar_interfaces -DCMAKE_INSTALL_PREFIX=/home/lexij/roselab-perception/install/gantry_lidar_interfaces
[1.757s] INFO:colcon.colcon_core.task.python.build:Building Python package in '/home/lexij/roselab-perception/ros/src/aggregated_pointcloud'
[1.758s] INFO:colcon.colcon_core.shell:Skip shell extension 'powershell' for command environment: Not usable outside of PowerShell
[1.758s] DEBUG:colcon.colcon_core.shell:Skip shell extension 'dsv' for command environment
[2.013s] INFO:colcon.colcon_core.task.python.build:Building Python package in '/home/lexij/roselab-perception/ros/src/mastcam_pointcloud'
[2.017s] INFO:colcon.colcon_core.shell:Skip shell extension 'powershell' for command environment: Not usable outside of PowerShell
[2.017s] DEBUG:colcon.colcon_core.shell:Skip shell extension 'dsv' for command environment
[2.028s] DEBUG:colcon.colcon_core.event_handler.log_command:Invoking command in '/home/lexij/roselab-perception/build/realsense_bag_recorder_cpp': CMAKE_PREFIX_PATH=${CMAKE_PREFIX_PATH}:/opt/ros/jazzy /usr/bin/cmake /home/lexij/roselab-perception/ros/src/realsense_bag_recorder_cpp -DCMAKE_INSTALL_PREFIX=/home/lexij/roselab-perception/install/realsense_bag_recorder_cpp
[3.187s] DEBUG:colcon.colcon_core.event_handler.log_command:Invoking command in '/home/lexij/roselab-perception/ros/src/aggregated_pointcloud': PYTHONPATH=/home/lexij/roselab-perception/build/aggregated_pointcloud/prefix_override:/usr/lib/python3/dist-packages/colcon_core/task/python/colcon_distutils_commands:/home/lexij/roselab-perception/install/aggregated_pointcloud/lib/python3.12/site-packages:${PYTHONPATH} /usr/bin/python3 -W ignore:setup.py install is deprecated -W ignore:easy_install command is deprecated setup.py egg_info --egg-base ../../../build/aggregated_pointcloud build --build-base /home/lexij/roselab-perception/build/aggregated_pointcloud/build install --record /home/lexij/roselab-perception/build/aggregated_pointcloud/install.log --single-version-externally-managed install_data
[3.192s] DEBUG:colcon.colcon_core.event_handler.log_command:Invoking command in '/home/lexij/roselab-perception/ros/src/mastcam_pointcloud': PYTHONPATH=/home/lexij/roselab-perception/build/mastcam_pointcloud/prefix_override:/usr/lib/python3/dist-packages/colcon_core/task/python/colcon_distutils_commands:/home/lexij/roselab-perception/install/mastcam_pointcloud/lib/python3.12/site-packages:${PYTHONPATH} /usr/bin/python3 -W ignore:setup.py install is deprecated -W ignore:easy_install command is deprecated setup.py egg_info --egg-base ../../../build/mastcam_pointcloud build --build-base /home/lexij/roselab-perception/build/mastcam_pointcloud/build install --record /home/lexij/roselab-perception/build/mastcam_pointcloud/install.log --single-version-externally-managed install_data
[3.948s] DEBUG:colcon.colcon_core.event_handler.log_command:Invoked command in '/home/lexij/roselab-perception/ros/src/aggregated_pointcloud' returned '0': PYTHONPATH=/home/lexij/roselab-perception/build/aggregated_pointcloud/prefix_override:/usr/lib/python3/dist-packages/colcon_core/task/python/colcon_distutils_commands:/home/lexij/roselab-perception/install/aggregated_pointcloud/lib/python3.12/site-packages:${PYTHONPATH} /usr/bin/python3 -W ignore:setup.py install is deprecated -W ignore:easy_install command is deprecated setup.py egg_info --egg-base ../../../build/aggregated_pointcloud build --build-base /home/lexij/roselab-perception/build/aggregated_pointcloud/build install --record /home/lexij/roselab-perception/build/aggregated_pointcloud/install.log --single-version-externally-managed install_data
[3.970s] Level 1:colcon.colcon_core.environment:checking '/home/lexij/roselab-perception/install/aggregated_pointcloud' for CMake module files
[3.971s] Level 1:colcon.colcon_core.environment:checking '/home/lexij/roselab-perception/install/aggregated_pointcloud' for CMake config files
[3.971s] Level 1:colcon.colcon_core.environment:checking '/home/lexij/roselab-perception/install/aggregated_pointcloud/lib'
[3.972s] Level 1:colcon.colcon_core.environment:checking '/home/lexij/roselab-perception/install/aggregated_pointcloud/bin'
[3.972s] Level 1:colcon.colcon_core.environment:checking '/home/lexij/roselab-perception/install/aggregated_pointcloud/lib/pkgconfig/aggregated_pointcloud.pc'
[3.972s] Level 1:colcon.colcon_core.environment:checking '/home/lexij/roselab-perception/install/aggregated_pointcloud/lib/python3.12/site-packages'
[3.972s] Level 1:colcon.colcon_core.shell:create_environment_hook('aggregated_pointcloud', 'pythonpath')
[3.972s] INFO:colcon.colcon_core.shell:Creating environment hook '/home/lexij/roselab-perception/install/aggregated_pointcloud/share/aggregated_pointcloud/hook/pythonpath.ps1'
[3.973s] INFO:colcon.colcon_core.shell:Creating environment descriptor '/home/lexij/roselab-perception/install/aggregated_pointcloud/share/aggregated_pointcloud/hook/pythonpath.dsv'
[3.973s] INFO:colcon.colcon_core.shell:Creating environment hook '/home/lexij/roselab-perception/install/aggregated_pointcloud/share/aggregated_pointcloud/hook/pythonpath.sh'
[3.974s] Level 1:colcon.colcon_core.environment:checking '/home/lexij/roselab-perception/install/aggregated_pointcloud/bin'
[3.974s] Level 1:colcon.colcon_core.environment:create_environment_scripts_only(aggregated_pointcloud)
[3.974s] INFO:colcon.colcon_core.shell:Creating package script '/home/lexij/roselab-perception/install/aggregated_pointcloud/share/aggregated_pointcloud/package.ps1'
[3.976s] INFO:colcon.colcon_core.shell:Creating package descriptor '/home/lexij/roselab-perception/install/aggregated_pointcloud/share/aggregated_pointcloud/package.dsv'
[3.977s] INFO:colcon.colcon_core.shell:Creating package script '/home/lexij/roselab-perception/install/aggregated_pointcloud/share/aggregated_pointcloud/package.sh'
[3.978s] INFO:colcon.colcon_core.shell:Creating package script '/home/lexij/roselab-perception/install/aggregated_pointcloud/share/aggregated_pointcloud/package.bash'
[3.979s] INFO:colcon.colcon_core.shell:Creating package script '/home/lexij/roselab-perception/install/aggregated_pointcloud/share/aggregated_pointcloud/package.zsh'
[3.980s] Level 1:colcon.colcon_core.environment:create_file_with_runtime_dependencies(/home/lexij/roselab-perception/install/aggregated_pointcloud/share/colcon-core/packages/aggregated_pointcloud)
[3.983s] Level 1:colcon.colcon_core.environment:checking '/home/lexij/roselab-perception/install/mastcam_pointcloud' for CMake module files
[3.985s] DEBUG:colcon.colcon_core.event_handler.log_command:Invoked command in '/home/lexij/roselab-perception/ros/src/mastcam_pointcloud' returned '0': PYTHONPATH=/home/lexij/roselab-perception/build/mastcam_pointcloud/prefix_override:/usr/lib/python3/dist-packages/colcon_core/task/python/colcon_distutils_commands:/home/lexij/roselab-perception/install/mastcam_pointcloud/lib/python3.12/site-packages:${PYTHONPATH} /usr/bin/python3 -W ignore:setup.py install is deprecated -W ignore:easy_install command is deprecated setup.py egg_info --egg-base ../../../build/mastcam_pointcloud build --build-base /home/lexij/roselab-perception/build/mastcam_pointcloud/build install --record /home/lexij/roselab-perception/build/mastcam_pointcloud/install.log --single-version-externally-managed install_data
[3.985s] Level 1:colcon.colcon_core.environment:checking '/home/lexij/roselab-perception/install/mastcam_pointcloud' for CMake config files
[3.986s] Level 1:colcon.colcon_core.environment:checking '/home/lexij/roselab-perception/install/mastcam_pointcloud/lib'
[3.986s] Level 1:colcon.colcon_core.environment:checking '/home/lexij/roselab-perception/install/mastcam_pointcloud/bin'
[3.986s] Level 1:colcon.colcon_core.environment:checking '/home/lexij/roselab-perception/install/mastcam_pointcloud/lib/pkgconfig/mastcam_pointcloud.pc'
[3.986s] Level 1:colcon.colcon_core.environment:checking '/home/lexij/roselab-perception/install/mastcam_pointcloud/lib/python3.12/site-packages'
[3.986s] Level 1:colcon.colcon_core.shell:create_environment_hook('mastcam_pointcloud', 'pythonpath')
[3.987s] INFO:colcon.colcon_core.shell:Creating environment hook '/home/lexij/roselab-perception/install/mastcam_pointcloud/share/mastcam_pointcloud/hook/pythonpath.ps1'
[3.987s] INFO:colcon.colcon_core.shell:Creating environment descriptor '/home/lexij/roselab-perception/install/mastcam_pointcloud/share/mastcam_pointcloud/hook/pythonpath.dsv'
[3.988s] INFO:colcon.colcon_core.shell:Creating environment hook '/home/lexij/roselab-perception/install/mastcam_pointcloud/share/mastcam_pointcloud/hook/pythonpath.sh'
[3.988s] Level 1:colcon.colcon_core.environment:checking '/home/lexij/roselab-perception/install/mastcam_pointcloud/bin'
[3.988s] Level 1:colcon.colcon_core.environment:create_environment_scripts_only(mastcam_pointcloud)
[3.989s] INFO:colcon.colcon_core.shell:Creating package script '/home/lexij/roselab-perception/install/mastcam_pointcloud/share/mastcam_pointcloud/package.ps1'
[3.989s] INFO:colcon.colcon_core.shell:Creating package descriptor '/home/lexij/roselab-perception/install/mastcam_pointcloud/share/mastcam_pointcloud/package.dsv'
[3.990s] INFO:colcon.colcon_core.shell:Creating package script '/home/lexij/roselab-perception/install/mastcam_pointcloud/share/mastcam_pointcloud/package.sh'
[3.990s] INFO:colcon.colcon_core.shell:Creating package script '/home/lexij/roselab-perception/install/mastcam_pointcloud/share/mastcam_pointcloud/package.bash'
[3.990s] INFO:colcon.colcon_core.shell:Creating package script '/home/lexij/roselab-perception/install/mastcam_pointcloud/share/mastcam_pointcloud/package.zsh'
[3.991s] Level 1:colcon.colcon_core.environment:create_file_with_runtime_dependencies(/home/lexij/roselab-perception/install/mastcam_pointcloud/share/colcon-core/packages/mastcam_pointcloud)
[9.398s] DEBUG:colcon.colcon_core.event_handler.log_command:Invoked command in '/home/lexij/roselab-perception/build/gantry_lidar_interfaces' returned '0': CMAKE_PREFIX_PATH=${CMAKE_PREFIX_PATH}:/opt/ros/jazzy /usr/bin/cmake /home/lexij/roselab-perception/ros/src/gantry_lidar_interfaces -DCMAKE_INSTALL_PREFIX=/home/lexij/roselab-perception/install/gantry_lidar_interfaces
[9.400s] DEBUG:colcon.colcon_core.event_handler.log_command:Invoking command in '/home/lexij/roselab-perception/build/gantry_lidar_interfaces': CMAKE_PREFIX_PATH=${CMAKE_PREFIX_PATH}:/opt/ros/jazzy /usr/bin/cmake --build /home/lexij/roselab-perception/build/gantry_lidar_interfaces -- -j22 -l22
[10.442s] DEBUG:colcon.colcon_core.event_handler.log_command:Invoked command in '/home/lexij/roselab-perception/build/realsense_bag_recorder_cpp' returned '0': CMAKE_PREFIX_PATH=${CMAKE_PREFIX_PATH}:/opt/ros/jazzy /usr/bin/cmake /home/lexij/roselab-perception/ros/src/realsense_bag_recorder_cpp -DCMAKE_INSTALL_PREFIX=/home/lexij/roselab-perception/install/realsense_bag_recorder_cpp
[10.443s] DEBUG:colcon.colcon_core.event_handler.log_command:Invoking command in '/home/lexij/roselab-perception/build/realsense_bag_recorder_cpp': CMAKE_PREFIX_PATH=${CMAKE_PREFIX_PATH}:/opt/ros/jazzy /usr/bin/cmake --build /home/lexij/roselab-perception/build/realsense_bag_recorder_cpp -- -j22 -l22
[15.868s] DEBUG:colcon.colcon_core.event_handler.log_command:Invoked command in '/home/lexij/roselab-perception/build/gantry_lidar_interfaces' returned '0': CMAKE_PREFIX_PATH=${CMAKE_PREFIX_PATH}:/opt/ros/jazzy /usr/bin/cmake --build /home/lexij/roselab-perception/build/gantry_lidar_interfaces -- -j22 -l22
[15.881s] DEBUG:colcon.colcon_core.event_handler.log_command:Invoking command in '/home/lexij/roselab-perception/build/gantry_lidar_interfaces': CMAKE_PREFIX_PATH=${CMAKE_PREFIX_PATH}:/opt/ros/jazzy /usr/bin/cmake --install /home/lexij/roselab-perception/build/gantry_lidar_interfaces
[16.015s] Level 1:colcon.colcon_core.environment:create_environment_scripts_only(gantry_lidar_interfaces)
[16.015s] Level 1:colcon.colcon_core.environment:checking '/home/lexij/roselab-perception/install/gantry_lidar_interfaces' for CMake module files
[16.017s] DEBUG:colcon.colcon_core.event_handler.log_command:Invoked command in '/home/lexij/roselab-perception/build/gantry_lidar_interfaces' returned '0': CMAKE_PREFIX_PATH=${CMAKE_PREFIX_PATH}:/opt/ros/jazzy /usr/bin/cmake --install /home/lexij/roselab-perception/build/gantry_lidar_interfaces
[16.017s] Level 1:colcon.colcon_core.environment:checking '/home/lexij/roselab-perception/install/gantry_lidar_interfaces' for CMake config files
[16.017s] Level 1:colcon.colcon_core.shell:create_environment_hook('gantry_lidar_interfaces', 'cmake_prefix_path')
[16.018s] INFO:colcon.colcon_core.shell:Creating environment hook '/home/lexij/roselab-perception/install/gantry_lidar_interfaces/share/gantry_lidar_interfaces/hook/cmake_prefix_path.ps1'
[16.018s] INFO:colcon.colcon_core.shell:Creating environment descriptor '/home/lexij/roselab-perception/install/gantry_lidar_interfaces/share/gantry_lidar_interfaces/hook/cmake_prefix_path.dsv'
[16.019s] INFO:colcon.colcon_core.shell:Creating environment hook '/home/lexij/roselab-perception/install/gantry_lidar_interfaces/share/gantry_lidar_interfaces/hook/cmake_prefix_path.sh'
[16.019s] Level 1:colcon.colcon_core.environment:checking '/home/lexij/roselab-perception/install/gantry_lidar_interfaces/lib'
[16.019s] Level 1:colcon.colcon_core.shell:create_environment_hook('gantry_lidar_interfaces', 'ld_library_path_lib')
[16.020s] INFO:colcon.colcon_core.shell:Creating environment hook '/home/lexij/roselab-perception/install/gantry_lidar_interfaces/share/gantry_lidar_interfaces/hook/ld_library_path_lib.ps1'
[16.020s] INFO:colcon.colcon_core.shell:Creating environment descriptor '/home/lexij/roselab-perception/install/gantry_lidar_interfaces/share/gantry_lidar_interfaces/hook/ld_library_path_lib.dsv'
[16.020s] INFO:colcon.colcon_core.shell:Creating environment hook '/home/lexij/roselab-perception/install/gantry_lidar_interfaces/share/gantry_lidar_interfaces/hook/ld_library_path_lib.sh'
[16.021s] Level 1:colcon.colcon_core.environment:checking '/home/lexij/roselab-perception/install/gantry_lidar_interfaces/bin'
[16.021s] Level 1:colcon.colcon_core.environment:checking '/home/lexij/roselab-perception/install/gantry_lidar_interfaces/lib/pkgconfig/gantry_lidar_interfaces.pc'
[16.021s] Level 1:colcon.colcon_core.environment:checking '/home/lexij/roselab-perception/install/gantry_lidar_interfaces/lib/python3.12/site-packages'
[16.021s] Level 1:colcon.colcon_core.shell:create_environment_hook('gantry_lidar_interfaces', 'pythonpath')
[16.021s] INFO:colcon.colcon_core.shell:Creating environment hook '/home/lexij/roselab-perception/install/gantry_lidar_interfaces/share/gantry_lidar_interfaces/hook/pythonpath.ps1'
[16.022s] INFO:colcon.colcon_core.shell:Creating environment descriptor '/home/lexij/roselab-perception/install/gantry_lidar_interfaces/share/gantry_lidar_interfaces/hook/pythonpath.dsv'
[16.022s] INFO:colcon.colcon_core.shell:Creating environment hook '/home/lexij/roselab-perception/install/gantry_lidar_interfaces/share/gantry_lidar_interfaces/hook/pythonpath.sh'
[16.023s] Level 1:colcon.colcon_core.environment:checking '/home/lexij/roselab-perception/install/gantry_lidar_interfaces/bin'
[16.023s] INFO:colcon.colcon_core.shell:Creating package script '/home/lexij/roselab-perception/install/gantry_lidar_interfaces/share/gantry_lidar_interfaces/package.ps1'
[16.024s] INFO:colcon.colcon_core.shell:Creating package descriptor '/home/lexij/roselab-perception/install/gantry_lidar_interfaces/share/gantry_lidar_interfaces/package.dsv'
[16.024s] INFO:colcon.colcon_core.shell:Creating package script '/home/lexij/roselab-perception/install/gantry_lidar_interfaces/share/gantry_lidar_interfaces/package.sh'
[16.024s] INFO:colcon.colcon_core.shell:Creating package script '/home/lexij/roselab-perception/install/gantry_lidar_interfaces/share/gantry_lidar_interfaces/package.bash'
[16.025s] INFO:colcon.colcon_core.shell:Creating package script '/home/lexij/roselab-perception/install/gantry_lidar_interfaces/share/gantry_lidar_interfaces/package.zsh'
[16.025s] Level 1:colcon.colcon_core.environment:create_file_with_runtime_dependencies(/home/lexij/roselab-perception/install/gantry_lidar_interfaces/share/colcon-core/packages/gantry_lidar_interfaces)
[16.026s] Level 1:colcon.colcon_core.environment:create_environment_scripts_only(gantry_lidar_interfaces)
[16.026s] Level 1:colcon.colcon_core.environment:checking '/home/lexij/roselab-perception/install/gantry_lidar_interfaces' for CMake module files
[16.027s] Level 1:colcon.colcon_core.environment:checking '/home/lexij/roselab-perception/install/gantry_lidar_interfaces' for CMake config files
[16.028s] Level 1:colcon.colcon_core.shell:create_environment_hook('gantry_lidar_interfaces', 'cmake_prefix_path')
[16.028s] INFO:colcon.colcon_core.shell:Creating environment hook '/home/lexij/roselab-perception/install/gantry_lidar_interfaces/share/gantry_lidar_interfaces/hook/cmake_prefix_path.ps1'
[16.028s] INFO:colcon.colcon_core.shell:Creating environment descriptor '/home/lexij/roselab-perception/install/gantry_lidar_interfaces/share/gantry_lidar_interfaces/hook/cmake_prefix_path.dsv'
[16.029s] INFO:colcon.colcon_core.shell:Creating environment hook '/home/lexij/roselab-perception/install/gantry_lidar_interfaces/share/gantry_lidar_interfaces/hook/cmake_prefix_path.sh'
[16.029s] Level 1:colcon.colcon_core.environment:checking '/home/lexij/roselab-perception/install/gantry_lidar_interfaces/lib'
[16.029s] Level 1:colcon.colcon_core.shell:create_environment_hook('gantry_lidar_interfaces', 'ld_library_path_lib')
[16.029s] INFO:colcon.colcon_core.shell:Creating environment hook '/home/lexij/roselab-perception/install/gantry_lidar_interfaces/share/gantry_lidar_interfaces/hook/ld_library_path_lib.ps1'
[16.030s] INFO:colcon.colcon_core.shell:Creating environment descriptor '/home/lexij/roselab-perception/install/gantry_lidar_interfaces/share/gantry_lidar_interfaces/hook/ld_library_path_lib.dsv'
[16.030s] INFO:colcon.colcon_core.shell:Creating environment hook '/home/lexij/roselab-perception/install/gantry_lidar_interfaces/share/gantry_lidar_interfaces/hook/ld_library_path_lib.sh'
[16.031s] Level 1:colcon.colcon_core.environment:checking '/home/lexij/roselab-perception/install/gantry_lidar_interfaces/bin'
[16.031s] Level 1:colcon.colcon_core.environment:checking '/home/lexij/roselab-perception/install/gantry_lidar_interfaces/lib/pkgconfig/gantry_lidar_interfaces.pc'
[16.031s] Level 1:colcon.colcon_core.environment:checking '/home/lexij/roselab-perception/install/gantry_lidar_interfaces/lib/python3.12/site-packages'
[16.031s] Level 1:colcon.colcon_core.shell:create_environment_hook('gantry_lidar_interfaces', 'pythonpath')
[16.031s] INFO:colcon.colcon_core.shell:Creating environment hook '/home/lexij/roselab-perception/install/gantry_lidar_interfaces/share/gantry_lidar_interfaces/hook/pythonpath.ps1'
[16.032s] INFO:colcon.colcon_core.shell:Creating environment descriptor '/home/lexij/roselab-perception/install/gantry_lidar_interfaces/share/gantry_lidar_interfaces/hook/pythonpath.dsv'
[16.032s] INFO:colcon.colcon_core.shell:Creating environment hook '/home/lexij/roselab-perception/install/gantry_lidar_interfaces/share/gantry_lidar_interfaces/hook/pythonpath.sh'
[16.033s] Level 1:colcon.colcon_core.environment:checking '/home/lexij/roselab-perception/install/gantry_lidar_interfaces/bin'
[16.033s] INFO:colcon.colcon_core.shell:Creating package script '/home/lexij/roselab-perception/install/gantry_lidar_interfaces/share/gantry_lidar_interfaces/package.ps1'
[16.034s] INFO:colcon.colcon_core.shell:Creating package descriptor '/home/lexij/roselab-perception/install/gantry_lidar_interfaces/share/gantry_lidar_interfaces/package.dsv'
[16.034s] INFO:colcon.colcon_core.shell:Creating package script '/home/lexij/roselab-perception/install/gantry_lidar_interfaces/share/gantry_lidar_interfaces/package.sh'
[16.035s] INFO:colcon.colcon_core.shell:Creating package script '/home/lexij/roselab-perception/install/gantry_lidar_interfaces/share/gantry_lidar_interfaces/package.bash'
[16.035s] INFO:colcon.colcon_core.shell:Creating package script '/home/lexij/roselab-perception/install/gantry_lidar_interfaces/share/gantry_lidar_interfaces/package.zsh'
[16.036s] Level 1:colcon.colcon_core.environment:create_file_with_runtime_dependencies(/home/lexij/roselab-perception/install/gantry_lidar_interfaces/share/colcon-core/packages/gantry_lidar_interfaces)
[16.036s] INFO:colcon.colcon_ros.task.ament_python.build:Building ROS package in '/home/lexij/roselab-perception/ros/src/gantry_services' with build type 'ament_python'
[16.036s] Level 1:colcon.colcon_core.shell:create_environment_hook('gantry_services', 'ament_prefix_path')
[16.036s] INFO:colcon.colcon_core.shell:Creating environment hook '/home/lexij/roselab-perception/install/gantry_services/share/gantry_services/hook/ament_prefix_path.ps1'
[16.038s] INFO:colcon.colcon_core.shell:Creating environment descriptor '/home/lexij/roselab-perception/install/gantry_services/share/gantry_services/hook/ament_prefix_path.dsv'
[16.038s] INFO:colcon.colcon_core.shell:Creating environment hook '/home/lexij/roselab-perception/install/gantry_services/share/gantry_services/hook/ament_prefix_path.sh'
[16.039s] INFO:colcon.colcon_core.shell:Skip shell extension 'powershell' for command environment: Not usable outside of PowerShell
[16.039s] DEBUG:colcon.colcon_core.shell:Skip shell extension 'dsv' for command environment
[16.042s] INFO:colcon.colcon_ros.task.ament_python.build:Building ROS package in '/home/lexij/roselab-perception/ros/src/scan_automation' with build type 'ament_python'
[16.042s] Level 1:colcon.colcon_core.shell:create_environment_hook('scan_automation', 'ament_prefix_path')
[16.043s] INFO:colcon.colcon_core.shell:Creating environment hook '/home/lexij/roselab-perception/install/scan_automation/share/scan_automation/hook/ament_prefix_path.ps1'
[16.044s] INFO:colcon.colcon_core.shell:Creating environment descriptor '/home/lexij/roselab-perception/install/scan_automation/share/scan_automation/hook/ament_prefix_path.dsv'
[16.044s] INFO:colcon.colcon_core.shell:Creating environment hook '/home/lexij/roselab-perception/install/scan_automation/share/scan_automation/hook/ament_prefix_path.sh'
[16.044s] INFO:colcon.colcon_core.shell:Skip shell extension 'powershell' for command environment: Not usable outside of PowerShell
[16.045s] DEBUG:colcon.colcon_core.shell:Skip shell extension 'dsv' for command environment
[16.552s] INFO:colcon.colcon_core.task.python.build:Building Python package in '/home/lexij/roselab-perception/ros/src/scan_automation'
[16.552s] INFO:colcon.colcon_core.shell:Skip shell extension 'powershell' for command environment: Not usable outside of PowerShell
[16.552s] DEBUG:colcon.colcon_core.shell:Skip shell extension 'dsv' for command environment
[16.867s] INFO:colcon.colcon_core.task.python.build:Building Python package in '/home/lexij/roselab-perception/ros/src/gantry_services'
[16.867s] INFO:colcon.colcon_core.shell:Skip shell extension 'powershell' for command environment: Not usable outside of PowerShell
[16.867s] DEBUG:colcon.colcon_core.shell:Skip shell extension 'dsv' for command environment
[17.611s] DEBUG:colcon.colcon_core.event_handler.log_command:Invoking command in '/home/lexij/roselab-perception/ros/src/scan_automation': AMENT_PREFIX_PATH=/home/lexij/roselab-perception/install/gantry_lidar_interfaces:${AMENT_PREFIX_PATH} CMAKE_PREFIX_PATH=/home/lexij/roselab-perception/install/gantry_lidar_interfaces:${CMAKE_PREFIX_PATH} LD_LIBRARY_PATH=/home/lexij/roselab-perception/install/gantry_lidar_interfaces/lib:${LD_LIBRARY_PATH} PYTHONPATH=/home/lexij/roselab-perception/build/scan_automation/prefix_override:/usr/lib/python3/dist-packages/colcon_core/task/python/colcon_distutils_commands:/home/lexij/roselab-perception/install/scan_automation/lib/python3.12/site-packages:/home/lexij/roselab-perception/install/gantry_lidar_interfaces/lib/python3.12/site-packages:${PYTHONPATH} /usr/bin/python3 -W ignore:setup.py install is deprecated -W ignore:easy_install command is deprecated setup.py egg_info --egg-base ../../../build/scan_automation build --build-base /home/lexij/roselab-perception/build/scan_automation/build install --record /home/lexij/roselab-perception/build/scan_automation/install.log --single-version-externally-managed install_data
[17.939s] DEBUG:colcon.colcon_core.event_handler.log_command:Invoking command in '/home/lexij/roselab-perception/ros/src/gantry_services': AMENT_PREFIX_PATH=/home/lexij/roselab-perception/install/gantry_lidar_interfaces:${AMENT_PREFIX_PATH} CMAKE_PREFIX_PATH=/home/lexij/roselab-perception/install/gantry_lidar_interfaces:${CMAKE_PREFIX_PATH} LD_LIBRARY_PATH=/home/lexij/roselab-perception/install/gantry_lidar_interfaces/lib:${LD_LIBRARY_PATH} PYTHONPATH=/home/lexij/roselab-perception/build/gantry_services/prefix_override:/usr/lib/python3/dist-packages/colcon_core/task/python/colcon_distutils_commands:/home/lexij/roselab-perception/install/gantry_services/lib/python3.12/site-packages:/home/lexij/roselab-perception/install/gantry_lidar_interfaces/lib/python3.12/site-packages:${PYTHONPATH} /usr/bin/python3 -W ignore:setup.py install is deprecated -W ignore:easy_install command is deprecated setup.py egg_info --egg-base ../../../build/gantry_services build --build-base /home/lexij/roselab-perception/build/gantry_services/build install --record /home/lexij/roselab-perception/build/gantry_services/install.log --single-version-externally-managed install_data
[18.327s] Level 1:colcon.colcon_core.environment:checking '/home/lexij/roselab-perception/install/scan_automation' for CMake module files
[18.328s] DEBUG:colcon.colcon_core.event_handler.log_command:Invoked command in '/home/lexij/roselab-perception/ros/src/scan_automation' returned '0': AMENT_PREFIX_PATH=/home/lexij/roselab-perception/install/gantry_lidar_interfaces:${AMENT_PREFIX_PATH} CMAKE_PREFIX_PATH=/home/lexij/roselab-perception/install/gantry_lidar_interfaces:${CMAKE_PREFIX_PATH} LD_LIBRARY_PATH=/home/lexij/roselab-perception/install/gantry_lidar_interfaces/lib:${LD_LIBRARY_PATH} PYTHONPATH=/home/lexij/roselab-perception/build/scan_automation/prefix_override:/usr/lib/python3/dist-packages/colcon_core/task/python/colcon_distutils_commands:/home/lexij/roselab-perception/install/scan_automation/lib/python3.12/site-packages:/home/lexij/roselab-perception/install/gantry_lidar_interfaces/lib/python3.12/site-packages:${PYTHONPATH} /usr/bin/python3 -W ignore:setup.py install is deprecated -W ignore:easy_install command is deprecated setup.py egg_info --egg-base ../../../build/scan_automation build --build-base /home/lexij/roselab-perception/build/scan_automation/build install --record /home/lexij/roselab-perception/build/scan_automation/install.log --single-version-externally-managed install_data
[18.329s] Level 1:colcon.colcon_core.environment:checking '/home/lexij/roselab-perception/install/scan_automation' for CMake config files
[18.330s] Level 1:colcon.colcon_core.environment:checking '/home/lexij/roselab-perception/install/scan_automation/lib'
[18.330s] Level 1:colcon.colcon_core.environment:checking '/home/lexij/roselab-perception/install/scan_automation/bin'
[18.330s] Level 1:colcon.colcon_core.environment:checking '/home/lexij/roselab-perception/install/scan_automation/lib/pkgconfig/scan_automation.pc'
[18.330s] Level 1:colcon.colcon_core.environment:checking '/home/lexij/roselab-perception/install/scan_automation/lib/python3.12/site-packages'
[18.330s] Level 1:colcon.colcon_core.shell:create_environment_hook('scan_automation', 'pythonpath')
[18.331s] INFO:colcon.colcon_core.shell:Creating environment hook '/home/lexij/roselab-perception/install/scan_automation/share/scan_automation/hook/pythonpath.ps1'
[18.331s] INFO:colcon.colcon_core.shell:Creating environment descriptor '/home/lexij/roselab-perception/install/scan_automation/share/scan_automation/hook/pythonpath.dsv'
[18.331s] INFO:colcon.colcon_core.shell:Creating environment hook '/home/lexij/roselab-perception/install/scan_automation/share/scan_automation/hook/pythonpath.sh'
[18.332s] Level 1:colcon.colcon_core.environment:checking '/home/lexij/roselab-perception/install/scan_automation/bin'
[18.332s] Level 1:colcon.colcon_core.environment:create_environment_scripts_only(scan_automation)
[18.332s] INFO:colcon.colcon_core.shell:Creating package script '/home/lexij/roselab-perception/install/scan_automation/share/scan_automation/package.ps1'
[18.333s] INFO:colcon.colcon_core.shell:Creating package descriptor '/home/lexij/roselab-perception/install/scan_automation/share/scan_automation/package.dsv'
[18.333s] INFO:colcon.colcon_core.shell:Creating package script '/home/lexij/roselab-perception/install/scan_automation/share/scan_automation/package.sh'
[18.333s] INFO:colcon.colcon_core.shell:Creating package script '/home/lexij/roselab-perception/install/scan_automation/share/scan_automation/package.bash'
[18.334s] INFO:colcon.colcon_core.shell:Creating package script '/home/lexij/roselab-perception/install/scan_automation/share/scan_automation/package.zsh'
[18.334s] Level 1:colcon.colcon_core.environment:create_file_with_runtime_dependencies(/home/lexij/roselab-perception/install/scan_automation/share/colcon-core/packages/scan_automation)
[18.642s] Level 1:colcon.colcon_core.environment:checking '/home/lexij/roselab-perception/install/gantry_services' for CMake module files
[18.642s] DEBUG:colcon.colcon_core.event_handler.log_command:Invoked command in '/home/lexij/roselab-perception/ros/src/gantry_services' returned '0': AMENT_PREFIX_PATH=/home/lexij/roselab-perception/install/gantry_lidar_interfaces:${AMENT_PREFIX_PATH} CMAKE_PREFIX_PATH=/home/lexij/roselab-perception/install/gantry_lidar_interfaces:${CMAKE_PREFIX_PATH} LD_LIBRARY_PATH=/home/lexij/roselab-perception/install/gantry_lidar_interfaces/lib:${LD_LIBRARY_PATH} PYTHONPATH=/home/lexij/roselab-perception/build/gantry_services/prefix_override:/usr/lib/python3/dist-packages/colcon_core/task/python/colcon_distutils_commands:/home/lexij/roselab-perception/install/gantry_services/lib/python3.12/site-packages:/home/lexij/roselab-perception/install/gantry_lidar_interfaces/lib/python3.12/site-packages:${PYTHONPATH} /usr/bin/python3 -W ignore:setup.py install is deprecated -W ignore:easy_install command is deprecated setup.py egg_info --egg-base ../../../build/gantry_services build --build-base /home/lexij/roselab-perception/build/gantry_services/build install --record /home/lexij/roselab-perception/build/gantry_services/install.log --single-version-externally-managed install_data
[18.643s] Level 1:colcon.colcon_core.environment:checking '/home/lexij/roselab-perception/install/gantry_services' for CMake config files
[18.643s] Level 1:colcon.colcon_core.environment:checking '/home/lexij/roselab-perception/install/gantry_services/lib'
[18.643s] Level 1:colcon.colcon_core.environment:checking '/home/lexij/roselab-perception/install/gantry_services/bin'
[18.643s] Level 1:colcon.colcon_core.environment:checking '/home/lexij/roselab-perception/install/gantry_services/lib/pkgconfig/gantry_services.pc'
[18.644s] Level 1:colcon.colcon_core.environment:checking '/home/lexij/roselab-perception/install/gantry_services/lib/python3.12/site-packages'
[18.644s] Level 1:colcon.colcon_core.shell:create_environment_hook('gantry_services', 'pythonpath')
[18.644s] INFO:colcon.colcon_core.shell:Creating environment hook '/home/lexij/roselab-perception/install/gantry_services/share/gantry_services/hook/pythonpath.ps1'
[18.645s] INFO:colcon.colcon_core.shell:Creating environment descriptor '/home/lexij/roselab-perception/install/gantry_services/share/gantry_services/hook/pythonpath.dsv'
[18.645s] INFO:colcon.colcon_core.shell:Creating environment hook '/home/lexij/roselab-perception/install/gantry_services/share/gantry_services/hook/pythonpath.sh'
[18.645s] Level 1:colcon.colcon_core.environment:checking '/home/lexij/roselab-perception/install/gantry_services/bin'
[18.646s] Level 1:colcon.colcon_core.environment:create_environment_scripts_only(gantry_services)
[18.646s] INFO:colcon.colcon_core.shell:Creating package script '/home/lexij/roselab-perception/install/gantry_services/share/gantry_services/package.ps1'
[18.646s] INFO:colcon.colcon_core.shell:Creating package descriptor '/home/lexij/roselab-perception/install/gantry_services/share/gantry_services/package.dsv'
[18.647s] INFO:colcon.colcon_core.shell:Creating package script '/home/lexij/roselab-perception/install/gantry_services/share/gantry_services/package.sh'
[18.647s] INFO:colcon.colcon_core.shell:Creating package script '/home/lexij/roselab-perception/install/gantry_services/share/gantry_services/package.bash'
[18.647s] INFO:colcon.colcon_core.shell:Creating package script '/home/lexij/roselab-perception/install/gantry_services/share/gantry_services/package.zsh'
[18.648s] Level 1:colcon.colcon_core.environment:create_file_with_runtime_dependencies(/home/lexij/roselab-perception/install/gantry_services/share/colcon-core/packages/gantry_services)
[19.316s] DEBUG:colcon.colcon_core.event_handler.log_command:Invoked command in '/home/lexij/roselab-perception/build/realsense_bag_recorder_cpp' returned '0': CMAKE_PREFIX_PATH=${CMAKE_PREFIX_PATH}:/opt/ros/jazzy /usr/bin/cmake --build /home/lexij/roselab-perception/build/realsense_bag_recorder_cpp -- -j22 -l22
[19.318s] DEBUG:colcon.colcon_core.event_handler.log_command:Invoking command in '/home/lexij/roselab-perception/build/realsense_bag_recorder_cpp': CMAKE_PREFIX_PATH=${CMAKE_PREFIX_PATH}:/opt/ros/jazzy /usr/bin/cmake --install /home/lexij/roselab-perception/build/realsense_bag_recorder_cpp
[19.426s] Level 1:colcon.colcon_core.environment:create_environment_scripts_only(realsense_bag_recorder_cpp)
[19.426s] Level 1:colcon.colcon_core.environment:checking '/home/lexij/roselab-perception/install/realsense_bag_recorder_cpp' for CMake module files
[19.428s] DEBUG:colcon.colcon_core.event_handler.log_command:Invoked command in '/home/lexij/roselab-perception/build/realsense_bag_recorder_cpp' returned '0': CMAKE_PREFIX_PATH=${CMAKE_PREFIX_PATH}:/opt/ros/jazzy /usr/bin/cmake --install /home/lexij/roselab-perception/build/realsense_bag_recorder_cpp
[19.428s] Level 1:colcon.colcon_core.environment:checking '/home/lexij/roselab-perception/install/realsense_bag_recorder_cpp' for CMake config files
[19.429s] Level 1:colcon.colcon_core.shell:create_environment_hook('realsense_bag_recorder_cpp', 'cmake_prefix_path')
[19.429s] INFO:colcon.colcon_core.shell:Creating environment hook '/home/lexij/roselab-perception/install/realsense_bag_recorder_cpp/share/realsense_bag_recorder_cpp/hook/cmake_prefix_path.ps1'
[19.430s] INFO:colcon.colcon_core.shell:Creating environment descriptor '/home/lexij/roselab-perception/install/realsense_bag_recorder_cpp/share/realsense_bag_recorder_cpp/hook/cmake_prefix_path.dsv'
[19.430s] INFO:colcon.colcon_core.shell:Creating environment hook '/home/lexij/roselab-perception/install/realsense_bag_recorder_cpp/share/realsense_bag_recorder_cpp/hook/cmake_prefix_path.sh'
[19.431s] Level 1:colcon.colcon_core.environment:checking '/home/lexij/roselab-perception/install/realsense_bag_recorder_cpp/lib'
[19.431s] Level 1:colcon.colcon_core.shell:create_environment_hook('realsense_bag_recorder_cpp', 'ld_library_path_lib')
[19.431s] INFO:colcon.colcon_core.shell:Creating environment hook '/home/lexij/roselab-perception/install/realsense_bag_recorder_cpp/share/realsense_bag_recorder_cpp/hook/ld_library_path_lib.ps1'
[19.432s] INFO:colcon.colcon_core.shell:Creating environment descriptor '/home/lexij/roselab-perception/install/realsense_bag_recorder_cpp/share/realsense_bag_recorder_cpp/hook/ld_library_path_lib.dsv'
[19.432s] INFO:colcon.colcon_core.shell:Creating environment hook '/home/lexij/roselab-perception/install/realsense_bag_recorder_cpp/share/realsense_bag_recorder_cpp/hook/ld_library_path_lib.sh'
[19.432s] Level 1:colcon.colcon_core.environment:checking '/home/lexij/roselab-perception/install/realsense_bag_recorder_cpp/bin'
[19.433s] Level 1:colcon.colcon_core.environment:checking '/home/lexij/roselab-perception/install/realsense_bag_recorder_cpp/lib/pkgconfig/realsense_bag_recorder_cpp.pc'
[19.433s] Level 1:colcon.colcon_core.environment:checking '/home/lexij/roselab-perception/install/realsense_bag_recorder_cpp/lib/python3.12/site-packages'
[19.433s] Level 1:colcon.colcon_core.shell:create_environment_hook('realsense_bag_recorder_cpp', 'pythonpath')
[19.433s] INFO:colcon.colcon_core.shell:Creating environment hook '/home/lexij/roselab-perception/install/realsense_bag_recorder_cpp/share/realsense_bag_recorder_cpp/hook/pythonpath.ps1'
[19.443s] INFO:colcon.colcon_core.shell:Creating environment descriptor '/home/lexij/roselab-perception/install/realsense_bag_recorder_cpp/share/realsense_bag_recorder_cpp/hook/pythonpath.dsv'
[19.443s] INFO:colcon.colcon_core.shell:Creating environment hook '/home/lexij/roselab-perception/install/realsense_bag_recorder_cpp/share/realsense_bag_recorder_cpp/hook/pythonpath.sh'
[19.444s] Level 1:colcon.colcon_core.environment:checking '/home/lexij/roselab-perception/install/realsense_bag_recorder_cpp/bin'
[19.444s] INFO:colcon.colcon_core.shell:Creating package script '/home/lexij/roselab-perception/install/realsense_bag_recorder_cpp/share/realsense_bag_recorder_cpp/package.ps1'
[19.445s] INFO:colcon.colcon_core.shell:Creating package descriptor '/home/lexij/roselab-perception/install/realsense_bag_recorder_cpp/share/realsense_bag_recorder_cpp/package.dsv'
[19.445s] INFO:colcon.colcon_core.shell:Creating package script '/home/lexij/roselab-perception/install/realsense_bag_recorder_cpp/share/realsense_bag_recorder_cpp/package.sh'
[19.446s] INFO:colcon.colcon_core.shell:Creating package script '/home/lexij/roselab-perception/install/realsense_bag_recorder_cpp/share/realsense_bag_recorder_cpp/package.bash'
[19.446s] INFO:colcon.colcon_core.shell:Creating package script '/home/lexij/roselab-perception/install/realsense_bag_recorder_cpp/share/realsense_bag_recorder_cpp/package.zsh'
[19.446s] Level 1:colcon.colcon_core.environment:create_file_with_runtime_dependencies(/home/lexij/roselab-perception/install/realsense_bag_recorder_cpp/share/colcon-core/packages/realsense_bag_recorder_cpp)
[19.447s] Level 1:colcon.colcon_core.environment:create_environment_scripts_only(realsense_bag_recorder_cpp)
[19.447s] Level 1:colcon.colcon_core.environment:checking '/home/lexij/roselab-perception/install/realsense_bag_recorder_cpp' for CMake module files
[19.448s] Level 1:colcon.colcon_core.environment:checking '/home/lexij/roselab-perception/install/realsense_bag_recorder_cpp' for CMake config files
[19.449s] Level 1:colcon.colcon_core.shell:create_environment_hook('realsense_bag_recorder_cpp', 'cmake_prefix_path')
[19.449s] INFO:colcon.colcon_core.shell:Creating environment hook '/home/lexij/roselab-perception/install/realsense_bag_recorder_cpp/share/realsense_bag_recorder_cpp/hook/cmake_prefix_path.ps1'
[19.449s] INFO:colcon.colcon_core.shell:Creating environment descriptor '/home/lexij/roselab-perception/install/realsense_bag_recorder_cpp/share/realsense_bag_recorder_cpp/hook/cmake_prefix_path.dsv'
[19.449s] INFO:colcon.colcon_core.shell:Creating environment hook '/home/lexij/roselab-perception/install/realsense_bag_recorder_cpp/share/realsense_bag_recorder_cpp/hook/cmake_prefix_path.sh'
[19.450s] Level 1:colcon.colcon_core.environment:checking '/home/lexij/roselab-perception/install/realsense_bag_recorder_cpp/lib'
[19.450s] Level 1:colcon.colcon_core.shell:create_environment_hook('realsense_bag_recorder_cpp', 'ld_library_path_lib')
[19.450s] INFO:colcon.colcon_core.shell:Creating environment hook '/home/lexij/roselab-perception/install/realsense_bag_recorder_cpp/share/realsense_bag_recorder_cpp/hook/ld_library_path_lib.ps1'
[19.451s] INFO:colcon.colcon_core.shell:Creating environment descriptor '/home/lexij/roselab-perception/install/realsense_bag_recorder_cpp/share/realsense_bag_recorder_cpp/hook/ld_library_path_lib.dsv'
[19.451s] INFO:colcon.colcon_core.shell:Creating environment hook '/home/lexij/roselab-perception/install/realsense_bag_recorder_cpp/share/realsense_bag_recorder_cpp/hook/ld_library_path_lib.sh'
[19.452s] Level 1:colcon.colcon_core.environment:checking '/home/lexij/roselab-perception/install/realsense_bag_recorder_cpp/bin'
[19.452s] Level 1:colcon.colcon_core.environment:checking '/home/lexij/roselab-perception/install/realsense_bag_recorder_cpp/lib/pkgconfig/realsense_bag_recorder_cpp.pc'
[19.452s] Level 1:colcon.colcon_core.environment:checking '/home/lexij/roselab-perception/install/realsense_bag_recorder_cpp/lib/python3.12/site-packages'
[19.452s] Level 1:colcon.colcon_core.shell:create_environment_hook('realsense_bag_recorder_cpp', 'pythonpath')
[19.452s] INFO:colcon.colcon_core.shell:Creating environment hook '/home/lexij/roselab-perception/install/realsense_bag_recorder_cpp/share/realsense_bag_recorder_cpp/hook/pythonpath.ps1'
[19.453s] INFO:colcon.colcon_core.shell:Creating environment descriptor '/home/lexij/roselab-perception/install/realsense_bag_recorder_cpp/share/realsense_bag_recorder_cpp/hook/pythonpath.dsv'
[19.453s] INFO:colcon.colcon_core.shell:Creating environment hook '/home/lexij/roselab-perception/install/realsense_bag_recorder_cpp/share/realsense_bag_recorder_cpp/hook/pythonpath.sh'
[19.453s] Level 1:colcon.colcon_core.environment:checking '/home/lexij/roselab-perception/install/realsense_bag_recorder_cpp/bin'
[19.454s] INFO:colcon.colcon_core.shell:Creating package script '/home/lexij/roselab-perception/install/realsense_bag_recorder_cpp/share/realsense_bag_recorder_cpp/package.ps1'
[19.454s] INFO:colcon.colcon_core.shell:Creating package descriptor '/home/lexij/roselab-perception/install/realsense_bag_recorder_cpp/share/realsense_bag_recorder_cpp/package.dsv'
[19.455s] INFO:colcon.colcon_core.shell:Creating package script '/home/lexij/roselab-perception/install/realsense_bag_recorder_cpp/share/realsense_bag_recorder_cpp/package.sh'
[19.456s] INFO:colcon.colcon_core.shell:Creating package script '/home/lexij/roselab-perception/install/realsense_bag_recorder_cpp/share/realsense_bag_recorder_cpp/package.bash'
[19.456s] INFO:colcon.colcon_core.shell:Creating package script '/home/lexij/roselab-perception/install/realsense_bag_recorder_cpp/share/realsense_bag_recorder_cpp/package.zsh'
[19.456s] Level 1:colcon.colcon_core.environment:create_file_with_runtime_dependencies(/home/lexij/roselab-perception/install/realsense_bag_recorder_cpp/share/colcon-core/packages/realsense_bag_recorder_cpp)
[19.457s] DEBUG:colcon.colcon_parallel_executor.executor.parallel:closing loop
[19.457s] DEBUG:colcon.colcon_parallel_executor.executor.parallel:loop closed
[19.457s] DEBUG:colcon.colcon_parallel_executor.executor.parallel:run_until_complete finished with '0'
[19.457s] DEBUG:colcon.colcon_core.event_reactor:joining thread
[19.585s] INFO:colcon.colcon_core.plugin_system:Skipping extension 'colcon_notification.desktop_notification.notify_send': Could not find 'notify-send'
[19.586s] INFO:colcon.colcon_core.plugin_system:Skipping extension 'colcon_notification.desktop_notification.terminal_notifier': Not used on non-Darwin systems
[19.586s] INFO:colcon.colcon_core.plugin_system:Skipping extension 'colcon_notification.desktop_notification.win32': Not used on non-Windows systems
[19.586s] INFO:colcon.colcon_notification.desktop_notification:Sending desktop notification using 'notify2'
[19.599s] DEBUG:colcon.colcon_notification.desktop_notification.notify2:Failed to initialize notify2: org.freedesktop.DBus.Error.ServiceUnknown: The name org.freedesktop.Notifications was not provided by any .service files
[19.599s] DEBUG:colcon.colcon_core.event_reactor:joined thread
[19.600s] INFO:colcon.colcon_core.shell:Creating prefix script '/home/lexij/roselab-perception/install/local_setup.ps1'
[19.602s] INFO:colcon.colcon_core.shell:Creating prefix util module '/home/lexij/roselab-perception/install/_local_setup_util_ps1.py'
[19.604s] INFO:colcon.colcon_core.shell:Creating prefix chain script '/home/lexij/roselab-perception/install/setup.ps1'
[19.605s] INFO:colcon.colcon_core.shell:Creating prefix script '/home/lexij/roselab-perception/install/local_setup.sh'
[19.606s] INFO:colcon.colcon_core.shell:Creating prefix util module '/home/lexij/roselab-perception/install/_local_setup_util_sh.py'
[19.606s] INFO:colcon.colcon_core.shell:Creating prefix chain script '/home/lexij/roselab-perception/install/setup.sh'
[19.608s] INFO:colcon.colcon_core.shell:Creating prefix script '/home/lexij/roselab-perception/install/local_setup.bash'
[19.608s] INFO:colcon.colcon_core.shell:Creating prefix chain script '/home/lexij/roselab-perception/install/setup.bash'
[19.610s] INFO:colcon.colcon_core.shell:Creating prefix script '/home/lexij/roselab-perception/install/local_setup.zsh'
[19.610s] INFO:colcon.colcon_core.shell:Creating prefix chain script '/home/lexij/roselab-perception/install/setup.zsh'
