running egg_info
creating ../../../build/scan_automation/scan_automation.egg-info
writing ../../../build/scan_automation/scan_automation.egg-info/PKG-INFO
writing dependency_links to ../../../build/scan_automation/scan_automation.egg-info/dependency_links.txt
writing entry points to ../../../build/scan_automation/scan_automation.egg-info/entry_points.txt
writing requirements to ../../../build/scan_automation/scan_automation.egg-info/requires.txt
writing top-level names to ../../../build/scan_automation/scan_automation.egg-info/top_level.txt
writing manifest file '../../../build/scan_automation/scan_automation.egg-info/SOURCES.txt'
reading manifest file '../../../build/scan_automation/scan_automation.egg-info/SOURCES.txt'
adding license file 'LICENSE'
writing manifest file '../../../build/scan_automation/scan_automation.egg-info/SOURCES.txt'
running build
running build_py
creating /home/lexij/roselab-perception/build/scan_automation/build
creating /home/lexij/roselab-perception/build/scan_automation/build/lib
creating /home/lexij/roselab-perception/build/scan_automation/build/lib/scan_automation
copying scan_automation/__init__.py -> /home/lexij/roselab-perception/build/scan_automation/build/lib/scan_automation
copying scan_automation/GantryCommand.py -> /home/lexij/roselab-perception/build/scan_automation/build/lib/scan_automation
running install
running install_lib
creating /home/lexij/roselab-perception/install/scan_automation/lib/python3.12/site-packages/scan_automation
copying /home/lexij/roselab-perception/build/scan_automation/build/lib/scan_automation/__init__.py -> /home/lexij/roselab-perception/install/scan_automation/lib/python3.12/site-packages/scan_automation
copying /home/lexij/roselab-perception/build/scan_automation/build/lib/scan_automation/GantryCommand.py -> /home/lexij/roselab-perception/install/scan_automation/lib/python3.12/site-packages/scan_automation
byte-compiling /home/lexij/roselab-perception/install/scan_automation/lib/python3.12/site-packages/scan_automation/__init__.py to __init__.cpython-312.pyc
byte-compiling /home/lexij/roselab-perception/install/scan_automation/lib/python3.12/site-packages/scan_automation/GantryCommand.py to GantryCommand.cpython-312.pyc
running install_data
creating /home/lexij/roselab-perception/install/scan_automation/share/ament_index
creating /home/lexij/roselab-perception/install/scan_automation/share/ament_index/resource_index
creating /home/lexij/roselab-perception/install/scan_automation/share/ament_index/resource_index/packages
copying resource/scan_automation -> /home/lexij/roselab-perception/install/scan_automation/share/ament_index/resource_index/packages
copying package.xml -> /home/lexij/roselab-perception/install/scan_automation/share/scan_automation
creating /home/lexij/roselab-perception/install/scan_automation/share/scan_automation/launch
copying launch/launch_trial.py -> /home/lexij/roselab-perception/install/scan_automation/share/scan_automation/launch
creating /home/lexij/roselab-perception/install/scan_automation/share/scan_automation/config
copying config/lidar_param.yaml -> /home/lexij/roselab-perception/install/scan_automation/share/scan_automation/config
running install_egg_info
Copying ../../../build/scan_automation/scan_automation.egg-info to /home/lexij/roselab-perception/install/scan_automation/lib/python3.12/site-packages/scan_automation-0.0.0-py3.12.egg-info
running install_scripts
Installing gantry_command script to /home/lexij/roselab-perception/install/scan_automation/lib/scan_automation
writing list of installed files to '/home/lexij/roselab-perception/build/scan_automation/install.log'
