[1.569s] Invoking command in '/home/lexij/roselab-perception/ros/src/scan_automation': AMENT_PREFIX_PATH=/home/lexij/roselab-perception/install/gantry_lidar_interfaces:${AMENT_PREFIX_PATH} CMAKE_PREFIX_PATH=/home/lexij/roselab-perception/install/gantry_lidar_interfaces:${CMAKE_PREFIX_PATH} LD_LIBRARY_PATH=/home/lexij/roselab-perception/install/gantry_lidar_interfaces/lib:${LD_LIBRARY_PATH} PYTHONPATH=/home/lexij/roselab-perception/build/scan_automation/prefix_override:/usr/lib/python3/dist-packages/colcon_core/task/python/colcon_distutils_commands:/home/lexij/roselab-perception/install/scan_automation/lib/python3.12/site-packages:/home/lexij/roselab-perception/install/gantry_lidar_interfaces/lib/python3.12/site-packages:${PYTHONPATH} /usr/bin/python3 -W ignore:setup.py install is deprecated -W ignore:easy_install command is deprecated setup.py egg_info --egg-base ../../../build/scan_automation build --build-base /home/lexij/roselab-perception/build/scan_automation/build install --record /home/lexij/roselab-perception/build/scan_automation/install.log --single-version-externally-managed install_data
[1.923s] running egg_info
[1.923s] creating ../../../build/scan_automation/scan_automation.egg-info
[1.947s] writing ../../../build/scan_automation/scan_automation.egg-info/PKG-INFO
[1.948s] writing dependency_links to ../../../build/scan_automation/scan_automation.egg-info/dependency_links.txt
[1.948s] writing entry points to ../../../build/scan_automation/scan_automation.egg-info/entry_points.txt
[1.948s] writing requirements to ../../../build/scan_automation/scan_automation.egg-info/requires.txt
[1.949s] writing top-level names to ../../../build/scan_automation/scan_automation.egg-info/top_level.txt
[1.949s] writing manifest file '../../../build/scan_automation/scan_automation.egg-info/SOURCES.txt'
[1.994s] reading manifest file '../../../build/scan_automation/scan_automation.egg-info/SOURCES.txt'
[1.995s] adding license file 'LICENSE'
[1.995s] writing manifest file '../../../build/scan_automation/scan_automation.egg-info/SOURCES.txt'
[1.996s] running build
[1.996s] running build_py
[1.996s] creating /home/lexij/roselab-perception/build/scan_automation/build
[1.997s] creating /home/lexij/roselab-perception/build/scan_automation/build/lib
[1.997s] creating /home/lexij/roselab-perception/build/scan_automation/build/lib/scan_automation
[1.997s] copying scan_automation/__init__.py -> /home/lexij/roselab-perception/build/scan_automation/build/lib/scan_automation
[1.997s] copying scan_automation/GantryCommand.py -> /home/lexij/roselab-perception/build/scan_automation/build/lib/scan_automation
[1.998s] running install
[2.005s] running install_lib
[2.033s] creating /home/lexij/roselab-perception/install/scan_automation/lib/python3.12/site-packages/scan_automation
[2.033s] copying /home/lexij/roselab-perception/build/scan_automation/build/lib/scan_automation/__init__.py -> /home/lexij/roselab-perception/install/scan_automation/lib/python3.12/site-packages/scan_automation
[2.033s] copying /home/lexij/roselab-perception/build/scan_automation/build/lib/scan_automation/GantryCommand.py -> /home/lexij/roselab-perception/install/scan_automation/lib/python3.12/site-packages/scan_automation
[2.034s] byte-compiling /home/lexij/roselab-perception/install/scan_automation/lib/python3.12/site-packages/scan_automation/__init__.py to __init__.cpython-312.pyc
[2.036s] byte-compiling /home/lexij/roselab-perception/install/scan_automation/lib/python3.12/site-packages/scan_automation/GantryCommand.py to GantryCommand.cpython-312.pyc
[2.038s] running install_data
[2.038s] creating /home/lexij/roselab-perception/install/scan_automation/share/ament_index
[2.038s] creating /home/lexij/roselab-perception/install/scan_automation/share/ament_index/resource_index
[2.038s] creating /home/lexij/roselab-perception/install/scan_automation/share/ament_index/resource_index/packages
[2.039s] copying resource/scan_automation -> /home/lexij/roselab-perception/install/scan_automation/share/ament_index/resource_index/packages
[2.039s] copying package.xml -> /home/lexij/roselab-perception/install/scan_automation/share/scan_automation
[2.040s] creating /home/lexij/roselab-perception/install/scan_automation/share/scan_automation/launch
[2.040s] copying launch/launch_trial.py -> /home/lexij/roselab-perception/install/scan_automation/share/scan_automation/launch
[2.040s] creating /home/lexij/roselab-perception/install/scan_automation/share/scan_automation/config
[2.041s] copying config/lidar_param.yaml -> /home/lexij/roselab-perception/install/scan_automation/share/scan_automation/config
[2.041s] running install_egg_info
[2.073s] Copying ../../../build/scan_automation/scan_automation.egg-info to /home/lexij/roselab-perception/install/scan_automation/lib/python3.12/site-packages/scan_automation-0.0.0-py3.12.egg-info
[2.074s] running install_scripts
[2.241s] Installing gantry_command script to /home/lexij/roselab-perception/install/scan_automation/lib/scan_automation
[2.242s] writing list of installed files to '/home/lexij/roselab-perception/build/scan_automation/install.log'
[2.286s] Invoked command in '/home/lexij/roselab-perception/ros/src/scan_automation' returned '0': AMENT_PREFIX_PATH=/home/lexij/roselab-perception/install/gantry_lidar_interfaces:${AMENT_PREFIX_PATH} CMAKE_PREFIX_PATH=/home/lexij/roselab-perception/install/gantry_lidar_interfaces:${CMAKE_PREFIX_PATH} LD_LIBRARY_PATH=/home/lexij/roselab-perception/install/gantry_lidar_interfaces/lib:${LD_LIBRARY_PATH} PYTHONPATH=/home/lexij/roselab-perception/build/scan_automation/prefix_override:/usr/lib/python3/dist-packages/colcon_core/task/python/colcon_distutils_commands:/home/lexij/roselab-perception/install/scan_automation/lib/python3.12/site-packages:/home/lexij/roselab-perception/install/gantry_lidar_interfaces/lib/python3.12/site-packages:${PYTHONPATH} /usr/bin/python3 -W ignore:setup.py install is deprecated -W ignore:easy_install command is deprecated setup.py egg_info --egg-base ../../../build/scan_automation build --build-base /home/lexij/roselab-perception/build/scan_automation/build install --record /home/lexij/roselab-perception/build/scan_automation/install.log --single-version-externally-managed install_data
