[1.926s] Invoking command in '/home/lexij/roselab-perception/ros/src/aggregated_pointcloud': PYTHONPATH=/home/lexij/roselab-perception/build/aggregated_pointcloud/prefix_override:/usr/lib/python3/dist-packages/colcon_core/task/python/colcon_distutils_commands:/home/lexij/roselab-perception/install/aggregated_pointcloud/lib/python3.12/site-packages:${PYTHONPATH} /usr/bin/python3 -W ignore:setup.py install is deprecated -W ignore:easy_install command is deprecated setup.py egg_info --egg-base ../../../build/aggregated_pointcloud build --build-base /home/lexij/roselab-perception/build/aggregated_pointcloud/build install --record /home/lexij/roselab-perception/build/aggregated_pointcloud/install.log --single-version-externally-managed install_data
[2.342s] running egg_info
[2.368s] writing ../../../build/aggregated_pointcloud/aggregated_pointcloud.egg-info/PKG-INFO
[2.369s] writing dependency_links to ../../../build/aggregated_pointcloud/aggregated_pointcloud.egg-info/dependency_links.txt
[2.369s] writing entry points to ../../../build/aggregated_pointcloud/aggregated_pointcloud.egg-info/entry_points.txt
[2.369s] writing requirements to ../../../build/aggregated_pointcloud/aggregated_pointcloud.egg-info/requires.txt
[2.370s] writing top-level names to ../../../build/aggregated_pointcloud/aggregated_pointcloud.egg-info/top_level.txt
[2.420s] reading manifest file '../../../build/aggregated_pointcloud/aggregated_pointcloud.egg-info/SOURCES.txt'
[2.422s] writing manifest file '../../../build/aggregated_pointcloud/aggregated_pointcloud.egg-info/SOURCES.txt'
[2.422s] running build
[2.422s] running build_py
[2.423s] running install
[2.432s] running install_lib
[2.459s] running install_data
[2.459s] running install_egg_info
[2.486s] removing '/home/lexij/roselab-perception/install/aggregated_pointcloud/lib/python3.12/site-packages/aggregated_pointcloud-0.0.0-py3.12.egg-info' (and everything under it)
[2.487s] Copying ../../../build/aggregated_pointcloud/aggregated_pointcloud.egg-info to /home/lexij/roselab-perception/install/aggregated_pointcloud/lib/python3.12/site-packages/aggregated_pointcloud-0.0.0-py3.12.egg-info
[2.489s] running install_scripts
[2.669s] Installing aggregated_pointcloud_node script to /home/lexij/roselab-perception/install/aggregated_pointcloud/lib/aggregated_pointcloud
[2.669s] writing list of installed files to '/home/lexij/roselab-perception/build/aggregated_pointcloud/install.log'
[2.725s] Invoked command in '/home/lexij/roselab-perception/ros/src/aggregated_pointcloud' returned '0': PYTHONPATH=/home/lexij/roselab-perception/build/aggregated_pointcloud/prefix_override:/usr/lib/python3/dist-packages/colcon_core/task/python/colcon_distutils_commands:/home/lexij/roselab-perception/install/aggregated_pointcloud/lib/python3.12/site-packages:${PYTHONPATH} /usr/bin/python3 -W ignore:setup.py install is deprecated -W ignore:easy_install command is deprecated setup.py egg_info --egg-base ../../../build/aggregated_pointcloud build --build-base /home/lexij/roselab-perception/build/aggregated_pointcloud/build install --record /home/lexij/roselab-perception/build/aggregated_pointcloud/install.log --single-version-externally-managed install_data
