running egg_info
creating ../../../build/mastcam_pointcloud/mastcam_pointcloud.egg-info
writing ../../../build/mastcam_pointcloud/mastcam_pointcloud.egg-info/PKG-INFO
writing dependency_links to ../../../build/mastcam_pointcloud/mastcam_pointcloud.egg-info/dependency_links.txt
writing entry points to ../../../build/mastcam_pointcloud/mastcam_pointcloud.egg-info/entry_points.txt
writing requirements to ../../../build/mastcam_pointcloud/mastcam_pointcloud.egg-info/requires.txt
writing top-level names to ../../../build/mastcam_pointcloud/mastcam_pointcloud.egg-info/top_level.txt
writing manifest file '../../../build/mastcam_pointcloud/mastcam_pointcloud.egg-info/SOURCES.txt'
reading manifest file '../../../build/mastcam_pointcloud/mastcam_pointcloud.egg-info/SOURCES.txt'
writing manifest file '../../../build/mastcam_pointcloud/mastcam_pointcloud.egg-info/SOURCES.txt'
running build
running build_py
creating /home/lexij/roselab-perception/build/mastcam_pointcloud/build
creating /home/lexij/roselab-perception/build/mastcam_pointcloud/build/lib
creating /home/lexij/roselab-perception/build/mastcam_pointcloud/build/lib/mastcam_pointcloud
copying mastcam_pointcloud/__init__.py -> /home/lexij/roselab-perception/build/mastcam_pointcloud/build/lib/mastcam_pointcloud
copying mastcam_pointcloud/mastcam_pointcloud_node.py -> /home/lexij/roselab-perception/build/mastcam_pointcloud/build/lib/mastcam_pointcloud
running install
running install_lib
creating /home/lexij/roselab-perception/install/mastcam_pointcloud/lib/python3.12/site-packages/mastcam_pointcloud
copying /home/lexij/roselab-perception/build/mastcam_pointcloud/build/lib/mastcam_pointcloud/__init__.py -> /home/lexij/roselab-perception/install/mastcam_pointcloud/lib/python3.12/site-packages/mastcam_pointcloud
copying /home/lexij/roselab-perception/build/mastcam_pointcloud/build/lib/mastcam_pointcloud/mastcam_pointcloud_node.py -> /home/lexij/roselab-perception/install/mastcam_pointcloud/lib/python3.12/site-packages/mastcam_pointcloud
byte-compiling /home/lexij/roselab-perception/install/mastcam_pointcloud/lib/python3.12/site-packages/mastcam_pointcloud/__init__.py to __init__.cpython-312.pyc
byte-compiling /home/lexij/roselab-perception/install/mastcam_pointcloud/lib/python3.12/site-packages/mastcam_pointcloud/mastcam_pointcloud_node.py to mastcam_pointcloud_node.cpython-312.pyc
running install_data
creating /home/lexij/roselab-perception/install/mastcam_pointcloud/share/ament_index
creating /home/lexij/roselab-perception/install/mastcam_pointcloud/share/ament_index/resource_index
creating /home/lexij/roselab-perception/install/mastcam_pointcloud/share/ament_index/resource_index/packages
copying resource/mastcam_pointcloud -> /home/lexij/roselab-perception/install/mastcam_pointcloud/share/ament_index/resource_index/packages
copying package.xml -> /home/lexij/roselab-perception/install/mastcam_pointcloud/share/mastcam_pointcloud
running install_egg_info
Copying ../../../build/mastcam_pointcloud/mastcam_pointcloud.egg-info to /home/lexij/roselab-perception/install/mastcam_pointcloud/lib/python3.12/site-packages/mastcam_pointcloud-0.0.0-py3.12.egg-info
running install_scripts
Installing mastcam_pointcloud_publisher script to /home/lexij/roselab-perception/install/mastcam_pointcloud/lib/mastcam_pointcloud
writing list of installed files to '/home/lexij/roselab-perception/build/mastcam_pointcloud/install.log'
