[2.089s] Invoking command in '/home/lexij/roselab-perception/ros/src/scan_automation': AMENT_PREFIX_PATH=/home/lexij/roselab-perception/install/gantry_lidar_interfaces:${AMENT_PREFIX_PATH} CMAKE_PREFIX_PATH=/home/lexij/roselab-perception/install/gantry_lidar_interfaces:${CMAKE_PREFIX_PATH} LD_LIBRARY_PATH=/home/lexij/roselab-perception/install/gantry_lidar_interfaces/lib:${LD_LIBRARY_PATH} PYTHONPATH=/home/lexij/roselab-perception/build/scan_automation/prefix_override:/usr/lib/python3/dist-packages/colcon_core/task/python/colcon_distutils_commands:/home/lexij/roselab-perception/install/scan_automation/lib/python3.12/site-packages:/home/lexij/roselab-perception/install/gantry_lidar_interfaces/lib/python3.12/site-packages:${PYTHONPATH} /usr/bin/python3 -W ignore:setup.py install is deprecated -W ignore:easy_install command is deprecated setup.py egg_info --egg-base ../../../build/scan_automation build --build-base /home/lexij/roselab-perception/build/scan_automation/build install --record /home/lexij/roselab-perception/build/scan_automation/install.log --single-version-externally-managed install_data
[2.451s] running egg_info
[2.473s] writing ../../../build/scan_automation/scan_automation.egg-info/PKG-INFO
[2.474s] writing dependency_links to ../../../build/scan_automation/scan_automation.egg-info/dependency_links.txt
[2.474s] writing entry points to ../../../build/scan_automation/scan_automation.egg-info/entry_points.txt
[2.474s] writing requirements to ../../../build/scan_automation/scan_automation.egg-info/requires.txt
[2.474s] writing top-level names to ../../../build/scan_automation/scan_automation.egg-info/top_level.txt
[2.522s] reading manifest file '../../../build/scan_automation/scan_automation.egg-info/SOURCES.txt'
[2.523s] adding license file 'LICENSE'
[2.524s] writing manifest file '../../../build/scan_automation/scan_automation.egg-info/SOURCES.txt'
[2.525s] running build
[2.525s] running build_py
[2.525s] copying scan_automation/GantryCommand.py -> /home/lexij/roselab-perception/build/scan_automation/build/lib/scan_automation
[2.526s] running install
[2.533s] running install_lib
[2.558s] copying /home/lexij/roselab-perception/build/scan_automation/build/lib/scan_automation/GantryCommand.py -> /home/lexij/roselab-perception/install/scan_automation/lib/python3.12/site-packages/scan_automation
[2.559s] byte-compiling /home/lexij/roselab-perception/install/scan_automation/lib/python3.12/site-packages/scan_automation/GantryCommand.py to GantryCommand.cpython-312.pyc
[2.563s] running install_data
[2.564s] copying launch/launch_trial.py -> /home/lexij/roselab-perception/install/scan_automation/share/scan_automation/launch
[2.564s] copying config/lidar_param.yaml -> /home/lexij/roselab-perception/install/scan_automation/share/scan_automation/config
[2.565s] running install_egg_info
[2.592s] removing '/home/lexij/roselab-perception/install/scan_automation/lib/python3.12/site-packages/scan_automation-0.0.0-py3.12.egg-info' (and everything under it)
[2.593s] Copying ../../../build/scan_automation/scan_automation.egg-info to /home/lexij/roselab-perception/install/scan_automation/lib/python3.12/site-packages/scan_automation-0.0.0-py3.12.egg-info
[2.596s] running install_scripts
[2.781s] Installing gantry_command script to /home/lexij/roselab-perception/install/scan_automation/lib/scan_automation
[2.781s] writing list of installed files to '/home/lexij/roselab-perception/build/scan_automation/install.log'
[2.823s] Invoked command in '/home/lexij/roselab-perception/ros/src/scan_automation' returned '0': AMENT_PREFIX_PATH=/home/lexij/roselab-perception/install/gantry_lidar_interfaces:${AMENT_PREFIX_PATH} CMAKE_PREFIX_PATH=/home/lexij/roselab-perception/install/gantry_lidar_interfaces:${CMAKE_PREFIX_PATH} LD_LIBRARY_PATH=/home/lexij/roselab-perception/install/gantry_lidar_interfaces/lib:${LD_LIBRARY_PATH} PYTHONPATH=/home/lexij/roselab-perception/build/scan_automation/prefix_override:/usr/lib/python3/dist-packages/colcon_core/task/python/colcon_distutils_commands:/home/lexij/roselab-perception/install/scan_automation/lib/python3.12/site-packages:/home/lexij/roselab-perception/install/gantry_lidar_interfaces/lib/python3.12/site-packages:${PYTHONPATH} /usr/bin/python3 -W ignore:setup.py install is deprecated -W ignore:easy_install command is deprecated setup.py egg_info --egg-base ../../../build/scan_automation build --build-base /home/lexij/roselab-perception/build/scan_automation/build install --record /home/lexij/roselab-perception/build/scan_automation/install.log --single-version-externally-managed install_data
