[0.966s] Invoking command in '/home/lexij/roselab-perception/ros/src/aggregated_pointcloud': PYTHONPATH=/home/lexij/roselab-perception/build/aggregated_pointcloud/prefix_override:/usr/lib/python3/dist-packages/colcon_core/task/python/colcon_distutils_commands:/home/lexij/roselab-perception/install/aggregated_pointcloud/lib/python3.12/site-packages:${PYTHONPATH} /usr/bin/python3 -W ignore:setup.py install is deprecated -W ignore:easy_install command is deprecated setup.py egg_info --egg-base ../../../build/aggregated_pointcloud build --build-base /home/lexij/roselab-perception/build/aggregated_pointcloud/build install --record /home/lexij/roselab-perception/build/aggregated_pointcloud/install.log --single-version-externally-managed install_data
[1.189s] running egg_info
[1.206s] writing ../../../build/aggregated_pointcloud/aggregated_pointcloud.egg-info/PKG-INFO
[1.206s] writing dependency_links to ../../../build/aggregated_pointcloud/aggregated_pointcloud.egg-info/dependency_links.txt
[1.206s] writing entry points to ../../../build/aggregated_pointcloud/aggregated_pointcloud.egg-info/entry_points.txt
[1.207s] writing requirements to ../../../build/aggregated_pointcloud/aggregated_pointcloud.egg-info/requires.txt
[1.207s] writing top-level names to ../../../build/aggregated_pointcloud/aggregated_pointcloud.egg-info/top_level.txt
[1.243s] reading manifest file '../../../build/aggregated_pointcloud/aggregated_pointcloud.egg-info/SOURCES.txt'
[1.245s] writing manifest file '../../../build/aggregated_pointcloud/aggregated_pointcloud.egg-info/SOURCES.txt'
[1.245s] running build
[1.245s] running build_py
[1.245s] running install
[1.249s] running install_lib
[1.265s] running install_data
[1.266s] running install_egg_info
[1.282s] removing '/home/lexij/roselab-perception/install/aggregated_pointcloud/lib/python3.12/site-packages/aggregated_pointcloud-0.0.0-py3.12.egg-info' (and everything under it)
[1.283s] Copying ../../../build/aggregated_pointcloud/aggregated_pointcloud.egg-info to /home/lexij/roselab-perception/install/aggregated_pointcloud/lib/python3.12/site-packages/aggregated_pointcloud-0.0.0-py3.12.egg-info
[1.286s] running install_scripts
[1.390s] Installing aggregated_pointcloud_node script to /home/lexij/roselab-perception/install/aggregated_pointcloud/lib/aggregated_pointcloud
[1.398s] writing list of installed files to '/home/lexij/roselab-perception/build/aggregated_pointcloud/install.log'
[1.424s] Invoked command in '/home/lexij/roselab-perception/ros/src/aggregated_pointcloud' returned '0': PYTHONPATH=/home/lexij/roselab-perception/build/aggregated_pointcloud/prefix_override:/usr/lib/python3/dist-packages/colcon_core/task/python/colcon_distutils_commands:/home/lexij/roselab-perception/install/aggregated_pointcloud/lib/python3.12/site-packages:${PYTHONPATH} /usr/bin/python3 -W ignore:setup.py install is deprecated -W ignore:easy_install command is deprecated setup.py egg_info --egg-base ../../../build/aggregated_pointcloud build --build-base /home/lexij/roselab-perception/build/aggregated_pointcloud/build install --record /home/lexij/roselab-perception/build/aggregated_pointcloud/install.log --single-version-externally-managed install_data
