-- The C compiler identification is GNU 13.3.0
-- The CXX compiler identification is GNU 13.3.0
-- Detecting C compiler ABI info
-- Detecting C compiler ABI info - done
-- Check for working C compiler: /usr/bin/cc - skipped
-- Detecting C compile features
-- Detecting C compile features - done
-- Detecting CXX compiler ABI info
-- Detecting CXX compiler ABI info - done
-- Check for working CXX compiler: /usr/bin/c++ - skipped
-- Detecting CXX compile features
-- Detecting CXX compile features - done
-- Found ament_cmake: 2.5.4 (/opt/ros/jazzy/share/ament_cmake/cmake)
-- Found Python3: /usr/bin/python3 (found version "3.12.3") found components: Interpreter 
-- Found rclcpp: 28.1.11 (/opt/ros/jazzy/share/rclcpp/cmake)
-- Found rosidl_generator_c: 4.6.6 (/opt/ros/jazzy/share/rosidl_generator_c/cmake)
-- Found rosidl_generator_cpp: 4.6.6 (/opt/ros/jazzy/share/rosidl_generator_cpp/cmake)
-- Using all available rosidl_typesupport_c: rosidl_typesupport_fastrtps_c;rosidl_typesupport_introspection_c
-- Using all available rosidl_typesupport_cpp: rosidl_typesupport_fastrtps_cpp;rosidl_typesupport_introspection_cpp
-- Found rmw_implementation_cmake: 7.3.2 (/opt/ros/jazzy/share/rmw_implementation_cmake/cmake)
-- Found rmw_fastrtps_cpp: 8.4.3 (/opt/ros/jazzy/share/rmw_fastrtps_cpp/cmake)
-- Found OpenSSL: /usr/lib/x86_64-linux-gnu/libcrypto.so (found version "3.0.13")  
-- Found FastRTPS: /opt/ros/jazzy/include (Required is at least version "2.13") 
-- Using RMW implementation 'rmw_fastrtps_cpp' as default
-- Found std_srvs: 5.3.6 (/opt/ros/jazzy/share/std_srvs/cmake)
-- Found rosidl_default_generators: 1.6.0 (/opt/ros/jazzy/share/rosidl_default_generators/cmake)
-- Found rosidl_adapter: 4.6.6 (/opt/ros/jazzy/share/rosidl_adapter/cmake)
-- Found ament_cmake_ros: 0.12.0 (/opt/ros/jazzy/share/ament_cmake_ros/cmake)
-- Using all available rosidl_typesupport_c: rosidl_typesupport_fastrtps_c;rosidl_typesupport_introspection_c
-- Using all available rosidl_typesupport_cpp: rosidl_typesupport_fastrtps_cpp;rosidl_typesupport_introspection_cpp
-- Found python_cmake_module: 0.11.1 (/opt/ros/jazzy/share/python_cmake_module/cmake)
-- Found PythonExtra: /usr/bin/python3  
-- Found Python3: /usr/bin/python3 (found version "3.12.3") found components: Interpreter Development NumPy Development.Module Development.Embed 
-- Configuring done (8.3s)
-- Generating done (0.1s)
-- Build files have been written to: /home/lexij/roselab-perception/build/realsense_bag_recorder_cpp
[  2%] [34m[1mGenerating type hashes for ROS interfaces[0m
[  2%] Built target ament_cmake_python_copy_realsense_bag_recorder_cpp
[  2%] Built target realsense_bag_recorder_cpp__rosidl_generator_type_description
[  5%] [34m[1mGenerating C code for ROS interfaces[0m
[  8%] [34m[1mGenerating C++ code for ROS interfaces[0m
running egg_info
creating realsense_bag_recorder_cpp.egg-info
writing realsense_bag_recorder_cpp.egg-info/PKG-INFO
writing dependency_links to realsense_bag_recorder_cpp.egg-info/dependency_links.txt
writing top-level names to realsense_bag_recorder_cpp.egg-info/top_level.txt
writing manifest file 'realsense_bag_recorder_cpp.egg-info/SOURCES.txt'
reading manifest file 'realsense_bag_recorder_cpp.egg-info/SOURCES.txt'
writing manifest file 'realsense_bag_recorder_cpp.egg-info/SOURCES.txt'
[  8%] Built target ament_cmake_python_build_realsense_bag_recorder_cpp_egg
[  8%] Built target realsense_bag_recorder_cpp__cpp
[ 13%] [32mBuilding C object CMakeFiles/realsense_bag_recorder_cpp__rosidl_generator_c.dir/rosidl_generator_c/realsense_bag_recorder_cpp/srv/detail/record_bag__functions.c.o[0m
[ 13%] [32mBuilding C object CMakeFiles/realsense_bag_recorder_cpp__rosidl_generator_c.dir/rosidl_generator_c/realsense_bag_recorder_cpp/srv/detail/record_bag__description.c.o[0m
[ 16%] [32mBuilding C object CMakeFiles/realsense_bag_recorder_cpp__rosidl_generator_c.dir/rosidl_generator_c/realsense_bag_recorder_cpp/srv/detail/record_bag__type_support.c.o[0m
[ 19%] [32m[1mLinking C shared library librealsense_bag_recorder_cpp__rosidl_generator_c.so[0m
[ 19%] Built target realsense_bag_recorder_cpp__rosidl_generator_c
[ 22%] [34m[1mGenerating C++ type support dispatch for ROS interfaces[0m
[ 25%] [34m[1mGenerating C type support dispatch for ROS interfaces[0m
[ 27%] [34m[1mGenerating C introspection for ROS interfaces[0m
[ 30%] [34m[1mGenerating C type support for eProsima Fast-RTPS[0m
[ 36%] [34m[1mGenerating C++ type support for eProsima Fast-RTPS[0m
[ 36%] [34m[1mGenerating C++ introspection for ROS interfaces[0m
[ 38%] [32mBuilding CXX object CMakeFiles/realsense_bag_recorder_cpp__rosidl_typesupport_c.dir/rosidl_typesupport_c/realsense_bag_recorder_cpp/srv/record_bag__type_support.cpp.o[0m
[ 41%] [32mBuilding CXX object CMakeFiles/realsense_bag_recorder_cpp__rosidl_typesupport_cpp.dir/rosidl_typesupport_cpp/realsense_bag_recorder_cpp/srv/record_bag__type_support.cpp.o[0m
[ 44%] [32mBuilding C object CMakeFiles/realsense_bag_recorder_cpp__rosidl_typesupport_introspection_c.dir/rosidl_typesupport_introspection_c/realsense_bag_recorder_cpp/srv/detail/record_bag__type_support.c.o[0m
[ 47%] [32m[1mLinking CXX shared library librealsense_bag_recorder_cpp__rosidl_typesupport_c.so[0m
[ 50%] [32mBuilding CXX object CMakeFiles/realsense_bag_recorder_cpp__rosidl_typesupport_fastrtps_c.dir/rosidl_typesupport_fastrtps_c/realsense_bag_recorder_cpp/srv/detail/record_bag__type_support_c.cpp.o[0m
[ 52%] [32mBuilding CXX object CMakeFiles/realsense_bag_recorder_cpp__rosidl_typesupport_introspection_cpp.dir/rosidl_typesupport_introspection_cpp/realsense_bag_recorder_cpp/srv/detail/record_bag__type_support.cpp.o[0m
[ 55%] [32m[1mLinking C shared library librealsense_bag_recorder_cpp__rosidl_typesupport_introspection_c.so[0m
[ 58%] [32mBuilding CXX object CMakeFiles/realsense_bag_recorder_cpp__rosidl_typesupport_fastrtps_cpp.dir/rosidl_typesupport_fastrtps_cpp/realsense_bag_recorder_cpp/srv/detail/dds_fastrtps/record_bag__type_support.cpp.o[0m
[ 58%] Built target realsense_bag_recorder_cpp__rosidl_typesupport_c
[ 58%] Built target realsense_bag_recorder_cpp__rosidl_typesupport_introspection_c
[ 61%] [32m[1mLinking CXX shared library librealsense_bag_recorder_cpp__rosidl_typesupport_cpp.so[0m
[ 63%] [32m[1mLinking CXX shared library librealsense_bag_recorder_cpp__rosidl_typesupport_fastrtps_c.so[0m
[ 66%] [32m[1mLinking CXX shared library librealsense_bag_recorder_cpp__rosidl_typesupport_introspection_cpp.so[0m
[ 66%] Built target realsense_bag_recorder_cpp__rosidl_typesupport_cpp
[ 69%] [32mBuilding CXX object CMakeFiles/bag_recorder_service.dir/src/bag_recorder_service.cpp.o[0m
[ 69%] Built target realsense_bag_recorder_cpp__rosidl_typesupport_fastrtps_c
[ 69%] Built target realsense_bag_recorder_cpp__rosidl_typesupport_introspection_cpp
[ 72%] [32m[1mLinking CXX shared library librealsense_bag_recorder_cpp__rosidl_typesupport_fastrtps_cpp.so[0m
[ 72%] Built target realsense_bag_recorder_cpp__rosidl_typesupport_fastrtps_cpp
[ 72%] Built target realsense_bag_recorder_cpp
[ 75%] [34m[1mGenerating Python code for ROS interfaces[0m
[ 75%] Built target realsense_bag_recorder_cpp__py
[ 77%] [32mBuilding C object CMakeFiles/realsense_bag_recorder_cpp__rosidl_generator_py.dir/rosidl_generator_py/realsense_bag_recorder_cpp/srv/_record_bag_s.c.o[0m
[ 80%] [32m[1mLinking C shared library librealsense_bag_recorder_cpp__rosidl_generator_py.so[0m
[ 80%] Built target realsense_bag_recorder_cpp__rosidl_generator_py
[ 83%] [32mBuilding C object CMakeFiles/realsense_bag_recorder_cpp_s__rosidl_typesupport_introspection_c.dir/rosidl_generator_py/realsense_bag_recorder_cpp/_realsense_bag_recorder_cpp_s.ep.rosidl_typesupport_introspection_c.c.o[0m
[ 86%] [32mBuilding C object CMakeFiles/realsense_bag_recorder_cpp_s__rosidl_typesupport_c.dir/rosidl_generator_py/realsense_bag_recorder_cpp/_realsense_bag_recorder_cpp_s.ep.rosidl_typesupport_c.c.o[0m
[ 88%] [32mBuilding C object CMakeFiles/realsense_bag_recorder_cpp_s__rosidl_typesupport_fastrtps_c.dir/rosidl_generator_py/realsense_bag_recorder_cpp/_realsense_bag_recorder_cpp_s.ep.rosidl_typesupport_fastrtps_c.c.o[0m
[ 91%] [32m[1mLinking C shared module rosidl_generator_py/realsense_bag_recorder_cpp/realsense_bag_recorder_cpp_s__rosidl_typesupport_c.so[0m
[ 94%] [32m[1mLinking C shared module rosidl_generator_py/realsense_bag_recorder_cpp/realsense_bag_recorder_cpp_s__rosidl_typesupport_fastrtps_c.so[0m
[ 97%] [32m[1mLinking C shared module rosidl_generator_py/realsense_bag_recorder_cpp/realsense_bag_recorder_cpp_s__rosidl_typesupport_introspection_c.so[0m
[ 97%] Built target realsense_bag_recorder_cpp_s__rosidl_typesupport_c
[ 97%] Built target realsense_bag_recorder_cpp_s__rosidl_typesupport_fastrtps_c
[ 97%] Built target realsense_bag_recorder_cpp_s__rosidl_typesupport_introspection_c
[100%] [32m[1mLinking CXX executable bag_recorder_service[0m
[100%] Built target bag_recorder_service
-- Install configuration: ""
-- Installing: /home/lexij/roselab-perception/install/realsense_bag_recorder_cpp/share/ament_index/resource_index/rosidl_interfaces/realsense_bag_recorder_cpp
-- Installing: /home/lexij/roselab-perception/install/realsense_bag_recorder_cpp/share/realsense_bag_recorder_cpp/srv/RecordBag.json
-- Installing: /home/lexij/roselab-perception/install/realsense_bag_recorder_cpp/include/realsense_bag_recorder_cpp/realsense_bag_recorder_cpp
-- Installing: /home/lexij/roselab-perception/install/realsense_bag_recorder_cpp/include/realsense_bag_recorder_cpp/realsense_bag_recorder_cpp/msg
-- Installing: /home/lexij/roselab-perception/install/realsense_bag_recorder_cpp/include/realsense_bag_recorder_cpp/realsense_bag_recorder_cpp/msg/rosidl_generator_c__visibility_control.h
-- Installing: /home/lexij/roselab-perception/install/realsense_bag_recorder_cpp/include/realsense_bag_recorder_cpp/realsense_bag_recorder_cpp/srv
-- Installing: /home/lexij/roselab-perception/install/realsense_bag_recorder_cpp/include/realsense_bag_recorder_cpp/realsense_bag_recorder_cpp/srv/record_bag.h
-- Installing: /home/lexij/roselab-perception/install/realsense_bag_recorder_cpp/include/realsense_bag_recorder_cpp/realsense_bag_recorder_cpp/srv/detail
-- Installing: /home/lexij/roselab-perception/install/realsense_bag_recorder_cpp/include/realsense_bag_recorder_cpp/realsense_bag_recorder_cpp/srv/detail/record_bag__functions.h
-- Installing: /home/lexij/roselab-perception/install/realsense_bag_recorder_cpp/include/realsense_bag_recorder_cpp/realsense_bag_recorder_cpp/srv/detail/record_bag__type_support.c
-- Installing: /home/lexij/roselab-perception/install/realsense_bag_recorder_cpp/include/realsense_bag_recorder_cpp/realsense_bag_recorder_cpp/srv/detail/record_bag__struct.h
-- Installing: /home/lexij/roselab-perception/install/realsense_bag_recorder_cpp/include/realsense_bag_recorder_cpp/realsense_bag_recorder_cpp/srv/detail/record_bag__functions.c
-- Installing: /home/lexij/roselab-perception/install/realsense_bag_recorder_cpp/include/realsense_bag_recorder_cpp/realsense_bag_recorder_cpp/srv/detail/record_bag__type_support.h
-- Installing: /home/lexij/roselab-perception/install/realsense_bag_recorder_cpp/include/realsense_bag_recorder_cpp/realsense_bag_recorder_cpp/srv/detail/record_bag__description.c
-- Installing: /home/lexij/roselab-perception/install/realsense_bag_recorder_cpp/share/realsense_bag_recorder_cpp/environment/library_path.sh
-- Installing: /home/lexij/roselab-perception/install/realsense_bag_recorder_cpp/share/realsense_bag_recorder_cpp/environment/library_path.dsv
-- Installing: /home/lexij/roselab-perception/install/realsense_bag_recorder_cpp/lib/librealsense_bag_recorder_cpp__rosidl_generator_c.so
-- Set non-toolchain portion of runtime path of "/home/lexij/roselab-perception/install/realsense_bag_recorder_cpp/lib/librealsense_bag_recorder_cpp__rosidl_generator_c.so" to ""
-- Up-to-date: /home/lexij/roselab-perception/install/realsense_bag_recorder_cpp/include/realsense_bag_recorder_cpp/realsense_bag_recorder_cpp
-- Up-to-date: /home/lexij/roselab-perception/install/realsense_bag_recorder_cpp/include/realsense_bag_recorder_cpp/realsense_bag_recorder_cpp/msg
-- Installing: /home/lexij/roselab-perception/install/realsense_bag_recorder_cpp/include/realsense_bag_recorder_cpp/realsense_bag_recorder_cpp/msg/rosidl_typesupport_fastrtps_c__visibility_control.h
-- Up-to-date: /home/lexij/roselab-perception/install/realsense_bag_recorder_cpp/include/realsense_bag_recorder_cpp/realsense_bag_recorder_cpp/srv
-- Up-to-date: /home/lexij/roselab-perception/install/realsense_bag_recorder_cpp/include/realsense_bag_recorder_cpp/realsense_bag_recorder_cpp/srv/detail
-- Installing: /home/lexij/roselab-perception/install/realsense_bag_recorder_cpp/include/realsense_bag_recorder_cpp/realsense_bag_recorder_cpp/srv/detail/record_bag__rosidl_typesupport_fastrtps_c.h
-- Installing: /home/lexij/roselab-perception/install/realsense_bag_recorder_cpp/lib/librealsense_bag_recorder_cpp__rosidl_typesupport_fastrtps_c.so
-- Set non-toolchain portion of runtime path of "/home/lexij/roselab-perception/install/realsense_bag_recorder_cpp/lib/librealsense_bag_recorder_cpp__rosidl_typesupport_fastrtps_c.so" to ""
-- Up-to-date: /home/lexij/roselab-perception/install/realsense_bag_recorder_cpp/include/realsense_bag_recorder_cpp/realsense_bag_recorder_cpp
-- Up-to-date: /home/lexij/roselab-perception/install/realsense_bag_recorder_cpp/include/realsense_bag_recorder_cpp/realsense_bag_recorder_cpp/msg
-- Installing: /home/lexij/roselab-perception/install/realsense_bag_recorder_cpp/include/realsense_bag_recorder_cpp/realsense_bag_recorder_cpp/msg/rosidl_generator_cpp__visibility_control.hpp
-- Up-to-date: /home/lexij/roselab-perception/install/realsense_bag_recorder_cpp/include/realsense_bag_recorder_cpp/realsense_bag_recorder_cpp/srv
-- Installing: /home/lexij/roselab-perception/install/realsense_bag_recorder_cpp/include/realsense_bag_recorder_cpp/realsense_bag_recorder_cpp/srv/record_bag.hpp
-- Up-to-date: /home/lexij/roselab-perception/install/realsense_bag_recorder_cpp/include/realsense_bag_recorder_cpp/realsense_bag_recorder_cpp/srv/detail
-- Installing: /home/lexij/roselab-perception/install/realsense_bag_recorder_cpp/include/realsense_bag_recorder_cpp/realsense_bag_recorder_cpp/srv/detail/record_bag__traits.hpp
-- Installing: /home/lexij/roselab-perception/install/realsense_bag_recorder_cpp/include/realsense_bag_recorder_cpp/realsense_bag_recorder_cpp/srv/detail/record_bag__type_support.hpp
-- Installing: /home/lexij/roselab-perception/install/realsense_bag_recorder_cpp/include/realsense_bag_recorder_cpp/realsense_bag_recorder_cpp/srv/detail/record_bag__struct.hpp
-- Installing: /home/lexij/roselab-perception/install/realsense_bag_recorder_cpp/include/realsense_bag_recorder_cpp/realsense_bag_recorder_cpp/srv/detail/record_bag__builder.hpp
-- Up-to-date: /home/lexij/roselab-perception/install/realsense_bag_recorder_cpp/include/realsense_bag_recorder_cpp/realsense_bag_recorder_cpp
-- Up-to-date: /home/lexij/roselab-perception/install/realsense_bag_recorder_cpp/include/realsense_bag_recorder_cpp/realsense_bag_recorder_cpp/msg
-- Installing: /home/lexij/roselab-perception/install/realsense_bag_recorder_cpp/include/realsense_bag_recorder_cpp/realsense_bag_recorder_cpp/msg/rosidl_typesupport_fastrtps_cpp__visibility_control.h
-- Up-to-date: /home/lexij/roselab-perception/install/realsense_bag_recorder_cpp/include/realsense_bag_recorder_cpp/realsense_bag_recorder_cpp/srv
-- Up-to-date: /home/lexij/roselab-perception/install/realsense_bag_recorder_cpp/include/realsense_bag_recorder_cpp/realsense_bag_recorder_cpp/srv/detail
-- Installing: /home/lexij/roselab-perception/install/realsense_bag_recorder_cpp/include/realsense_bag_recorder_cpp/realsense_bag_recorder_cpp/srv/detail/dds_fastrtps
-- Installing: /home/lexij/roselab-perception/install/realsense_bag_recorder_cpp/include/realsense_bag_recorder_cpp/realsense_bag_recorder_cpp/srv/detail/record_bag__rosidl_typesupport_fastrtps_cpp.hpp
-- Installing: /home/lexij/roselab-perception/install/realsense_bag_recorder_cpp/lib/librealsense_bag_recorder_cpp__rosidl_typesupport_fastrtps_cpp.so
-- Set non-toolchain portion of runtime path of "/home/lexij/roselab-perception/install/realsense_bag_recorder_cpp/lib/librealsense_bag_recorder_cpp__rosidl_typesupport_fastrtps_cpp.so" to ""
-- Up-to-date: /home/lexij/roselab-perception/install/realsense_bag_recorder_cpp/include/realsense_bag_recorder_cpp/realsense_bag_recorder_cpp
-- Up-to-date: /home/lexij/roselab-perception/install/realsense_bag_recorder_cpp/include/realsense_bag_recorder_cpp/realsense_bag_recorder_cpp/msg
-- Installing: /home/lexij/roselab-perception/install/realsense_bag_recorder_cpp/include/realsense_bag_recorder_cpp/realsense_bag_recorder_cpp/msg/rosidl_typesupport_introspection_c__visibility_control.h
-- Up-to-date: /home/lexij/roselab-perception/install/realsense_bag_recorder_cpp/include/realsense_bag_recorder_cpp/realsense_bag_recorder_cpp/srv
-- Up-to-date: /home/lexij/roselab-perception/install/realsense_bag_recorder_cpp/include/realsense_bag_recorder_cpp/realsense_bag_recorder_cpp/srv/detail
-- Installing: /home/lexij/roselab-perception/install/realsense_bag_recorder_cpp/include/realsense_bag_recorder_cpp/realsense_bag_recorder_cpp/srv/detail/record_bag__type_support.c
-- Installing: /home/lexij/roselab-perception/install/realsense_bag_recorder_cpp/include/realsense_bag_recorder_cpp/realsense_bag_recorder_cpp/srv/detail/record_bag__rosidl_typesupport_introspection_c.h
-- Installing: /home/lexij/roselab-perception/install/realsense_bag_recorder_cpp/lib/librealsense_bag_recorder_cpp__rosidl_typesupport_introspection_c.so
-- Set non-toolchain portion of runtime path of "/home/lexij/roselab-perception/install/realsense_bag_recorder_cpp/lib/librealsense_bag_recorder_cpp__rosidl_typesupport_introspection_c.so" to ""
-- Installing: /home/lexij/roselab-perception/install/realsense_bag_recorder_cpp/lib/librealsense_bag_recorder_cpp__rosidl_typesupport_c.so
-- Set non-toolchain portion of runtime path of "/home/lexij/roselab-perception/install/realsense_bag_recorder_cpp/lib/librealsense_bag_recorder_cpp__rosidl_typesupport_c.so" to ""
-- Up-to-date: /home/lexij/roselab-perception/install/realsense_bag_recorder_cpp/include/realsense_bag_recorder_cpp/realsense_bag_recorder_cpp
-- Up-to-date: /home/lexij/roselab-perception/install/realsense_bag_recorder_cpp/include/realsense_bag_recorder_cpp/realsense_bag_recorder_cpp/srv
-- Up-to-date: /home/lexij/roselab-perception/install/realsense_bag_recorder_cpp/include/realsense_bag_recorder_cpp/realsense_bag_recorder_cpp/srv/detail
-- Installing: /home/lexij/roselab-perception/install/realsense_bag_recorder_cpp/include/realsense_bag_recorder_cpp/realsense_bag_recorder_cpp/srv/detail/record_bag__rosidl_typesupport_introspection_cpp.hpp
-- Installing: /home/lexij/roselab-perception/install/realsense_bag_recorder_cpp/include/realsense_bag_recorder_cpp/realsense_bag_recorder_cpp/srv/detail/record_bag__type_support.cpp
-- Installing: /home/lexij/roselab-perception/install/realsense_bag_recorder_cpp/lib/librealsense_bag_recorder_cpp__rosidl_typesupport_introspection_cpp.so
-- Set non-toolchain portion of runtime path of "/home/lexij/roselab-perception/install/realsense_bag_recorder_cpp/lib/librealsense_bag_recorder_cpp__rosidl_typesupport_introspection_cpp.so" to ""
-- Installing: /home/lexij/roselab-perception/install/realsense_bag_recorder_cpp/lib/librealsense_bag_recorder_cpp__rosidl_typesupport_cpp.so
-- Set non-toolchain portion of runtime path of "/home/lexij/roselab-perception/install/realsense_bag_recorder_cpp/lib/librealsense_bag_recorder_cpp__rosidl_typesupport_cpp.so" to ""
-- Installing: /home/lexij/roselab-perception/install/realsense_bag_recorder_cpp/share/realsense_bag_recorder_cpp/environment/pythonpath.sh
-- Installing: /home/lexij/roselab-perception/install/realsense_bag_recorder_cpp/share/realsense_bag_recorder_cpp/environment/pythonpath.dsv
-- Installing: /home/lexij/roselab-perception/install/realsense_bag_recorder_cpp/lib/python3.12/site-packages/realsense_bag_recorder_cpp-0.0.0-py3.12.egg-info
-- Installing: /home/lexij/roselab-perception/install/realsense_bag_recorder_cpp/lib/python3.12/site-packages/realsense_bag_recorder_cpp-0.0.0-py3.12.egg-info/top_level.txt
-- Installing: /home/lexij/roselab-perception/install/realsense_bag_recorder_cpp/lib/python3.12/site-packages/realsense_bag_recorder_cpp-0.0.0-py3.12.egg-info/PKG-INFO
-- Installing: /home/lexij/roselab-perception/install/realsense_bag_recorder_cpp/lib/python3.12/site-packages/realsense_bag_recorder_cpp-0.0.0-py3.12.egg-info/dependency_links.txt
-- Installing: /home/lexij/roselab-perception/install/realsense_bag_recorder_cpp/lib/python3.12/site-packages/realsense_bag_recorder_cpp-0.0.0-py3.12.egg-info/SOURCES.txt
-- Installing: /home/lexij/roselab-perception/install/realsense_bag_recorder_cpp/lib/python3.12/site-packages/realsense_bag_recorder_cpp
-- Installing: /home/lexij/roselab-perception/install/realsense_bag_recorder_cpp/lib/python3.12/site-packages/realsense_bag_recorder_cpp/_realsense_bag_recorder_cpp_s.ep.rosidl_typesupport_fastrtps_c.c
-- Installing: /home/lexij/roselab-perception/install/realsense_bag_recorder_cpp/lib/python3.12/site-packages/realsense_bag_recorder_cpp/__init__.py
-- Installing: /home/lexij/roselab-perception/install/realsense_bag_recorder_cpp/lib/python3.12/site-packages/realsense_bag_recorder_cpp/realsense_bag_recorder_cpp_s__rosidl_typesupport_c.so
-- Installing: /home/lexij/roselab-perception/install/realsense_bag_recorder_cpp/lib/python3.12/site-packages/realsense_bag_recorder_cpp/_realsense_bag_recorder_cpp_s.ep.rosidl_typesupport_c.c
-- Installing: /home/lexij/roselab-perception/install/realsense_bag_recorder_cpp/lib/python3.12/site-packages/realsense_bag_recorder_cpp/_realsense_bag_recorder_cpp_s.ep.rosidl_typesupport_introspection_c.c
-- Installing: /home/lexij/roselab-perception/install/realsense_bag_recorder_cpp/lib/python3.12/site-packages/realsense_bag_recorder_cpp/realsense_bag_recorder_cpp_s__rosidl_typesupport_fastrtps_c.so
-- Installing: /home/lexij/roselab-perception/install/realsense_bag_recorder_cpp/lib/python3.12/site-packages/realsense_bag_recorder_cpp/srv
-- Installing: /home/lexij/roselab-perception/install/realsense_bag_recorder_cpp/lib/python3.12/site-packages/realsense_bag_recorder_cpp/srv/_record_bag.py
-- Installing: /home/lexij/roselab-perception/install/realsense_bag_recorder_cpp/lib/python3.12/site-packages/realsense_bag_recorder_cpp/srv/_record_bag_s.c
-- Installing: /home/lexij/roselab-perception/install/realsense_bag_recorder_cpp/lib/python3.12/site-packages/realsense_bag_recorder_cpp/srv/__init__.py
-- Installing: /home/lexij/roselab-perception/install/realsense_bag_recorder_cpp/lib/python3.12/site-packages/realsense_bag_recorder_cpp/realsense_bag_recorder_cpp_s__rosidl_typesupport_introspection_c.so
Listing '/home/lexij/roselab-perception/install/realsense_bag_recorder_cpp/lib/python3.12/site-packages/realsense_bag_recorder_cpp'...
Compiling '/home/lexij/roselab-perception/install/realsense_bag_recorder_cpp/lib/python3.12/site-packages/realsense_bag_recorder_cpp/__init__.py'...
Listing '/home/lexij/roselab-perception/install/realsense_bag_recorder_cpp/lib/python3.12/site-packages/realsense_bag_recorder_cpp/srv'...
Compiling '/home/lexij/roselab-perception/install/realsense_bag_recorder_cpp/lib/python3.12/site-packages/realsense_bag_recorder_cpp/srv/__init__.py'...
Compiling '/home/lexij/roselab-perception/install/realsense_bag_recorder_cpp/lib/python3.12/site-packages/realsense_bag_recorder_cpp/srv/_record_bag.py'...
-- Installing: /home/lexij/roselab-perception/install/realsense_bag_recorder_cpp/lib/python3.12/site-packages/realsense_bag_recorder_cpp/realsense_bag_recorder_cpp_s__rosidl_typesupport_fastrtps_c.so
-- Set non-toolchain portion of runtime path of "/home/lexij/roselab-perception/install/realsense_bag_recorder_cpp/lib/python3.12/site-packages/realsense_bag_recorder_cpp/realsense_bag_recorder_cpp_s__rosidl_typesupport_fastrtps_c.so" to ""
-- Installing: /home/lexij/roselab-perception/install/realsense_bag_recorder_cpp/lib/python3.12/site-packages/realsense_bag_recorder_cpp/realsense_bag_recorder_cpp_s__rosidl_typesupport_introspection_c.so
-- Set non-toolchain portion of runtime path of "/home/lexij/roselab-perception/install/realsense_bag_recorder_cpp/lib/python3.12/site-packages/realsense_bag_recorder_cpp/realsense_bag_recorder_cpp_s__rosidl_typesupport_introspection_c.so" to ""
-- Installing: /home/lexij/roselab-perception/install/realsense_bag_recorder_cpp/lib/python3.12/site-packages/realsense_bag_recorder_cpp/realsense_bag_recorder_cpp_s__rosidl_typesupport_c.so
-- Set non-toolchain portion of runtime path of "/home/lexij/roselab-perception/install/realsense_bag_recorder_cpp/lib/python3.12/site-packages/realsense_bag_recorder_cpp/realsense_bag_recorder_cpp_s__rosidl_typesupport_c.so" to ""
-- Installing: /home/lexij/roselab-perception/install/realsense_bag_recorder_cpp/lib/librealsense_bag_recorder_cpp__rosidl_generator_py.so
-- Set non-toolchain portion of runtime path of "/home/lexij/roselab-perception/install/realsense_bag_recorder_cpp/lib/librealsense_bag_recorder_cpp__rosidl_generator_py.so" to ""
-- Installing: /home/lexij/roselab-perception/install/realsense_bag_recorder_cpp/share/realsense_bag_recorder_cpp/srv/RecordBag.idl
-- Installing: /home/lexij/roselab-perception/install/realsense_bag_recorder_cpp/share/realsense_bag_recorder_cpp/srv/RecordBag.srv
-- Installing: /home/lexij/roselab-perception/install/realsense_bag_recorder_cpp/lib/realsense_bag_recorder_cpp/bag_recorder_service
-- Set non-toolchain portion of runtime path of "/home/lexij/roselab-perception/install/realsense_bag_recorder_cpp/lib/realsense_bag_recorder_cpp/bag_recorder_service" to ""
-- Up-to-date: /home/lexij/roselab-perception/install/realsense_bag_recorder_cpp/share/realsense_bag_recorder_cpp/srv
-- Up-to-date: /home/lexij/roselab-perception/install/realsense_bag_recorder_cpp/share/realsense_bag_recorder_cpp/srv/RecordBag.srv
-- Installing: /home/lexij/roselab-perception/install/realsense_bag_recorder_cpp/share/ament_index/resource_index/package_run_dependencies/realsense_bag_recorder_cpp
-- Installing: /home/lexij/roselab-perception/install/realsense_bag_recorder_cpp/share/ament_index/resource_index/parent_prefix_path/realsense_bag_recorder_cpp
-- Installing: /home/lexij/roselab-perception/install/realsense_bag_recorder_cpp/share/realsense_bag_recorder_cpp/environment/ament_prefix_path.sh
-- Installing: /home/lexij/roselab-perception/install/realsense_bag_recorder_cpp/share/realsense_bag_recorder_cpp/environment/ament_prefix_path.dsv
-- Installing: /home/lexij/roselab-perception/install/realsense_bag_recorder_cpp/share/realsense_bag_recorder_cpp/environment/path.sh
-- Installing: /home/lexij/roselab-perception/install/realsense_bag_recorder_cpp/share/realsense_bag_recorder_cpp/environment/path.dsv
-- Installing: /home/lexij/roselab-perception/install/realsense_bag_recorder_cpp/share/realsense_bag_recorder_cpp/local_setup.bash
-- Installing: /home/lexij/roselab-perception/install/realsense_bag_recorder_cpp/share/realsense_bag_recorder_cpp/local_setup.sh
-- Installing: /home/lexij/roselab-perception/install/realsense_bag_recorder_cpp/share/realsense_bag_recorder_cpp/local_setup.zsh
-- Installing: /home/lexij/roselab-perception/install/realsense_bag_recorder_cpp/share/realsense_bag_recorder_cpp/local_setup.dsv
-- Installing: /home/lexij/roselab-perception/install/realsense_bag_recorder_cpp/share/realsense_bag_recorder_cpp/package.dsv
-- Installing: /home/lexij/roselab-perception/install/realsense_bag_recorder_cpp/share/ament_index/resource_index/packages/realsense_bag_recorder_cpp
-- Installing: /home/lexij/roselab-perception/install/realsense_bag_recorder_cpp/share/realsense_bag_recorder_cpp/cmake/export_realsense_bag_recorder_cpp__rosidl_generator_cExport.cmake
-- Installing: /home/lexij/roselab-perception/install/realsense_bag_recorder_cpp/share/realsense_bag_recorder_cpp/cmake/export_realsense_bag_recorder_cpp__rosidl_generator_cExport-noconfig.cmake
-- Installing: /home/lexij/roselab-perception/install/realsense_bag_recorder_cpp/share/realsense_bag_recorder_cpp/cmake/export_realsense_bag_recorder_cpp__rosidl_typesupport_fastrtps_cExport.cmake
-- Installing: /home/lexij/roselab-perception/install/realsense_bag_recorder_cpp/share/realsense_bag_recorder_cpp/cmake/export_realsense_bag_recorder_cpp__rosidl_typesupport_fastrtps_cExport-noconfig.cmake
-- Installing: /home/lexij/roselab-perception/install/realsense_bag_recorder_cpp/share/realsense_bag_recorder_cpp/cmake/export_realsense_bag_recorder_cpp__rosidl_generator_cppExport.cmake
-- Installing: /home/lexij/roselab-perception/install/realsense_bag_recorder_cpp/share/realsense_bag_recorder_cpp/cmake/export_realsense_bag_recorder_cpp__rosidl_typesupport_fastrtps_cppExport.cmake
-- Installing: /home/lexij/roselab-perception/install/realsense_bag_recorder_cpp/share/realsense_bag_recorder_cpp/cmake/export_realsense_bag_recorder_cpp__rosidl_typesupport_fastrtps_cppExport-noconfig.cmake
-- Installing: /home/lexij/roselab-perception/install/realsense_bag_recorder_cpp/share/realsense_bag_recorder_cpp/cmake/realsense_bag_recorder_cpp__rosidl_typesupport_introspection_cExport.cmake
-- Installing: /home/lexij/roselab-perception/install/realsense_bag_recorder_cpp/share/realsense_bag_recorder_cpp/cmake/realsense_bag_recorder_cpp__rosidl_typesupport_introspection_cExport-noconfig.cmake
-- Installing: /home/lexij/roselab-perception/install/realsense_bag_recorder_cpp/share/realsense_bag_recorder_cpp/cmake/realsense_bag_recorder_cpp__rosidl_typesupport_cExport.cmake
-- Installing: /home/lexij/roselab-perception/install/realsense_bag_recorder_cpp/share/realsense_bag_recorder_cpp/cmake/realsense_bag_recorder_cpp__rosidl_typesupport_cExport-noconfig.cmake
-- Installing: /home/lexij/roselab-perception/install/realsense_bag_recorder_cpp/share/realsense_bag_recorder_cpp/cmake/realsense_bag_recorder_cpp__rosidl_typesupport_introspection_cppExport.cmake
-- Installing: /home/lexij/roselab-perception/install/realsense_bag_recorder_cpp/share/realsense_bag_recorder_cpp/cmake/realsense_bag_recorder_cpp__rosidl_typesupport_introspection_cppExport-noconfig.cmake
-- Installing: /home/lexij/roselab-perception/install/realsense_bag_recorder_cpp/share/realsense_bag_recorder_cpp/cmake/realsense_bag_recorder_cpp__rosidl_typesupport_cppExport.cmake
-- Installing: /home/lexij/roselab-perception/install/realsense_bag_recorder_cpp/share/realsense_bag_recorder_cpp/cmake/realsense_bag_recorder_cpp__rosidl_typesupport_cppExport-noconfig.cmake
-- Installing: /home/lexij/roselab-perception/install/realsense_bag_recorder_cpp/share/realsense_bag_recorder_cpp/cmake/export_realsense_bag_recorder_cpp__rosidl_generator_pyExport.cmake
-- Installing: /home/lexij/roselab-perception/install/realsense_bag_recorder_cpp/share/realsense_bag_recorder_cpp/cmake/export_realsense_bag_recorder_cpp__rosidl_generator_pyExport-noconfig.cmake
-- Installing: /home/lexij/roselab-perception/install/realsense_bag_recorder_cpp/share/realsense_bag_recorder_cpp/cmake/rosidl_cmake-extras.cmake
-- Installing: /home/lexij/roselab-perception/install/realsense_bag_recorder_cpp/share/realsense_bag_recorder_cpp/cmake/ament_cmake_export_dependencies-extras.cmake
-- Installing: /home/lexij/roselab-perception/install/realsense_bag_recorder_cpp/share/realsense_bag_recorder_cpp/cmake/ament_cmake_export_include_directories-extras.cmake
-- Installing: /home/lexij/roselab-perception/install/realsense_bag_recorder_cpp/share/realsense_bag_recorder_cpp/cmake/ament_cmake_export_libraries-extras.cmake
-- Installing: /home/lexij/roselab-perception/install/realsense_bag_recorder_cpp/share/realsense_bag_recorder_cpp/cmake/ament_cmake_export_targets-extras.cmake
-- Installing: /home/lexij/roselab-perception/install/realsense_bag_recorder_cpp/share/realsense_bag_recorder_cpp/cmake/rosidl_cmake_export_typesupport_targets-extras.cmake
-- Installing: /home/lexij/roselab-perception/install/realsense_bag_recorder_cpp/share/realsense_bag_recorder_cpp/cmake/rosidl_cmake_export_typesupport_libraries-extras.cmake
-- Installing: /home/lexij/roselab-perception/install/realsense_bag_recorder_cpp/share/realsense_bag_recorder_cpp/cmake/realsense_bag_recorder_cppConfig.cmake
-- Installing: /home/lexij/roselab-perception/install/realsense_bag_recorder_cpp/share/realsense_bag_recorder_cpp/cmake/realsense_bag_recorder_cppConfig-version.cmake
-- Installing: /home/lexij/roselab-perception/install/realsense_bag_recorder_cpp/share/realsense_bag_recorder_cpp/package.xml
