[0.478s] DEBUG:colcon:Command line arguments: ['/usr/bin/colcon', 'build']
[0.479s] DEBUG:colcon:Parsed command line arguments: Namespace(log_base=None, log_level=None, verb_name='build', build_base='build', install_base='install', merge_install=False, symlink_install=False, test_result_base=None, continue_on_error=False, executor='parallel', parallel_workers=22, event_handlers=None, ignore_user_meta=False, metas=['./colcon.meta'], base_paths=['.'], packages_ignore=None, packages_ignore_regex=None, paths=None, packages_up_to=None, packages_up_to_regex=None, packages_above=None, packages_above_and_dependencies=None, packages_above_depth=None, packages_select_by_dep=None, packages_skip_by_dep=None, packages_skip_up_to=None, packages_select_build_failed=False, packages_skip_build_finished=False, packages_select_test_failures=False, packages_skip_test_passed=False, packages_select=None, packages_skip=None, packages_select_regex=None, packages_skip_regex=None, packages_start=None, packages_end=None, allow_overriding=[], cmake_args=None, cmake_target=None, cmake_target_skip_unavailable=False, cmake_clean_cache=False, cmake_clean_first=False, cmake_force_configure=False, ament_cmake_args=None, catkin_cmake_args=None, catkin_skip_building_tests=False, mixin_files=None, mixin=None, verb_parser=<colcon_mixin.mixin.mixin_argument.MixinArgumentDecorator object at 0x706017099910>, verb_extension=<colcon_core.verb.build.BuildVerb object at 0x7060171b9b50>, main=<bound method BuildVerb.main of <colcon_core.verb.build.BuildVerb object at 0x7060171b9b50>>, mixin_verb=('build',))
[0.530s] Level 1:colcon.colcon_core.package_discovery:discover_packages(colcon_meta) check parameters
[0.530s] Level 1:colcon.colcon_core.package_discovery:discover_packages(recursive) check parameters
[0.530s] Level 1:colcon.colcon_core.package_discovery:discover_packages(ignore) check parameters
[0.530s] Level 1:colcon.colcon_core.package_discovery:discover_packages(path) check parameters
[0.530s] Level 1:colcon.colcon_core.package_discovery:discover_packages(colcon_meta) discover
[0.530s] Level 1:colcon.colcon_core.package_discovery:discover_packages(recursive) discover
[0.530s] INFO:colcon.colcon_core.package_discovery:Crawling recursively for packages in '/home/lexij/roselab-perception'
[0.530s] Level 1:colcon.colcon_core.package_identification:_identify(.) by extensions ['ignore', 'ignore_ament_install']
[0.531s] Level 1:colcon.colcon_core.package_identification:_identify(.) by extension 'ignore'
[0.531s] Level 1:colcon.colcon_core.package_identification:_identify(.) by extension 'ignore_ament_install'
[0.531s] Level 1:colcon.colcon_core.package_identification:_identify(.) by extensions ['colcon_pkg']
[0.531s] Level 1:colcon.colcon_core.package_identification:_identify(.) by extension 'colcon_pkg'
[0.531s] Level 1:colcon.colcon_core.package_identification:_identify(.) by extensions ['colcon_meta']
[0.531s] Level 1:colcon.colcon_core.package_identification:_identify(.) by extension 'colcon_meta'
[0.531s] Level 1:colcon.colcon_core.package_identification:_identify(.) by extensions ['ros']
[0.531s] Level 1:colcon.colcon_core.package_identification:_identify(.) by extension 'ros'
[0.566s] Level 1:colcon.colcon_core.package_identification:_identify(.) by extensions ['cmake', 'python']
[0.566s] Level 1:colcon.colcon_core.package_identification:_identify(.) by extension 'cmake'
[0.566s] Level 1:colcon.colcon_core.package_identification:_identify(.) by extension 'python'
[0.566s] Level 1:colcon.colcon_core.package_identification:_identify(.) by extensions ['python_setup_py']
[0.566s] Level 1:colcon.colcon_core.package_identification:_identify(.) by extension 'python_setup_py'
[0.578s] Level 1:colcon.colcon_core.package_identification:_identify(build) by extensions ['ignore', 'ignore_ament_install']
[0.578s] Level 1:colcon.colcon_core.package_identification:_identify(build) by extension 'ignore'
[0.578s] Level 1:colcon.colcon_core.package_identification:_identify(build) ignored
[0.581s] Level 1:colcon.colcon_core.package_identification:_identify(data) by extensions ['ignore', 'ignore_ament_install']
[0.581s] Level 1:colcon.colcon_core.package_identification:_identify(data) by extension 'ignore'
[0.581s] Level 1:colcon.colcon_core.package_identification:_identify(data) by extension 'ignore_ament_install'
[0.581s] Level 1:colcon.colcon_core.package_identification:_identify(data) by extensions ['colcon_pkg']
[0.582s] Level 1:colcon.colcon_core.package_identification:_identify(data) by extension 'colcon_pkg'
[0.582s] Level 1:colcon.colcon_core.package_identification:_identify(data) by extensions ['colcon_meta']
[0.582s] Level 1:colcon.colcon_core.package_identification:_identify(data) by extension 'colcon_meta'
[0.582s] Level 1:colcon.colcon_core.package_identification:_identify(data) by extensions ['ros']
[0.582s] Level 1:colcon.colcon_core.package_identification:_identify(data) by extension 'ros'
[0.582s] Level 1:colcon.colcon_core.package_identification:_identify(data) by extensions ['cmake', 'python']
[0.582s] Level 1:colcon.colcon_core.package_identification:_identify(data) by extension 'cmake'
[0.582s] Level 1:colcon.colcon_core.package_identification:_identify(data) by extension 'python'
[0.582s] Level 1:colcon.colcon_core.package_identification:_identify(data) by extensions ['python_setup_py']
[0.582s] Level 1:colcon.colcon_core.package_identification:_identify(data) by extension 'python_setup_py'
[0.582s] Level 1:colcon.colcon_core.package_identification:_identify(install) by extensions ['ignore', 'ignore_ament_install']
[0.583s] Level 1:colcon.colcon_core.package_identification:_identify(install) by extension 'ignore'
[0.583s] Level 1:colcon.colcon_core.package_identification:_identify(install) ignored
[0.583s] Level 1:colcon.colcon_core.package_identification:_identify(log) by extensions ['ignore', 'ignore_ament_install']
[0.583s] Level 1:colcon.colcon_core.package_identification:_identify(log) by extension 'ignore'
[0.583s] Level 1:colcon.colcon_core.package_identification:_identify(log) ignored
[0.583s] Level 1:colcon.colcon_core.package_identification:_identify(reference) by extensions ['ignore', 'ignore_ament_install']
[0.584s] Level 1:colcon.colcon_core.package_identification:_identify(reference) by extension 'ignore'
[0.584s] Level 1:colcon.colcon_core.package_identification:_identify(reference) by extension 'ignore_ament_install'
[0.584s] Level 1:colcon.colcon_core.package_identification:_identify(reference) by extensions ['colcon_pkg']
[0.584s] Level 1:colcon.colcon_core.package_identification:_identify(reference) by extension 'colcon_pkg'
[0.584s] Level 1:colcon.colcon_core.package_identification:_identify(reference) by extensions ['colcon_meta']
[0.584s] Level 1:colcon.colcon_core.package_identification:_identify(reference) by extension 'colcon_meta'
[0.584s] Level 1:colcon.colcon_core.package_identification:_identify(reference) by extensions ['ros']
[0.584s] Level 1:colcon.colcon_core.package_identification:_identify(reference) by extension 'ros'
[0.584s] Level 1:colcon.colcon_core.package_identification:_identify(reference) by extensions ['cmake', 'python']
[0.584s] Level 1:colcon.colcon_core.package_identification:_identify(reference) by extension 'cmake'
[0.584s] Level 1:colcon.colcon_core.package_identification:_identify(reference) by extension 'python'
[0.584s] Level 1:colcon.colcon_core.package_identification:_identify(reference) by extensions ['python_setup_py']
[0.584s] Level 1:colcon.colcon_core.package_identification:_identify(reference) by extension 'python_setup_py'
[0.585s] Level 1:colcon.colcon_core.package_identification:_identify(reference/OptitrackPoseEval) by extensions ['ignore', 'ignore_ament_install']
[0.585s] Level 1:colcon.colcon_core.package_identification:_identify(reference/OptitrackPoseEval) by extension 'ignore'
[0.585s] Level 1:colcon.colcon_core.package_identification:_identify(reference/OptitrackPoseEval) by extension 'ignore_ament_install'
[0.585s] Level 1:colcon.colcon_core.package_identification:_identify(reference/OptitrackPoseEval) by extensions ['colcon_pkg']
[0.585s] Level 1:colcon.colcon_core.package_identification:_identify(reference/OptitrackPoseEval) by extension 'colcon_pkg'
[0.585s] Level 1:colcon.colcon_core.package_identification:_identify(reference/OptitrackPoseEval) by extensions ['colcon_meta']
[0.585s] Level 1:colcon.colcon_core.package_identification:_identify(reference/OptitrackPoseEval) by extension 'colcon_meta'
[0.585s] Level 1:colcon.colcon_core.package_identification:_identify(reference/OptitrackPoseEval) by extensions ['ros']
[0.585s] Level 1:colcon.colcon_core.package_identification:_identify(reference/OptitrackPoseEval) by extension 'ros'
[0.585s] Level 1:colcon.colcon_core.package_identification:_identify(reference/OptitrackPoseEval) by extensions ['cmake', 'python']
[0.585s] Level 1:colcon.colcon_core.package_identification:_identify(reference/OptitrackPoseEval) by extension 'cmake'
[0.585s] Level 1:colcon.colcon_core.package_identification:_identify(reference/OptitrackPoseEval) by extension 'python'
[0.585s] Level 1:colcon.colcon_core.package_identification:_identify(reference/OptitrackPoseEval) by extensions ['python_setup_py']
[0.585s] Level 1:colcon.colcon_core.package_identification:_identify(reference/OptitrackPoseEval) by extension 'python_setup_py'
[0.586s] Level 1:colcon.colcon_core.package_identification:_identify(reference/OptitrackPoseEval/src) by extensions ['ignore', 'ignore_ament_install']
[0.587s] Level 1:colcon.colcon_core.package_identification:_identify(reference/OptitrackPoseEval/src) by extension 'ignore'
[0.587s] Level 1:colcon.colcon_core.package_identification:_identify(reference/OptitrackPoseEval/src) by extension 'ignore_ament_install'
[0.587s] Level 1:colcon.colcon_core.package_identification:_identify(reference/OptitrackPoseEval/src) by extensions ['colcon_pkg']
[0.587s] Level 1:colcon.colcon_core.package_identification:_identify(reference/OptitrackPoseEval/src) by extension 'colcon_pkg'
[0.587s] Level 1:colcon.colcon_core.package_identification:_identify(reference/OptitrackPoseEval/src) by extensions ['colcon_meta']
[0.587s] Level 1:colcon.colcon_core.package_identification:_identify(reference/OptitrackPoseEval/src) by extension 'colcon_meta'
[0.587s] Level 1:colcon.colcon_core.package_identification:_identify(reference/OptitrackPoseEval/src) by extensions ['ros']
[0.587s] Level 1:colcon.colcon_core.package_identification:_identify(reference/OptitrackPoseEval/src) by extension 'ros'
[0.587s] Level 1:colcon.colcon_core.package_identification:_identify(reference/OptitrackPoseEval/src) by extensions ['cmake', 'python']
[0.587s] Level 1:colcon.colcon_core.package_identification:_identify(reference/OptitrackPoseEval/src) by extension 'cmake'
[0.587s] Level 1:colcon.colcon_core.package_identification:_identify(reference/OptitrackPoseEval/src) by extension 'python'
[0.587s] Level 1:colcon.colcon_core.package_identification:_identify(reference/OptitrackPoseEval/src) by extensions ['python_setup_py']
[0.587s] Level 1:colcon.colcon_core.package_identification:_identify(reference/OptitrackPoseEval/src) by extension 'python_setup_py'
[0.587s] Level 1:colcon.colcon_core.package_identification:_identify(ros) by extensions ['ignore', 'ignore_ament_install']
[0.587s] Level 1:colcon.colcon_core.package_identification:_identify(ros) by extension 'ignore'
[0.588s] Level 1:colcon.colcon_core.package_identification:_identify(ros) by extension 'ignore_ament_install'
[0.588s] Level 1:colcon.colcon_core.package_identification:_identify(ros) by extensions ['colcon_pkg']
[0.588s] Level 1:colcon.colcon_core.package_identification:_identify(ros) by extension 'colcon_pkg'
[0.588s] Level 1:colcon.colcon_core.package_identification:_identify(ros) by extensions ['colcon_meta']
[0.588s] Level 1:colcon.colcon_core.package_identification:_identify(ros) by extension 'colcon_meta'
[0.588s] Level 1:colcon.colcon_core.package_identification:_identify(ros) by extensions ['ros']
[0.588s] Level 1:colcon.colcon_core.package_identification:_identify(ros) by extension 'ros'
[0.588s] Level 1:colcon.colcon_core.package_identification:_identify(ros) by extensions ['cmake', 'python']
[0.588s] Level 1:colcon.colcon_core.package_identification:_identify(ros) by extension 'cmake'
[0.588s] Level 1:colcon.colcon_core.package_identification:_identify(ros) by extension 'python'
[0.588s] Level 1:colcon.colcon_core.package_identification:_identify(ros) by extensions ['python_setup_py']
[0.588s] Level 1:colcon.colcon_core.package_identification:_identify(ros) by extension 'python_setup_py'
[0.588s] Level 1:colcon.colcon_core.package_identification:_identify(ros/src) by extensions ['ignore', 'ignore_ament_install']
[0.588s] Level 1:colcon.colcon_core.package_identification:_identify(ros/src) by extension 'ignore'
[0.589s] Level 1:colcon.colcon_core.package_identification:_identify(ros/src) by extension 'ignore_ament_install'
[0.589s] Level 1:colcon.colcon_core.package_identification:_identify(ros/src) by extensions ['colcon_pkg']
[0.589s] Level 1:colcon.colcon_core.package_identification:_identify(ros/src) by extension 'colcon_pkg'
[0.589s] Level 1:colcon.colcon_core.package_identification:_identify(ros/src) by extensions ['colcon_meta']
[0.589s] Level 1:colcon.colcon_core.package_identification:_identify(ros/src) by extension 'colcon_meta'
[0.589s] Level 1:colcon.colcon_core.package_identification:_identify(ros/src) by extensions ['ros']
[0.589s] Level 1:colcon.colcon_core.package_identification:_identify(ros/src) by extension 'ros'
[0.589s] Level 1:colcon.colcon_core.package_identification:_identify(ros/src) by extensions ['cmake', 'python']
[0.589s] Level 1:colcon.colcon_core.package_identification:_identify(ros/src) by extension 'cmake'
[0.589s] Level 1:colcon.colcon_core.package_identification:_identify(ros/src) by extension 'python'
[0.589s] Level 1:colcon.colcon_core.package_identification:_identify(ros/src) by extensions ['python_setup_py']
[0.589s] Level 1:colcon.colcon_core.package_identification:_identify(ros/src) by extension 'python_setup_py'
[0.590s] Level 1:colcon.colcon_core.package_identification:_identify(ros/src/aggregated_pointcloud) by extensions ['ignore', 'ignore_ament_install']
[0.590s] Level 1:colcon.colcon_core.package_identification:_identify(ros/src/aggregated_pointcloud) by extension 'ignore'
[0.590s] Level 1:colcon.colcon_core.package_identification:_identify(ros/src/aggregated_pointcloud) by extension 'ignore_ament_install'
[0.590s] Level 1:colcon.colcon_core.package_identification:_identify(ros/src/aggregated_pointcloud) by extensions ['colcon_pkg']
[0.590s] Level 1:colcon.colcon_core.package_identification:_identify(ros/src/aggregated_pointcloud) by extension 'colcon_pkg'
[0.590s] Level 1:colcon.colcon_core.package_identification:_identify(ros/src/aggregated_pointcloud) by extensions ['colcon_meta']
[0.590s] Level 1:colcon.colcon_core.package_identification:_identify(ros/src/aggregated_pointcloud) by extension 'colcon_meta'
[0.590s] Level 1:colcon.colcon_core.package_identification:_identify(ros/src/aggregated_pointcloud) by extensions ['ros']
[0.590s] Level 1:colcon.colcon_core.package_identification:_identify(ros/src/aggregated_pointcloud) by extension 'ros'
[0.595s] DEBUG:colcon.colcon_core.package_identification:Package 'ros/src/aggregated_pointcloud' with type 'ros.ament_python' and name 'aggregated_pointcloud'
[0.596s] Level 1:colcon.colcon_core.package_identification:_identify(ros/src/benchmarking_sdk) by extensions ['ignore', 'ignore_ament_install']
[0.596s] Level 1:colcon.colcon_core.package_identification:_identify(ros/src/benchmarking_sdk) by extension 'ignore'
[0.596s] Level 1:colcon.colcon_core.package_identification:_identify(ros/src/benchmarking_sdk) by extension 'ignore_ament_install'
[0.596s] Level 1:colcon.colcon_core.package_identification:_identify(ros/src/benchmarking_sdk) by extensions ['colcon_pkg']
[0.596s] Level 1:colcon.colcon_core.package_identification:_identify(ros/src/benchmarking_sdk) by extension 'colcon_pkg'
[0.596s] Level 1:colcon.colcon_core.package_identification:_identify(ros/src/benchmarking_sdk) by extensions ['colcon_meta']
[0.596s] Level 1:colcon.colcon_core.package_identification:_identify(ros/src/benchmarking_sdk) by extension 'colcon_meta'
[0.597s] Level 1:colcon.colcon_core.package_identification:_identify(ros/src/benchmarking_sdk) by extensions ['ros']
[0.597s] Level 1:colcon.colcon_core.package_identification:_identify(ros/src/benchmarking_sdk) by extension 'ros'
[0.597s] Level 1:colcon.colcon_core.package_identification:_identify(ros/src/benchmarking_sdk) by extensions ['cmake', 'python']
[0.597s] Level 1:colcon.colcon_core.package_identification:_identify(ros/src/benchmarking_sdk) by extension 'cmake'
[0.597s] Level 1:colcon.colcon_core.package_identification:_identify(ros/src/benchmarking_sdk) by extension 'python'
[0.597s] Level 1:colcon.colcon_core.package_identification:_identify(ros/src/benchmarking_sdk) by extensions ['python_setup_py']
[0.597s] Level 1:colcon.colcon_core.package_identification:_identify(ros/src/benchmarking_sdk) by extension 'python_setup_py'
[0.598s] Level 1:colcon.colcon_core.package_identification:_identify(ros/src/gantry_lidar_interfaces) by extensions ['ignore', 'ignore_ament_install']
[0.598s] Level 1:colcon.colcon_core.package_identification:_identify(ros/src/gantry_lidar_interfaces) by extension 'ignore'
[0.598s] Level 1:colcon.colcon_core.package_identification:_identify(ros/src/gantry_lidar_interfaces) by extension 'ignore_ament_install'
[0.598s] Level 1:colcon.colcon_core.package_identification:_identify(ros/src/gantry_lidar_interfaces) by extensions ['colcon_pkg']
[0.598s] Level 1:colcon.colcon_core.package_identification:_identify(ros/src/gantry_lidar_interfaces) by extension 'colcon_pkg'
[0.598s] Level 1:colcon.colcon_core.package_identification:_identify(ros/src/gantry_lidar_interfaces) by extensions ['colcon_meta']
[0.598s] Level 1:colcon.colcon_core.package_identification:_identify(ros/src/gantry_lidar_interfaces) by extension 'colcon_meta'
[0.598s] Level 1:colcon.colcon_core.package_identification:_identify(ros/src/gantry_lidar_interfaces) by extensions ['ros']
[0.598s] Level 1:colcon.colcon_core.package_identification:_identify(ros/src/gantry_lidar_interfaces) by extension 'ros'
[0.599s] DEBUG:colcon.colcon_core.package_identification:Package 'ros/src/gantry_lidar_interfaces' with type 'ros.ament_cmake' and name 'gantry_lidar_interfaces'
[0.600s] Level 1:colcon.colcon_core.package_identification:_identify(ros/src/gantry_lidars) by extensions ['ignore', 'ignore_ament_install']
[0.600s] Level 1:colcon.colcon_core.package_identification:_identify(ros/src/gantry_lidars) by extension 'ignore'
[0.600s] Level 1:colcon.colcon_core.package_identification:_identify(ros/src/gantry_lidars) by extension 'ignore_ament_install'
[0.600s] Level 1:colcon.colcon_core.package_identification:_identify(ros/src/gantry_lidars) by extensions ['colcon_pkg']
[0.600s] Level 1:colcon.colcon_core.package_identification:_identify(ros/src/gantry_lidars) by extension 'colcon_pkg'
[0.600s] Level 1:colcon.colcon_core.package_identification:_identify(ros/src/gantry_lidars) by extensions ['colcon_meta']
[0.600s] Level 1:colcon.colcon_core.package_identification:_identify(ros/src/gantry_lidars) by extension 'colcon_meta'
[0.601s] Level 1:colcon.colcon_core.package_identification:_identify(ros/src/gantry_lidars) by extensions ['ros']
[0.601s] Level 1:colcon.colcon_core.package_identification:_identify(ros/src/gantry_lidars) by extension 'ros'
[0.602s] DEBUG:colcon.colcon_core.package_identification:Found ROS schema reference in package manifest in 'ros/src/gantry_lidars'
[0.602s] WARNING:colcon.colcon_core.package_identification:Failed to parse ROS package manifest in 'ros/src/gantry_lidars': Error(s) in package 'ros/src/gantry_lidars/package.xml':
Error(s):
- The generic dependency on 'rclpy' is redundant with: exec_depend
[0.602s] Level 1:colcon.colcon_core.package_identification:_identify(ros/src/gantry_lidars) by extensions ['cmake', 'python']
[0.602s] Level 1:colcon.colcon_core.package_identification:_identify(ros/src/gantry_lidars) by extension 'cmake'
[0.602s] Level 1:colcon.colcon_core.package_identification:_identify(ros/src/gantry_lidars) by extension 'python'
[0.603s] DEBUG:colcon.colcon_core.package_identification:Python package in 'ros/src/gantry_lidars' passes arguments to the setup() function which requires a different identification extension than 'python'
[0.603s] Level 1:colcon.colcon_core.package_identification:_identify(ros/src/gantry_lidars) by extensions ['python_setup_py']
[0.603s] Level 1:colcon.colcon_core.package_identification:_identify(ros/src/gantry_lidars) by extension 'python_setup_py'
[1.040s] ERROR:colcon.colcon_core.package_identification:Exception in package identification extension 'python_setup_py' in 'ros/src/gantry_lidars': Command '['/usr/bin/python3', '-c', 'import sys;from contextlib import suppress;exec("with suppress(ImportError):    from setuptools.extern.packaging.specifiers    import SpecifierSet");exec("with suppress(ImportError):    from packaging.specifiers import SpecifierSet");from distutils.core import run_setup;dist = run_setup(    \'setup.py\', script_args=(\'--dry-run\',), stop_after=\'config\');skip_keys = (\'cmdclass\', \'distclass\', \'ext_modules\', \'metadata\');data = {    key: value for key, value in dist.__dict__.items()     if (        not key.startswith(\'_\') and         not callable(value) and         key not in skip_keys and         key not in dist.display_option_names    )};data[\'metadata\'] = {    k: v for k, v in dist.metadata.__dict__.items()     if k not in (\'license_files\', \'provides_extras\')};sys.stdout.buffer.write(repr(data).encode(\'utf-8\'))']' returned non-zero exit status 1.
Traceback (most recent call last):
  File "/usr/lib/python3/dist-packages/colcon_core/package_identification/__init__.py", line 144, in _identify
    retval = extension.identify(_reused_descriptor_instance)
             ^^^^^^^^^^^^^^^^^^^^^^^^^^^^^^^^^^^^^^^^^^^^^^^
  File "/usr/lib/python3/dist-packages/colcon_python_setup_py/package_identification/python_setup_py.py", line 48, in identify
    config = get_setup_information(setup_py)
             ^^^^^^^^^^^^^^^^^^^^^^^^^^^^^^^
  File "/usr/lib/python3/dist-packages/colcon_python_setup_py/package_identification/python_setup_py.py", line 249, in get_setup_information
    _setup_information_cache[hashable_env] = _get_setup_information(
                                             ^^^^^^^^^^^^^^^^^^^^^^^
  File "/usr/lib/python3/dist-packages/colcon_python_setup_py/package_identification/python_setup_py.py", line 296, in _get_setup_information
    result = subprocess.run(
             ^^^^^^^^^^^^^^^
  File "/usr/lib/python3.12/subprocess.py", line 571, in run
    raise CalledProcessError(retcode, process.args,
subprocess.CalledProcessError: Command '['/usr/bin/python3', '-c', 'import sys;from contextlib import suppress;exec("with suppress(ImportError):    from setuptools.extern.packaging.specifiers    import SpecifierSet");exec("with suppress(ImportError):    from packaging.specifiers import SpecifierSet");from distutils.core import run_setup;dist = run_setup(    \'setup.py\', script_args=(\'--dry-run\',), stop_after=\'config\');skip_keys = (\'cmdclass\', \'distclass\', \'ext_modules\', \'metadata\');data = {    key: value for key, value in dist.__dict__.items()     if (        not key.startswith(\'_\') and         not callable(value) and         key not in skip_keys and         key not in dist.display_option_names    )};data[\'metadata\'] = {    k: v for k, v in dist.metadata.__dict__.items()     if k not in (\'license_files\', \'provides_extras\')};sys.stdout.buffer.write(repr(data).encode(\'utf-8\'))']' returned non-zero exit status 1.

[1.040s] Level 1:colcon.colcon_core.package_identification:_identify(ros/src/gantry_lidars/gantry_lidars) by extensions ['ignore', 'ignore_ament_install']
[1.040s] Level 1:colcon.colcon_core.package_identification:_identify(ros/src/gantry_lidars/gantry_lidars) by extension 'ignore'
[1.040s] Level 1:colcon.colcon_core.package_identification:_identify(ros/src/gantry_lidars/gantry_lidars) by extension 'ignore_ament_install'
[1.041s] Level 1:colcon.colcon_core.package_identification:_identify(ros/src/gantry_lidars/gantry_lidars) by extensions ['colcon_pkg']
[1.041s] Level 1:colcon.colcon_core.package_identification:_identify(ros/src/gantry_lidars/gantry_lidars) by extension 'colcon_pkg'
[1.041s] Level 1:colcon.colcon_core.package_identification:_identify(ros/src/gantry_lidars/gantry_lidars) by extensions ['colcon_meta']
[1.041s] Level 1:colcon.colcon_core.package_identification:_identify(ros/src/gantry_lidars/gantry_lidars) by extension 'colcon_meta'
[1.041s] Level 1:colcon.colcon_core.package_identification:_identify(ros/src/gantry_lidars/gantry_lidars) by extensions ['ros']
[1.041s] Level 1:colcon.colcon_core.package_identification:_identify(ros/src/gantry_lidars/gantry_lidars) by extension 'ros'
[1.041s] Level 1:colcon.colcon_core.package_identification:_identify(ros/src/gantry_lidars/gantry_lidars) by extensions ['cmake', 'python']
[1.041s] Level 1:colcon.colcon_core.package_identification:_identify(ros/src/gantry_lidars/gantry_lidars) by extension 'cmake'
[1.041s] Level 1:colcon.colcon_core.package_identification:_identify(ros/src/gantry_lidars/gantry_lidars) by extension 'python'
[1.041s] Level 1:colcon.colcon_core.package_identification:_identify(ros/src/gantry_lidars/gantry_lidars) by extensions ['python_setup_py']
[1.041s] Level 1:colcon.colcon_core.package_identification:_identify(ros/src/gantry_lidars/gantry_lidars) by extension 'python_setup_py'
[1.042s] Level 1:colcon.colcon_core.package_identification:_identify(ros/src/gantry_lidars/resource) by extensions ['ignore', 'ignore_ament_install']
[1.042s] Level 1:colcon.colcon_core.package_identification:_identify(ros/src/gantry_lidars/resource) by extension 'ignore'
[1.043s] Level 1:colcon.colcon_core.package_identification:_identify(ros/src/gantry_lidars/resource) by extension 'ignore_ament_install'
[1.043s] Level 1:colcon.colcon_core.package_identification:_identify(ros/src/gantry_lidars/resource) by extensions ['colcon_pkg']
[1.043s] Level 1:colcon.colcon_core.package_identification:_identify(ros/src/gantry_lidars/resource) by extension 'colcon_pkg'
[1.043s] Level 1:colcon.colcon_core.package_identification:_identify(ros/src/gantry_lidars/resource) by extensions ['colcon_meta']
[1.043s] Level 1:colcon.colcon_core.package_identification:_identify(ros/src/gantry_lidars/resource) by extension 'colcon_meta'
[1.043s] Level 1:colcon.colcon_core.package_identification:_identify(ros/src/gantry_lidars/resource) by extensions ['ros']
[1.043s] Level 1:colcon.colcon_core.package_identification:_identify(ros/src/gantry_lidars/resource) by extension 'ros'
[1.043s] Level 1:colcon.colcon_core.package_identification:_identify(ros/src/gantry_lidars/resource) by extensions ['cmake', 'python']
[1.043s] Level 1:colcon.colcon_core.package_identification:_identify(ros/src/gantry_lidars/resource) by extension 'cmake'
[1.044s] Level 1:colcon.colcon_core.package_identification:_identify(ros/src/gantry_lidars/resource) by extension 'python'
[1.044s] Level 1:colcon.colcon_core.package_identification:_identify(ros/src/gantry_lidars/resource) by extensions ['python_setup_py']
[1.044s] Level 1:colcon.colcon_core.package_identification:_identify(ros/src/gantry_lidars/resource) by extension 'python_setup_py'
[1.044s] Level 1:colcon.colcon_core.package_identification:_identify(ros/src/gantry_lidars/test) by extensions ['ignore', 'ignore_ament_install']
[1.044s] Level 1:colcon.colcon_core.package_identification:_identify(ros/src/gantry_lidars/test) by extension 'ignore'
[1.044s] Level 1:colcon.colcon_core.package_identification:_identify(ros/src/gantry_lidars/test) by extension 'ignore_ament_install'
[1.045s] Level 1:colcon.colcon_core.package_identification:_identify(ros/src/gantry_lidars/test) by extensions ['colcon_pkg']
[1.045s] Level 1:colcon.colcon_core.package_identification:_identify(ros/src/gantry_lidars/test) by extension 'colcon_pkg'
[1.045s] Level 1:colcon.colcon_core.package_identification:_identify(ros/src/gantry_lidars/test) by extensions ['colcon_meta']
[1.045s] Level 1:colcon.colcon_core.package_identification:_identify(ros/src/gantry_lidars/test) by extension 'colcon_meta'
[1.045s] Level 1:colcon.colcon_core.package_identification:_identify(ros/src/gantry_lidars/test) by extensions ['ros']
[1.045s] Level 1:colcon.colcon_core.package_identification:_identify(ros/src/gantry_lidars/test) by extension 'ros'
[1.045s] Level 1:colcon.colcon_core.package_identification:_identify(ros/src/gantry_lidars/test) by extensions ['cmake', 'python']
[1.045s] Level 1:colcon.colcon_core.package_identification:_identify(ros/src/gantry_lidars/test) by extension 'cmake'
[1.045s] Level 1:colcon.colcon_core.package_identification:_identify(ros/src/gantry_lidars/test) by extension 'python'
[1.045s] Level 1:colcon.colcon_core.package_identification:_identify(ros/src/gantry_lidars/test) by extensions ['python_setup_py']
[1.045s] Level 1:colcon.colcon_core.package_identification:_identify(ros/src/gantry_lidars/test) by extension 'python_setup_py'
[1.045s] Level 1:colcon.colcon_core.package_identification:_identify(ros/src/gantry_services) by extensions ['ignore', 'ignore_ament_install']
[1.045s] Level 1:colcon.colcon_core.package_identification:_identify(ros/src/gantry_services) by extension 'ignore'
[1.045s] Level 1:colcon.colcon_core.package_identification:_identify(ros/src/gantry_services) by extension 'ignore_ament_install'
[1.045s] Level 1:colcon.colcon_core.package_identification:_identify(ros/src/gantry_services) by extensions ['colcon_pkg']
[1.045s] Level 1:colcon.colcon_core.package_identification:_identify(ros/src/gantry_services) by extension 'colcon_pkg'
[1.045s] Level 1:colcon.colcon_core.package_identification:_identify(ros/src/gantry_services) by extensions ['colcon_meta']
[1.045s] Level 1:colcon.colcon_core.package_identification:_identify(ros/src/gantry_services) by extension 'colcon_meta'
[1.046s] Level 1:colcon.colcon_core.package_identification:_identify(ros/src/gantry_services) by extensions ['ros']
[1.046s] Level 1:colcon.colcon_core.package_identification:_identify(ros/src/gantry_services) by extension 'ros'
[1.047s] DEBUG:colcon.colcon_core.package_identification:Package 'ros/src/gantry_services' with type 'ros.ament_python' and name 'gantry_services'
[1.048s] Level 1:colcon.colcon_core.package_identification:_identify(ros/src/mastcam_pointcloud) by extensions ['ignore', 'ignore_ament_install']
[1.048s] Level 1:colcon.colcon_core.package_identification:_identify(ros/src/mastcam_pointcloud) by extension 'ignore'
[1.049s] Level 1:colcon.colcon_core.package_identification:_identify(ros/src/mastcam_pointcloud) by extension 'ignore_ament_install'
[1.049s] Level 1:colcon.colcon_core.package_identification:_identify(ros/src/mastcam_pointcloud) by extensions ['colcon_pkg']
[1.049s] Level 1:colcon.colcon_core.package_identification:_identify(ros/src/mastcam_pointcloud) by extension 'colcon_pkg'
[1.049s] Level 1:colcon.colcon_core.package_identification:_identify(ros/src/mastcam_pointcloud) by extensions ['colcon_meta']
[1.049s] Level 1:colcon.colcon_core.package_identification:_identify(ros/src/mastcam_pointcloud) by extension 'colcon_meta'
[1.049s] Level 1:colcon.colcon_core.package_identification:_identify(ros/src/mastcam_pointcloud) by extensions ['ros']
[1.049s] Level 1:colcon.colcon_core.package_identification:_identify(ros/src/mastcam_pointcloud) by extension 'ros'
[1.051s] DEBUG:colcon.colcon_core.package_identification:Package 'ros/src/mastcam_pointcloud' with type 'ros.ament_python' and name 'mastcam_pointcloud'
[1.052s] Level 1:colcon.colcon_core.package_identification:_identify(ros/src/realsense_bag_recorder_cpp) by extensions ['ignore', 'ignore_ament_install']
[1.052s] Level 1:colcon.colcon_core.package_identification:_identify(ros/src/realsense_bag_recorder_cpp) by extension 'ignore'
[1.053s] Level 1:colcon.colcon_core.package_identification:_identify(ros/src/realsense_bag_recorder_cpp) by extension 'ignore_ament_install'
[1.053s] Level 1:colcon.colcon_core.package_identification:_identify(ros/src/realsense_bag_recorder_cpp) by extensions ['colcon_pkg']
[1.053s] Level 1:colcon.colcon_core.package_identification:_identify(ros/src/realsense_bag_recorder_cpp) by extension 'colcon_pkg'
[1.053s] Level 1:colcon.colcon_core.package_identification:_identify(ros/src/realsense_bag_recorder_cpp) by extensions ['colcon_meta']
[1.053s] Level 1:colcon.colcon_core.package_identification:_identify(ros/src/realsense_bag_recorder_cpp) by extension 'colcon_meta'
[1.053s] Level 1:colcon.colcon_core.package_identification:_identify(ros/src/realsense_bag_recorder_cpp) by extensions ['ros']
[1.053s] Level 1:colcon.colcon_core.package_identification:_identify(ros/src/realsense_bag_recorder_cpp) by extension 'ros'
[1.055s] DEBUG:colcon.colcon_core.package_identification:Package 'ros/src/realsense_bag_recorder_cpp' with type 'ros.ament_cmake' and name 'realsense_bag_recorder_cpp'
[1.055s] Level 1:colcon.colcon_core.package_identification:_identify(ros/src/scan_automation) by extensions ['ignore', 'ignore_ament_install']
[1.055s] Level 1:colcon.colcon_core.package_identification:_identify(ros/src/scan_automation) by extension 'ignore'
[1.055s] Level 1:colcon.colcon_core.package_identification:_identify(ros/src/scan_automation) by extension 'ignore_ament_install'
[1.055s] Level 1:colcon.colcon_core.package_identification:_identify(ros/src/scan_automation) by extensions ['colcon_pkg']
[1.056s] Level 1:colcon.colcon_core.package_identification:_identify(ros/src/scan_automation) by extension 'colcon_pkg'
[1.056s] Level 1:colcon.colcon_core.package_identification:_identify(ros/src/scan_automation) by extensions ['colcon_meta']
[1.056s] Level 1:colcon.colcon_core.package_identification:_identify(ros/src/scan_automation) by extension 'colcon_meta'
[1.056s] Level 1:colcon.colcon_core.package_identification:_identify(ros/src/scan_automation) by extensions ['ros']
[1.056s] Level 1:colcon.colcon_core.package_identification:_identify(ros/src/scan_automation) by extension 'ros'
[1.058s] DEBUG:colcon.colcon_core.package_identification:Package 'ros/src/scan_automation' with type 'ros.ament_python' and name 'scan_automation'
[1.059s] Level 1:colcon.colcon_core.package_identification:_identify(scripts) by extensions ['ignore', 'ignore_ament_install']
[1.059s] Level 1:colcon.colcon_core.package_identification:_identify(scripts) by extension 'ignore'
[1.059s] Level 1:colcon.colcon_core.package_identification:_identify(scripts) by extension 'ignore_ament_install'
[1.059s] Level 1:colcon.colcon_core.package_identification:_identify(scripts) by extensions ['colcon_pkg']
[1.059s] Level 1:colcon.colcon_core.package_identification:_identify(scripts) by extension 'colcon_pkg'
[1.059s] Level 1:colcon.colcon_core.package_identification:_identify(scripts) by extensions ['colcon_meta']
[1.059s] Level 1:colcon.colcon_core.package_identification:_identify(scripts) by extension 'colcon_meta'
[1.059s] Level 1:colcon.colcon_core.package_identification:_identify(scripts) by extensions ['ros']
[1.059s] Level 1:colcon.colcon_core.package_identification:_identify(scripts) by extension 'ros'
[1.059s] Level 1:colcon.colcon_core.package_identification:_identify(scripts) by extensions ['cmake', 'python']
[1.059s] Level 1:colcon.colcon_core.package_identification:_identify(scripts) by extension 'cmake'
[1.059s] Level 1:colcon.colcon_core.package_identification:_identify(scripts) by extension 'python'
[1.060s] Level 1:colcon.colcon_core.package_identification:_identify(scripts) by extensions ['python_setup_py']
[1.060s] Level 1:colcon.colcon_core.package_identification:_identify(scripts) by extension 'python_setup_py'
[1.060s] Level 1:colcon.colcon_core.package_identification:_identify(src) by extensions ['ignore', 'ignore_ament_install']
[1.060s] Level 1:colcon.colcon_core.package_identification:_identify(src) by extension 'ignore'
[1.060s] Level 1:colcon.colcon_core.package_identification:_identify(src) by extension 'ignore_ament_install'
[1.060s] Level 1:colcon.colcon_core.package_identification:_identify(src) by extensions ['colcon_pkg']
[1.060s] Level 1:colcon.colcon_core.package_identification:_identify(src) by extension 'colcon_pkg'
[1.060s] Level 1:colcon.colcon_core.package_identification:_identify(src) by extensions ['colcon_meta']
[1.060s] Level 1:colcon.colcon_core.package_identification:_identify(src) by extension 'colcon_meta'
[1.061s] Level 1:colcon.colcon_core.package_identification:_identify(src) by extensions ['ros']
[1.061s] Level 1:colcon.colcon_core.package_identification:_identify(src) by extension 'ros'
[1.061s] Level 1:colcon.colcon_core.package_identification:_identify(src) by extensions ['cmake', 'python']
[1.061s] Level 1:colcon.colcon_core.package_identification:_identify(src) by extension 'cmake'
[1.061s] Level 1:colcon.colcon_core.package_identification:_identify(src) by extension 'python'
[1.061s] Level 1:colcon.colcon_core.package_identification:_identify(src) by extensions ['python_setup_py']
[1.061s] Level 1:colcon.colcon_core.package_identification:_identify(src) by extension 'python_setup_py'
[1.061s] Level 1:colcon.colcon_core.package_discovery:discover_packages(recursive) using defaults
[1.061s] Level 1:colcon.colcon_core.package_discovery:discover_packages(ignore) discover
[1.061s] Level 1:colcon.colcon_core.package_discovery:discover_packages(ignore) using defaults
[1.061s] Level 1:colcon.colcon_core.package_discovery:discover_packages(path) discover
[1.061s] Level 1:colcon.colcon_core.package_discovery:discover_packages(path) using defaults
[1.089s] Level 1:colcon.colcon_core.package_discovery:discover_packages(prefix_path) check parameters
[1.089s] Level 1:colcon.colcon_core.package_discovery:discover_packages(prefix_path) discover
[1.092s] DEBUG:colcon.colcon_installed_package_information.package_discovery:Found 318 installed packages in /opt/ros/jazzy
[1.094s] Level 1:colcon.colcon_core.package_discovery:discover_packages(prefix_path) using defaults
[1.147s] Level 5:colcon.colcon_core.verb:set package 'aggregated_pointcloud' build argument 'cmake_args' from command line to 'None'
[1.147s] Level 5:colcon.colcon_core.verb:set package 'aggregated_pointcloud' build argument 'cmake_target' from command line to 'None'
[1.147s] Level 5:colcon.colcon_core.verb:set package 'aggregated_pointcloud' build argument 'cmake_target_skip_unavailable' from command line to 'False'
[1.147s] Level 5:colcon.colcon_core.verb:set package 'aggregated_pointcloud' build argument 'cmake_clean_cache' from command line to 'False'
[1.147s] Level 5:colcon.colcon_core.verb:set package 'aggregated_pointcloud' build argument 'cmake_clean_first' from command line to 'False'
[1.147s] Level 5:colcon.colcon_core.verb:set package 'aggregated_pointcloud' build argument 'cmake_force_configure' from command line to 'False'
[1.147s] Level 5:colcon.colcon_core.verb:set package 'aggregated_pointcloud' build argument 'ament_cmake_args' from command line to 'None'
[1.147s] Level 5:colcon.colcon_core.verb:set package 'aggregated_pointcloud' build argument 'catkin_cmake_args' from command line to 'None'
[1.147s] Level 5:colcon.colcon_core.verb:set package 'aggregated_pointcloud' build argument 'catkin_skip_building_tests' from command line to 'False'
[1.147s] DEBUG:colcon.colcon_core.verb:Building package 'aggregated_pointcloud' with the following arguments: {'ament_cmake_args': None, 'build_base': '/home/lexij/roselab-perception/build/aggregated_pointcloud', 'catkin_cmake_args': None, 'catkin_skip_building_tests': False, 'cmake_args': None, 'cmake_clean_cache': False, 'cmake_clean_first': False, 'cmake_force_configure': False, 'cmake_target': None, 'cmake_target_skip_unavailable': False, 'install_base': '/home/lexij/roselab-perception/install/aggregated_pointcloud', 'merge_install': False, 'path': '/home/lexij/roselab-perception/ros/src/aggregated_pointcloud', 'symlink_install': False, 'test_result_base': None}
[1.147s] Level 5:colcon.colcon_core.verb:set package 'gantry_lidar_interfaces' build argument 'cmake_args' from command line to 'None'
[1.148s] Level 5:colcon.colcon_core.verb:set package 'gantry_lidar_interfaces' build argument 'cmake_target' from command line to 'None'
[1.148s] Level 5:colcon.colcon_core.verb:set package 'gantry_lidar_interfaces' build argument 'cmake_target_skip_unavailable' from command line to 'False'
[1.148s] Level 5:colcon.colcon_core.verb:set package 'gantry_lidar_interfaces' build argument 'cmake_clean_cache' from command line to 'False'
[1.148s] Level 5:colcon.colcon_core.verb:set package 'gantry_lidar_interfaces' build argument 'cmake_clean_first' from command line to 'False'
[1.148s] Level 5:colcon.colcon_core.verb:set package 'gantry_lidar_interfaces' build argument 'cmake_force_configure' from command line to 'False'
[1.148s] Level 5:colcon.colcon_core.verb:set package 'gantry_lidar_interfaces' build argument 'ament_cmake_args' from command line to 'None'
[1.148s] Level 5:colcon.colcon_core.verb:set package 'gantry_lidar_interfaces' build argument 'catkin_cmake_args' from command line to 'None'
[1.148s] Level 5:colcon.colcon_core.verb:set package 'gantry_lidar_interfaces' build argument 'catkin_skip_building_tests' from command line to 'False'
[1.148s] DEBUG:colcon.colcon_core.verb:Building package 'gantry_lidar_interfaces' with the following arguments: {'ament_cmake_args': None, 'build_base': '/home/lexij/roselab-perception/build/gantry_lidar_interfaces', 'catkin_cmake_args': None, 'catkin_skip_building_tests': False, 'cmake_args': None, 'cmake_clean_cache': False, 'cmake_clean_first': False, 'cmake_force_configure': False, 'cmake_target': None, 'cmake_target_skip_unavailable': False, 'install_base': '/home/lexij/roselab-perception/install/gantry_lidar_interfaces', 'merge_install': False, 'path': '/home/lexij/roselab-perception/ros/src/gantry_lidar_interfaces', 'symlink_install': False, 'test_result_base': None}
[1.148s] Level 5:colcon.colcon_core.verb:set package 'mastcam_pointcloud' build argument 'cmake_args' from command line to 'None'
[1.148s] Level 5:colcon.colcon_core.verb:set package 'mastcam_pointcloud' build argument 'cmake_target' from command line to 'None'
[1.148s] Level 5:colcon.colcon_core.verb:set package 'mastcam_pointcloud' build argument 'cmake_target_skip_unavailable' from command line to 'False'
[1.148s] Level 5:colcon.colcon_core.verb:set package 'mastcam_pointcloud' build argument 'cmake_clean_cache' from command line to 'False'
[1.148s] Level 5:colcon.colcon_core.verb:set package 'mastcam_pointcloud' build argument 'cmake_clean_first' from command line to 'False'
[1.148s] Level 5:colcon.colcon_core.verb:set package 'mastcam_pointcloud' build argument 'cmake_force_configure' from command line to 'False'
[1.148s] Level 5:colcon.colcon_core.verb:set package 'mastcam_pointcloud' build argument 'ament_cmake_args' from command line to 'None'
[1.148s] Level 5:colcon.colcon_core.verb:set package 'mastcam_pointcloud' build argument 'catkin_cmake_args' from command line to 'None'
[1.148s] Level 5:colcon.colcon_core.verb:set package 'mastcam_pointcloud' build argument 'catkin_skip_building_tests' from command line to 'False'
[1.148s] DEBUG:colcon.colcon_core.verb:Building package 'mastcam_pointcloud' with the following arguments: {'ament_cmake_args': None, 'build_base': '/home/lexij/roselab-perception/build/mastcam_pointcloud', 'catkin_cmake_args': None, 'catkin_skip_building_tests': False, 'cmake_args': None, 'cmake_clean_cache': False, 'cmake_clean_first': False, 'cmake_force_configure': False, 'cmake_target': None, 'cmake_target_skip_unavailable': False, 'install_base': '/home/lexij/roselab-perception/install/mastcam_pointcloud', 'merge_install': False, 'path': '/home/lexij/roselab-perception/ros/src/mastcam_pointcloud', 'symlink_install': False, 'test_result_base': None}
[1.148s] Level 5:colcon.colcon_core.verb:set package 'realsense_bag_recorder_cpp' build argument 'cmake_args' from command line to 'None'
[1.149s] Level 5:colcon.colcon_core.verb:set package 'realsense_bag_recorder_cpp' build argument 'cmake_target' from command line to 'None'
[1.149s] Level 5:colcon.colcon_core.verb:set package 'realsense_bag_recorder_cpp' build argument 'cmake_target_skip_unavailable' from command line to 'False'
[1.149s] Level 5:colcon.colcon_core.verb:set package 'realsense_bag_recorder_cpp' build argument 'cmake_clean_cache' from command line to 'False'
[1.149s] Level 5:colcon.colcon_core.verb:set package 'realsense_bag_recorder_cpp' build argument 'cmake_clean_first' from command line to 'False'
[1.149s] Level 5:colcon.colcon_core.verb:set package 'realsense_bag_recorder_cpp' build argument 'cmake_force_configure' from command line to 'False'
[1.149s] Level 5:colcon.colcon_core.verb:set package 'realsense_bag_recorder_cpp' build argument 'ament_cmake_args' from command line to 'None'
[1.149s] Level 5:colcon.colcon_core.verb:set package 'realsense_bag_recorder_cpp' build argument 'catkin_cmake_args' from command line to 'None'
[1.149s] Level 5:colcon.colcon_core.verb:set package 'realsense_bag_recorder_cpp' build argument 'catkin_skip_building_tests' from command line to 'False'
[1.149s] DEBUG:colcon.colcon_core.verb:Building package 'realsense_bag_recorder_cpp' with the following arguments: {'ament_cmake_args': None, 'build_base': '/home/lexij/roselab-perception/build/realsense_bag_recorder_cpp', 'catkin_cmake_args': None, 'catkin_skip_building_tests': False, 'cmake_args': None, 'cmake_clean_cache': False, 'cmake_clean_first': False, 'cmake_force_configure': False, 'cmake_target': None, 'cmake_target_skip_unavailable': False, 'install_base': '/home/lexij/roselab-perception/install/realsense_bag_recorder_cpp', 'merge_install': False, 'path': '/home/lexij/roselab-perception/ros/src/realsense_bag_recorder_cpp', 'symlink_install': False, 'test_result_base': None}
[1.149s] Level 5:colcon.colcon_core.verb:set package 'gantry_services' build argument 'cmake_args' from command line to 'None'
[1.149s] Level 5:colcon.colcon_core.verb:set package 'gantry_services' build argument 'cmake_target' from command line to 'None'
[1.149s] Level 5:colcon.colcon_core.verb:set package 'gantry_services' build argument 'cmake_target_skip_unavailable' from command line to 'False'
[1.149s] Level 5:colcon.colcon_core.verb:set package 'gantry_services' build argument 'cmake_clean_cache' from command line to 'False'
[1.149s] Level 5:colcon.colcon_core.verb:set package 'gantry_services' build argument 'cmake_clean_first' from command line to 'False'
[1.149s] Level 5:colcon.colcon_core.verb:set package 'gantry_services' build argument 'cmake_force_configure' from command line to 'False'
[1.149s] Level 5:colcon.colcon_core.verb:set package 'gantry_services' build argument 'ament_cmake_args' from command line to 'None'
[1.149s] Level 5:colcon.colcon_core.verb:set package 'gantry_services' build argument 'catkin_cmake_args' from command line to 'None'
[1.149s] Level 5:colcon.colcon_core.verb:set package 'gantry_services' build argument 'catkin_skip_building_tests' from command line to 'False'
[1.149s] DEBUG:colcon.colcon_core.verb:Building package 'gantry_services' with the following arguments: {'ament_cmake_args': None, 'build_base': '/home/lexij/roselab-perception/build/gantry_services', 'catkin_cmake_args': None, 'catkin_skip_building_tests': False, 'cmake_args': None, 'cmake_clean_cache': False, 'cmake_clean_first': False, 'cmake_force_configure': False, 'cmake_target': None, 'cmake_target_skip_unavailable': False, 'install_base': '/home/lexij/roselab-perception/install/gantry_services', 'merge_install': False, 'path': '/home/lexij/roselab-perception/ros/src/gantry_services', 'symlink_install': False, 'test_result_base': None}
[1.149s] Level 5:colcon.colcon_core.verb:set package 'scan_automation' build argument 'cmake_args' from command line to 'None'
[1.149s] Level 5:colcon.colcon_core.verb:set package 'scan_automation' build argument 'cmake_target' from command line to 'None'
[1.149s] Level 5:colcon.colcon_core.verb:set package 'scan_automation' build argument 'cmake_target_skip_unavailable' from command line to 'False'
[1.150s] Level 5:colcon.colcon_core.verb:set package 'scan_automation' build argument 'cmake_clean_cache' from command line to 'False'
[1.150s] Level 5:colcon.colcon_core.verb:set package 'scan_automation' build argument 'cmake_clean_first' from command line to 'False'
[1.150s] Level 5:colcon.colcon_core.verb:set package 'scan_automation' build argument 'cmake_force_configure' from command line to 'False'
[1.150s] Level 5:colcon.colcon_core.verb:set package 'scan_automation' build argument 'ament_cmake_args' from command line to 'None'
[1.150s] Level 5:colcon.colcon_core.verb:set package 'scan_automation' build argument 'catkin_cmake_args' from command line to 'None'
[1.150s] Level 5:colcon.colcon_core.verb:set package 'scan_automation' build argument 'catkin_skip_building_tests' from command line to 'False'
[1.150s] DEBUG:colcon.colcon_core.verb:Building package 'scan_automation' with the following arguments: {'ament_cmake_args': None, 'build_base': '/home/lexij/roselab-perception/build/scan_automation', 'catkin_cmake_args': None, 'catkin_skip_building_tests': False, 'cmake_args': None, 'cmake_clean_cache': False, 'cmake_clean_first': False, 'cmake_force_configure': False, 'cmake_target': None, 'cmake_target_skip_unavailable': False, 'install_base': '/home/lexij/roselab-perception/install/scan_automation', 'merge_install': False, 'path': '/home/lexij/roselab-perception/ros/src/scan_automation', 'symlink_install': False, 'test_result_base': None}
[1.150s] INFO:colcon.colcon_core.executor:Executing jobs using 'parallel' executor
[1.152s] DEBUG:colcon.colcon_parallel_executor.executor.parallel:run_until_complete
[1.152s] INFO:colcon.colcon_ros.task.ament_cmake.build:Building ROS package in '/home/lexij/roselab-perception/ros/src/gantry_lidar_interfaces' with build type 'ament_cmake'
[1.154s] INFO:colcon.colcon_cmake.task.cmake.build:Building CMake package in '/home/lexij/roselab-perception/ros/src/gantry_lidar_interfaces'
[1.155s] INFO:colcon.colcon_core.plugin_system:Skipping extension 'colcon_core.shell.bat': Not used on non-Windows systems
[1.156s] INFO:colcon.colcon_core.shell:Skip shell extension 'powershell' for command environment: Not usable outside of PowerShell
[1.156s] DEBUG:colcon.colcon_core.shell:Skip shell extension 'dsv' for command environment
[1.160s] INFO:colcon.colcon_ros.task.ament_python.build:Building ROS package in '/home/lexij/roselab-perception/ros/src/aggregated_pointcloud' with build type 'ament_python'
[1.160s] Level 1:colcon.colcon_core.shell:create_environment_hook('aggregated_pointcloud', 'ament_prefix_path')
[1.161s] INFO:colcon.colcon_core.shell:Creating environment hook '/home/lexij/roselab-perception/install/aggregated_pointcloud/share/aggregated_pointcloud/hook/ament_prefix_path.ps1'
[1.162s] INFO:colcon.colcon_core.shell:Creating environment descriptor '/home/lexij/roselab-perception/install/aggregated_pointcloud/share/aggregated_pointcloud/hook/ament_prefix_path.dsv'
[1.162s] INFO:colcon.colcon_core.shell:Creating environment hook '/home/lexij/roselab-perception/install/aggregated_pointcloud/share/aggregated_pointcloud/hook/ament_prefix_path.sh'
[1.163s] INFO:colcon.colcon_core.shell:Skip shell extension 'powershell' for command environment: Not usable outside of PowerShell
[1.163s] DEBUG:colcon.colcon_core.shell:Skip shell extension 'dsv' for command environment
[1.169s] INFO:colcon.colcon_ros.task.ament_python.build:Building ROS package in '/home/lexij/roselab-perception/ros/src/mastcam_pointcloud' with build type 'ament_python'
[1.169s] Level 1:colcon.colcon_core.shell:create_environment_hook('mastcam_pointcloud', 'ament_prefix_path')
[1.170s] INFO:colcon.colcon_core.shell:Creating environment hook '/home/lexij/roselab-perception/install/mastcam_pointcloud/share/mastcam_pointcloud/hook/ament_prefix_path.ps1'
[1.171s] INFO:colcon.colcon_core.shell:Creating environment descriptor '/home/lexij/roselab-perception/install/mastcam_pointcloud/share/mastcam_pointcloud/hook/ament_prefix_path.dsv'
[1.172s] INFO:colcon.colcon_core.shell:Creating environment hook '/home/lexij/roselab-perception/install/mastcam_pointcloud/share/mastcam_pointcloud/hook/ament_prefix_path.sh'
[1.173s] INFO:colcon.colcon_core.shell:Skip shell extension 'powershell' for command environment: Not usable outside of PowerShell
[1.173s] DEBUG:colcon.colcon_core.shell:Skip shell extension 'dsv' for command environment
[1.178s] INFO:colcon.colcon_ros.task.ament_cmake.build:Building ROS package in '/home/lexij/roselab-perception/ros/src/realsense_bag_recorder_cpp' with build type 'ament_cmake'
[1.178s] INFO:colcon.colcon_cmake.task.cmake.build:Building CMake package in '/home/lexij/roselab-perception/ros/src/realsense_bag_recorder_cpp'
[1.179s] INFO:colcon.colcon_core.shell:Skip shell extension 'powershell' for command environment: Not usable outside of PowerShell
[1.179s] DEBUG:colcon.colcon_core.shell:Skip shell extension 'dsv' for command environment
[1.198s] DEBUG:colcon.colcon_core.event_handler.log_command:Invoking command in '/home/lexij/roselab-perception/build/gantry_lidar_interfaces': CMAKE_PREFIX_PATH=${CMAKE_PREFIX_PATH}:/opt/ros/jazzy /usr/bin/cmake --build /home/lexij/roselab-perception/build/gantry_lidar_interfaces -- -j22 -l22
[1.517s] INFO:colcon.colcon_core.task.python.build:Building Python package in '/home/lexij/roselab-perception/ros/src/aggregated_pointcloud'
[1.517s] INFO:colcon.colcon_core.shell:Skip shell extension 'powershell' for command environment: Not usable outside of PowerShell
[1.517s] DEBUG:colcon.colcon_core.shell:Skip shell extension 'dsv' for command environment
[1.823s] INFO:colcon.colcon_core.task.python.build:Building Python package in '/home/lexij/roselab-perception/ros/src/mastcam_pointcloud'
[1.823s] INFO:colcon.colcon_core.shell:Skip shell extension 'powershell' for command environment: Not usable outside of PowerShell
[1.823s] DEBUG:colcon.colcon_core.shell:Skip shell extension 'dsv' for command environment
[1.834s] DEBUG:colcon.colcon_core.event_handler.log_command:Invoked command in '/home/lexij/roselab-perception/build/gantry_lidar_interfaces' returned '0': CMAKE_PREFIX_PATH=${CMAKE_PREFIX_PATH}:/opt/ros/jazzy /usr/bin/cmake --build /home/lexij/roselab-perception/build/gantry_lidar_interfaces -- -j22 -l22
[1.853s] DEBUG:colcon.colcon_core.event_handler.log_command:Invoking command in '/home/lexij/roselab-perception/build/gantry_lidar_interfaces': CMAKE_PREFIX_PATH=${CMAKE_PREFIX_PATH}:/opt/ros/jazzy /usr/bin/cmake --install /home/lexij/roselab-perception/build/gantry_lidar_interfaces
[1.860s] DEBUG:colcon.colcon_core.event_handler.log_command:Invoking command in '/home/lexij/roselab-perception/build/realsense_bag_recorder_cpp': CMAKE_PREFIX_PATH=${CMAKE_PREFIX_PATH}:/opt/ros/jazzy /usr/bin/cmake --build /home/lexij/roselab-perception/build/realsense_bag_recorder_cpp -- -j22 -l22
[2.056s] Level 1:colcon.colcon_core.environment:create_environment_scripts_only(gantry_lidar_interfaces)
[2.057s] DEBUG:colcon.colcon_core.event_handler.log_command:Invoked command in '/home/lexij/roselab-perception/build/gantry_lidar_interfaces' returned '0': CMAKE_PREFIX_PATH=${CMAKE_PREFIX_PATH}:/opt/ros/jazzy /usr/bin/cmake --install /home/lexij/roselab-perception/build/gantry_lidar_interfaces
[2.066s] Level 1:colcon.colcon_core.environment:checking '/home/lexij/roselab-perception/install/gantry_lidar_interfaces' for CMake module files
[2.069s] Level 1:colcon.colcon_core.environment:checking '/home/lexij/roselab-perception/install/gantry_lidar_interfaces' for CMake config files
[2.078s] Level 1:colcon.colcon_core.shell:create_environment_hook('gantry_lidar_interfaces', 'cmake_prefix_path')
[2.079s] INFO:colcon.colcon_core.shell:Creating environment hook '/home/lexij/roselab-perception/install/gantry_lidar_interfaces/share/gantry_lidar_interfaces/hook/cmake_prefix_path.ps1'
[2.081s] INFO:colcon.colcon_core.shell:Creating environment descriptor '/home/lexij/roselab-perception/install/gantry_lidar_interfaces/share/gantry_lidar_interfaces/hook/cmake_prefix_path.dsv'
[2.082s] INFO:colcon.colcon_core.shell:Creating environment hook '/home/lexij/roselab-perception/install/gantry_lidar_interfaces/share/gantry_lidar_interfaces/hook/cmake_prefix_path.sh'
[2.083s] Level 1:colcon.colcon_core.environment:checking '/home/lexij/roselab-perception/install/gantry_lidar_interfaces/lib'
[2.083s] Level 1:colcon.colcon_core.shell:create_environment_hook('gantry_lidar_interfaces', 'ld_library_path_lib')
[2.084s] INFO:colcon.colcon_core.shell:Creating environment hook '/home/lexij/roselab-perception/install/gantry_lidar_interfaces/share/gantry_lidar_interfaces/hook/ld_library_path_lib.ps1'
[2.085s] INFO:colcon.colcon_core.shell:Creating environment descriptor '/home/lexij/roselab-perception/install/gantry_lidar_interfaces/share/gantry_lidar_interfaces/hook/ld_library_path_lib.dsv'
[2.086s] INFO:colcon.colcon_core.shell:Creating environment hook '/home/lexij/roselab-perception/install/gantry_lidar_interfaces/share/gantry_lidar_interfaces/hook/ld_library_path_lib.sh'
[2.088s] Level 1:colcon.colcon_core.environment:checking '/home/lexij/roselab-perception/install/gantry_lidar_interfaces/bin'
[2.088s] Level 1:colcon.colcon_core.environment:checking '/home/lexij/roselab-perception/install/gantry_lidar_interfaces/lib/pkgconfig/gantry_lidar_interfaces.pc'
[2.089s] Level 1:colcon.colcon_core.environment:checking '/home/lexij/roselab-perception/install/gantry_lidar_interfaces/lib/python3.12/site-packages'
[2.089s] Level 1:colcon.colcon_core.shell:create_environment_hook('gantry_lidar_interfaces', 'pythonpath')
[2.090s] INFO:colcon.colcon_core.shell:Creating environment hook '/home/lexij/roselab-perception/install/gantry_lidar_interfaces/share/gantry_lidar_interfaces/hook/pythonpath.ps1'
[2.090s] INFO:colcon.colcon_core.shell:Creating environment descriptor '/home/lexij/roselab-perception/install/gantry_lidar_interfaces/share/gantry_lidar_interfaces/hook/pythonpath.dsv'
[2.091s] INFO:colcon.colcon_core.shell:Creating environment hook '/home/lexij/roselab-perception/install/gantry_lidar_interfaces/share/gantry_lidar_interfaces/hook/pythonpath.sh'
[2.092s] Level 1:colcon.colcon_core.environment:checking '/home/lexij/roselab-perception/install/gantry_lidar_interfaces/bin'
[2.093s] INFO:colcon.colcon_core.shell:Creating package script '/home/lexij/roselab-perception/install/gantry_lidar_interfaces/share/gantry_lidar_interfaces/package.ps1'
[2.094s] INFO:colcon.colcon_core.shell:Creating package descriptor '/home/lexij/roselab-perception/install/gantry_lidar_interfaces/share/gantry_lidar_interfaces/package.dsv'
[2.094s] INFO:colcon.colcon_core.shell:Creating package script '/home/lexij/roselab-perception/install/gantry_lidar_interfaces/share/gantry_lidar_interfaces/package.sh'
[2.095s] INFO:colcon.colcon_core.shell:Creating package script '/home/lexij/roselab-perception/install/gantry_lidar_interfaces/share/gantry_lidar_interfaces/package.bash'
[2.095s] INFO:colcon.colcon_core.shell:Creating package script '/home/lexij/roselab-perception/install/gantry_lidar_interfaces/share/gantry_lidar_interfaces/package.zsh'
[2.096s] Level 1:colcon.colcon_core.environment:create_file_with_runtime_dependencies(/home/lexij/roselab-perception/install/gantry_lidar_interfaces/share/colcon-core/packages/gantry_lidar_interfaces)
[2.097s] Level 1:colcon.colcon_core.environment:create_environment_scripts_only(gantry_lidar_interfaces)
[2.097s] Level 1:colcon.colcon_core.environment:checking '/home/lexij/roselab-perception/install/gantry_lidar_interfaces' for CMake module files
[2.098s] Level 1:colcon.colcon_core.environment:checking '/home/lexij/roselab-perception/install/gantry_lidar_interfaces' for CMake config files
[2.098s] Level 1:colcon.colcon_core.shell:create_environment_hook('gantry_lidar_interfaces', 'cmake_prefix_path')
[2.098s] INFO:colcon.colcon_core.shell:Creating environment hook '/home/lexij/roselab-perception/install/gantry_lidar_interfaces/share/gantry_lidar_interfaces/hook/cmake_prefix_path.ps1'
[2.099s] INFO:colcon.colcon_core.shell:Creating environment descriptor '/home/lexij/roselab-perception/install/gantry_lidar_interfaces/share/gantry_lidar_interfaces/hook/cmake_prefix_path.dsv'
[2.099s] INFO:colcon.colcon_core.shell:Creating environment hook '/home/lexij/roselab-perception/install/gantry_lidar_interfaces/share/gantry_lidar_interfaces/hook/cmake_prefix_path.sh'
[2.100s] Level 1:colcon.colcon_core.environment:checking '/home/lexij/roselab-perception/install/gantry_lidar_interfaces/lib'
[2.100s] Level 1:colcon.colcon_core.shell:create_environment_hook('gantry_lidar_interfaces', 'ld_library_path_lib')
[2.100s] INFO:colcon.colcon_core.shell:Creating environment hook '/home/lexij/roselab-perception/install/gantry_lidar_interfaces/share/gantry_lidar_interfaces/hook/ld_library_path_lib.ps1'
[2.101s] INFO:colcon.colcon_core.shell:Creating environment descriptor '/home/lexij/roselab-perception/install/gantry_lidar_interfaces/share/gantry_lidar_interfaces/hook/ld_library_path_lib.dsv'
[2.102s] INFO:colcon.colcon_core.shell:Creating environment hook '/home/lexij/roselab-perception/install/gantry_lidar_interfaces/share/gantry_lidar_interfaces/hook/ld_library_path_lib.sh'
[2.104s] Level 1:colcon.colcon_core.environment:checking '/home/lexij/roselab-perception/install/gantry_lidar_interfaces/bin'
[2.104s] Level 1:colcon.colcon_core.environment:checking '/home/lexij/roselab-perception/install/gantry_lidar_interfaces/lib/pkgconfig/gantry_lidar_interfaces.pc'
[2.105s] Level 1:colcon.colcon_core.environment:checking '/home/lexij/roselab-perception/install/gantry_lidar_interfaces/lib/python3.12/site-packages'
[2.105s] Level 1:colcon.colcon_core.shell:create_environment_hook('gantry_lidar_interfaces', 'pythonpath')
[2.105s] INFO:colcon.colcon_core.shell:Creating environment hook '/home/lexij/roselab-perception/install/gantry_lidar_interfaces/share/gantry_lidar_interfaces/hook/pythonpath.ps1'
[2.107s] INFO:colcon.colcon_core.shell:Creating environment descriptor '/home/lexij/roselab-perception/install/gantry_lidar_interfaces/share/gantry_lidar_interfaces/hook/pythonpath.dsv'
[2.108s] INFO:colcon.colcon_core.shell:Creating environment hook '/home/lexij/roselab-perception/install/gantry_lidar_interfaces/share/gantry_lidar_interfaces/hook/pythonpath.sh'
[2.109s] Level 1:colcon.colcon_core.environment:checking '/home/lexij/roselab-perception/install/gantry_lidar_interfaces/bin'
[2.109s] INFO:colcon.colcon_core.shell:Creating package script '/home/lexij/roselab-perception/install/gantry_lidar_interfaces/share/gantry_lidar_interfaces/package.ps1'
[2.110s] INFO:colcon.colcon_core.shell:Creating package descriptor '/home/lexij/roselab-perception/install/gantry_lidar_interfaces/share/gantry_lidar_interfaces/package.dsv'
[2.110s] INFO:colcon.colcon_core.shell:Creating package script '/home/lexij/roselab-perception/install/gantry_lidar_interfaces/share/gantry_lidar_interfaces/package.sh'
[2.111s] INFO:colcon.colcon_core.shell:Creating package script '/home/lexij/roselab-perception/install/gantry_lidar_interfaces/share/gantry_lidar_interfaces/package.bash'
[2.111s] INFO:colcon.colcon_core.shell:Creating package script '/home/lexij/roselab-perception/install/gantry_lidar_interfaces/share/gantry_lidar_interfaces/package.zsh'
[2.112s] Level 1:colcon.colcon_core.environment:create_file_with_runtime_dependencies(/home/lexij/roselab-perception/install/gantry_lidar_interfaces/share/colcon-core/packages/gantry_lidar_interfaces)
[2.112s] INFO:colcon.colcon_ros.task.ament_python.build:Building ROS package in '/home/lexij/roselab-perception/ros/src/gantry_services' with build type 'ament_python'
[2.113s] Level 1:colcon.colcon_core.shell:create_environment_hook('gantry_services', 'ament_prefix_path')
[2.113s] INFO:colcon.colcon_core.shell:Creating environment hook '/home/lexij/roselab-perception/install/gantry_services/share/gantry_services/hook/ament_prefix_path.ps1'
[2.116s] INFO:colcon.colcon_core.shell:Creating environment descriptor '/home/lexij/roselab-perception/install/gantry_services/share/gantry_services/hook/ament_prefix_path.dsv'
[2.117s] INFO:colcon.colcon_core.shell:Creating environment hook '/home/lexij/roselab-perception/install/gantry_services/share/gantry_services/hook/ament_prefix_path.sh'
[2.119s] INFO:colcon.colcon_core.shell:Skip shell extension 'powershell' for command environment: Not usable outside of PowerShell
[2.119s] DEBUG:colcon.colcon_core.shell:Skip shell extension 'dsv' for command environment
[2.123s] INFO:colcon.colcon_ros.task.ament_python.build:Building ROS package in '/home/lexij/roselab-perception/ros/src/scan_automation' with build type 'ament_python'
[2.124s] Level 1:colcon.colcon_core.shell:create_environment_hook('scan_automation', 'ament_prefix_path')
[2.124s] INFO:colcon.colcon_core.shell:Creating environment hook '/home/lexij/roselab-perception/install/scan_automation/share/scan_automation/hook/ament_prefix_path.ps1'
[2.126s] INFO:colcon.colcon_core.shell:Creating environment descriptor '/home/lexij/roselab-perception/install/scan_automation/share/scan_automation/hook/ament_prefix_path.dsv'
[2.127s] INFO:colcon.colcon_core.shell:Creating environment hook '/home/lexij/roselab-perception/install/scan_automation/share/scan_automation/hook/ament_prefix_path.sh'
[2.128s] INFO:colcon.colcon_core.shell:Skip shell extension 'powershell' for command environment: Not usable outside of PowerShell
[2.128s] DEBUG:colcon.colcon_core.shell:Skip shell extension 'dsv' for command environment
[2.755s] INFO:colcon.colcon_core.task.python.build:Building Python package in '/home/lexij/roselab-perception/ros/src/gantry_services'
[2.755s] INFO:colcon.colcon_core.shell:Skip shell extension 'powershell' for command environment: Not usable outside of PowerShell
[2.755s] DEBUG:colcon.colcon_core.shell:Skip shell extension 'dsv' for command environment
[3.068s] INFO:colcon.colcon_core.task.python.build:Building Python package in '/home/lexij/roselab-perception/ros/src/scan_automation'
[3.068s] INFO:colcon.colcon_core.shell:Skip shell extension 'powershell' for command environment: Not usable outside of PowerShell
[3.068s] DEBUG:colcon.colcon_core.shell:Skip shell extension 'dsv' for command environment
[3.074s] DEBUG:colcon.colcon_core.event_handler.log_command:Invoked command in '/home/lexij/roselab-perception/build/realsense_bag_recorder_cpp' returned '0': CMAKE_PREFIX_PATH=${CMAKE_PREFIX_PATH}:/opt/ros/jazzy /usr/bin/cmake --build /home/lexij/roselab-perception/build/realsense_bag_recorder_cpp -- -j22 -l22
[3.085s] DEBUG:colcon.colcon_core.event_handler.log_command:Invoking command in '/home/lexij/roselab-perception/build/realsense_bag_recorder_cpp': CMAKE_PREFIX_PATH=${CMAKE_PREFIX_PATH}:/opt/ros/jazzy /usr/bin/cmake --install /home/lexij/roselab-perception/build/realsense_bag_recorder_cpp
[3.091s] DEBUG:colcon.colcon_core.event_handler.log_command:Invoking command in '/home/lexij/roselab-perception/ros/src/aggregated_pointcloud': PYTHONPATH=/home/lexij/roselab-perception/build/aggregated_pointcloud/prefix_override:/usr/lib/python3/dist-packages/colcon_core/task/python/colcon_distutils_commands:/home/lexij/roselab-perception/install/aggregated_pointcloud/lib/python3.12/site-packages:${PYTHONPATH} /usr/bin/python3 -W ignore:setup.py install is deprecated -W ignore:easy_install command is deprecated setup.py egg_info --egg-base ../../../build/aggregated_pointcloud build --build-base /home/lexij/roselab-perception/build/aggregated_pointcloud/build install --record /home/lexij/roselab-perception/build/aggregated_pointcloud/install.log --single-version-externally-managed install_data
[3.098s] DEBUG:colcon.colcon_core.event_handler.log_command:Invoking command in '/home/lexij/roselab-perception/ros/src/mastcam_pointcloud': PYTHONPATH=/home/lexij/roselab-perception/build/mastcam_pointcloud/prefix_override:/usr/lib/python3/dist-packages/colcon_core/task/python/colcon_distutils_commands:/home/lexij/roselab-perception/install/mastcam_pointcloud/lib/python3.12/site-packages:${PYTHONPATH} /usr/bin/python3 -W ignore:setup.py install is deprecated -W ignore:easy_install command is deprecated setup.py egg_info --egg-base ../../../build/mastcam_pointcloud build --build-base /home/lexij/roselab-perception/build/mastcam_pointcloud/build install --record /home/lexij/roselab-perception/build/mastcam_pointcloud/install.log --single-version-externally-managed install_data
[3.239s] Level 1:colcon.colcon_core.environment:create_environment_scripts_only(realsense_bag_recorder_cpp)
[3.239s] Level 1:colcon.colcon_core.environment:checking '/home/lexij/roselab-perception/install/realsense_bag_recorder_cpp' for CMake module files
[3.241s] DEBUG:colcon.colcon_core.event_handler.log_command:Invoked command in '/home/lexij/roselab-perception/build/realsense_bag_recorder_cpp' returned '0': CMAKE_PREFIX_PATH=${CMAKE_PREFIX_PATH}:/opt/ros/jazzy /usr/bin/cmake --install /home/lexij/roselab-perception/build/realsense_bag_recorder_cpp
[3.242s] Level 1:colcon.colcon_core.environment:checking '/home/lexij/roselab-perception/install/realsense_bag_recorder_cpp' for CMake config files
[3.244s] Level 1:colcon.colcon_core.shell:create_environment_hook('realsense_bag_recorder_cpp', 'cmake_prefix_path')
[3.245s] INFO:colcon.colcon_core.shell:Creating environment hook '/home/lexij/roselab-perception/install/realsense_bag_recorder_cpp/share/realsense_bag_recorder_cpp/hook/cmake_prefix_path.ps1'
[3.246s] INFO:colcon.colcon_core.shell:Creating environment descriptor '/home/lexij/roselab-perception/install/realsense_bag_recorder_cpp/share/realsense_bag_recorder_cpp/hook/cmake_prefix_path.dsv'
[3.246s] INFO:colcon.colcon_core.shell:Creating environment hook '/home/lexij/roselab-perception/install/realsense_bag_recorder_cpp/share/realsense_bag_recorder_cpp/hook/cmake_prefix_path.sh'
[3.247s] Level 1:colcon.colcon_core.environment:checking '/home/lexij/roselab-perception/install/realsense_bag_recorder_cpp/lib'
[3.247s] Level 1:colcon.colcon_core.shell:create_environment_hook('realsense_bag_recorder_cpp', 'ld_library_path_lib')
[3.247s] INFO:colcon.colcon_core.shell:Creating environment hook '/home/lexij/roselab-perception/install/realsense_bag_recorder_cpp/share/realsense_bag_recorder_cpp/hook/ld_library_path_lib.ps1'
[3.248s] INFO:colcon.colcon_core.shell:Creating environment descriptor '/home/lexij/roselab-perception/install/realsense_bag_recorder_cpp/share/realsense_bag_recorder_cpp/hook/ld_library_path_lib.dsv'
[3.248s] INFO:colcon.colcon_core.shell:Creating environment hook '/home/lexij/roselab-perception/install/realsense_bag_recorder_cpp/share/realsense_bag_recorder_cpp/hook/ld_library_path_lib.sh'
[3.248s] Level 1:colcon.colcon_core.environment:checking '/home/lexij/roselab-perception/install/realsense_bag_recorder_cpp/bin'
[3.249s] Level 1:colcon.colcon_core.environment:checking '/home/lexij/roselab-perception/install/realsense_bag_recorder_cpp/lib/pkgconfig/realsense_bag_recorder_cpp.pc'
[3.249s] Level 1:colcon.colcon_core.environment:checking '/home/lexij/roselab-perception/install/realsense_bag_recorder_cpp/lib/python3.12/site-packages'
[3.249s] Level 1:colcon.colcon_core.shell:create_environment_hook('realsense_bag_recorder_cpp', 'pythonpath')
[3.249s] INFO:colcon.colcon_core.shell:Creating environment hook '/home/lexij/roselab-perception/install/realsense_bag_recorder_cpp/share/realsense_bag_recorder_cpp/hook/pythonpath.ps1'
[3.250s] INFO:colcon.colcon_core.shell:Creating environment descriptor '/home/lexij/roselab-perception/install/realsense_bag_recorder_cpp/share/realsense_bag_recorder_cpp/hook/pythonpath.dsv'
[3.250s] INFO:colcon.colcon_core.shell:Creating environment hook '/home/lexij/roselab-perception/install/realsense_bag_recorder_cpp/share/realsense_bag_recorder_cpp/hook/pythonpath.sh'
[3.251s] Level 1:colcon.colcon_core.environment:checking '/home/lexij/roselab-perception/install/realsense_bag_recorder_cpp/bin'
[3.251s] INFO:colcon.colcon_core.shell:Creating package script '/home/lexij/roselab-perception/install/realsense_bag_recorder_cpp/share/realsense_bag_recorder_cpp/package.ps1'
[3.251s] INFO:colcon.colcon_core.shell:Creating package descriptor '/home/lexij/roselab-perception/install/realsense_bag_recorder_cpp/share/realsense_bag_recorder_cpp/package.dsv'
[3.252s] INFO:colcon.colcon_core.shell:Creating package script '/home/lexij/roselab-perception/install/realsense_bag_recorder_cpp/share/realsense_bag_recorder_cpp/package.sh'
[3.253s] INFO:colcon.colcon_core.shell:Creating package script '/home/lexij/roselab-perception/install/realsense_bag_recorder_cpp/share/realsense_bag_recorder_cpp/package.bash'
[3.253s] INFO:colcon.colcon_core.shell:Creating package script '/home/lexij/roselab-perception/install/realsense_bag_recorder_cpp/share/realsense_bag_recorder_cpp/package.zsh'
[3.254s] Level 1:colcon.colcon_core.environment:create_file_with_runtime_dependencies(/home/lexij/roselab-perception/install/realsense_bag_recorder_cpp/share/colcon-core/packages/realsense_bag_recorder_cpp)
[3.255s] Level 1:colcon.colcon_core.environment:create_environment_scripts_only(realsense_bag_recorder_cpp)
[3.255s] Level 1:colcon.colcon_core.environment:checking '/home/lexij/roselab-perception/install/realsense_bag_recorder_cpp' for CMake module files
[3.256s] Level 1:colcon.colcon_core.environment:checking '/home/lexij/roselab-perception/install/realsense_bag_recorder_cpp' for CMake config files
[3.257s] Level 1:colcon.colcon_core.shell:create_environment_hook('realsense_bag_recorder_cpp', 'cmake_prefix_path')
[3.257s] INFO:colcon.colcon_core.shell:Creating environment hook '/home/lexij/roselab-perception/install/realsense_bag_recorder_cpp/share/realsense_bag_recorder_cpp/hook/cmake_prefix_path.ps1'
[3.258s] INFO:colcon.colcon_core.shell:Creating environment descriptor '/home/lexij/roselab-perception/install/realsense_bag_recorder_cpp/share/realsense_bag_recorder_cpp/hook/cmake_prefix_path.dsv'
[3.258s] INFO:colcon.colcon_core.shell:Creating environment hook '/home/lexij/roselab-perception/install/realsense_bag_recorder_cpp/share/realsense_bag_recorder_cpp/hook/cmake_prefix_path.sh'
[3.259s] Level 1:colcon.colcon_core.environment:checking '/home/lexij/roselab-perception/install/realsense_bag_recorder_cpp/lib'
[3.259s] Level 1:colcon.colcon_core.shell:create_environment_hook('realsense_bag_recorder_cpp', 'ld_library_path_lib')
[3.259s] INFO:colcon.colcon_core.shell:Creating environment hook '/home/lexij/roselab-perception/install/realsense_bag_recorder_cpp/share/realsense_bag_recorder_cpp/hook/ld_library_path_lib.ps1'
[3.260s] INFO:colcon.colcon_core.shell:Creating environment descriptor '/home/lexij/roselab-perception/install/realsense_bag_recorder_cpp/share/realsense_bag_recorder_cpp/hook/ld_library_path_lib.dsv'
[3.260s] INFO:colcon.colcon_core.shell:Creating environment hook '/home/lexij/roselab-perception/install/realsense_bag_recorder_cpp/share/realsense_bag_recorder_cpp/hook/ld_library_path_lib.sh'
[3.261s] Level 1:colcon.colcon_core.environment:checking '/home/lexij/roselab-perception/install/realsense_bag_recorder_cpp/bin'
[3.261s] Level 1:colcon.colcon_core.environment:checking '/home/lexij/roselab-perception/install/realsense_bag_recorder_cpp/lib/pkgconfig/realsense_bag_recorder_cpp.pc'
[3.261s] Level 1:colcon.colcon_core.environment:checking '/home/lexij/roselab-perception/install/realsense_bag_recorder_cpp/lib/python3.12/site-packages'
[3.261s] Level 1:colcon.colcon_core.shell:create_environment_hook('realsense_bag_recorder_cpp', 'pythonpath')
[3.261s] INFO:colcon.colcon_core.shell:Creating environment hook '/home/lexij/roselab-perception/install/realsense_bag_recorder_cpp/share/realsense_bag_recorder_cpp/hook/pythonpath.ps1'
[3.263s] INFO:colcon.colcon_core.shell:Creating environment descriptor '/home/lexij/roselab-perception/install/realsense_bag_recorder_cpp/share/realsense_bag_recorder_cpp/hook/pythonpath.dsv'
[3.263s] INFO:colcon.colcon_core.shell:Creating environment hook '/home/lexij/roselab-perception/install/realsense_bag_recorder_cpp/share/realsense_bag_recorder_cpp/hook/pythonpath.sh'
[3.264s] Level 1:colcon.colcon_core.environment:checking '/home/lexij/roselab-perception/install/realsense_bag_recorder_cpp/bin'
[3.264s] INFO:colcon.colcon_core.shell:Creating package script '/home/lexij/roselab-perception/install/realsense_bag_recorder_cpp/share/realsense_bag_recorder_cpp/package.ps1'
[3.266s] INFO:colcon.colcon_core.shell:Creating package descriptor '/home/lexij/roselab-perception/install/realsense_bag_recorder_cpp/share/realsense_bag_recorder_cpp/package.dsv'
[3.267s] INFO:colcon.colcon_core.shell:Creating package script '/home/lexij/roselab-perception/install/realsense_bag_recorder_cpp/share/realsense_bag_recorder_cpp/package.sh'
[3.269s] INFO:colcon.colcon_core.shell:Creating package script '/home/lexij/roselab-perception/install/realsense_bag_recorder_cpp/share/realsense_bag_recorder_cpp/package.bash'
[3.269s] INFO:colcon.colcon_core.shell:Creating package script '/home/lexij/roselab-perception/install/realsense_bag_recorder_cpp/share/realsense_bag_recorder_cpp/package.zsh'
[3.270s] Level 1:colcon.colcon_core.environment:create_file_with_runtime_dependencies(/home/lexij/roselab-perception/install/realsense_bag_recorder_cpp/share/colcon-core/packages/realsense_bag_recorder_cpp)
[3.876s] Level 1:colcon.colcon_core.environment:checking '/home/lexij/roselab-perception/install/mastcam_pointcloud' for CMake module files
[3.877s] DEBUG:colcon.colcon_core.event_handler.log_command:Invoked command in '/home/lexij/roselab-perception/ros/src/mastcam_pointcloud' returned '0': PYTHONPATH=/home/lexij/roselab-perception/build/mastcam_pointcloud/prefix_override:/usr/lib/python3/dist-packages/colcon_core/task/python/colcon_distutils_commands:/home/lexij/roselab-perception/install/mastcam_pointcloud/lib/python3.12/site-packages:${PYTHONPATH} /usr/bin/python3 -W ignore:setup.py install is deprecated -W ignore:easy_install command is deprecated setup.py egg_info --egg-base ../../../build/mastcam_pointcloud build --build-base /home/lexij/roselab-perception/build/mastcam_pointcloud/build install --record /home/lexij/roselab-perception/build/mastcam_pointcloud/install.log --single-version-externally-managed install_data
[3.878s] Level 1:colcon.colcon_core.environment:checking '/home/lexij/roselab-perception/install/mastcam_pointcloud' for CMake config files
[3.880s] Level 1:colcon.colcon_core.environment:checking '/home/lexij/roselab-perception/install/mastcam_pointcloud/lib'
[3.880s] Level 1:colcon.colcon_core.environment:checking '/home/lexij/roselab-perception/install/mastcam_pointcloud/bin'
[3.880s] Level 1:colcon.colcon_core.environment:checking '/home/lexij/roselab-perception/install/mastcam_pointcloud/lib/pkgconfig/mastcam_pointcloud.pc'
[3.880s] Level 1:colcon.colcon_core.environment:checking '/home/lexij/roselab-perception/install/mastcam_pointcloud/lib/python3.12/site-packages'
[3.881s] Level 1:colcon.colcon_core.shell:create_environment_hook('mastcam_pointcloud', 'pythonpath')
[3.881s] INFO:colcon.colcon_core.shell:Creating environment hook '/home/lexij/roselab-perception/install/mastcam_pointcloud/share/mastcam_pointcloud/hook/pythonpath.ps1'
[3.881s] INFO:colcon.colcon_core.shell:Creating environment descriptor '/home/lexij/roselab-perception/install/mastcam_pointcloud/share/mastcam_pointcloud/hook/pythonpath.dsv'
[3.882s] INFO:colcon.colcon_core.shell:Creating environment hook '/home/lexij/roselab-perception/install/mastcam_pointcloud/share/mastcam_pointcloud/hook/pythonpath.sh'
[3.883s] Level 1:colcon.colcon_core.environment:checking '/home/lexij/roselab-perception/install/mastcam_pointcloud/bin'
[3.883s] Level 1:colcon.colcon_core.environment:create_environment_scripts_only(mastcam_pointcloud)
[3.883s] INFO:colcon.colcon_core.shell:Creating package script '/home/lexij/roselab-perception/install/mastcam_pointcloud/share/mastcam_pointcloud/package.ps1'
[3.883s] INFO:colcon.colcon_core.shell:Creating package descriptor '/home/lexij/roselab-perception/install/mastcam_pointcloud/share/mastcam_pointcloud/package.dsv'
[3.884s] INFO:colcon.colcon_core.shell:Creating package script '/home/lexij/roselab-perception/install/mastcam_pointcloud/share/mastcam_pointcloud/package.sh'
[3.884s] INFO:colcon.colcon_core.shell:Creating package script '/home/lexij/roselab-perception/install/mastcam_pointcloud/share/mastcam_pointcloud/package.bash'
[3.885s] INFO:colcon.colcon_core.shell:Creating package script '/home/lexij/roselab-perception/install/mastcam_pointcloud/share/mastcam_pointcloud/package.zsh'
[3.885s] Level 1:colcon.colcon_core.environment:create_file_with_runtime_dependencies(/home/lexij/roselab-perception/install/mastcam_pointcloud/share/colcon-core/packages/mastcam_pointcloud)
[3.889s] Level 1:colcon.colcon_core.environment:checking '/home/lexij/roselab-perception/install/aggregated_pointcloud' for CMake module files
[3.890s] DEBUG:colcon.colcon_core.event_handler.log_command:Invoked command in '/home/lexij/roselab-perception/ros/src/aggregated_pointcloud' returned '0': PYTHONPATH=/home/lexij/roselab-perception/build/aggregated_pointcloud/prefix_override:/usr/lib/python3/dist-packages/colcon_core/task/python/colcon_distutils_commands:/home/lexij/roselab-perception/install/aggregated_pointcloud/lib/python3.12/site-packages:${PYTHONPATH} /usr/bin/python3 -W ignore:setup.py install is deprecated -W ignore:easy_install command is deprecated setup.py egg_info --egg-base ../../../build/aggregated_pointcloud build --build-base /home/lexij/roselab-perception/build/aggregated_pointcloud/build install --record /home/lexij/roselab-perception/build/aggregated_pointcloud/install.log --single-version-externally-managed install_data
[3.892s] Level 1:colcon.colcon_core.environment:checking '/home/lexij/roselab-perception/install/aggregated_pointcloud' for CMake config files
[3.893s] Level 1:colcon.colcon_core.environment:checking '/home/lexij/roselab-perception/install/aggregated_pointcloud/lib'
[3.893s] Level 1:colcon.colcon_core.environment:checking '/home/lexij/roselab-perception/install/aggregated_pointcloud/bin'
[3.893s] Level 1:colcon.colcon_core.environment:checking '/home/lexij/roselab-perception/install/aggregated_pointcloud/lib/pkgconfig/aggregated_pointcloud.pc'
[3.893s] Level 1:colcon.colcon_core.environment:checking '/home/lexij/roselab-perception/install/aggregated_pointcloud/lib/python3.12/site-packages'
[3.894s] Level 1:colcon.colcon_core.shell:create_environment_hook('aggregated_pointcloud', 'pythonpath')
[3.894s] INFO:colcon.colcon_core.shell:Creating environment hook '/home/lexij/roselab-perception/install/aggregated_pointcloud/share/aggregated_pointcloud/hook/pythonpath.ps1'
[3.894s] INFO:colcon.colcon_core.shell:Creating environment descriptor '/home/lexij/roselab-perception/install/aggregated_pointcloud/share/aggregated_pointcloud/hook/pythonpath.dsv'
[3.896s] INFO:colcon.colcon_core.shell:Creating environment hook '/home/lexij/roselab-perception/install/aggregated_pointcloud/share/aggregated_pointcloud/hook/pythonpath.sh'
[3.897s] Level 1:colcon.colcon_core.environment:checking '/home/lexij/roselab-perception/install/aggregated_pointcloud/bin'
[3.897s] Level 1:colcon.colcon_core.environment:create_environment_scripts_only(aggregated_pointcloud)
[3.898s] INFO:colcon.colcon_core.shell:Creating package script '/home/lexij/roselab-perception/install/aggregated_pointcloud/share/aggregated_pointcloud/package.ps1'
[3.899s] INFO:colcon.colcon_core.shell:Creating package descriptor '/home/lexij/roselab-perception/install/aggregated_pointcloud/share/aggregated_pointcloud/package.dsv'
[3.899s] INFO:colcon.colcon_core.shell:Creating package script '/home/lexij/roselab-perception/install/aggregated_pointcloud/share/aggregated_pointcloud/package.sh'
[3.900s] INFO:colcon.colcon_core.shell:Creating package script '/home/lexij/roselab-perception/install/aggregated_pointcloud/share/aggregated_pointcloud/package.bash'
[3.901s] INFO:colcon.colcon_core.shell:Creating package script '/home/lexij/roselab-perception/install/aggregated_pointcloud/share/aggregated_pointcloud/package.zsh'
[3.901s] Level 1:colcon.colcon_core.environment:create_file_with_runtime_dependencies(/home/lexij/roselab-perception/install/aggregated_pointcloud/share/colcon-core/packages/aggregated_pointcloud)
[3.939s] DEBUG:colcon.colcon_core.event_handler.log_command:Invoking command in '/home/lexij/roselab-perception/ros/src/gantry_services': AMENT_PREFIX_PATH=/home/lexij/roselab-perception/install/gantry_lidar_interfaces:${AMENT_PREFIX_PATH} CMAKE_PREFIX_PATH=/home/lexij/roselab-perception/install/gantry_lidar_interfaces:${CMAKE_PREFIX_PATH} LD_LIBRARY_PATH=/home/lexij/roselab-perception/install/gantry_lidar_interfaces/lib:${LD_LIBRARY_PATH} PYTHONPATH=/home/lexij/roselab-perception/build/gantry_services/prefix_override:/usr/lib/python3/dist-packages/colcon_core/task/python/colcon_distutils_commands:/home/lexij/roselab-perception/install/gantry_services/lib/python3.12/site-packages:/home/lexij/roselab-perception/install/gantry_lidar_interfaces/lib/python3.12/site-packages:${PYTHONPATH} /usr/bin/python3 -W ignore:setup.py install is deprecated -W ignore:easy_install command is deprecated setup.py egg_info --egg-base ../../../build/gantry_services build --build-base /home/lexij/roselab-perception/build/gantry_services/build install --record /home/lexij/roselab-perception/build/gantry_services/install.log --single-version-externally-managed install_data
[4.214s] DEBUG:colcon.colcon_core.event_handler.log_command:Invoking command in '/home/lexij/roselab-perception/ros/src/scan_automation': AMENT_PREFIX_PATH=/home/lexij/roselab-perception/install/gantry_lidar_interfaces:${AMENT_PREFIX_PATH} CMAKE_PREFIX_PATH=/home/lexij/roselab-perception/install/gantry_lidar_interfaces:${CMAKE_PREFIX_PATH} LD_LIBRARY_PATH=/home/lexij/roselab-perception/install/gantry_lidar_interfaces/lib:${LD_LIBRARY_PATH} PYTHONPATH=/home/lexij/roselab-perception/build/scan_automation/prefix_override:/usr/lib/python3/dist-packages/colcon_core/task/python/colcon_distutils_commands:/home/lexij/roselab-perception/install/scan_automation/lib/python3.12/site-packages:/home/lexij/roselab-perception/install/gantry_lidar_interfaces/lib/python3.12/site-packages:${PYTHONPATH} /usr/bin/python3 -W ignore:setup.py install is deprecated -W ignore:easy_install command is deprecated setup.py egg_info --egg-base ../../../build/scan_automation build --build-base /home/lexij/roselab-perception/build/scan_automation/build install --record /home/lexij/roselab-perception/build/scan_automation/install.log --single-version-externally-managed install_data
[4.655s] Level 1:colcon.colcon_core.environment:checking '/home/lexij/roselab-perception/install/gantry_services' for CMake module files
[4.656s] DEBUG:colcon.colcon_core.event_handler.log_command:Invoked command in '/home/lexij/roselab-perception/ros/src/gantry_services' returned '0': AMENT_PREFIX_PATH=/home/lexij/roselab-perception/install/gantry_lidar_interfaces:${AMENT_PREFIX_PATH} CMAKE_PREFIX_PATH=/home/lexij/roselab-perception/install/gantry_lidar_interfaces:${CMAKE_PREFIX_PATH} LD_LIBRARY_PATH=/home/lexij/roselab-perception/install/gantry_lidar_interfaces/lib:${LD_LIBRARY_PATH} PYTHONPATH=/home/lexij/roselab-perception/build/gantry_services/prefix_override:/usr/lib/python3/dist-packages/colcon_core/task/python/colcon_distutils_commands:/home/lexij/roselab-perception/install/gantry_services/lib/python3.12/site-packages:/home/lexij/roselab-perception/install/gantry_lidar_interfaces/lib/python3.12/site-packages:${PYTHONPATH} /usr/bin/python3 -W ignore:setup.py install is deprecated -W ignore:easy_install command is deprecated setup.py egg_info --egg-base ../../../build/gantry_services build --build-base /home/lexij/roselab-perception/build/gantry_services/build install --record /home/lexij/roselab-perception/build/gantry_services/install.log --single-version-externally-managed install_data
[4.656s] Level 1:colcon.colcon_core.environment:checking '/home/lexij/roselab-perception/install/gantry_services' for CMake config files
[4.657s] Level 1:colcon.colcon_core.environment:checking '/home/lexij/roselab-perception/install/gantry_services/lib'
[4.657s] Level 1:colcon.colcon_core.environment:checking '/home/lexij/roselab-perception/install/gantry_services/bin'
[4.657s] Level 1:colcon.colcon_core.environment:checking '/home/lexij/roselab-perception/install/gantry_services/lib/pkgconfig/gantry_services.pc'
[4.657s] Level 1:colcon.colcon_core.environment:checking '/home/lexij/roselab-perception/install/gantry_services/lib/python3.12/site-packages'
[4.658s] Level 1:colcon.colcon_core.shell:create_environment_hook('gantry_services', 'pythonpath')
[4.658s] INFO:colcon.colcon_core.shell:Creating environment hook '/home/lexij/roselab-perception/install/gantry_services/share/gantry_services/hook/pythonpath.ps1'
[4.659s] INFO:colcon.colcon_core.shell:Creating environment descriptor '/home/lexij/roselab-perception/install/gantry_services/share/gantry_services/hook/pythonpath.dsv'
[4.659s] INFO:colcon.colcon_core.shell:Creating environment hook '/home/lexij/roselab-perception/install/gantry_services/share/gantry_services/hook/pythonpath.sh'
[4.660s] Level 1:colcon.colcon_core.environment:checking '/home/lexij/roselab-perception/install/gantry_services/bin'
[4.660s] Level 1:colcon.colcon_core.environment:create_environment_scripts_only(gantry_services)
[4.660s] INFO:colcon.colcon_core.shell:Creating package script '/home/lexij/roselab-perception/install/gantry_services/share/gantry_services/package.ps1'
[4.661s] INFO:colcon.colcon_core.shell:Creating package descriptor '/home/lexij/roselab-perception/install/gantry_services/share/gantry_services/package.dsv'
[4.661s] INFO:colcon.colcon_core.shell:Creating package script '/home/lexij/roselab-perception/install/gantry_services/share/gantry_services/package.sh'
[4.662s] INFO:colcon.colcon_core.shell:Creating package script '/home/lexij/roselab-perception/install/gantry_services/share/gantry_services/package.bash'
[4.662s] INFO:colcon.colcon_core.shell:Creating package script '/home/lexij/roselab-perception/install/gantry_services/share/gantry_services/package.zsh'
[4.663s] Level 1:colcon.colcon_core.environment:create_file_with_runtime_dependencies(/home/lexij/roselab-perception/install/gantry_services/share/colcon-core/packages/gantry_services)
[4.946s] Level 1:colcon.colcon_core.environment:checking '/home/lexij/roselab-perception/install/scan_automation' for CMake module files
[4.948s] Level 1:colcon.colcon_core.environment:checking '/home/lexij/roselab-perception/install/scan_automation' for CMake config files
[4.948s] DEBUG:colcon.colcon_core.event_handler.log_command:Invoked command in '/home/lexij/roselab-perception/ros/src/scan_automation' returned '0': AMENT_PREFIX_PATH=/home/lexij/roselab-perception/install/gantry_lidar_interfaces:${AMENT_PREFIX_PATH} CMAKE_PREFIX_PATH=/home/lexij/roselab-perception/install/gantry_lidar_interfaces:${CMAKE_PREFIX_PATH} LD_LIBRARY_PATH=/home/lexij/roselab-perception/install/gantry_lidar_interfaces/lib:${LD_LIBRARY_PATH} PYTHONPATH=/home/lexij/roselab-perception/build/scan_automation/prefix_override:/usr/lib/python3/dist-packages/colcon_core/task/python/colcon_distutils_commands:/home/lexij/roselab-perception/install/scan_automation/lib/python3.12/site-packages:/home/lexij/roselab-perception/install/gantry_lidar_interfaces/lib/python3.12/site-packages:${PYTHONPATH} /usr/bin/python3 -W ignore:setup.py install is deprecated -W ignore:easy_install command is deprecated setup.py egg_info --egg-base ../../../build/scan_automation build --build-base /home/lexij/roselab-perception/build/scan_automation/build install --record /home/lexij/roselab-perception/build/scan_automation/install.log --single-version-externally-managed install_data
[4.949s] Level 1:colcon.colcon_core.environment:checking '/home/lexij/roselab-perception/install/scan_automation/lib'
[4.949s] Level 1:colcon.colcon_core.environment:checking '/home/lexij/roselab-perception/install/scan_automation/bin'
[4.950s] Level 1:colcon.colcon_core.environment:checking '/home/lexij/roselab-perception/install/scan_automation/lib/pkgconfig/scan_automation.pc'
[4.950s] Level 1:colcon.colcon_core.environment:checking '/home/lexij/roselab-perception/install/scan_automation/lib/python3.12/site-packages'
[4.950s] Level 1:colcon.colcon_core.shell:create_environment_hook('scan_automation', 'pythonpath')
[4.950s] INFO:colcon.colcon_core.shell:Creating environment hook '/home/lexij/roselab-perception/install/scan_automation/share/scan_automation/hook/pythonpath.ps1'
[4.951s] INFO:colcon.colcon_core.shell:Creating environment descriptor '/home/lexij/roselab-perception/install/scan_automation/share/scan_automation/hook/pythonpath.dsv'
[4.951s] INFO:colcon.colcon_core.shell:Creating environment hook '/home/lexij/roselab-perception/install/scan_automation/share/scan_automation/hook/pythonpath.sh'
[4.952s] Level 1:colcon.colcon_core.environment:checking '/home/lexij/roselab-perception/install/scan_automation/bin'
[4.952s] Level 1:colcon.colcon_core.environment:create_environment_scripts_only(scan_automation)
[4.952s] INFO:colcon.colcon_core.shell:Creating package script '/home/lexij/roselab-perception/install/scan_automation/share/scan_automation/package.ps1'
[4.953s] INFO:colcon.colcon_core.shell:Creating package descriptor '/home/lexij/roselab-perception/install/scan_automation/share/scan_automation/package.dsv'
[4.953s] INFO:colcon.colcon_core.shell:Creating package script '/home/lexij/roselab-perception/install/scan_automation/share/scan_automation/package.sh'
[4.954s] INFO:colcon.colcon_core.shell:Creating package script '/home/lexij/roselab-perception/install/scan_automation/share/scan_automation/package.bash'
[4.954s] INFO:colcon.colcon_core.shell:Creating package script '/home/lexij/roselab-perception/install/scan_automation/share/scan_automation/package.zsh'
[4.954s] Level 1:colcon.colcon_core.environment:create_file_with_runtime_dependencies(/home/lexij/roselab-perception/install/scan_automation/share/colcon-core/packages/scan_automation)
[4.955s] DEBUG:colcon.colcon_parallel_executor.executor.parallel:closing loop
[4.955s] DEBUG:colcon.colcon_parallel_executor.executor.parallel:loop closed
[4.955s] DEBUG:colcon.colcon_parallel_executor.executor.parallel:run_until_complete finished with '0'
[4.955s] DEBUG:colcon.colcon_core.event_reactor:joining thread
[5.119s] INFO:colcon.colcon_core.plugin_system:Skipping extension 'colcon_notification.desktop_notification.notify_send': Could not find 'notify-send'
[5.120s] INFO:colcon.colcon_core.plugin_system:Skipping extension 'colcon_notification.desktop_notification.terminal_notifier': Not used on non-Darwin systems
[5.120s] INFO:colcon.colcon_core.plugin_system:Skipping extension 'colcon_notification.desktop_notification.win32': Not used on non-Windows systems
[5.120s] INFO:colcon.colcon_notification.desktop_notification:Sending desktop notification using 'notify2'
[5.124s] DEBUG:colcon.colcon_notification.desktop_notification.notify2:Failed to initialize notify2: org.freedesktop.DBus.Error.ServiceUnknown: The name org.freedesktop.Notifications was not provided by any .service files
[5.124s] DEBUG:colcon.colcon_core.event_reactor:joined thread
[5.125s] INFO:colcon.colcon_core.shell:Creating prefix script '/home/lexij/roselab-perception/install/local_setup.ps1'
[5.126s] INFO:colcon.colcon_core.shell:Creating prefix util module '/home/lexij/roselab-perception/install/_local_setup_util_ps1.py'
[5.127s] INFO:colcon.colcon_core.shell:Creating prefix chain script '/home/lexij/roselab-perception/install/setup.ps1'
[5.129s] INFO:colcon.colcon_core.shell:Creating prefix script '/home/lexij/roselab-perception/install/local_setup.sh'
[5.129s] INFO:colcon.colcon_core.shell:Creating prefix util module '/home/lexij/roselab-perception/install/_local_setup_util_sh.py'
[5.130s] INFO:colcon.colcon_core.shell:Creating prefix chain script '/home/lexij/roselab-perception/install/setup.sh'
[5.131s] INFO:colcon.colcon_core.shell:Creating prefix script '/home/lexij/roselab-perception/install/local_setup.bash'
[5.132s] INFO:colcon.colcon_core.shell:Creating prefix chain script '/home/lexij/roselab-perception/install/setup.bash'
[5.133s] INFO:colcon.colcon_core.shell:Creating prefix script '/home/lexij/roselab-perception/install/local_setup.zsh'
[5.133s] INFO:colcon.colcon_core.shell:Creating prefix chain script '/home/lexij/roselab-perception/install/setup.zsh'
