running egg_info
creating ../../../build/gantry_services/gantry_services.egg-info
writing ../../../build/gantry_services/gantry_services.egg-info/PKG-INFO
writing dependency_links to ../../../build/gantry_services/gantry_services.egg-info/dependency_links.txt
writing entry points to ../../../build/gantry_services/gantry_services.egg-info/entry_points.txt
writing requirements to ../../../build/gantry_services/gantry_services.egg-info/requires.txt
writing top-level names to ../../../build/gantry_services/gantry_services.egg-info/top_level.txt
writing manifest file '../../../build/gantry_services/gantry_services.egg-info/SOURCES.txt'
reading manifest file '../../../build/gantry_services/gantry_services.egg-info/SOURCES.txt'
writing manifest file '../../../build/gantry_services/gantry_services.egg-info/SOURCES.txt'
running build
running build_py
creating /home/lexij/roselab-perception/build/gantry_services/build
creating /home/lexij/roselab-perception/build/gantry_services/build/lib
creating /home/lexij/roselab-perception/build/gantry_services/build/lib/gantry_services
copying gantry_services/__init__.py -> /home/lexij/roselab-perception/build/gantry_services/build/lib/gantry_services
copying gantry_services/GantryCaptureService.py -> /home/lexij/roselab-perception/build/gantry_services/build/lib/gantry_services
running install
running install_lib
creating /home/lexij/roselab-perception/install/gantry_services/lib/python3.12/site-packages/gantry_services
copying /home/lexij/roselab-perception/build/gantry_services/build/lib/gantry_services/__init__.py -> /home/lexij/roselab-perception/install/gantry_services/lib/python3.12/site-packages/gantry_services
copying /home/lexij/roselab-perception/build/gantry_services/build/lib/gantry_services/GantryCaptureService.py -> /home/lexij/roselab-perception/install/gantry_services/lib/python3.12/site-packages/gantry_services
byte-compiling /home/lexij/roselab-perception/install/gantry_services/lib/python3.12/site-packages/gantry_services/__init__.py to __init__.cpython-312.pyc
byte-compiling /home/lexij/roselab-perception/install/gantry_services/lib/python3.12/site-packages/gantry_services/GantryCaptureService.py to GantryCaptureService.cpython-312.pyc
running install_data
creating /home/lexij/roselab-perception/install/gantry_services/share/ament_index
creating /home/lexij/roselab-perception/install/gantry_services/share/ament_index/resource_index
creating /home/lexij/roselab-perception/install/gantry_services/share/ament_index/resource_index/packages
copying resource/gantry_services -> /home/lexij/roselab-perception/install/gantry_services/share/ament_index/resource_index/packages
copying package.xml -> /home/lexij/roselab-perception/install/gantry_services/share/gantry_services
running install_egg_info
Copying ../../../build/gantry_services/gantry_services.egg-info to /home/lexij/roselab-perception/install/gantry_services/lib/python3.12/site-packages/gantry_services-0.0.0-py3.12.egg-info
running install_scripts
Installing gantry_capture_service script to /home/lexij/roselab-perception/install/gantry_services/lib/gantry_services
writing list of installed files to '/home/lexij/roselab-perception/build/gantry_services/install.log'
