[1.901s] Invoking command in '/home/lexij/roselab-perception/ros/src/gantry_services': AMENT_PREFIX_PATH=/home/lexij/roselab-perception/install/gantry_lidar_interfaces:${AMENT_PREFIX_PATH} CMAKE_PREFIX_PATH=/home/lexij/roselab-perception/install/gantry_lidar_interfaces:${CMAKE_PREFIX_PATH} LD_LIBRARY_PATH=/home/lexij/roselab-perception/install/gantry_lidar_interfaces/lib:${LD_LIBRARY_PATH} PYTHONPATH=/home/lexij/roselab-perception/build/gantry_services/prefix_override:/usr/lib/python3/dist-packages/colcon_core/task/python/colcon_distutils_commands:/home/lexij/roselab-perception/install/gantry_services/lib/python3.12/site-packages:/home/lexij/roselab-perception/install/gantry_lidar_interfaces/lib/python3.12/site-packages:${PYTHONPATH} /usr/bin/python3 -W ignore:setup.py install is deprecated -W ignore:easy_install command is deprecated setup.py egg_info --egg-base ../../../build/gantry_services build --build-base /home/lexij/roselab-perception/build/gantry_services/build install --record /home/lexij/roselab-perception/build/gantry_services/install.log --single-version-externally-managed install_data
[2.228s] running egg_info
[2.229s] creating ../../../build/gantry_services/gantry_services.egg-info
[2.256s] writing ../../../build/gantry_services/gantry_services.egg-info/PKG-INFO
[2.257s] writing dependency_links to ../../../build/gantry_services/gantry_services.egg-info/dependency_links.txt
[2.257s] writing entry points to ../../../build/gantry_services/gantry_services.egg-info/entry_points.txt
[2.258s] writing requirements to ../../../build/gantry_services/gantry_services.egg-info/requires.txt
[2.258s] writing top-level names to ../../../build/gantry_services/gantry_services.egg-info/top_level.txt
[2.258s] writing manifest file '../../../build/gantry_services/gantry_services.egg-info/SOURCES.txt'
[2.308s] reading manifest file '../../../build/gantry_services/gantry_services.egg-info/SOURCES.txt'
[2.309s] writing manifest file '../../../build/gantry_services/gantry_services.egg-info/SOURCES.txt'
[2.309s] running build
[2.310s] running build_py
[2.310s] creating /home/lexij/roselab-perception/build/gantry_services/build
[2.310s] creating /home/lexij/roselab-perception/build/gantry_services/build/lib
[2.311s] creating /home/lexij/roselab-perception/build/gantry_services/build/lib/gantry_services
[2.311s] copying gantry_services/__init__.py -> /home/lexij/roselab-perception/build/gantry_services/build/lib/gantry_services
[2.312s] copying gantry_services/GantryCaptureService.py -> /home/lexij/roselab-perception/build/gantry_services/build/lib/gantry_services
[2.313s] running install
[2.320s] running install_lib
[2.345s] creating /home/lexij/roselab-perception/install/gantry_services/lib/python3.12/site-packages/gantry_services
[2.345s] copying /home/lexij/roselab-perception/build/gantry_services/build/lib/gantry_services/__init__.py -> /home/lexij/roselab-perception/install/gantry_services/lib/python3.12/site-packages/gantry_services
[2.346s] copying /home/lexij/roselab-perception/build/gantry_services/build/lib/gantry_services/GantryCaptureService.py -> /home/lexij/roselab-perception/install/gantry_services/lib/python3.12/site-packages/gantry_services
[2.347s] byte-compiling /home/lexij/roselab-perception/install/gantry_services/lib/python3.12/site-packages/gantry_services/__init__.py to __init__.cpython-312.pyc
[2.349s] byte-compiling /home/lexij/roselab-perception/install/gantry_services/lib/python3.12/site-packages/gantry_services/GantryCaptureService.py to GantryCaptureService.cpython-312.pyc
[2.352s] running install_data
[2.352s] creating /home/lexij/roselab-perception/install/gantry_services/share/ament_index
[2.352s] creating /home/lexij/roselab-perception/install/gantry_services/share/ament_index/resource_index
[2.352s] creating /home/lexij/roselab-perception/install/gantry_services/share/ament_index/resource_index/packages
[2.353s] copying resource/gantry_services -> /home/lexij/roselab-perception/install/gantry_services/share/ament_index/resource_index/packages
[2.353s] copying package.xml -> /home/lexij/roselab-perception/install/gantry_services/share/gantry_services
[2.353s] running install_egg_info
[2.379s] Copying ../../../build/gantry_services/gantry_services.egg-info to /home/lexij/roselab-perception/install/gantry_services/lib/python3.12/site-packages/gantry_services-0.0.0-py3.12.egg-info
[2.380s] running install_scripts
[2.564s] Installing gantry_capture_service script to /home/lexij/roselab-perception/install/gantry_services/lib/gantry_services
[2.565s] writing list of installed files to '/home/lexij/roselab-perception/build/gantry_services/install.log'
[2.605s] Invoked command in '/home/lexij/roselab-perception/ros/src/gantry_services' returned '0': AMENT_PREFIX_PATH=/home/lexij/roselab-perception/install/gantry_lidar_interfaces:${AMENT_PREFIX_PATH} CMAKE_PREFIX_PATH=/home/lexij/roselab-perception/install/gantry_lidar_interfaces:${CMAKE_PREFIX_PATH} LD_LIBRARY_PATH=/home/lexij/roselab-perception/install/gantry_lidar_interfaces/lib:${LD_LIBRARY_PATH} PYTHONPATH=/home/lexij/roselab-perception/build/gantry_services/prefix_override:/usr/lib/python3/dist-packages/colcon_core/task/python/colcon_distutils_commands:/home/lexij/roselab-perception/install/gantry_services/lib/python3.12/site-packages:/home/lexij/roselab-perception/install/gantry_lidar_interfaces/lib/python3.12/site-packages:${PYTHONPATH} /usr/bin/python3 -W ignore:setup.py install is deprecated -W ignore:easy_install command is deprecated setup.py egg_info --egg-base ../../../build/gantry_services build --build-base /home/lexij/roselab-perception/build/gantry_services/build install --record /home/lexij/roselab-perception/build/gantry_services/install.log --single-version-externally-managed install_data
