[1.193s] Invoking command in '/home/lexij/roselab-perception/ros/src/aggregated_pointcloud': PYTHONPATH=/home/lexij/roselab-perception/build/aggregated_pointcloud/prefix_override:/usr/lib/python3/dist-packages/colcon_core/task/python/colcon_distutils_commands:/home/lexij/roselab-perception/install/aggregated_pointcloud/lib/python3.12/site-packages:${PYTHONPATH} /usr/bin/python3 -W ignore:setup.py install is deprecated -W ignore:easy_install command is deprecated setup.py egg_info --egg-base ../../../build/aggregated_pointcloud build --build-base /home/lexij/roselab-perception/build/aggregated_pointcloud/build install --record /home/lexij/roselab-perception/build/aggregated_pointcloud/install.log --single-version-externally-managed install_data
[1.454s] running egg_info
[1.473s] writing ../../../build/aggregated_pointcloud/aggregated_pointcloud.egg-info/PKG-INFO
[1.473s] writing dependency_links to ../../../build/aggregated_pointcloud/aggregated_pointcloud.egg-info/dependency_links.txt
[1.474s] writing entry points to ../../../build/aggregated_pointcloud/aggregated_pointcloud.egg-info/entry_points.txt
[1.474s] writing requirements to ../../../build/aggregated_pointcloud/aggregated_pointcloud.egg-info/requires.txt
[1.474s] writing top-level names to ../../../build/aggregated_pointcloud/aggregated_pointcloud.egg-info/top_level.txt
[1.526s] reading manifest file '../../../build/aggregated_pointcloud/aggregated_pointcloud.egg-info/SOURCES.txt'
[1.527s] writing manifest file '../../../build/aggregated_pointcloud/aggregated_pointcloud.egg-info/SOURCES.txt'
[1.527s] running build
[1.528s] running build_py
[1.528s] running install
[1.534s] running install_lib
[1.554s] running install_data
[1.554s] running install_egg_info
[1.572s] removing '/home/lexij/roselab-perception/install/aggregated_pointcloud/lib/python3.12/site-packages/aggregated_pointcloud-0.0.0-py3.12.egg-info' (and everything under it)
[1.573s] Copying ../../../build/aggregated_pointcloud/aggregated_pointcloud.egg-info to /home/lexij/roselab-perception/install/aggregated_pointcloud/lib/python3.12/site-packages/aggregated_pointcloud-0.0.0-py3.12.egg-info
[1.574s] running install_scripts
[1.707s] Installing aggregated_pointcloud_node script to /home/lexij/roselab-perception/install/aggregated_pointcloud/lib/aggregated_pointcloud
[1.707s] writing list of installed files to '/home/lexij/roselab-perception/build/aggregated_pointcloud/install.log'
[1.766s] Invoked command in '/home/lexij/roselab-perception/ros/src/aggregated_pointcloud' returned '0': PYTHONPATH=/home/lexij/roselab-perception/build/aggregated_pointcloud/prefix_override:/usr/lib/python3/dist-packages/colcon_core/task/python/colcon_distutils_commands:/home/lexij/roselab-perception/install/aggregated_pointcloud/lib/python3.12/site-packages:${PYTHONPATH} /usr/bin/python3 -W ignore:setup.py install is deprecated -W ignore:easy_install command is deprecated setup.py egg_info --egg-base ../../../build/aggregated_pointcloud build --build-base /home/lexij/roselab-perception/build/aggregated_pointcloud/build install --record /home/lexij/roselab-perception/build/aggregated_pointcloud/install.log --single-version-externally-managed install_data
