[1.883s] Invoking command in '/home/lexij/roselab-perception/ros/src/mastcam_pointcloud': PYTHONPATH=/home/lexij/roselab-perception/build/mastcam_pointcloud/prefix_override:/usr/lib/python3/dist-packages/colcon_core/task/python/colcon_distutils_commands:/home/lexij/roselab-perception/install/mastcam_pointcloud/lib/python3.12/site-packages:${PYTHONPATH} /usr/bin/python3 -W ignore:setup.py install is deprecated -W ignore:easy_install command is deprecated setup.py egg_info --egg-base ../../../build/mastcam_pointcloud build --build-base /home/lexij/roselab-perception/build/mastcam_pointcloud/build install --record /home/lexij/roselab-perception/build/mastcam_pointcloud/install.log --single-version-externally-managed install_data
[2.223s] running egg_info
[2.243s] writing ../../../build/mastcam_pointcloud/mastcam_pointcloud.egg-info/PKG-INFO
[2.243s] writing dependency_links to ../../../build/mastcam_pointcloud/mastcam_pointcloud.egg-info/dependency_links.txt
[2.244s] writing entry points to ../../../build/mastcam_pointcloud/mastcam_pointcloud.egg-info/entry_points.txt
[2.244s] writing requirements to ../../../build/mastcam_pointcloud/mastcam_pointcloud.egg-info/requires.txt
[2.244s] writing top-level names to ../../../build/mastcam_pointcloud/mastcam_pointcloud.egg-info/top_level.txt
[2.296s] reading manifest file '../../../build/mastcam_pointcloud/mastcam_pointcloud.egg-info/SOURCES.txt'
[2.298s] writing manifest file '../../../build/mastcam_pointcloud/mastcam_pointcloud.egg-info/SOURCES.txt'
[2.298s] running build
[2.298s] running build_py
[2.299s] running install
[2.305s] running install_lib
[2.329s] running install_data
[2.329s] running install_egg_info
[2.352s] removing '/home/lexij/roselab-perception/install/mastcam_pointcloud/lib/python3.12/site-packages/mastcam_pointcloud-0.0.0-py3.12.egg-info' (and everything under it)
[2.352s] Copying ../../../build/mastcam_pointcloud/mastcam_pointcloud.egg-info to /home/lexij/roselab-perception/install/mastcam_pointcloud/lib/python3.12/site-packages/mastcam_pointcloud-0.0.0-py3.12.egg-info
[2.354s] running install_scripts
[2.526s] Installing mastcam_pointcloud_publisher script to /home/lexij/roselab-perception/install/mastcam_pointcloud/lib/mastcam_pointcloud
[2.527s] writing list of installed files to '/home/lexij/roselab-perception/build/mastcam_pointcloud/install.log'
[2.564s] Invoked command in '/home/lexij/roselab-perception/ros/src/mastcam_pointcloud' returned '0': PYTHONPATH=/home/lexij/roselab-perception/build/mastcam_pointcloud/prefix_override:/usr/lib/python3/dist-packages/colcon_core/task/python/colcon_distutils_commands:/home/lexij/roselab-perception/install/mastcam_pointcloud/lib/python3.12/site-packages:${PYTHONPATH} /usr/bin/python3 -W ignore:setup.py install is deprecated -W ignore:easy_install command is deprecated setup.py egg_info --egg-base ../../../build/mastcam_pointcloud build --build-base /home/lexij/roselab-perception/build/mastcam_pointcloud/build install --record /home/lexij/roselab-perception/build/mastcam_pointcloud/install.log --single-version-externally-managed install_data
