[1.822s] Invoking command in '/home/lexij/roselab-perception/ros/src/gantry_services': AMENT_PREFIX_PATH=/home/lexij/roselab-perception/install/gantry_lidar_interfaces:${AMENT_PREFIX_PATH} CMAKE_PREFIX_PATH=/home/lexij/roselab-perception/install/gantry_lidar_interfaces:${CMAKE_PREFIX_PATH} LD_LIBRARY_PATH=/home/lexij/roselab-perception/install/gantry_lidar_interfaces/lib:${LD_LIBRARY_PATH} PYTHONPATH=/home/lexij/roselab-perception/build/gantry_services/prefix_override:/usr/lib/python3/dist-packages/colcon_core/task/python/colcon_distutils_commands:/home/lexij/roselab-perception/install/gantry_services/lib/python3.12/site-packages:/home/lexij/roselab-perception/install/gantry_lidar_interfaces/lib/python3.12/site-packages:${PYTHONPATH} /usr/bin/python3 -W ignore:setup.py install is deprecated -W ignore:easy_install command is deprecated setup.py egg_info --egg-base ../../../build/gantry_services build --build-base /home/lexij/roselab-perception/build/gantry_services/build install --record /home/lexij/roselab-perception/build/gantry_services/install.log --single-version-externally-managed install_data
[2.170s] running egg_info
[2.193s] writing ../../../build/gantry_services/gantry_services.egg-info/PKG-INFO
[2.194s] writing dependency_links to ../../../build/gantry_services/gantry_services.egg-info/dependency_links.txt
[2.194s] writing entry points to ../../../build/gantry_services/gantry_services.egg-info/entry_points.txt
[2.194s] writing requirements to ../../../build/gantry_services/gantry_services.egg-info/requires.txt
[2.194s] writing top-level names to ../../../build/gantry_services/gantry_services.egg-info/top_level.txt
[2.241s] reading manifest file '../../../build/gantry_services/gantry_services.egg-info/SOURCES.txt'
[2.243s] writing manifest file '../../../build/gantry_services/gantry_services.egg-info/SOURCES.txt'
[2.245s] running build
[2.246s] running build_py
[2.246s] copying gantry_services/GantryCaptureService.py -> /home/lexij/roselab-perception/build/gantry_services/build/lib/gantry_services
[2.247s] running install
[2.255s] running install_lib
[2.279s] copying /home/lexij/roselab-perception/build/gantry_services/build/lib/gantry_services/GantryCaptureService.py -> /home/lexij/roselab-perception/install/gantry_services/lib/python3.12/site-packages/gantry_services
[2.281s] byte-compiling /home/lexij/roselab-perception/install/gantry_services/lib/python3.12/site-packages/gantry_services/GantryCaptureService.py to GantryCaptureService.cpython-312.pyc
[2.287s] running install_data
[2.288s] running install_egg_info
[2.313s] removing '/home/lexij/roselab-perception/install/gantry_services/lib/python3.12/site-packages/gantry_services-0.0.0-py3.12.egg-info' (and everything under it)
[2.315s] Copying ../../../build/gantry_services/gantry_services.egg-info to /home/lexij/roselab-perception/install/gantry_services/lib/python3.12/site-packages/gantry_services-0.0.0-py3.12.egg-info
[2.321s] running install_scripts
[2.503s] Installing gantry_capture_service script to /home/lexij/roselab-perception/install/gantry_services/lib/gantry_services
[2.504s] writing list of installed files to '/home/lexij/roselab-perception/build/gantry_services/install.log'
[2.538s] Invoked command in '/home/lexij/roselab-perception/ros/src/gantry_services' returned '0': AMENT_PREFIX_PATH=/home/lexij/roselab-perception/install/gantry_lidar_interfaces:${AMENT_PREFIX_PATH} CMAKE_PREFIX_PATH=/home/lexij/roselab-perception/install/gantry_lidar_interfaces:${CMAKE_PREFIX_PATH} LD_LIBRARY_PATH=/home/lexij/roselab-perception/install/gantry_lidar_interfaces/lib:${LD_LIBRARY_PATH} PYTHONPATH=/home/lexij/roselab-perception/build/gantry_services/prefix_override:/usr/lib/python3/dist-packages/colcon_core/task/python/colcon_distutils_commands:/home/lexij/roselab-perception/install/gantry_services/lib/python3.12/site-packages:/home/lexij/roselab-perception/install/gantry_lidar_interfaces/lib/python3.12/site-packages:${PYTHONPATH} /usr/bin/python3 -W ignore:setup.py install is deprecated -W ignore:easy_install command is deprecated setup.py egg_info --egg-base ../../../build/gantry_services build --build-base /home/lexij/roselab-perception/build/gantry_services/build install --record /home/lexij/roselab-perception/build/gantry_services/install.log --single-version-externally-managed install_data
