[  1%] Built target gantry_lidar_interfaces__rosidl_generator_type_description
[  2%] Built target gantry_lidar_interfaces__cpp
[  2%] Built target ament_cmake_python_copy_gantry_lidar_interfaces
[ 25%] Built target gantry_lidar_interfaces__rosidl_generator_c
[ 35%] Built target gantry_lidar_interfaces__rosidl_typesupport_introspection_c
[ 44%] Built target gantry_lidar_interfaces__rosidl_typesupport_cpp
[ 54%] Built target gantry_lidar_interfaces__rosidl_typesupport_fastrtps_c
[ 63%] Built target gantry_lidar_interfaces__rosidl_typesupport_introspection_cpp
[ 72%] Built target gantry_lidar_interfaces__rosidl_typesupport_fastrtps_cpp
[ 82%] Built target gantry_lidar_interfaces__rosidl_typesupport_c
[ 82%] Built target gantry_lidar_interfaces
[ 83%] Built target gantry_lidar_interfaces__py
[ 91%] Built target gantry_lidar_interfaces__rosidl_generator_py
[ 97%] Built target gantry_lidar_interfaces_s__rosidl_typesupport_introspection_c
[ 97%] Built target gantry_lidar_interfaces_s__rosidl_typesupport_fastrtps_c
[100%] Built target gantry_lidar_interfaces_s__rosidl_typesupport_c
running egg_info
writing gantry_lidar_interfaces.egg-info/PKG-INFO
writing dependency_links to gantry_lidar_interfaces.egg-info/dependency_links.txt
writing top-level names to gantry_lidar_interfaces.egg-info/top_level.txt
reading manifest file 'gantry_lidar_interfaces.egg-info/SOURCES.txt'
writing manifest file 'gantry_lidar_interfaces.egg-info/SOURCES.txt'
[100%] Built target ament_cmake_python_build_gantry_lidar_interfaces_egg
-- Install configuration: ""
-- Up-to-date: /home/lexij/roselab-perception/install/gantry_lidar_interfaces/share/ament_index/resource_index/rosidl_interfaces/gantry_lidar_interfaces
-- Up-to-date: /home/lexij/roselab-perception/install/gantry_lidar_interfaces/share/gantry_lidar_interfaces/srv/Capture.json
-- Up-to-date: /home/lexij/roselab-perception/install/gantry_lidar_interfaces/share/gantry_lidar_interfaces/srv/DeleteName.json
-- Up-to-date: /home/lexij/roselab-perception/install/gantry_lidar_interfaces/share/gantry_lidar_interfaces/srv/DeleteTimeRange.json
-- Up-to-date: /home/lexij/roselab-perception/install/gantry_lidar_interfaces/share/gantry_lidar_interfaces/srv/DownloadName.json
-- Up-to-date: /home/lexij/roselab-perception/install/gantry_lidar_interfaces/share/gantry_lidar_interfaces/srv/DownloadTimeRange.json
-- Up-to-date: /home/lexij/roselab-perception/install/gantry_lidar_interfaces/include/gantry_lidar_interfaces/gantry_lidar_interfaces
-- Up-to-date: /home/lexij/roselab-perception/install/gantry_lidar_interfaces/include/gantry_lidar_interfaces/gantry_lidar_interfaces/msg
-- Up-to-date: /home/lexij/roselab-perception/install/gantry_lidar_interfaces/include/gantry_lidar_interfaces/gantry_lidar_interfaces/msg/rosidl_generator_c__visibility_control.h
-- Up-to-date: /home/lexij/roselab-perception/install/gantry_lidar_interfaces/include/gantry_lidar_interfaces/gantry_lidar_interfaces/srv
-- Up-to-date: /home/lexij/roselab-perception/install/gantry_lidar_interfaces/include/gantry_lidar_interfaces/gantry_lidar_interfaces/srv/delete_name.h
-- Up-to-date: /home/lexij/roselab-perception/install/gantry_lidar_interfaces/include/gantry_lidar_interfaces/gantry_lidar_interfaces/srv/download_name.h
-- Up-to-date: /home/lexij/roselab-perception/install/gantry_lidar_interfaces/include/gantry_lidar_interfaces/gantry_lidar_interfaces/srv/capture.h
-- Up-to-date: /home/lexij/roselab-perception/install/gantry_lidar_interfaces/include/gantry_lidar_interfaces/gantry_lidar_interfaces/srv/detail
-- Up-to-date: /home/lexij/roselab-perception/install/gantry_lidar_interfaces/include/gantry_lidar_interfaces/gantry_lidar_interfaces/srv/detail/download_name__description.c
-- Up-to-date: /home/lexij/roselab-perception/install/gantry_lidar_interfaces/include/gantry_lidar_interfaces/gantry_lidar_interfaces/srv/detail/download_name__functions.h
-- Up-to-date: /home/lexij/roselab-perception/install/gantry_lidar_interfaces/include/gantry_lidar_interfaces/gantry_lidar_interfaces/srv/detail/capture__description.c
-- Up-to-date: /home/lexij/roselab-perception/install/gantry_lidar_interfaces/include/gantry_lidar_interfaces/gantry_lidar_interfaces/srv/detail/delete_time_range__functions.c
-- Up-to-date: /home/lexij/roselab-perception/install/gantry_lidar_interfaces/include/gantry_lidar_interfaces/gantry_lidar_interfaces/srv/detail/download_time_range__functions.c
-- Up-to-date: /home/lexij/roselab-perception/install/gantry_lidar_interfaces/include/gantry_lidar_interfaces/gantry_lidar_interfaces/srv/detail/delete_time_range__type_support.h
-- Up-to-date: /home/lexij/roselab-perception/install/gantry_lidar_interfaces/include/gantry_lidar_interfaces/gantry_lidar_interfaces/srv/detail/download_name__type_support.h
-- Up-to-date: /home/lexij/roselab-perception/install/gantry_lidar_interfaces/include/gantry_lidar_interfaces/gantry_lidar_interfaces/srv/detail/delete_name__functions.c
-- Up-to-date: /home/lexij/roselab-perception/install/gantry_lidar_interfaces/include/gantry_lidar_interfaces/gantry_lidar_interfaces/srv/detail/download_time_range__type_support.c
-- Up-to-date: /home/lexij/roselab-perception/install/gantry_lidar_interfaces/include/gantry_lidar_interfaces/gantry_lidar_interfaces/srv/detail/delete_time_range__description.c
-- Up-to-date: /home/lexij/roselab-perception/install/gantry_lidar_interfaces/include/gantry_lidar_interfaces/gantry_lidar_interfaces/srv/detail/download_time_range__functions.h
-- Up-to-date: /home/lexij/roselab-perception/install/gantry_lidar_interfaces/include/gantry_lidar_interfaces/gantry_lidar_interfaces/srv/detail/delete_time_range__type_support.c
-- Up-to-date: /home/lexij/roselab-perception/install/gantry_lidar_interfaces/include/gantry_lidar_interfaces/gantry_lidar_interfaces/srv/detail/download_name__type_support.c
-- Up-to-date: /home/lexij/roselab-perception/install/gantry_lidar_interfaces/include/gantry_lidar_interfaces/gantry_lidar_interfaces/srv/detail/download_time_range__type_support.h
-- Up-to-date: /home/lexij/roselab-perception/install/gantry_lidar_interfaces/include/gantry_lidar_interfaces/gantry_lidar_interfaces/srv/detail/delete_name__type_support.h
-- Up-to-date: /home/lexij/roselab-perception/install/gantry_lidar_interfaces/include/gantry_lidar_interfaces/gantry_lidar_interfaces/srv/detail/delete_name__description.c
-- Up-to-date: /home/lexij/roselab-perception/install/gantry_lidar_interfaces/include/gantry_lidar_interfaces/gantry_lidar_interfaces/srv/detail/download_name__struct.h
-- Up-to-date: /home/lexij/roselab-perception/install/gantry_lidar_interfaces/include/gantry_lidar_interfaces/gantry_lidar_interfaces/srv/detail/delete_name__type_support.c
-- Up-to-date: /home/lexij/roselab-perception/install/gantry_lidar_interfaces/include/gantry_lidar_interfaces/gantry_lidar_interfaces/srv/detail/capture__functions.h
-- Up-to-date: /home/lexij/roselab-perception/install/gantry_lidar_interfaces/include/gantry_lidar_interfaces/gantry_lidar_interfaces/srv/detail/capture__struct.h
-- Up-to-date: /home/lexij/roselab-perception/install/gantry_lidar_interfaces/include/gantry_lidar_interfaces/gantry_lidar_interfaces/srv/detail/download_time_range__description.c
-- Up-to-date: /home/lexij/roselab-perception/install/gantry_lidar_interfaces/include/gantry_lidar_interfaces/gantry_lidar_interfaces/srv/detail/capture__type_support.h
-- Up-to-date: /home/lexij/roselab-perception/install/gantry_lidar_interfaces/include/gantry_lidar_interfaces/gantry_lidar_interfaces/srv/detail/download_name__functions.c
-- Up-to-date: /home/lexij/roselab-perception/install/gantry_lidar_interfaces/include/gantry_lidar_interfaces/gantry_lidar_interfaces/srv/detail/delete_name__functions.h
-- Up-to-date: /home/lexij/roselab-perception/install/gantry_lidar_interfaces/include/gantry_lidar_interfaces/gantry_lidar_interfaces/srv/detail/capture__functions.c
-- Up-to-date: /home/lexij/roselab-perception/install/gantry_lidar_interfaces/include/gantry_lidar_interfaces/gantry_lidar_interfaces/srv/detail/capture__type_support.c
-- Up-to-date: /home/lexij/roselab-perception/install/gantry_lidar_interfaces/include/gantry_lidar_interfaces/gantry_lidar_interfaces/srv/detail/delete_time_range__functions.h
-- Up-to-date: /home/lexij/roselab-perception/install/gantry_lidar_interfaces/include/gantry_lidar_interfaces/gantry_lidar_interfaces/srv/detail/delete_time_range__struct.h
-- Up-to-date: /home/lexij/roselab-perception/install/gantry_lidar_interfaces/include/gantry_lidar_interfaces/gantry_lidar_interfaces/srv/detail/delete_name__struct.h
-- Up-to-date: /home/lexij/roselab-perception/install/gantry_lidar_interfaces/include/gantry_lidar_interfaces/gantry_lidar_interfaces/srv/detail/download_time_range__struct.h
-- Up-to-date: /home/lexij/roselab-perception/install/gantry_lidar_interfaces/include/gantry_lidar_interfaces/gantry_lidar_interfaces/srv/delete_time_range.h
-- Up-to-date: /home/lexij/roselab-perception/install/gantry_lidar_interfaces/include/gantry_lidar_interfaces/gantry_lidar_interfaces/srv/download_time_range.h
-- Up-to-date: /home/lexij/roselab-perception/install/gantry_lidar_interfaces/share/gantry_lidar_interfaces/environment/library_path.sh
-- Up-to-date: /home/lexij/roselab-perception/install/gantry_lidar_interfaces/share/gantry_lidar_interfaces/environment/library_path.dsv
-- Up-to-date: /home/lexij/roselab-perception/install/gantry_lidar_interfaces/lib/libgantry_lidar_interfaces__rosidl_generator_c.so
-- Up-to-date: /home/lexij/roselab-perception/install/gantry_lidar_interfaces/include/gantry_lidar_interfaces/gantry_lidar_interfaces
-- Up-to-date: /home/lexij/roselab-perception/install/gantry_lidar_interfaces/include/gantry_lidar_interfaces/gantry_lidar_interfaces/msg
-- Up-to-date: /home/lexij/roselab-perception/install/gantry_lidar_interfaces/include/gantry_lidar_interfaces/gantry_lidar_interfaces/msg/rosidl_typesupport_fastrtps_c__visibility_control.h
-- Up-to-date: /home/lexij/roselab-perception/install/gantry_lidar_interfaces/include/gantry_lidar_interfaces/gantry_lidar_interfaces/srv
-- Up-to-date: /home/lexij/roselab-perception/install/gantry_lidar_interfaces/include/gantry_lidar_interfaces/gantry_lidar_interfaces/srv/detail
-- Up-to-date: /home/lexij/roselab-perception/install/gantry_lidar_interfaces/include/gantry_lidar_interfaces/gantry_lidar_interfaces/srv/detail/download_name__rosidl_typesupport_fastrtps_c.h
-- Up-to-date: /home/lexij/roselab-perception/install/gantry_lidar_interfaces/include/gantry_lidar_interfaces/gantry_lidar_interfaces/srv/detail/capture__rosidl_typesupport_fastrtps_c.h
-- Up-to-date: /home/lexij/roselab-perception/install/gantry_lidar_interfaces/include/gantry_lidar_interfaces/gantry_lidar_interfaces/srv/detail/delete_time_range__rosidl_typesupport_fastrtps_c.h
-- Up-to-date: /home/lexij/roselab-perception/install/gantry_lidar_interfaces/include/gantry_lidar_interfaces/gantry_lidar_interfaces/srv/detail/delete_name__rosidl_typesupport_fastrtps_c.h
-- Up-to-date: /home/lexij/roselab-perception/install/gantry_lidar_interfaces/include/gantry_lidar_interfaces/gantry_lidar_interfaces/srv/detail/download_time_range__rosidl_typesupport_fastrtps_c.h
-- Up-to-date: /home/lexij/roselab-perception/install/gantry_lidar_interfaces/lib/libgantry_lidar_interfaces__rosidl_typesupport_fastrtps_c.so
-- Up-to-date: /home/lexij/roselab-perception/install/gantry_lidar_interfaces/include/gantry_lidar_interfaces/gantry_lidar_interfaces
-- Up-to-date: /home/lexij/roselab-perception/install/gantry_lidar_interfaces/include/gantry_lidar_interfaces/gantry_lidar_interfaces/msg
-- Up-to-date: /home/lexij/roselab-perception/install/gantry_lidar_interfaces/include/gantry_lidar_interfaces/gantry_lidar_interfaces/msg/rosidl_typesupport_introspection_c__visibility_control.h
-- Up-to-date: /home/lexij/roselab-perception/install/gantry_lidar_interfaces/include/gantry_lidar_interfaces/gantry_lidar_interfaces/srv
-- Up-to-date: /home/lexij/roselab-perception/install/gantry_lidar_interfaces/include/gantry_lidar_interfaces/gantry_lidar_interfaces/srv/detail
-- Up-to-date: /home/lexij/roselab-perception/install/gantry_lidar_interfaces/include/gantry_lidar_interfaces/gantry_lidar_interfaces/srv/detail/capture__rosidl_typesupport_introspection_c.h
-- Up-to-date: /home/lexij/roselab-perception/install/gantry_lidar_interfaces/include/gantry_lidar_interfaces/gantry_lidar_interfaces/srv/detail/download_name__rosidl_typesupport_introspection_c.h
-- Up-to-date: /home/lexij/roselab-perception/install/gantry_lidar_interfaces/include/gantry_lidar_interfaces/gantry_lidar_interfaces/srv/detail/download_time_range__rosidl_typesupport_introspection_c.h
-- Up-to-date: /home/lexij/roselab-perception/install/gantry_lidar_interfaces/include/gantry_lidar_interfaces/gantry_lidar_interfaces/srv/detail/delete_name__rosidl_typesupport_introspection_c.h
-- Up-to-date: /home/lexij/roselab-perception/install/gantry_lidar_interfaces/include/gantry_lidar_interfaces/gantry_lidar_interfaces/srv/detail/download_time_range__type_support.c
-- Up-to-date: /home/lexij/roselab-perception/install/gantry_lidar_interfaces/include/gantry_lidar_interfaces/gantry_lidar_interfaces/srv/detail/delete_time_range__type_support.c
-- Up-to-date: /home/lexij/roselab-perception/install/gantry_lidar_interfaces/include/gantry_lidar_interfaces/gantry_lidar_interfaces/srv/detail/download_name__type_support.c
-- Up-to-date: /home/lexij/roselab-perception/install/gantry_lidar_interfaces/include/gantry_lidar_interfaces/gantry_lidar_interfaces/srv/detail/delete_name__type_support.c
-- Up-to-date: /home/lexij/roselab-perception/install/gantry_lidar_interfaces/include/gantry_lidar_interfaces/gantry_lidar_interfaces/srv/detail/capture__type_support.c
-- Up-to-date: /home/lexij/roselab-perception/install/gantry_lidar_interfaces/include/gantry_lidar_interfaces/gantry_lidar_interfaces/srv/detail/delete_time_range__rosidl_typesupport_introspection_c.h
-- Up-to-date: /home/lexij/roselab-perception/install/gantry_lidar_interfaces/lib/libgantry_lidar_interfaces__rosidl_typesupport_introspection_c.so
-- Up-to-date: /home/lexij/roselab-perception/install/gantry_lidar_interfaces/lib/libgantry_lidar_interfaces__rosidl_typesupport_c.so
-- Up-to-date: /home/lexij/roselab-perception/install/gantry_lidar_interfaces/include/gantry_lidar_interfaces/gantry_lidar_interfaces
-- Up-to-date: /home/lexij/roselab-perception/install/gantry_lidar_interfaces/include/gantry_lidar_interfaces/gantry_lidar_interfaces/msg
-- Up-to-date: /home/lexij/roselab-perception/install/gantry_lidar_interfaces/include/gantry_lidar_interfaces/gantry_lidar_interfaces/msg/rosidl_generator_cpp__visibility_control.hpp
-- Up-to-date: /home/lexij/roselab-perception/install/gantry_lidar_interfaces/include/gantry_lidar_interfaces/gantry_lidar_interfaces/srv
-- Up-to-date: /home/lexij/roselab-perception/install/gantry_lidar_interfaces/include/gantry_lidar_interfaces/gantry_lidar_interfaces/srv/download_time_range.hpp
-- Up-to-date: /home/lexij/roselab-perception/install/gantry_lidar_interfaces/include/gantry_lidar_interfaces/gantry_lidar_interfaces/srv/detail
-- Up-to-date: /home/lexij/roselab-perception/install/gantry_lidar_interfaces/include/gantry_lidar_interfaces/gantry_lidar_interfaces/srv/detail/delete_time_range__traits.hpp
-- Up-to-date: /home/lexij/roselab-perception/install/gantry_lidar_interfaces/include/gantry_lidar_interfaces/gantry_lidar_interfaces/srv/detail/download_time_range__builder.hpp
-- Up-to-date: /home/lexij/roselab-perception/install/gantry_lidar_interfaces/include/gantry_lidar_interfaces/gantry_lidar_interfaces/srv/detail/download_time_range__traits.hpp
-- Up-to-date: /home/lexij/roselab-perception/install/gantry_lidar_interfaces/include/gantry_lidar_interfaces/gantry_lidar_interfaces/srv/detail/capture__traits.hpp
-- Up-to-date: /home/lexij/roselab-perception/install/gantry_lidar_interfaces/include/gantry_lidar_interfaces/gantry_lidar_interfaces/srv/detail/delete_time_range__type_support.hpp
-- Up-to-date: /home/lexij/roselab-perception/install/gantry_lidar_interfaces/include/gantry_lidar_interfaces/gantry_lidar_interfaces/srv/detail/download_time_range__struct.hpp
-- Up-to-date: /home/lexij/roselab-perception/install/gantry_lidar_interfaces/include/gantry_lidar_interfaces/gantry_lidar_interfaces/srv/detail/delete_name__type_support.hpp
-- Up-to-date: /home/lexij/roselab-perception/install/gantry_lidar_interfaces/include/gantry_lidar_interfaces/gantry_lidar_interfaces/srv/detail/delete_time_range__builder.hpp
-- Up-to-date: /home/lexij/roselab-perception/install/gantry_lidar_interfaces/include/gantry_lidar_interfaces/gantry_lidar_interfaces/srv/detail/download_name__builder.hpp
-- Up-to-date: /home/lexij/roselab-perception/install/gantry_lidar_interfaces/include/gantry_lidar_interfaces/gantry_lidar_interfaces/srv/detail/download_name__struct.hpp
-- Up-to-date: /home/lexij/roselab-perception/install/gantry_lidar_interfaces/include/gantry_lidar_interfaces/gantry_lidar_interfaces/srv/detail/download_time_range__type_support.hpp
-- Up-to-date: /home/lexij/roselab-perception/install/gantry_lidar_interfaces/include/gantry_lidar_interfaces/gantry_lidar_interfaces/srv/detail/capture__type_support.hpp
-- Up-to-date: /home/lexij/roselab-perception/install/gantry_lidar_interfaces/include/gantry_lidar_interfaces/gantry_lidar_interfaces/srv/detail/download_name__traits.hpp
-- Up-to-date: /home/lexij/roselab-perception/install/gantry_lidar_interfaces/include/gantry_lidar_interfaces/gantry_lidar_interfaces/srv/detail/delete_name__builder.hpp
-- Up-to-date: /home/lexij/roselab-perception/install/gantry_lidar_interfaces/include/gantry_lidar_interfaces/gantry_lidar_interfaces/srv/detail/capture__builder.hpp
-- Up-to-date: /home/lexij/roselab-perception/install/gantry_lidar_interfaces/include/gantry_lidar_interfaces/gantry_lidar_interfaces/srv/detail/delete_time_range__struct.hpp
-- Up-to-date: /home/lexij/roselab-perception/install/gantry_lidar_interfaces/include/gantry_lidar_interfaces/gantry_lidar_interfaces/srv/detail/download_name__type_support.hpp
-- Up-to-date: /home/lexij/roselab-perception/install/gantry_lidar_interfaces/include/gantry_lidar_interfaces/gantry_lidar_interfaces/srv/detail/delete_name__struct.hpp
-- Up-to-date: /home/lexij/roselab-perception/install/gantry_lidar_interfaces/include/gantry_lidar_interfaces/gantry_lidar_interfaces/srv/detail/delete_name__traits.hpp
-- Up-to-date: /home/lexij/roselab-perception/install/gantry_lidar_interfaces/include/gantry_lidar_interfaces/gantry_lidar_interfaces/srv/detail/capture__struct.hpp
-- Up-to-date: /home/lexij/roselab-perception/install/gantry_lidar_interfaces/include/gantry_lidar_interfaces/gantry_lidar_interfaces/srv/download_name.hpp
-- Up-to-date: /home/lexij/roselab-perception/install/gantry_lidar_interfaces/include/gantry_lidar_interfaces/gantry_lidar_interfaces/srv/delete_name.hpp
-- Up-to-date: /home/lexij/roselab-perception/install/gantry_lidar_interfaces/include/gantry_lidar_interfaces/gantry_lidar_interfaces/srv/delete_time_range.hpp
-- Up-to-date: /home/lexij/roselab-perception/install/gantry_lidar_interfaces/include/gantry_lidar_interfaces/gantry_lidar_interfaces/srv/capture.hpp
-- Up-to-date: /home/lexij/roselab-perception/install/gantry_lidar_interfaces/include/gantry_lidar_interfaces/gantry_lidar_interfaces
-- Up-to-date: /home/lexij/roselab-perception/install/gantry_lidar_interfaces/include/gantry_lidar_interfaces/gantry_lidar_interfaces/msg
-- Up-to-date: /home/lexij/roselab-perception/install/gantry_lidar_interfaces/include/gantry_lidar_interfaces/gantry_lidar_interfaces/msg/rosidl_typesupport_fastrtps_cpp__visibility_control.h
-- Up-to-date: /home/lexij/roselab-perception/install/gantry_lidar_interfaces/include/gantry_lidar_interfaces/gantry_lidar_interfaces/srv
-- Up-to-date: /home/lexij/roselab-perception/install/gantry_lidar_interfaces/include/gantry_lidar_interfaces/gantry_lidar_interfaces/srv/detail
-- Up-to-date: /home/lexij/roselab-perception/install/gantry_lidar_interfaces/include/gantry_lidar_interfaces/gantry_lidar_interfaces/srv/detail/delete_time_range__rosidl_typesupport_fastrtps_cpp.hpp
-- Up-to-date: /home/lexij/roselab-perception/install/gantry_lidar_interfaces/include/gantry_lidar_interfaces/gantry_lidar_interfaces/srv/detail/download_time_range__rosidl_typesupport_fastrtps_cpp.hpp
-- Up-to-date: /home/lexij/roselab-perception/install/gantry_lidar_interfaces/include/gantry_lidar_interfaces/gantry_lidar_interfaces/srv/detail/download_name__rosidl_typesupport_fastrtps_cpp.hpp
-- Up-to-date: /home/lexij/roselab-perception/install/gantry_lidar_interfaces/include/gantry_lidar_interfaces/gantry_lidar_interfaces/srv/detail/dds_fastrtps
-- Up-to-date: /home/lexij/roselab-perception/install/gantry_lidar_interfaces/include/gantry_lidar_interfaces/gantry_lidar_interfaces/srv/detail/delete_name__rosidl_typesupport_fastrtps_cpp.hpp
-- Up-to-date: /home/lexij/roselab-perception/install/gantry_lidar_interfaces/include/gantry_lidar_interfaces/gantry_lidar_interfaces/srv/detail/capture__rosidl_typesupport_fastrtps_cpp.hpp
-- Up-to-date: /home/lexij/roselab-perception/install/gantry_lidar_interfaces/lib/libgantry_lidar_interfaces__rosidl_typesupport_fastrtps_cpp.so
-- Up-to-date: /home/lexij/roselab-perception/install/gantry_lidar_interfaces/include/gantry_lidar_interfaces/gantry_lidar_interfaces
-- Up-to-date: /home/lexij/roselab-perception/install/gantry_lidar_interfaces/include/gantry_lidar_interfaces/gantry_lidar_interfaces/srv
-- Up-to-date: /home/lexij/roselab-perception/install/gantry_lidar_interfaces/include/gantry_lidar_interfaces/gantry_lidar_interfaces/srv/detail
-- Up-to-date: /home/lexij/roselab-perception/install/gantry_lidar_interfaces/include/gantry_lidar_interfaces/gantry_lidar_interfaces/srv/detail/delete_time_range__rosidl_typesupport_introspection_cpp.hpp
-- Up-to-date: /home/lexij/roselab-perception/install/gantry_lidar_interfaces/include/gantry_lidar_interfaces/gantry_lidar_interfaces/srv/detail/download_time_range__rosidl_typesupport_introspection_cpp.hpp
-- Up-to-date: /home/lexij/roselab-perception/install/gantry_lidar_interfaces/include/gantry_lidar_interfaces/gantry_lidar_interfaces/srv/detail/delete_name__type_support.cpp
-- Up-to-date: /home/lexij/roselab-perception/install/gantry_lidar_interfaces/include/gantry_lidar_interfaces/gantry_lidar_interfaces/srv/detail/capture__rosidl_typesupport_introspection_cpp.hpp
-- Up-to-date: /home/lexij/roselab-perception/install/gantry_lidar_interfaces/include/gantry_lidar_interfaces/gantry_lidar_interfaces/srv/detail/delete_name__rosidl_typesupport_introspection_cpp.hpp
-- Up-to-date: /home/lexij/roselab-perception/install/gantry_lidar_interfaces/include/gantry_lidar_interfaces/gantry_lidar_interfaces/srv/detail/capture__type_support.cpp
-- Up-to-date: /home/lexij/roselab-perception/install/gantry_lidar_interfaces/include/gantry_lidar_interfaces/gantry_lidar_interfaces/srv/detail/delete_time_range__type_support.cpp
-- Up-to-date: /home/lexij/roselab-perception/install/gantry_lidar_interfaces/include/gantry_lidar_interfaces/gantry_lidar_interfaces/srv/detail/download_name__type_support.cpp
-- Up-to-date: /home/lexij/roselab-perception/install/gantry_lidar_interfaces/include/gantry_lidar_interfaces/gantry_lidar_interfaces/srv/detail/download_time_range__type_support.cpp
-- Up-to-date: /home/lexij/roselab-perception/install/gantry_lidar_interfaces/include/gantry_lidar_interfaces/gantry_lidar_interfaces/srv/detail/download_name__rosidl_typesupport_introspection_cpp.hpp
-- Up-to-date: /home/lexij/roselab-perception/install/gantry_lidar_interfaces/lib/libgantry_lidar_interfaces__rosidl_typesupport_introspection_cpp.so
-- Up-to-date: /home/lexij/roselab-perception/install/gantry_lidar_interfaces/lib/libgantry_lidar_interfaces__rosidl_typesupport_cpp.so
-- Up-to-date: /home/lexij/roselab-perception/install/gantry_lidar_interfaces/share/gantry_lidar_interfaces/environment/pythonpath.sh
-- Up-to-date: /home/lexij/roselab-perception/install/gantry_lidar_interfaces/share/gantry_lidar_interfaces/environment/pythonpath.dsv
-- Up-to-date: /home/lexij/roselab-perception/install/gantry_lidar_interfaces/lib/python3.12/site-packages/gantry_lidar_interfaces-0.0.0-py3.12.egg-info
-- Installing: /home/lexij/roselab-perception/install/gantry_lidar_interfaces/lib/python3.12/site-packages/gantry_lidar_interfaces-0.0.0-py3.12.egg-info/top_level.txt
-- Installing: /home/lexij/roselab-perception/install/gantry_lidar_interfaces/lib/python3.12/site-packages/gantry_lidar_interfaces-0.0.0-py3.12.egg-info/PKG-INFO
-- Installing: /home/lexij/roselab-perception/install/gantry_lidar_interfaces/lib/python3.12/site-packages/gantry_lidar_interfaces-0.0.0-py3.12.egg-info/dependency_links.txt
-- Installing: /home/lexij/roselab-perception/install/gantry_lidar_interfaces/lib/python3.12/site-packages/gantry_lidar_interfaces-0.0.0-py3.12.egg-info/SOURCES.txt
-- Up-to-date: /home/lexij/roselab-perception/install/gantry_lidar_interfaces/lib/python3.12/site-packages/gantry_lidar_interfaces
-- Up-to-date: /home/lexij/roselab-perception/install/gantry_lidar_interfaces/lib/python3.12/site-packages/gantry_lidar_interfaces/gantry_lidar_interfaces_s__rosidl_typesupport_fastrtps_c.so
-- Up-to-date: /home/lexij/roselab-perception/install/gantry_lidar_interfaces/lib/python3.12/site-packages/gantry_lidar_interfaces/_gantry_lidar_interfaces_s.ep.rosidl_typesupport_fastrtps_c.c
-- Up-to-date: /home/lexij/roselab-perception/install/gantry_lidar_interfaces/lib/python3.12/site-packages/gantry_lidar_interfaces/_gantry_lidar_interfaces_s.ep.rosidl_typesupport_introspection_c.c
-- Up-to-date: /home/lexij/roselab-perception/install/gantry_lidar_interfaces/lib/python3.12/site-packages/gantry_lidar_interfaces/__init__.py
-- Up-to-date: /home/lexij/roselab-perception/install/gantry_lidar_interfaces/lib/python3.12/site-packages/gantry_lidar_interfaces/_gantry_lidar_interfaces_s.ep.rosidl_typesupport_c.c
-- Up-to-date: /home/lexij/roselab-perception/install/gantry_lidar_interfaces/lib/python3.12/site-packages/gantry_lidar_interfaces/gantry_lidar_interfaces_s__rosidl_typesupport_introspection_c.so
-- Up-to-date: /home/lexij/roselab-perception/install/gantry_lidar_interfaces/lib/python3.12/site-packages/gantry_lidar_interfaces/gantry_lidar_interfaces_s__rosidl_typesupport_c.so
-- Up-to-date: /home/lexij/roselab-perception/install/gantry_lidar_interfaces/lib/python3.12/site-packages/gantry_lidar_interfaces/srv
-- Up-to-date: /home/lexij/roselab-perception/install/gantry_lidar_interfaces/lib/python3.12/site-packages/gantry_lidar_interfaces/srv/_delete_name_s.c
-- Up-to-date: /home/lexij/roselab-perception/install/gantry_lidar_interfaces/lib/python3.12/site-packages/gantry_lidar_interfaces/srv/_delete_name.py
-- Up-to-date: /home/lexij/roselab-perception/install/gantry_lidar_interfaces/lib/python3.12/site-packages/gantry_lidar_interfaces/srv/__init__.py
-- Up-to-date: /home/lexij/roselab-perception/install/gantry_lidar_interfaces/lib/python3.12/site-packages/gantry_lidar_interfaces/srv/_capture.py
-- Up-to-date: /home/lexij/roselab-perception/install/gantry_lidar_interfaces/lib/python3.12/site-packages/gantry_lidar_interfaces/srv/_download_time_range_s.c
-- Up-to-date: /home/lexij/roselab-perception/install/gantry_lidar_interfaces/lib/python3.12/site-packages/gantry_lidar_interfaces/srv/_download_name.py
-- Up-to-date: /home/lexij/roselab-perception/install/gantry_lidar_interfaces/lib/python3.12/site-packages/gantry_lidar_interfaces/srv/_delete_time_range.py
-- Up-to-date: /home/lexij/roselab-perception/install/gantry_lidar_interfaces/lib/python3.12/site-packages/gantry_lidar_interfaces/srv/_capture_s.c
-- Up-to-date: /home/lexij/roselab-perception/install/gantry_lidar_interfaces/lib/python3.12/site-packages/gantry_lidar_interfaces/srv/_delete_time_range_s.c
-- Up-to-date: /home/lexij/roselab-perception/install/gantry_lidar_interfaces/lib/python3.12/site-packages/gantry_lidar_interfaces/srv/_download_time_range.py
-- Up-to-date: /home/lexij/roselab-perception/install/gantry_lidar_interfaces/lib/python3.12/site-packages/gantry_lidar_interfaces/srv/_download_name_s.c
Listing '/home/lexij/roselab-perception/install/gantry_lidar_interfaces/lib/python3.12/site-packages/gantry_lidar_interfaces'...
Listing '/home/lexij/roselab-perception/install/gantry_lidar_interfaces/lib/python3.12/site-packages/gantry_lidar_interfaces/srv'...
-- Up-to-date: /home/lexij/roselab-perception/install/gantry_lidar_interfaces/lib/python3.12/site-packages/gantry_lidar_interfaces/gantry_lidar_interfaces_s__rosidl_typesupport_fastrtps_c.so
-- Up-to-date: /home/lexij/roselab-perception/install/gantry_lidar_interfaces/lib/python3.12/site-packages/gantry_lidar_interfaces/gantry_lidar_interfaces_s__rosidl_typesupport_introspection_c.so
-- Up-to-date: /home/lexij/roselab-perception/install/gantry_lidar_interfaces/lib/python3.12/site-packages/gantry_lidar_interfaces/gantry_lidar_interfaces_s__rosidl_typesupport_c.so
-- Up-to-date: /home/lexij/roselab-perception/install/gantry_lidar_interfaces/lib/libgantry_lidar_interfaces__rosidl_generator_py.so
-- Up-to-date: /home/lexij/roselab-perception/install/gantry_lidar_interfaces/share/gantry_lidar_interfaces/srv/Capture.idl
-- Up-to-date: /home/lexij/roselab-perception/install/gantry_lidar_interfaces/share/gantry_lidar_interfaces/srv/DeleteName.idl
-- Up-to-date: /home/lexij/roselab-perception/install/gantry_lidar_interfaces/share/gantry_lidar_interfaces/srv/DeleteTimeRange.idl
-- Up-to-date: /home/lexij/roselab-perception/install/gantry_lidar_interfaces/share/gantry_lidar_interfaces/srv/DownloadName.idl
-- Up-to-date: /home/lexij/roselab-perception/install/gantry_lidar_interfaces/share/gantry_lidar_interfaces/srv/DownloadTimeRange.idl
-- Up-to-date: /home/lexij/roselab-perception/install/gantry_lidar_interfaces/share/gantry_lidar_interfaces/srv/Capture.srv
-- Up-to-date: /home/lexij/roselab-perception/install/gantry_lidar_interfaces/share/gantry_lidar_interfaces/srv/DeleteName.srv
-- Up-to-date: /home/lexij/roselab-perception/install/gantry_lidar_interfaces/share/gantry_lidar_interfaces/srv/DeleteTimeRange.srv
-- Up-to-date: /home/lexij/roselab-perception/install/gantry_lidar_interfaces/share/gantry_lidar_interfaces/srv/DownloadName.srv
-- Up-to-date: /home/lexij/roselab-perception/install/gantry_lidar_interfaces/share/gantry_lidar_interfaces/srv/DownloadTimeRange.srv
-- Up-to-date: /home/lexij/roselab-perception/install/gantry_lidar_interfaces/share/ament_index/resource_index/package_run_dependencies/gantry_lidar_interfaces
-- Up-to-date: /home/lexij/roselab-perception/install/gantry_lidar_interfaces/share/ament_index/resource_index/parent_prefix_path/gantry_lidar_interfaces
-- Up-to-date: /home/lexij/roselab-perception/install/gantry_lidar_interfaces/share/gantry_lidar_interfaces/environment/ament_prefix_path.sh
-- Up-to-date: /home/lexij/roselab-perception/install/gantry_lidar_interfaces/share/gantry_lidar_interfaces/environment/ament_prefix_path.dsv
-- Up-to-date: /home/lexij/roselab-perception/install/gantry_lidar_interfaces/share/gantry_lidar_interfaces/environment/path.sh
-- Up-to-date: /home/lexij/roselab-perception/install/gantry_lidar_interfaces/share/gantry_lidar_interfaces/environment/path.dsv
-- Up-to-date: /home/lexij/roselab-perception/install/gantry_lidar_interfaces/share/gantry_lidar_interfaces/local_setup.bash
-- Up-to-date: /home/lexij/roselab-perception/install/gantry_lidar_interfaces/share/gantry_lidar_interfaces/local_setup.sh
-- Up-to-date: /home/lexij/roselab-perception/install/gantry_lidar_interfaces/share/gantry_lidar_interfaces/local_setup.zsh
-- Up-to-date: /home/lexij/roselab-perception/install/gantry_lidar_interfaces/share/gantry_lidar_interfaces/local_setup.dsv
-- Installing: /home/lexij/roselab-perception/install/gantry_lidar_interfaces/share/gantry_lidar_interfaces/package.dsv
-- Up-to-date: /home/lexij/roselab-perception/install/gantry_lidar_interfaces/share/ament_index/resource_index/packages/gantry_lidar_interfaces
-- Up-to-date: /home/lexij/roselab-perception/install/gantry_lidar_interfaces/share/gantry_lidar_interfaces/cmake/export_gantry_lidar_interfaces__rosidl_generator_cExport.cmake
-- Up-to-date: /home/lexij/roselab-perception/install/gantry_lidar_interfaces/share/gantry_lidar_interfaces/cmake/export_gantry_lidar_interfaces__rosidl_generator_cExport-noconfig.cmake
-- Up-to-date: /home/lexij/roselab-perception/install/gantry_lidar_interfaces/share/gantry_lidar_interfaces/cmake/export_gantry_lidar_interfaces__rosidl_typesupport_fastrtps_cExport.cmake
-- Up-to-date: /home/lexij/roselab-perception/install/gantry_lidar_interfaces/share/gantry_lidar_interfaces/cmake/export_gantry_lidar_interfaces__rosidl_typesupport_fastrtps_cExport-noconfig.cmake
-- Up-to-date: /home/lexij/roselab-perception/install/gantry_lidar_interfaces/share/gantry_lidar_interfaces/cmake/gantry_lidar_interfaces__rosidl_typesupport_introspection_cExport.cmake
-- Up-to-date: /home/lexij/roselab-perception/install/gantry_lidar_interfaces/share/gantry_lidar_interfaces/cmake/gantry_lidar_interfaces__rosidl_typesupport_introspection_cExport-noconfig.cmake
-- Up-to-date: /home/lexij/roselab-perception/install/gantry_lidar_interfaces/share/gantry_lidar_interfaces/cmake/gantry_lidar_interfaces__rosidl_typesupport_cExport.cmake
-- Up-to-date: /home/lexij/roselab-perception/install/gantry_lidar_interfaces/share/gantry_lidar_interfaces/cmake/gantry_lidar_interfaces__rosidl_typesupport_cExport-noconfig.cmake
-- Up-to-date: /home/lexij/roselab-perception/install/gantry_lidar_interfaces/share/gantry_lidar_interfaces/cmake/export_gantry_lidar_interfaces__rosidl_generator_cppExport.cmake
-- Up-to-date: /home/lexij/roselab-perception/install/gantry_lidar_interfaces/share/gantry_lidar_interfaces/cmake/export_gantry_lidar_interfaces__rosidl_typesupport_fastrtps_cppExport.cmake
-- Up-to-date: /home/lexij/roselab-perception/install/gantry_lidar_interfaces/share/gantry_lidar_interfaces/cmake/export_gantry_lidar_interfaces__rosidl_typesupport_fastrtps_cppExport-noconfig.cmake
-- Up-to-date: /home/lexij/roselab-perception/install/gantry_lidar_interfaces/share/gantry_lidar_interfaces/cmake/gantry_lidar_interfaces__rosidl_typesupport_introspection_cppExport.cmake
-- Up-to-date: /home/lexij/roselab-perception/install/gantry_lidar_interfaces/share/gantry_lidar_interfaces/cmake/gantry_lidar_interfaces__rosidl_typesupport_introspection_cppExport-noconfig.cmake
-- Up-to-date: /home/lexij/roselab-perception/install/gantry_lidar_interfaces/share/gantry_lidar_interfaces/cmake/gantry_lidar_interfaces__rosidl_typesupport_cppExport.cmake
-- Up-to-date: /home/lexij/roselab-perception/install/gantry_lidar_interfaces/share/gantry_lidar_interfaces/cmake/gantry_lidar_interfaces__rosidl_typesupport_cppExport-noconfig.cmake
-- Up-to-date: /home/lexij/roselab-perception/install/gantry_lidar_interfaces/share/gantry_lidar_interfaces/cmake/export_gantry_lidar_interfaces__rosidl_generator_pyExport.cmake
-- Up-to-date: /home/lexij/roselab-perception/install/gantry_lidar_interfaces/share/gantry_lidar_interfaces/cmake/export_gantry_lidar_interfaces__rosidl_generator_pyExport-noconfig.cmake
-- Up-to-date: /home/lexij/roselab-perception/install/gantry_lidar_interfaces/share/gantry_lidar_interfaces/cmake/rosidl_cmake-extras.cmake
-- Up-to-date: /home/lexij/roselab-perception/install/gantry_lidar_interfaces/share/gantry_lidar_interfaces/cmake/ament_cmake_export_dependencies-extras.cmake
-- Up-to-date: /home/lexij/roselab-perception/install/gantry_lidar_interfaces/share/gantry_lidar_interfaces/cmake/ament_cmake_export_include_directories-extras.cmake
-- Up-to-date: /home/lexij/roselab-perception/install/gantry_lidar_interfaces/share/gantry_lidar_interfaces/cmake/ament_cmake_export_libraries-extras.cmake
-- Up-to-date: /home/lexij/roselab-perception/install/gantry_lidar_interfaces/share/gantry_lidar_interfaces/cmake/ament_cmake_export_targets-extras.cmake
-- Up-to-date: /home/lexij/roselab-perception/install/gantry_lidar_interfaces/share/gantry_lidar_interfaces/cmake/rosidl_cmake_export_typesupport_targets-extras.cmake
-- Up-to-date: /home/lexij/roselab-perception/install/gantry_lidar_interfaces/share/gantry_lidar_interfaces/cmake/rosidl_cmake_export_typesupport_libraries-extras.cmake
-- Up-to-date: /home/lexij/roselab-perception/install/gantry_lidar_interfaces/share/gantry_lidar_interfaces/cmake/gantry_lidar_interfacesConfig.cmake
-- Up-to-date: /home/lexij/roselab-perception/install/gantry_lidar_interfaces/share/gantry_lidar_interfaces/cmake/gantry_lidar_interfacesConfig-version.cmake
-- Up-to-date: /home/lexij/roselab-perception/install/gantry_lidar_interfaces/share/gantry_lidar_interfaces/package.xml
