[1.699s] Invoking command in '/home/lexij/roselab-perception/ros/src/scan_automation': CMAKE_PREFIX_PATH=/home/lexij/roselab-perception/install/gantry_lidar_interfaces:/home/lexij/roselab-perception/install/realsense_bag_recorder_cpp:/opt/ros/jazzy/opt/sdformat_vendor:/opt/ros/jazzy/opt/gz_math_vendor:/opt/ros/jazzy/opt/gz_utils_vendor:/opt/ros/jazzy/opt/gz_tools_vendor:/opt/ros/jazzy/opt/gz_cmake_vendor LD_LIBRARY_PATH=/home/lexij/roselab-perception/install/gantry_lidar_interfaces/lib:/home/lexij/roselab-perception/install/realsense_bag_recorder_cpp/lib:/opt/ros/jazzy/opt/sdformat_vendor/lib:/opt/ros/jazzy/opt/rviz_ogre_vendor/lib:/opt/ros/jazzy/lib/x86_64-linux-gnu:/opt/ros/jazzy/opt/gz_math_vendor/lib:/opt/ros/jazzy/opt/gz_utils_vendor/lib:/opt/ros/jazzy/opt/gz_tools_vendor/lib:/opt/ros/jazzy/opt/gz_cmake_vendor/lib:/opt/ros/jazzy/lib PYTHONPATH=/home/lexij/roselab-perception/build/scan_automation/prefix_override:/usr/lib/python3/dist-packages/colcon_core/task/python/colcon_distutils_commands:/home/lexij/roselab-perception/install/scan_automation/lib/python3.12/site-packages:/home/lexij/roselab-perception/install/gantry_lidar_interfaces/lib/python3.12/site-packages:/home/lexij/roselab-perception/install/scan_automation/lib/python3.12/site-packages:/home/lexij/roselab-perception/install/realsense_bag_recorder_cpp/lib/python3.12/site-packages:/home/lexij/roselab-perception/install/mastcam_pointcloud/lib/python3.12/site-packages:/home/lexij/roselab-perception/install/gantry_services/lib/python3.12/site-packages:/home/lexij/roselab-perception/install/aggregated_pointcloud/lib/python3.12/site-packages:/opt/ros/jazzy/lib/python3.12/site-packages /usr/bin/python3 -W ignore:setup.py install is deprecated -W ignore:easy_install command is deprecated setup.py egg_info --egg-base ../../../build/scan_automation build --build-base /home/lexij/roselab-perception/build/scan_automation/build install --record /home/lexij/roselab-perception/build/scan_automation/install.log --single-version-externally-managed install_data
[2.084s] running egg_info
[2.110s] writing ../../../build/scan_automation/scan_automation.egg-info/PKG-INFO
[2.111s] writing dependency_links to ../../../build/scan_automation/scan_automation.egg-info/dependency_links.txt
[2.112s] writing entry points to ../../../build/scan_automation/scan_automation.egg-info/entry_points.txt
[2.112s] writing requirements to ../../../build/scan_automation/scan_automation.egg-info/requires.txt
[2.112s] writing top-level names to ../../../build/scan_automation/scan_automation.egg-info/top_level.txt
[2.157s] reading manifest file '../../../build/scan_automation/scan_automation.egg-info/SOURCES.txt'
[2.157s] adding license file 'LICENSE'
[2.158s] writing manifest file '../../../build/scan_automation/scan_automation.egg-info/SOURCES.txt'
[2.158s] running build
[2.159s] running build_py
[2.159s] running install
[2.167s] running install_lib
[2.194s] running install_data
[2.194s] running install_egg_info
[2.218s] removing '/home/lexij/roselab-perception/install/scan_automation/lib/python3.12/site-packages/scan_automation-0.0.0-py3.12.egg-info' (and everything under it)
[2.219s] Copying ../../../build/scan_automation/scan_automation.egg-info to /home/lexij/roselab-perception/install/scan_automation/lib/python3.12/site-packages/scan_automation-0.0.0-py3.12.egg-info
[2.220s] running install_scripts
[2.404s] Installing gantry_command script to /home/lexij/roselab-perception/install/scan_automation/lib/scan_automation
[2.404s] writing list of installed files to '/home/lexij/roselab-perception/build/scan_automation/install.log'
[2.444s] Invoked command in '/home/lexij/roselab-perception/ros/src/scan_automation' returned '0': CMAKE_PREFIX_PATH=/home/lexij/roselab-perception/install/gantry_lidar_interfaces:/home/lexij/roselab-perception/install/realsense_bag_recorder_cpp:/opt/ros/jazzy/opt/sdformat_vendor:/opt/ros/jazzy/opt/gz_math_vendor:/opt/ros/jazzy/opt/gz_utils_vendor:/opt/ros/jazzy/opt/gz_tools_vendor:/opt/ros/jazzy/opt/gz_cmake_vendor LD_LIBRARY_PATH=/home/lexij/roselab-perception/install/gantry_lidar_interfaces/lib:/home/lexij/roselab-perception/install/realsense_bag_recorder_cpp/lib:/opt/ros/jazzy/opt/sdformat_vendor/lib:/opt/ros/jazzy/opt/rviz_ogre_vendor/lib:/opt/ros/jazzy/lib/x86_64-linux-gnu:/opt/ros/jazzy/opt/gz_math_vendor/lib:/opt/ros/jazzy/opt/gz_utils_vendor/lib:/opt/ros/jazzy/opt/gz_tools_vendor/lib:/opt/ros/jazzy/opt/gz_cmake_vendor/lib:/opt/ros/jazzy/lib PYTHONPATH=/home/lexij/roselab-perception/build/scan_automation/prefix_override:/usr/lib/python3/dist-packages/colcon_core/task/python/colcon_distutils_commands:/home/lexij/roselab-perception/install/scan_automation/lib/python3.12/site-packages:/home/lexij/roselab-perception/install/gantry_lidar_interfaces/lib/python3.12/site-packages:/home/lexij/roselab-perception/install/scan_automation/lib/python3.12/site-packages:/home/lexij/roselab-perception/install/realsense_bag_recorder_cpp/lib/python3.12/site-packages:/home/lexij/roselab-perception/install/mastcam_pointcloud/lib/python3.12/site-packages:/home/lexij/roselab-perception/install/gantry_services/lib/python3.12/site-packages:/home/lexij/roselab-perception/install/aggregated_pointcloud/lib/python3.12/site-packages:/opt/ros/jazzy/lib/python3.12/site-packages /usr/bin/python3 -W ignore:setup.py install is deprecated -W ignore:easy_install command is deprecated setup.py egg_info --egg-base ../../../build/scan_automation build --build-base /home/lexij/roselab-perception/build/scan_automation/build install --record /home/lexij/roselab-perception/build/scan_automation/install.log --single-version-externally-managed install_data
